C:\Users\Rohit Rathod\Desktop\JsapProject\JSAPNEW\JSAPNEW.csproj : warning NU1901: Package 'NuGet.Packaging' 6.11.0 has a known low severity vulnerability, https://github.com/advisories/GHSA-g4vj-cjjj-v7hg
C:\Users\Rohit Rathod\Desktop\JsapProject\JSAPNEW\JSAPNEW.csproj : warning NU1901: Package 'NuGet.Protocol' 6.11.0 has a known low severity vulnerability, https://github.com/advisories/GHSA-g4vj-cjjj-v7hg
C:\Users\Rohit Rathod\Desktop\JsapProject\JSAPNEW\JSAPNEW.csproj : warning NU1901: Package 'NuGet.Packaging' 6.11.0 has a known low severity vulnerability, https://github.com/advisories/GHSA-g4vj-cjjj-v7hg
C:\Users\Rohit Rathod\Desktop\JsapProject\JSAPNEW\JSAPNEW.csproj : warning NU1901: Package 'NuGet.Protocol' 6.11.0 has a known low severity vulnerability, https://github.com/advisories/GHSA-g4vj-cjjj-v7hg
C:\Users\Rohit Rathod\Desktop\JsapProject\JSAPNEW\Controllers\UserManagementController.cs(7,7): warning CS0105: The using directive for 'Microsoft.AspNetCore.Authorization' appeared previously in this namespace [C:\Users\Rohit Rathod\Desktop\JsapProject\JSAPNEW\JSAPNEW.csproj]
C:\Users\Rohit Rathod\Desktop\JsapProject\JSAPNEW\Models\TicketModels.cs(89,18): warning CS8981: The type name 'updateticketstatusmodel' only contains lower-cased ascii characters. Such names may become reserved for the language. [C:\Users\Rohit Rathod\Desktop\JsapProject\JSAPNEW\JSAPNEW.csproj]
C:\Users\Rohit Rathod\Desktop\JsapProject\JSAPNEW\Controllers\BomController.cs(521,96): warning CS8625: Cannot convert null literal to non-nullable reference type. [C:\Users\Rohit Rathod\Desktop\JsapProject\JSAPNEW\JSAPNEW.csproj]
C:\Users\Rohit Rathod\Desktop\JsapProject\JSAPNEW\Controllers\Auth2Controller.cs(880,115): warning CS8625: Cannot convert null literal to non-nullable reference type. [C:\Users\Rohit Rathod\Desktop\JsapProject\JSAPNEW\JSAPNEW.csproj]
C:\Users\Rohit Rathod\Desktop\JsapProject\JSAPNEW\Controllers\HierarchyController.cs(448,45): warning CS8625: Cannot convert null literal to non-nullable reference type. [C:\Users\Rohit Rathod\Desktop\JsapProject\JSAPNEW\JSAPNEW.csproj]
C:\Users\Rohit Rathod\Desktop\JsapProject\JSAPNEW\Controllers\BPmasterController.cs(674,99): warning CS8625: Cannot convert null literal to non-nullable reference type. [C:\Users\Rohit Rathod\Desktop\JsapProject\JSAPNEW\JSAPNEW.csproj]
C:\Users\Rohit Rathod\Desktop\JsapProject\JSAPNEW\Controllers\BPmasterController.cs(700,97): warning CS8625: Cannot convert null literal to non-nullable reference type. [C:\Users\Rohit Rathod\Desktop\JsapProject\JSAPNEW\JSAPNEW.csproj]
C:\Users\Rohit Rathod\Desktop\JsapProject\JSAPNEW\Controllers\BPmasterController.cs(720,98): warning CS8625: Cannot convert null literal to non-nullable reference type. [C:\Users\Rohit Rathod\Desktop\JsapProject\JSAPNEW\JSAPNEW.csproj]
C:\Users\Rohit Rathod\Desktop\JsapProject\JSAPNEW\Controllers\BPmasterController.cs(1135,99): warning CS8625: Cannot convert null literal to non-nullable reference type. [C:\Users\Rohit Rathod\Desktop\JsapProject\JSAPNEW\JSAPNEW.csproj]
C:\Users\Rohit Rathod\Desktop\JsapProject\JSAPNEW\Controllers\BPmasterController.cs(1161,108): warning CS8625: Cannot convert null literal to non-nullable reference type. [C:\Users\Rohit Rathod\Desktop\JsapProject\JSAPNEW\JSAPNEW.csproj]
C:\Users\Rohit Rathod\Desktop\JsapProject\JSAPNEW\Controllers\BPmasterController.cs(1187,101): warning CS8625: Cannot convert null literal to non-nullable reference type. [C:\Users\Rohit Rathod\Desktop\JsapProject\JSAPNEW\JSAPNEW.csproj]
C:\Users\Rohit Rathod\Desktop\JsapProject\JSAPNEW\Controllers\BPmasterController.cs(1211,109): warning CS8625: Cannot convert null literal to non-nullable reference type. [C:\Users\Rohit Rathod\Desktop\JsapProject\JSAPNEW\JSAPNEW.csproj]
C:\Users\Rohit Rathod\Desktop\JsapProject\JSAPNEW\Controllers\BPmasterController.cs(1235,106): warning CS8625: Cannot convert null literal to non-nullable reference type. [C:\Users\Rohit Rathod\Desktop\JsapProject\JSAPNEW\JSAPNEW.csproj]
C:\Users\Rohit Rathod\Desktop\JsapProject\JSAPNEW\Controllers\HierarchyController.cs(1723,45): warning CS8625: Cannot convert null literal to non-nullable reference type. [C:\Users\Rohit Rathod\Desktop\JsapProject\JSAPNEW\JSAPNEW.csproj]
C:\Users\Rohit Rathod\Desktop\JsapProject\JSAPNEW\Controllers\HierarchyController.cs(1726,45): warning CS8625: Cannot convert null literal to non-nullable reference type. [C:\Users\Rohit Rathod\Desktop\JsapProject\JSAPNEW\JSAPNEW.csproj]
C:\Users\Rohit Rathod\Desktop\JsapProject\JSAPNEW\Services\Implementation\BomService.cs(246,113): warning CS8625: Cannot convert null literal to non-nullable reference type. [C:\Users\Rohit Rathod\Desktop\JsapProject\JSAPNEW\JSAPNEW.csproj]
C:\Users\Rohit Rathod\Desktop\JsapProject\JSAPNEW\Controllers\HierarchyWebController.cs(584,80): warning CS8625: Cannot convert null literal to non-nullable reference type. [C:\Users\Rohit Rathod\Desktop\JsapProject\JSAPNEW\JSAPNEW.csproj]
C:\Users\Rohit Rathod\Desktop\JsapProject\JSAPNEW\Controllers\HierarchyWebController.cs(748,72): warning CS8625: Cannot convert null literal to non-nullable reference type. [C:\Users\Rohit Rathod\Desktop\JsapProject\JSAPNEW\JSAPNEW.csproj]
C:\Users\Rohit Rathod\Desktop\JsapProject\JSAPNEW\Services\Interfaces\IBPmasterService.cs(12,106): warning CS8625: Cannot convert null literal to non-nullable reference type. [C:\Users\Rohit Rathod\Desktop\JsapProject\JSAPNEW\JSAPNEW.csproj]
C:\Users\Rohit Rathod\Desktop\JsapProject\JSAPNEW\Services\Interfaces\IBPmasterService.cs(14,103): warning CS8625: Cannot convert null literal to non-nullable reference type. [C:\Users\Rohit Rathod\Desktop\JsapProject\JSAPNEW\JSAPNEW.csproj]
C:\Users\Rohit Rathod\Desktop\JsapProject\JSAPNEW\Services\Interfaces\IBPmasterService.cs(15,105): warning CS8625: Cannot convert null literal to non-nullable reference type. [C:\Users\Rohit Rathod\Desktop\JsapProject\JSAPNEW\JSAPNEW.csproj]
C:\Users\Rohit Rathod\Desktop\JsapProject\JSAPNEW\Services\Interfaces\IBPmasterService.cs(40,104): warning CS8625: Cannot convert null literal to non-nullable reference type. [C:\Users\Rohit Rathod\Desktop\JsapProject\JSAPNEW\JSAPNEW.csproj]
C:\Users\Rohit Rathod\Desktop\JsapProject\JSAPNEW\Services\Implementation\BPmasterService.cs(80,36): warning CS8625: Cannot convert null literal to non-nullable reference type. [C:\Users\Rohit Rathod\Desktop\JsapProject\JSAPNEW\JSAPNEW.csproj]
C:\Users\Rohit Rathod\Desktop\JsapProject\JSAPNEW\Services\Implementation\BPmasterService.cs(81,34): warning CS8625: Cannot convert null literal to non-nullable reference type. [C:\Users\Rohit Rathod\Desktop\JsapProject\JSAPNEW\JSAPNEW.csproj]
C:\Users\Rohit Rathod\Desktop\JsapProject\JSAPNEW\Services\Implementation\BPmasterService.cs(82,37): warning CS8625: Cannot convert null literal to non-nullable reference type. [C:\Users\Rohit Rathod\Desktop\JsapProject\JSAPNEW\JSAPNEW.csproj]
C:\Users\Rohit Rathod\Desktop\JsapProject\JSAPNEW\Services\Implementation\BPmasterService.cs(83,45): warning CS8625: Cannot convert null literal to non-nullable reference type. [C:\Users\Rohit Rathod\Desktop\JsapProject\JSAPNEW\JSAPNEW.csproj]
C:\Users\Rohit Rathod\Desktop\JsapProject\JSAPNEW\Services\Implementation\BPmasterService.cs(2076,119): warning CS8625: Cannot convert null literal to non-nullable reference type. [C:\Users\Rohit Rathod\Desktop\JsapProject\JSAPNEW\JSAPNEW.csproj]
C:\Users\Rohit Rathod\Desktop\JsapProject\JSAPNEW\Services\Implementation\BPmasterService.cs(2099,116): warning CS8625: Cannot convert null literal to non-nullable reference type. [C:\Users\Rohit Rathod\Desktop\JsapProject\JSAPNEW\JSAPNEW.csproj]
C:\Users\Rohit Rathod\Desktop\JsapProject\JSAPNEW\Services\Implementation\BPmasterService.cs(2122,118): warning CS8625: Cannot convert null literal to non-nullable reference type. [C:\Users\Rohit Rathod\Desktop\JsapProject\JSAPNEW\JSAPNEW.csproj]
C:\Users\Rohit Rathod\Desktop\JsapProject\JSAPNEW\Services\Implementation\BPmasterService.cs(3066,117): warning CS8625: Cannot convert null literal to non-nullable reference type. [C:\Users\Rohit Rathod\Desktop\JsapProject\JSAPNEW\JSAPNEW.csproj]
C:\Users\Rohit Rathod\Desktop\JsapProject\JSAPNEW\Models\HierarchyModels.cs(189,99): warning CS8625: Cannot convert null literal to non-nullable reference type. [C:\Users\Rohit Rathod\Desktop\JsapProject\JSAPNEW\JSAPNEW.csproj]
C:\Users\Rohit Rathod\Desktop\JsapProject\JSAPNEW\Services\Implementation\HierarchyService.cs(17,33): warning CS8601: Possible null reference assignment. [C:\Users\Rohit Rathod\Desktop\JsapProject\JSAPNEW\JSAPNEW.csproj]
C:\Users\Rohit Rathod\Desktop\JsapProject\JSAPNEW\Services\Implementation\HierarchyService.cs(15,16): warning CS8618: Non-nullable field '_connectionString' must contain a non-null value when exiting constructor. Consider adding the 'required' modifier or declaring the field as nullable. [C:\Users\Rohit Rathod\Desktop\JsapProject\JSAPNEW\JSAPNEW.csproj]
C:\Users\Rohit Rathod\Desktop\JsapProject\JSAPNEW\Services\Implementation\HierarchyService.cs(37,26): warning CS8603: Possible null reference return. [C:\Users\Rohit Rathod\Desktop\JsapProject\JSAPNEW\JSAPNEW.csproj]
C:\Users\Rohit Rathod\Desktop\JsapProject\JSAPNEW\Services\Implementation\HierarchyService.cs(38,28): warning CS8603: Possible null reference return. [C:\Users\Rohit Rathod\Desktop\JsapProject\JSAPNEW\JSAPNEW.csproj]
C:\Users\Rohit Rathod\Desktop\JsapProject\JSAPNEW\Services\Implementation\HierarchyService.cs(87,31): warning CS8601: Possible null reference assignment. [C:\Users\Rohit Rathod\Desktop\JsapProject\JSAPNEW\JSAPNEW.csproj]
C:\Users\Rohit Rathod\Desktop\JsapProject\JSAPNEW\Controllers\AdminController.cs(250,19): warning CS8618: Non-nullable property 'Remark' must contain a non-null value when exiting constructor. Consider adding the 'required' modifier or declaring the property as nullable. [C:\Users\Rohit Rathod\Desktop\JsapProject\JSAPNEW\JSAPNEW.csproj]
C:\Users\Rohit Rathod\Desktop\JsapProject\JSAPNEW\Models\TicketModels.cs(240,23): warning CS8618: Non-nullable property 'name' must contain a non-null value when exiting constructor. Consider adding the 'required' modifier or declaring the property as nullable. [C:\Users\Rohit Rathod\Desktop\JsapProject\JSAPNEW\JSAPNEW.csproj]
C:\Users\Rohit Rathod\Desktop\JsapProject\JSAPNEW\Models\TicketModels.cs(241,23): warning CS8618: Non-nullable property 'createdAt' must contain a non-null value when exiting constructor. Consider adding the 'required' modifier or declaring the property as nullable. [C:\Users\Rohit Rathod\Desktop\JsapProject\JSAPNEW\JSAPNEW.csproj]
C:\Users\Rohit Rathod\Desktop\JsapProject\JSAPNEW\Services\Implementation\HierarchyService.cs(94,30): warning CS8601: Possible null reference assignment. [C:\Users\Rohit Rathod\Desktop\JsapProject\JSAPNEW\JSAPNEW.csproj]
C:\Users\Rohit Rathod\Desktop\JsapProject\JSAPNEW\Services\Implementation\HierarchyService.cs(97,34): warning CS8601: Possible null reference assignment. [C:\Users\Rohit Rathod\Desktop\JsapProject\JSAPNEW\JSAPNEW.csproj]
C:\Users\Rohit Rathod\Desktop\JsapProject\JSAPNEW\Services\Implementation\HierarchyService.cs(100,39): warning CS8601: Possible null reference assignment. [C:\Users\Rohit Rathod\Desktop\JsapProject\JSAPNEW\JSAPNEW.csproj]
C:\Users\Rohit Rathod\Desktop\JsapProject\JSAPNEW\Models\TicketModels.cs(213,23): warning CS8618: Non-nullable property 'issue' must contain a non-null value when exiting constructor. Consider adding the 'required' modifier or declaring the property as nullable. [C:\Users\Rohit Rathod\Desktop\JsapProject\JSAPNEW\JSAPNEW.csproj]
C:\Users\Rohit Rathod\Desktop\JsapProject\JSAPNEW\Models\TicketModels.cs(214,23): warning CS8618: Non-nullable property 'description' must contain a non-null value when exiting constructor. Consider adding the 'required' modifier or declaring the property as nullable. [C:\Users\Rohit Rathod\Desktop\JsapProject\JSAPNEW\JSAPNEW.csproj]
C:\Users\Rohit Rathod\Desktop\JsapProject\JSAPNEW\Models\TicketModels.cs(215,23): warning CS8618: Non-nullable property 'Status' must contain a non-null value when exiting constructor. Consider adding the 'required' modifier or declaring the property as nullable. [C:\Users\Rohit Rathod\Desktop\JsapProject\JSAPNEW\JSAPNEW.csproj]
C:\Users\Rohit Rathod\Desktop\JsapProject\JSAPNEW\Models\TicketModels.cs(216,23): warning CS8618: Non-nullable property 'Priority' must contain a non-null value when exiting constructor. Consider adding the 'required' modifier or declaring the property as nullable. [C:\Users\Rohit Rathod\Desktop\JsapProject\JSAPNEW\JSAPNEW.csproj]
C:\Users\Rohit Rathod\Desktop\JsapProject\JSAPNEW\Models\TicketModels.cs(217,23): warning CS8618: Non-nullable property 'CreatedBy' must contain a non-null value when exiting constructor. Consider adding the 'required' modifier or declaring the property as nullable. [C:\Users\Rohit Rathod\Desktop\JsapProject\JSAPNEW\JSAPNEW.csproj]
C:\Users\Rohit Rathod\Desktop\JsapProject\JSAPNEW\Models\TicketModels.cs(218,23): warning CS8618: Non-nullable property 'AssignedTo' must contain a non-null value when exiting constructor. Consider adding the 'required' modifier or declaring the property as nullable. [C:\Users\Rohit Rathod\Desktop\JsapProject\JSAPNEW\JSAPNEW.csproj]
C:\Users\Rohit Rathod\Desktop\JsapProject\JSAPNEW\Models\TicketModels.cs(219,23): warning CS8618: Non-nullable property 'Department' must contain a non-null value when exiting constructor. Consider adding the 'required' modifier or declaring the property as nullable. [C:\Users\Rohit Rathod\Desktop\JsapProject\JSAPNEW\JSAPNEW.csproj]
C:\Users\Rohit Rathod\Desktop\JsapProject\JSAPNEW\Models\TicketModels.cs(220,23): warning CS8618: Non-nullable property 'CatalogOne' must contain a non-null value when exiting constructor. Consider adding the 'required' modifier or declaring the property as nullable. [C:\Users\Rohit Rathod\Desktop\JsapProject\JSAPNEW\JSAPNEW.csproj]
C:\Users\Rohit Rathod\Desktop\JsapProject\JSAPNEW\Models\TicketModels.cs(221,23): warning CS8618: Non-nullable property 'CatalogTwo' must contain a non-null value when exiting constructor. Consider adding the 'required' modifier or declaring the property as nullable. [C:\Users\Rohit Rathod\Desktop\JsapProject\JSAPNEW\JSAPNEW.csproj]
C:\Users\Rohit Rathod\Desktop\JsapProject\JSAPNEW\Models\TicketModels.cs(222,23): warning CS8618: Non-nullable property 'RequestName' must contain a non-null value when exiting constructor. Consider adding the 'required' modifier or declaring the property as nullable. [C:\Users\Rohit Rathod\Desktop\JsapProject\JSAPNEW\JSAPNEW.csproj]
C:\Users\Rohit Rathod\Desktop\JsapProject\JSAPNEW\Models\TicketModels.cs(185,23): warning CS8618: Non-nullable property 'Issue' must contain a non-null value when exiting constructor. Consider adding the 'required' modifier or declaring the property as nullable. [C:\Users\Rohit Rathod\Desktop\JsapProject\JSAPNEW\JSAPNEW.csproj]
C:\Users\Rohit Rathod\Desktop\JsapProject\JSAPNEW\Models\TicketModels.cs(186,23): warning CS8618: Non-nullable property 'Description' must contain a non-null value when exiting constructor. Consider adding the 'required' modifier or declaring the property as nullable. [C:\Users\Rohit Rathod\Desktop\JsapProject\JSAPNEW\JSAPNEW.csproj]
C:\Users\Rohit Rathod\Desktop\JsapProject\JSAPNEW\Models\TicketModels.cs(188,23): warning CS8618: Non-nullable property 'Status' must contain a non-null value when exiting constructor. Consider adding the 'required' modifier or declaring the property as nullable. [C:\Users\Rohit Rathod\Desktop\JsapProject\JSAPNEW\JSAPNEW.csproj]
C:\Users\Rohit Rathod\Desktop\JsapProject\JSAPNEW\Models\TicketModels.cs(190,23): warning CS8618: Non-nullable property 'Priority' must contain a non-null value when exiting constructor. Consider adding the 'required' modifier or declaring the property as nullable. [C:\Users\Rohit Rathod\Desktop\JsapProject\JSAPNEW\JSAPNEW.csproj]
C:\Users\Rohit Rathod\Desktop\JsapProject\JSAPNEW\Models\TicketModels.cs(192,23): warning CS8618: Non-nullable property 'CreatedBy' must contain a non-null value when exiting constructor. Consider adding the 'required' modifier or declaring the property as nullable. [C:\Users\Rohit Rathod\Desktop\JsapProject\JSAPNEW\JSAPNEW.csproj]
C:\Users\Rohit Rathod\Desktop\JsapProject\JSAPNEW\Models\TicketModels.cs(196,23): warning CS8618: Non-nullable property 'Department' must contain a non-null value when exiting constructor. Consider adding the 'required' modifier or declaring the property as nullable. [C:\Users\Rohit Rathod\Desktop\JsapProject\JSAPNEW\JSAPNEW.csproj]
C:\Users\Rohit Rathod\Desktop\JsapProject\JSAPNEW\Models\TicketModels.cs(198,23): warning CS8618: Non-nullable property 'CatalogOne' must contain a non-null value when exiting constructor. Consider adding the 'required' modifier or declaring the property as nullable. [C:\Users\Rohit Rathod\Desktop\JsapProject\JSAPNEW\JSAPNEW.csproj]
C:\Users\Rohit Rathod\Desktop\JsapProject\JSAPNEW\Models\TicketModels.cs(200,23): warning CS8618: Non-nullable property 'CatalogTwo' must contain a non-null value when exiting constructor. Consider adding the 'required' modifier or declaring the property as nullable. [C:\Users\Rohit Rathod\Desktop\JsapProject\JSAPNEW\JSAPNEW.csproj]
C:\Users\Rohit Rathod\Desktop\JsapProject\JSAPNEW\Models\TicketModels.cs(202,23): warning CS8618: Non-nullable property 'RequestName' must contain a non-null value when exiting constructor. Consider adding the 'required' modifier or declaring the property as nullable. [C:\Users\Rohit Rathod\Desktop\JsapProject\JSAPNEW\JSAPNEW.csproj]
C:\Users\Rohit Rathod\Desktop\JsapProject\JSAPNEW\Models\TicketModels.cs(150,23): warning CS8618: Non-nullable property 'Issue' must contain a non-null value when exiting constructor. Consider adding the 'required' modifier or declaring the property as nullable. [C:\Users\Rohit Rathod\Desktop\JsapProject\JSAPNEW\JSAPNEW.csproj]
C:\Users\Rohit Rathod\Desktop\JsapProject\JSAPNEW\Models\TicketModels.cs(151,23): warning CS8618: Non-nullable property 'Description' must contain a non-null value when exiting constructor. Consider adding the 'required' modifier or declaring the property as nullable. [C:\Users\Rohit Rathod\Desktop\JsapProject\JSAPNEW\JSAPNEW.csproj]
C:\Users\Rohit Rathod\Desktop\JsapProject\JSAPNEW\Models\TicketModels.cs(153,23): warning CS8618: Non-nullable property 'Status' must contain a non-null value when exiting constructor. Consider adding the 'required' modifier or declaring the property as nullable. [C:\Users\Rohit Rathod\Desktop\JsapProject\JSAPNEW\JSAPNEW.csproj]
C:\Users\Rohit Rathod\Desktop\JsapProject\JSAPNEW\Models\TicketModels.cs(155,23): warning CS8618: Non-nullable property 'Priority' must contain a non-null value when exiting constructor. Consider adding the 'required' modifier or declaring the property as nullable. [C:\Users\Rohit Rathod\Desktop\JsapProject\JSAPNEW\JSAPNEW.csproj]
C:\Users\Rohit Rathod\Desktop\JsapProject\JSAPNEW\Models\TicketModels.cs(157,23): warning CS8618: Non-nullable property 'CreatedBy' must contain a non-null value when exiting constructor. Consider adding the 'required' modifier or declaring the property as nullable. [C:\Users\Rohit Rathod\Desktop\JsapProject\JSAPNEW\JSAPNEW.csproj]
C:\Users\Rohit Rathod\Desktop\JsapProject\JSAPNEW\Models\TicketModels.cs(161,23): warning CS8618: Non-nullable property 'Department' must contain a non-null value when exiting constructor. Consider adding the 'required' modifier or declaring the property as nullable. [C:\Users\Rohit Rathod\Desktop\JsapProject\JSAPNEW\JSAPNEW.csproj]
C:\Users\Rohit Rathod\Desktop\JsapProject\JSAPNEW\Models\TicketModels.cs(163,23): warning CS8618: Non-nullable property 'CatalogOne' must contain a non-null value when exiting constructor. Consider adding the 'required' modifier or declaring the property as nullable. [C:\Users\Rohit Rathod\Desktop\JsapProject\JSAPNEW\JSAPNEW.csproj]
C:\Users\Rohit Rathod\Desktop\JsapProject\JSAPNEW\Models\TicketModels.cs(165,23): warning CS8618: Non-nullable property 'CatalogTwo' must contain a non-null value when exiting constructor. Consider adding the 'required' modifier or declaring the property as nullable. [C:\Users\Rohit Rathod\Desktop\JsapProject\JSAPNEW\JSAPNEW.csproj]
C:\Users\Rohit Rathod\Desktop\JsapProject\JSAPNEW\Models\TicketModels.cs(167,23): warning CS8618: Non-nullable property 'RequestName' must contain a non-null value when exiting constructor. Consider adding the 'required' modifier or declaring the property as nullable. [C:\Users\Rohit Rathod\Desktop\JsapProject\JSAPNEW\JSAPNEW.csproj]
C:\Users\Rohit Rathod\Desktop\JsapProject\JSAPNEW\Models\TicketModels.cs(141,23): warning CS8618: Non-nullable property 'FilePath' must contain a non-null value when exiting constructor. Consider adding the 'required' modifier or declaring the property as nullable. [C:\Users\Rohit Rathod\Desktop\JsapProject\JSAPNEW\JSAPNEW.csproj]
C:\Users\Rohit Rathod\Desktop\JsapProject\JSAPNEW\Models\TicketModels.cs(142,23): warning CS8618: Non-nullable property 'FileName' must contain a non-null value when exiting constructor. Consider adding the 'required' modifier or declaring the property as nullable. [C:\Users\Rohit Rathod\Desktop\JsapProject\JSAPNEW\JSAPNEW.csproj]
C:\Users\Rohit Rathod\Desktop\JsapProject\JSAPNEW\Models\TicketModels.cs(143,23): warning CS8618: Non-nullable property 'FileType' must contain a non-null value when exiting constructor. Consider adding the 'required' modifier or declaring the property as nullable. [C:\Users\Rohit Rathod\Desktop\JsapProject\JSAPNEW\JSAPNEW.csproj]
C:\Users\Rohit Rathod\Desktop\JsapProject\JSAPNEW\Models\TicketModels.cs(145,23): warning CS8618: Non-nullable property 'FileUrl' must contain a non-null value when exiting constructor. Consider adding the 'required' modifier or declaring the property as nullable. [C:\Users\Rohit Rathod\Desktop\JsapProject\JSAPNEW\JSAPNEW.csproj]
C:\Users\Rohit Rathod\Desktop\JsapProject\JSAPNEW\Models\TicketModels.cs(135,23): warning CS8618: Non-nullable property 'LoginUser' must contain a non-null value when exiting constructor. Consider adding the 'required' modifier or declaring the property as nullable. [C:\Users\Rohit Rathod\Desktop\JsapProject\JSAPNEW\JSAPNEW.csproj]
C:\Users\Rohit Rathod\Desktop\JsapProject\JSAPNEW\Models\TicketModels.cs(136,23): warning CS8618: Non-nullable property 'Comment' must contain a non-null value when exiting constructor. Consider adding the 'required' modifier or declaring the property as nullable. [C:\Users\Rohit Rathod\Desktop\JsapProject\JSAPNEW\JSAPNEW.csproj]
C:\Users\Rohit Rathod\Desktop\JsapProject\JSAPNEW\Models\TicketModels.cs(126,23): warning CS8618: Non-nullable property 'name' must contain a non-null value when exiting constructor. Consider adding the 'required' modifier or declaring the property as nullable. [C:\Users\Rohit Rathod\Desktop\JsapProject\JSAPNEW\JSAPNEW.csproj]
C:\Users\Rohit Rathod\Desktop\JsapProject\JSAPNEW\Models\TicketModels.cs(127,23): warning CS8618: Non-nullable property 'description' must contain a non-null value when exiting constructor. Consider adding the 'required' modifier or declaring the property as nullable. [C:\Users\Rohit Rathod\Desktop\JsapProject\JSAPNEW\JSAPNEW.csproj]
C:\Users\Rohit Rathod\Desktop\JsapProject\JSAPNEW\Models\TicketModels.cs(129,23): warning CS8618: Non-nullable property 'createdAt' must contain a non-null value when exiting constructor. Consider adding the 'required' modifier or declaring the property as nullable. [C:\Users\Rohit Rathod\Desktop\JsapProject\JSAPNEW\JSAPNEW.csproj]
C:\Users\Rohit Rathod\Desktop\JsapProject\JSAPNEW\Models\TicketModels.cs(118,23): warning CS8618: Non-nullable property 'name' must contain a non-null value when exiting constructor. Consider adding the 'required' modifier or declaring the property as nullable. [C:\Users\Rohit Rathod\Desktop\JsapProject\JSAPNEW\JSAPNEW.csproj]
C:\Users\Rohit Rathod\Desktop\JsapProject\JSAPNEW\Models\TicketModels.cs(119,23): warning CS8618: Non-nullable property 'description' must contain a non-null value when exiting constructor. Consider adding the 'required' modifier or declaring the property as nullable. [C:\Users\Rohit Rathod\Desktop\JsapProject\JSAPNEW\JSAPNEW.csproj]
C:\Users\Rohit Rathod\Desktop\JsapProject\JSAPNEW\Models\TicketModels.cs(120,23): warning CS8618: Non-nullable property 'createdAt' must contain a non-null value when exiting constructor. Consider adding the 'required' modifier or declaring the property as nullable. [C:\Users\Rohit Rathod\Desktop\JsapProject\JSAPNEW\JSAPNEW.csproj]
C:\Users\Rohit Rathod\Desktop\JsapProject\JSAPNEW\Models\TicketModels.cs(112,23): warning CS8618: Non-nullable property 'comment' must contain a non-null value when exiting constructor. Consider adding the 'required' modifier or declaring the property as nullable. [C:\Users\Rohit Rathod\Desktop\JsapProject\JSAPNEW\JSAPNEW.csproj]
C:\Users\Rohit Rathod\Desktop\JsapProject\JSAPNEW\Models\TicketModels.cs(101,23): warning CS8618: Non-nullable property 'Message' must contain a non-null value when exiting constructor. Consider adding the 'required' modifier or declaring the property as nullable. [C:\Users\Rohit Rathod\Desktop\JsapProject\JSAPNEW\JSAPNEW.csproj]
C:\Users\Rohit Rathod\Desktop\JsapProject\JSAPNEW\Models\TicketModels.cs(86,23): warning CS8618: Non-nullable property 'name' must contain a non-null value when exiting constructor. Consider adding the 'required' modifier or declaring the property as nullable. [C:\Users\Rohit Rathod\Desktop\JsapProject\JSAPNEW\JSAPNEW.csproj]
C:\Users\Rohit Rathod\Desktop\JsapProject\JSAPNEW\Models\TicketModels.cs(78,34): warning CS8618: Non-nullable property 'name' must contain a non-null value when exiting constructor. Consider adding the 'required' modifier or declaring the property as nullable. [C:\Users\Rohit Rathod\Desktop\JsapProject\JSAPNEW\JSAPNEW.csproj]
C:\Users\Rohit Rathod\Desktop\JsapProject\JSAPNEW\Models\TicketModels.cs(79,34): warning CS8618: Non-nullable property 'description' must contain a non-null value when exiting constructor. Consider adding the 'required' modifier or declaring the property as nullable. [C:\Users\Rohit Rathod\Desktop\JsapProject\JSAPNEW\JSAPNEW.csproj]
C:\Users\Rohit Rathod\Desktop\JsapProject\JSAPNEW\Models\TicketModels.cs(71,34): warning CS8618: Non-nullable property 'name' must contain a non-null value when exiting constructor. Consider adding the 'required' modifier or declaring the property as nullable. [C:\Users\Rohit Rathod\Desktop\JsapProject\JSAPNEW\JSAPNEW.csproj]
C:\Users\Rohit Rathod\Desktop\JsapProject\JSAPNEW\Models\TicketModels.cs(72,34): warning CS8618: Non-nullable property 'description' must contain a non-null value when exiting constructor. Consider adding the 'required' modifier or declaring the property as nullable. [C:\Users\Rohit Rathod\Desktop\JsapProject\JSAPNEW\JSAPNEW.csproj]
C:\Users\Rohit Rathod\Desktop\JsapProject\JSAPNEW\Models\TicketModels.cs(53,23): warning CS8618: Non-nullable property 'issue' must contain a non-null value when exiting constructor. Consider adding the 'required' modifier or declaring the property as nullable. [C:\Users\Rohit Rathod\Desktop\JsapProject\JSAPNEW\JSAPNEW.csproj]
C:\Users\Rohit Rathod\Desktop\JsapProject\JSAPNEW\Models\TicketModels.cs(54,23): warning CS8618: Non-nullable property 'description' must contain a non-null value when exiting constructor. Consider adding the 'required' modifier or declaring the property as nullable. [C:\Users\Rohit Rathod\Desktop\JsapProject\JSAPNEW\JSAPNEW.csproj]
C:\Users\Rohit Rathod\Desktop\JsapProject\JSAPNEW\Models\TicketModels.cs(55,23): warning CS8618: Non-nullable property 'Status' must contain a non-null value when exiting constructor. Consider adding the 'required' modifier or declaring the property as nullable. [C:\Users\Rohit Rathod\Desktop\JsapProject\JSAPNEW\JSAPNEW.csproj]
C:\Users\Rohit Rathod\Desktop\JsapProject\JSAPNEW\Models\TicketModels.cs(56,23): warning CS8618: Non-nullable property 'Priority' must contain a non-null value when exiting constructor. Consider adding the 'required' modifier or declaring the property as nullable. [C:\Users\Rohit Rathod\Desktop\JsapProject\JSAPNEW\JSAPNEW.csproj]
C:\Users\Rohit Rathod\Desktop\JsapProject\JSAPNEW\Models\TicketModels.cs(57,23): warning CS8618: Non-nullable property 'CreatedBy' must contain a non-null value when exiting constructor. Consider adding the 'required' modifier or declaring the property as nullable. [C:\Users\Rohit Rathod\Desktop\JsapProject\JSAPNEW\JSAPNEW.csproj]
C:\Users\Rohit Rathod\Desktop\JsapProject\JSAPNEW\Models\TicketModels.cs(58,23): warning CS8618: Non-nullable property 'AssignedTo' must contain a non-null value when exiting constructor. Consider adding the 'required' modifier or declaring the property as nullable. [C:\Users\Rohit Rathod\Desktop\JsapProject\JSAPNEW\JSAPNEW.csproj]
C:\Users\Rohit Rathod\Desktop\JsapProject\JSAPNEW\Models\TicketModels.cs(59,23): warning CS8618: Non-nullable property 'Department' must contain a non-null value when exiting constructor. Consider adding the 'required' modifier or declaring the property as nullable. [C:\Users\Rohit Rathod\Desktop\JsapProject\JSAPNEW\JSAPNEW.csproj]
C:\Users\Rohit Rathod\Desktop\JsapProject\JSAPNEW\Models\TicketModels.cs(60,23): warning CS8618: Non-nullable property 'CatalogOne' must contain a non-null value when exiting constructor. Consider adding the 'required' modifier or declaring the property as nullable. [C:\Users\Rohit Rathod\Desktop\JsapProject\JSAPNEW\JSAPNEW.csproj]
C:\Users\Rohit Rathod\Desktop\JsapProject\JSAPNEW\Models\TicketModels.cs(61,23): warning CS8618: Non-nullable property 'CatalogTwo' must contain a non-null value when exiting constructor. Consider adding the 'required' modifier or declaring the property as nullable. [C:\Users\Rohit Rathod\Desktop\JsapProject\JSAPNEW\JSAPNEW.csproj]
C:\Users\Rohit Rathod\Desktop\JsapProject\JSAPNEW\Models\TicketModels.cs(62,23): warning CS8618: Non-nullable property 'RequestName' must contain a non-null value when exiting constructor. Consider adding the 'required' modifier or declaring the property as nullable. [C:\Users\Rohit Rathod\Desktop\JsapProject\JSAPNEW\JSAPNEW.csproj]
C:\Users\Rohit Rathod\Desktop\JsapProject\JSAPNEW\Models\TicketModels.cs(64,23): warning CS8618: Non-nullable property 'createdAt' must contain a non-null value when exiting constructor. Consider adding the 'required' modifier or declaring the property as nullable. [C:\Users\Rohit Rathod\Desktop\JsapProject\JSAPNEW\JSAPNEW.csproj]
C:\Users\Rohit Rathod\Desktop\JsapProject\JSAPNEW\Models\TicketModels.cs(65,23): warning CS8618: Non-nullable property 'updateAt' must contain a non-null value when exiting constructor. Consider adding the 'required' modifier or declaring the property as nullable. [C:\Users\Rohit Rathod\Desktop\JsapProject\JSAPNEW\JSAPNEW.csproj]
C:\Users\Rohit Rathod\Desktop\JsapProject\JSAPNEW\Models\TicketModels.cs(45,23): warning CS8618: Non-nullable property 'status' must contain a non-null value when exiting constructor. Consider adding the 'required' modifier or declaring the property as nullable. [C:\Users\Rohit Rathod\Desktop\JsapProject\JSAPNEW\JSAPNEW.csproj]
C:\Users\Rohit Rathod\Desktop\JsapProject\JSAPNEW\Models\TicketModels.cs(39,23): warning CS8618: Non-nullable property 'FilePath' must contain a non-null value when exiting constructor. Consider adding the 'required' modifier or declaring the property as nullable. [C:\Users\Rohit Rathod\Desktop\JsapProject\JSAPNEW\JSAPNEW.csproj]
C:\Users\Rohit Rathod\Desktop\JsapProject\JSAPNEW\Models\TicketModels.cs(40,23): warning CS8618: Non-nullable property 'FileName' must contain a non-null value when exiting constructor. Consider adding the 'required' modifier or declaring the property as nullable. [C:\Users\Rohit Rathod\Desktop\JsapProject\JSAPNEW\JSAPNEW.csproj]
C:\Users\Rohit Rathod\Desktop\JsapProject\JSAPNEW\Models\TicketModels.cs(41,23): warning CS8618: Non-nullable property 'FileType' must contain a non-null value when exiting constructor. Consider adding the 'required' modifier or declaring the property as nullable. [C:\Users\Rohit Rathod\Desktop\JsapProject\JSAPNEW\JSAPNEW.csproj]
C:\Users\Rohit Rathod\Desktop\JsapProject\JSAPNEW\Models\TicketModels.cs(23,23): warning CS8618: Non-nullable property 'Issue' must contain a non-null value when exiting constructor. Consider adding the 'required' modifier or declaring the property as nullable. [C:\Users\Rohit Rathod\Desktop\JsapProject\JSAPNEW\JSAPNEW.csproj]
C:\Users\Rohit Rathod\Desktop\JsapProject\JSAPNEW\Models\TicketModels.cs(24,34): warning CS8618: Non-nullable property 'Description' must contain a non-null value when exiting constructor. Consider adding the 'required' modifier or declaring the property as nullable. [C:\Users\Rohit Rathod\Desktop\JsapProject\JSAPNEW\JSAPNEW.csproj]
C:\Users\Rohit Rathod\Desktop\JsapProject\JSAPNEW\Models\TicketModels.cs(32,34): warning CS8618: Non-nullable property 'CreatedBy' must contain a non-null value when exiting constructor. Consider adding the 'required' modifier or declaring the property as nullable. [C:\Users\Rohit Rathod\Desktop\JsapProject\JSAPNEW\JSAPNEW.csproj]
C:\Users\Rohit Rathod\Desktop\JsapProject\JSAPNEW\Models\ItemMasterModel.cs(924,19): warning CS8618: Non-nullable property 'itemName' must contain a non-null value when exiting constructor. Consider adding the 'required' modifier or declaring the property as nullable. [C:\Users\Rohit Rathod\Desktop\JsapProject\JSAPNEW\JSAPNEW.csproj]
C:\Users\Rohit Rathod\Desktop\JsapProject\JSAPNEW\Models\ItemMasterModel.cs(927,19): warning CS8618: Non-nullable property 'itemGroupName' must contain a non-null value when exiting constructor. Consider adding the 'required' modifier or declaring the property as nullable. [C:\Users\Rohit Rathod\Desktop\JsapProject\JSAPNEW\JSAPNEW.csproj]
C:\Users\Rohit Rathod\Desktop\JsapProject\JSAPNEW\Models\ItemMasterModel.cs(930,19): warning CS8618: Non-nullable property 'chapterName' must contain a non-null value when exiting constructor. Consider adding the 'required' modifier or declaring the property as nullable. [C:\Users\Rohit Rathod\Desktop\JsapProject\JSAPNEW\JSAPNEW.csproj]
C:\Users\Rohit Rathod\Desktop\JsapProject\JSAPNEW\Models\ItemMasterModel.cs(932,19): warning CS8618: Non-nullable property 'unit' must contain a non-null value when exiting constructor. Consider adding the 'required' modifier or declaring the property as nullable. [C:\Users\Rohit Rathod\Desktop\JsapProject\JSAPNEW\JSAPNEW.csproj]
C:\Users\Rohit Rathod\Desktop\JsapProject\JSAPNEW\Models\ItemMasterModel.cs(933,19): warning CS8618: Non-nullable property 'brand' must contain a non-null value when exiting constructor. Consider adding the 'required' modifier or declaring the property as nullable. [C:\Users\Rohit Rathod\Desktop\JsapProject\JSAPNEW\JSAPNEW.csproj]
C:\Users\Rohit Rathod\Desktop\JsapProject\JSAPNEW\Models\ItemMasterModel.cs(934,19): warning CS8618: Non-nullable property 'variety' must contain a non-null value when exiting constructor. Consider adding the 'required' modifier or declaring the property as nullable. [C:\Users\Rohit Rathod\Desktop\JsapProject\JSAPNEW\JSAPNEW.csproj]
C:\Users\Rohit Rathod\Desktop\JsapProject\JSAPNEW\Models\ItemMasterModel.cs(935,19): warning CS8618: Non-nullable property 'subGroup' must contain a non-null value when exiting constructor. Consider adding the 'required' modifier or declaring the property as nullable. [C:\Users\Rohit Rathod\Desktop\JsapProject\JSAPNEW\JSAPNEW.csproj]
C:\Users\Rohit Rathod\Desktop\JsapProject\JSAPNEW\Models\ItemMasterModel.cs(936,19): warning CS8618: Non-nullable property 'sku' must contain a non-null value when exiting constructor. Consider adding the 'required' modifier or declaring the property as nullable. [C:\Users\Rohit Rathod\Desktop\JsapProject\JSAPNEW\JSAPNEW.csproj]
C:\Users\Rohit Rathod\Desktop\JsapProject\JSAPNEW\Models\ItemMasterModel.cs(938,19): warning CS8618: Non-nullable property 'isLitre' must contain a non-null value when exiting constructor. Consider adding the 'required' modifier or declaring the property as nullable. [C:\Users\Rohit Rathod\Desktop\JsapProject\JSAPNEW\JSAPNEW.csproj]
C:\Users\Rohit Rathod\Desktop\JsapProject\JSAPNEW\Models\ItemMasterModel.cs(942,19): warning CS8618: Non-nullable property 'packType' must contain a non-null value when exiting constructor. Consider adding the 'required' modifier or declaring the property as nullable. [C:\Users\Rohit Rathod\Desktop\JsapProject\JSAPNEW\JSAPNEW.csproj]
C:\Users\Rohit Rathod\Desktop\JsapProject\JSAPNEW\Models\ItemMasterModel.cs(943,19): warning CS8618: Non-nullable property 'packingType' must contain a non-null value when exiting constructor. Consider adding the 'required' modifier or declaring the property as nullable. [C:\Users\Rohit Rathod\Desktop\JsapProject\JSAPNEW\JSAPNEW.csproj]
C:\Users\Rohit Rathod\Desktop\JsapProject\JSAPNEW\Models\ItemMasterModel.cs(944,19): warning CS8618: Non-nullable property 'faType' must contain a non-null value when exiting constructor. Consider adding the 'required' modifier or declaring the property as nullable. [C:\Users\Rohit Rathod\Desktop\JsapProject\JSAPNEW\JSAPNEW.csproj]
C:\Users\Rohit Rathod\Desktop\JsapProject\JSAPNEW\Models\ItemMasterModel.cs(945,19): warning CS8618: Non-nullable property 'uom' must contain a non-null value when exiting constructor. Consider adding the 'required' modifier or declaring the property as nullable. [C:\Users\Rohit Rathod\Desktop\JsapProject\JSAPNEW\JSAPNEW.csproj]
C:\Users\Rohit Rathod\Desktop\JsapProject\JSAPNEW\Models\ItemMasterModel.cs(946,19): warning CS8618: Non-nullable property 'utype' must contain a non-null value when exiting constructor. Consider adding the 'required' modifier or declaring the property as nullable. [C:\Users\Rohit Rathod\Desktop\JsapProject\JSAPNEW\JSAPNEW.csproj]
C:\Users\Rohit Rathod\Desktop\JsapProject\JSAPNEW\Models\ItemMasterModel.cs(948,19): warning CS8618: Non-nullable property 'createdByName' must contain a non-null value when exiting constructor. Consider adding the 'required' modifier or declaring the property as nullable. [C:\Users\Rohit Rathod\Desktop\JsapProject\JSAPNEW\JSAPNEW.csproj]
C:\Users\Rohit Rathod\Desktop\JsapProject\JSAPNEW\Controllers\TicketController.cs(97,78): warning CS8604: Possible null reference argument for parameter 'value' in 'TicketCreateModel? JsonConvert.DeserializeObject<TicketCreateModel>(string value)'. [C:\Users\Rohit Rathod\Desktop\JsapProject\JSAPNEW\JSAPNEW.csproj]
C:\Users\Rohit Rathod\Desktop\JsapProject\JSAPNEW\Controllers\TicketController.cs(101,17): warning CS8602: Dereference of a possibly null reference. [C:\Users\Rohit Rathod\Desktop\JsapProject\JSAPNEW\JSAPNEW.csproj]
C:\Users\Rohit Rathod\Desktop\JsapProject\JSAPNEW\Controllers\TicketController.cs(486,30): warning CS0168: The variable 'ex' is declared but never used [C:\Users\Rohit Rathod\Desktop\JsapProject\JSAPNEW\JSAPNEW.csproj]
C:\Users\Rohit Rathod\Desktop\JsapProject\JSAPNEW\Controllers\TicketController.cs(511,30): warning CS0168: The variable 'ex' is declared but never used [C:\Users\Rohit Rathod\Desktop\JsapProject\JSAPNEW\JSAPNEW.csproj]
C:\Users\Rohit Rathod\Desktop\JsapProject\JSAPNEW\Services\Implementation\HierarchyService.cs(362,39): warning CS8625: Cannot convert null literal to non-nullable reference type. [C:\Users\Rohit Rathod\Desktop\JsapProject\JSAPNEW\JSAPNEW.csproj]
C:\Users\Rohit Rathod\Desktop\JsapProject\JSAPNEW\Controllers\WebSessionController.cs(193,23): warning CS8618: Non-nullable property 'company' must contain a non-null value when exiting constructor. Consider adding the 'required' modifier or declaring the property as nullable. [C:\Users\Rohit Rathod\Desktop\JsapProject\JSAPNEW\JSAPNEW.csproj]
C:\Users\Rohit Rathod\Desktop\JsapProject\JSAPNEW\Controllers\WebSessionController.cs(187,23): warning CS8618: Non-nullable property 'UserName' must contain a non-null value when exiting constructor. Consider adding the 'required' modifier or declaring the property as nullable. [C:\Users\Rohit Rathod\Desktop\JsapProject\JSAPNEW\JSAPNEW.csproj]
C:\Users\Rohit Rathod\Desktop\JsapProject\JSAPNEW\Data\Entities\User.cs(7,23): warning CS8618: Non-nullable property 'UserName' must contain a non-null value when exiting constructor. Consider adding the 'required' modifier or declaring the property as nullable. [C:\Users\Rohit Rathod\Desktop\JsapProject\JSAPNEW\JSAPNEW.csproj]
C:\Users\Rohit Rathod\Desktop\JsapProject\JSAPNEW\Data\Entities\User.cs(8,23): warning CS8618: Non-nullable property 'LoginUser' must contain a non-null value when exiting constructor. Consider adding the 'required' modifier or declaring the property as nullable. [C:\Users\Rohit Rathod\Desktop\JsapProject\JSAPNEW\JSAPNEW.csproj]
C:\Users\Rohit Rathod\Desktop\JsapProject\JSAPNEW\Data\Entities\User.cs(9,23): warning CS8618: Non-nullable property 'Password' must contain a non-null value when exiting constructor. Consider adding the 'required' modifier or declaring the property as nullable. [C:\Users\Rohit Rathod\Desktop\JsapProject\JSAPNEW\JSAPNEW.csproj]
C:\Users\Rohit Rathod\Desktop\JsapProject\JSAPNEW\Data\Entities\User.cs(10,23): warning CS8618: Non-nullable property 'FullName' must contain a non-null value when exiting constructor. Consider adding the 'required' modifier or declaring the property as nullable. [C:\Users\Rohit Rathod\Desktop\JsapProject\JSAPNEW\JSAPNEW.csproj]
C:\Users\Rohit Rathod\Desktop\JsapProject\JSAPNEW\Data\Entities\User.cs(11,23): warning CS8618: Non-nullable property 'Role' must contain a non-null value when exiting constructor. Consider adding the 'required' modifier or declaring the property as nullable. [C:\Users\Rohit Rathod\Desktop\JsapProject\JSAPNEW\JSAPNEW.csproj]
C:\Users\Rohit Rathod\Desktop\JsapProject\JSAPNEW\Program.cs(86,40): warning CS8604: Possible null reference argument for parameter 's' in 'byte[] Encoding.GetBytes(string s)'. [C:\Users\Rohit Rathod\Desktop\JsapProject\JSAPNEW\JSAPNEW.csproj]
C:\Users\Rohit Rathod\Desktop\JsapProject\JSAPNEW\Program.cs(159,81): warning CS8604: Possible null reference argument for parameter 'secretKey' in 'string AuthSecurity.CreateSecurityStamp(IDictionary<string, object> userRow, string secretKey, string roleSnapshot)'. [C:\Users\Rohit Rathod\Desktop\JsapProject\JSAPNEW\JSAPNEW.csproj]
C:\Users\Rohit Rathod\Desktop\JsapProject\JSAPNEW\Program.cs(276,36): warning CS8604: Possible null reference argument for parameter 's' in 'byte[] Encoding.GetBytes(string s)'. [C:\Users\Rohit Rathod\Desktop\JsapProject\JSAPNEW\JSAPNEW.csproj]
C:\Users\Rohit Rathod\Desktop\JsapProject\JSAPNEW\Models\TicketsModels.cs(519,23): warning CS8618: Non-nullable property 'FilePath' must contain a non-null value when exiting constructor. Consider adding the 'required' modifier or declaring the property as nullable. [C:\Users\Rohit Rathod\Desktop\JsapProject\JSAPNEW\JSAPNEW.csproj]
C:\Users\Rohit Rathod\Desktop\JsapProject\JSAPNEW\Models\AdvanceRequestModels.cs(13,23): warning CS8618: Non-nullable property 'Branch' must contain a non-null value when exiting constructor. Consider adding the 'required' modifier or declaring the property as nullable. [C:\Users\Rohit Rathod\Desktop\JsapProject\JSAPNEW\JSAPNEW.csproj]
C:\Users\Rohit Rathod\Desktop\JsapProject\JSAPNEW\Models\AdvanceRequestModels.cs(14,23): warning CS8618: Non-nullable property 'CardCode' must contain a non-null value when exiting constructor. Consider adding the 'required' modifier or declaring the property as nullable. [C:\Users\Rohit Rathod\Desktop\JsapProject\JSAPNEW\JSAPNEW.csproj]
C:\Users\Rohit Rathod\Desktop\JsapProject\JSAPNEW\Models\AdvanceRequestModels.cs(15,23): warning CS8618: Non-nullable property 'CardName' must contain a non-null value when exiting constructor. Consider adding the 'required' modifier or declaring the property as nullable. [C:\Users\Rohit Rathod\Desktop\JsapProject\JSAPNEW\JSAPNEW.csproj]
C:\Users\Rohit Rathod\Desktop\JsapProject\JSAPNEW\Models\AdvanceRequestModels.cs(16,23): warning CS8618: Non-nullable property 'Balance' must contain a non-null value when exiting constructor. Consider adding the 'required' modifier or declaring the property as nullable. [C:\Users\Rohit Rathod\Desktop\JsapProject\JSAPNEW\JSAPNEW.csproj]
C:\Users\Rohit Rathod\Desktop\JsapProject\JSAPNEW\Models\AdvanceRequestModels.cs(17,23): warning CS8618: Non-nullable property 'U_CardCode' must contain a non-null value when exiting constructor. Consider adding the 'required' modifier or declaring the property as nullable. [C:\Users\Rohit Rathod\Desktop\JsapProject\JSAPNEW\JSAPNEW.csproj]
C:\Users\Rohit Rathod\Desktop\JsapProject\JSAPNEW\Models\AdvanceRequestModels.cs(18,23): warning CS8618: Non-nullable property 'Series' must contain a non-null value when exiting constructor. Consider adding the 'required' modifier or declaring the property as nullable. [C:\Users\Rohit Rathod\Desktop\JsapProject\JSAPNEW\JSAPNEW.csproj]
C:\Users\Rohit Rathod\Desktop\JsapProject\JSAPNEW\Models\AdvanceRequestModels.cs(25,23): warning CS8618: Non-nullable property 'message' must contain a non-null value when exiting constructor. Consider adding the 'required' modifier or declaring the property as nullable. [C:\Users\Rohit Rathod\Desktop\JsapProject\JSAPNEW\JSAPNEW.csproj]
C:\Users\Rohit Rathod\Desktop\JsapProject\JSAPNEW\Models\AdvanceRequestModels.cs(49,23): warning CS8618: Non-nullable property 'AttachmentName' must contain a non-null value when exiting constructor. Consider adding the 'required' modifier or declaring the property as nullable. [C:\Users\Rohit Rathod\Desktop\JsapProject\JSAPNEW\JSAPNEW.csproj]
C:\Users\Rohit Rathod\Desktop\JsapProject\JSAPNEW\Models\AdvanceRequestModels.cs(50,23): warning CS8618: Non-nullable property 'AttachmentExtension' must contain a non-null value when exiting constructor. Consider adding the 'required' modifier or declaring the property as nullable. [C:\Users\Rohit Rathod\Desktop\JsapProject\JSAPNEW\JSAPNEW.csproj]
C:\Users\Rohit Rathod\Desktop\JsapProject\JSAPNEW\Models\AdvanceRequestModels.cs(51,23): warning CS8618: Non-nullable property 'AttachmentPath' must contain a non-null value when exiting constructor. Consider adding the 'required' modifier or declaring the property as nullable. [C:\Users\Rohit Rathod\Desktop\JsapProject\JSAPNEW\JSAPNEW.csproj]
C:\Users\Rohit Rathod\Desktop\JsapProject\JSAPNEW\Models\AdvanceRequestModels.cs(33,34): warning CS8618: Non-nullable property 'Type' must contain a non-null value when exiting constructor. Consider adding the 'required' modifier or declaring the property as nullable. [C:\Users\Rohit Rathod\Desktop\JsapProject\JSAPNEW\JSAPNEW.csproj]
C:\Users\Rohit Rathod\Desktop\JsapProject\JSAPNEW\Models\AdvanceRequestModels.cs(34,34): warning CS8618: Non-nullable property 'Search' must contain a non-null value when exiting constructor. Consider adding the 'required' modifier or declaring the property as nullable. [C:\Users\Rohit Rathod\Desktop\JsapProject\JSAPNEW\JSAPNEW.csproj]
C:\Users\Rohit Rathod\Desktop\JsapProject\JSAPNEW\Models\AdvanceRequestModels.cs(38,34): warning CS8618: Non-nullable property 'Remark' must contain a non-null value when exiting constructor. Consider adding the 'required' modifier or declaring the property as nullable. [C:\Users\Rohit Rathod\Desktop\JsapProject\JSAPNEW\JSAPNEW.csproj]
C:\Users\Rohit Rathod\Desktop\JsapProject\JSAPNEW\Models\AdvanceRequestModels.cs(39,34): warning CS8618: Non-nullable property 'Priority' must contain a non-null value when exiting constructor. Consider adding the 'required' modifier or declaring the property as nullable. [C:\Users\Rohit Rathod\Desktop\JsapProject\JSAPNEW\JSAPNEW.csproj]
C:\Users\Rohit Rathod\Desktop\JsapProject\JSAPNEW\Models\TicketsModels.cs(506,23): warning CS8618: Non-nullable property 'UserName' must contain a non-null value when exiting constructor. Consider adding the 'required' modifier or declaring the property as nullable. [C:\Users\Rohit Rathod\Desktop\JsapProject\JSAPNEW\JSAPNEW.csproj]
C:\Users\Rohit Rathod\Desktop\JsapProject\JSAPNEW\Models\TicketsModels.cs(507,23): warning CS8618: Non-nullable property 'FileName' must contain a non-null value when exiting constructor. Consider adding the 'required' modifier or declaring the property as nullable. [C:\Users\Rohit Rathod\Desktop\JsapProject\JSAPNEW\JSAPNEW.csproj]
C:\Users\Rohit Rathod\Desktop\JsapProject\JSAPNEW\Models\TicketsModels.cs(508,23): warning CS8618: Non-nullable property 'FilePath' must contain a non-null value when exiting constructor. Consider adding the 'required' modifier or declaring the property as nullable. [C:\Users\Rohit Rathod\Desktop\JsapProject\JSAPNEW\JSAPNEW.csproj]
C:\Users\Rohit Rathod\Desktop\JsapProject\JSAPNEW\Models\TicketsModels.cs(481,23): warning CS8618: Non-nullable property 'FileName' must contain a non-null value when exiting constructor. Consider adding the 'required' modifier or declaring the property as nullable. [C:\Users\Rohit Rathod\Desktop\JsapProject\JSAPNEW\JSAPNEW.csproj]
C:\Users\Rohit Rathod\Desktop\JsapProject\JSAPNEW\Models\TicketsModels.cs(482,23): warning CS8618: Non-nullable property 'FilePath' must contain a non-null value when exiting constructor. Consider adding the 'required' modifier or declaring the property as nullable. [C:\Users\Rohit Rathod\Desktop\JsapProject\JSAPNEW\JSAPNEW.csproj]
C:\Users\Rohit Rathod\Desktop\JsapProject\JSAPNEW\Models\TicketsModels.cs(467,45): warning CS8618: Non-nullable property 'UserSummary' must contain a non-null value when exiting constructor. Consider adding the 'required' modifier or declaring the property as nullable. [C:\Users\Rohit Rathod\Desktop\JsapProject\JSAPNEW\JSAPNEW.csproj]
C:\Users\Rohit Rathod\Desktop\JsapProject\JSAPNEW\Models\TicketsModels.cs(468,38): warning CS8618: Non-nullable property 'DateWise' must contain a non-null value when exiting constructor. Consider adding the 'required' modifier or declaring the property as nullable. [C:\Users\Rohit Rathod\Desktop\JsapProject\JSAPNEW\JSAPNEW.csproj]
C:\Users\Rohit Rathod\Desktop\JsapProject\JSAPNEW\Models\TicketsModels.cs(469,42): warning CS8618: Non-nullable property 'AssigneeWise' must contain a non-null value when exiting constructor. Consider adding the 'required' modifier or declaring the property as nullable. [C:\Users\Rohit Rathod\Desktop\JsapProject\JSAPNEW\JSAPNEW.csproj]
C:\Users\Rohit Rathod\Desktop\JsapProject\JSAPNEW\Models\TicketsModels.cs(470,41): warning CS8618: Non-nullable property 'ProjectWise' must contain a non-null value when exiting constructor. Consider adding the 'required' modifier or declaring the property as nullable. [C:\Users\Rohit Rathod\Desktop\JsapProject\JSAPNEW\JSAPNEW.csproj]
C:\Users\Rohit Rathod\Desktop\JsapProject\JSAPNEW\Models\TicketsModels.cs(459,45): warning CS8618: Non-nullable property 'UserSummary' must contain a non-null value when exiting constructor. Consider adding the 'required' modifier or declaring the property as nullable. [C:\Users\Rohit Rathod\Desktop\JsapProject\JSAPNEW\JSAPNEW.csproj]
C:\Users\Rohit Rathod\Desktop\JsapProject\JSAPNEW\Models\TicketsModels.cs(460,38): warning CS8618: Non-nullable property 'DateWiseAssigned' must contain a non-null value when exiting constructor. Consider adding the 'required' modifier or declaring the property as nullable. [C:\Users\Rohit Rathod\Desktop\JsapProject\JSAPNEW\JSAPNEW.csproj]
C:\Users\Rohit Rathod\Desktop\JsapProject\JSAPNEW\Models\TicketsModels.cs(461,38): warning CS8618: Non-nullable property 'DateWiseClosed' must contain a non-null value when exiting constructor. Consider adding the 'required' modifier or declaring the property as nullable. [C:\Users\Rohit Rathod\Desktop\JsapProject\JSAPNEW\JSAPNEW.csproj]
C:\Users\Rohit Rathod\Desktop\JsapProject\JSAPNEW\Models\TicketsModels.cs(462,41): warning CS8618: Non-nullable property 'ProjectWise' must contain a non-null value when exiting constructor. Consider adding the 'required' modifier or declaring the property as nullable. [C:\Users\Rohit Rathod\Desktop\JsapProject\JSAPNEW\JSAPNEW.csproj]
C:\Users\Rohit Rathod\Desktop\JsapProject\JSAPNEW\Models\TicketsModels.cs(452,41): warning CS8618: Non-nullable property 'UserSummary' must contain a non-null value when exiting constructor. Consider adding the 'required' modifier or declaring the property as nullable. [C:\Users\Rohit Rathod\Desktop\JsapProject\JSAPNEW\JSAPNEW.csproj]
C:\Users\Rohit Rathod\Desktop\JsapProject\JSAPNEW\Models\TicketsModels.cs(453,38): warning CS8618: Non-nullable property 'DateWise' must contain a non-null value when exiting constructor. Consider adding the 'required' modifier or declaring the property as nullable. [C:\Users\Rohit Rathod\Desktop\JsapProject\JSAPNEW\JSAPNEW.csproj]
C:\Users\Rohit Rathod\Desktop\JsapProject\JSAPNEW\Models\TicketsModels.cs(454,41): warning CS8618: Non-nullable property 'ProjectWise' must contain a non-null value when exiting constructor. Consider adding the 'required' modifier or declaring the property as nullable. [C:\Users\Rohit Rathod\Desktop\JsapProject\JSAPNEW\JSAPNEW.csproj]
C:\Users\Rohit Rathod\Desktop\JsapProject\JSAPNEW\Models\TicketsModels.cs(440,23): warning CS8618: Non-nullable property 'AssigneeName' must contain a non-null value when exiting constructor. Consider adding the 'required' modifier or declaring the property as nullable. [C:\Users\Rohit Rathod\Desktop\JsapProject\JSAPNEW\JSAPNEW.csproj]
C:\Users\Rohit Rathod\Desktop\JsapProject\JSAPNEW\Models\TicketsModels.cs(441,23): warning CS8618: Non-nullable property 'AssigneeEmail' must contain a non-null value when exiting constructor. Consider adding the 'required' modifier or declaring the property as nullable. [C:\Users\Rohit Rathod\Desktop\JsapProject\JSAPNEW\JSAPNEW.csproj]
C:\Users\Rohit Rathod\Desktop\JsapProject\JSAPNEW\Models\TicketsModels.cs(442,23): warning CS8618: Non-nullable property 'MonthYear' must contain a non-null value when exiting constructor. Consider adding the 'required' modifier or declaring the property as nullable. [C:\Users\Rohit Rathod\Desktop\JsapProject\JSAPNEW\JSAPNEW.csproj]
C:\Users\Rohit Rathod\Desktop\JsapProject\JSAPNEW\Models\TicketsModels.cs(427,23): warning CS8618: Non-nullable property 'ProjectName' must contain a non-null value when exiting constructor. Consider adding the 'required' modifier or declaring the property as nullable. [C:\Users\Rohit Rathod\Desktop\JsapProject\JSAPNEW\JSAPNEW.csproj]
C:\Users\Rohit Rathod\Desktop\JsapProject\JSAPNEW\Models\TicketsModels.cs(428,23): warning CS8618: Non-nullable property 'MonthYear' must contain a non-null value when exiting constructor. Consider adding the 'required' modifier or declaring the property as nullable. [C:\Users\Rohit Rathod\Desktop\JsapProject\JSAPNEW\JSAPNEW.csproj]
C:\Users\Rohit Rathod\Desktop\JsapProject\JSAPNEW\Models\AdvanceRequestModels.cs(65,23): warning CS8618: Non-nullable property 'company' must contain a non-null value when exiting constructor. Consider adding the 'required' modifier or declaring the property as nullable. [C:\Users\Rohit Rathod\Desktop\JsapProject\JSAPNEW\JSAPNEW.csproj]
C:\Users\Rohit Rathod\Desktop\JsapProject\JSAPNEW\Models\AdvanceRequestModels.cs(67,23): warning CS8618: Non-nullable property 'Type' must contain a non-null value when exiting constructor. Consider adding the 'required' modifier or declaring the property as nullable. [C:\Users\Rohit Rathod\Desktop\JsapProject\JSAPNEW\JSAPNEW.csproj]
C:\Users\Rohit Rathod\Desktop\JsapProject\JSAPNEW\Models\AdvanceRequestModels.cs(68,23): warning CS8618: Non-nullable property 'Search' must contain a non-null value when exiting constructor. Consider adding the 'required' modifier or declaring the property as nullable. [C:\Users\Rohit Rathod\Desktop\JsapProject\JSAPNEW\JSAPNEW.csproj]
C:\Users\Rohit Rathod\Desktop\JsapProject\JSAPNEW\Models\AdvanceRequestModels.cs(69,23): warning CS8618: Non-nullable property 'partyName' must contain a non-null value when exiting constructor. Consider adding the 'required' modifier or declaring the property as nullable. [C:\Users\Rohit Rathod\Desktop\JsapProject\JSAPNEW\JSAPNEW.csproj]
C:\Users\Rohit Rathod\Desktop\JsapProject\JSAPNEW\Models\AdvanceRequestModels.cs(71,23): warning CS8618: Non-nullable property 'DepartmentName' must contain a non-null value when exiting constructor. Consider adding the 'required' modifier or declaring the property as nullable. [C:\Users\Rohit Rathod\Desktop\JsapProject\JSAPNEW\JSAPNEW.csproj]
C:\Users\Rohit Rathod\Desktop\JsapProject\JSAPNEW\Models\AdvanceRequestModels.cs(72,23): warning CS8618: Non-nullable property 'Amount' must contain a non-null value when exiting constructor. Consider adding the 'required' modifier or declaring the property as nullable. [C:\Users\Rohit Rathod\Desktop\JsapProject\JSAPNEW\JSAPNEW.csproj]
C:\Users\Rohit Rathod\Desktop\JsapProject\JSAPNEW\Models\AdvanceRequestModels.cs(73,23): warning CS8618: Non-nullable property 'Purpose' must contain a non-null value when exiting constructor. Consider adding the 'required' modifier or declaring the property as nullable. [C:\Users\Rohit Rathod\Desktop\JsapProject\JSAPNEW\JSAPNEW.csproj]
C:\Users\Rohit Rathod\Desktop\JsapProject\JSAPNEW\Models\AdvanceRequestModels.cs(74,23): warning CS8618: Non-nullable property 'Remark' must contain a non-null value when exiting constructor. Consider adding the 'required' modifier or declaring the property as nullable. [C:\Users\Rohit Rathod\Desktop\JsapProject\JSAPNEW\JSAPNEW.csproj]
C:\Users\Rohit Rathod\Desktop\JsapProject\JSAPNEW\Models\AdvanceRequestModels.cs(75,23): warning CS8618: Non-nullable property 'Priority' must contain a non-null value when exiting constructor. Consider adding the 'required' modifier or declaring the property as nullable. [C:\Users\Rohit Rathod\Desktop\JsapProject\JSAPNEW\JSAPNEW.csproj]
C:\Users\Rohit Rathod\Desktop\JsapProject\JSAPNEW\Models\AdvanceRequestModels.cs(76,23): warning CS8618: Non-nullable property 'ExpectedPayDate' must contain a non-null value when exiting constructor. Consider adding the 'required' modifier or declaring the property as nullable. [C:\Users\Rohit Rathod\Desktop\JsapProject\JSAPNEW\JSAPNEW.csproj]
C:\Users\Rohit Rathod\Desktop\JsapProject\JSAPNEW\Models\AdvanceRequestModels.cs(77,23): warning CS8618: Non-nullable property 'ExpectedGrpoDate' must contain a non-null value when exiting constructor. Consider adding the 'required' modifier or declaring the property as nullable. [C:\Users\Rohit Rathod\Desktop\JsapProject\JSAPNEW\JSAPNEW.csproj]
C:\Users\Rohit Rathod\Desktop\JsapProject\JSAPNEW\Models\AdvanceRequestModels.cs(79,23): warning CS8618: Non-nullable property 'CreatedByName' must contain a non-null value when exiting constructor. Consider adding the 'required' modifier or declaring the property as nullable. [C:\Users\Rohit Rathod\Desktop\JsapProject\JSAPNEW\JSAPNEW.csproj]
C:\Users\Rohit Rathod\Desktop\JsapProject\JSAPNEW\Models\AdvanceRequestModels.cs(80,23): warning CS8618: Non-nullable property 'CreatedDate' must contain a non-null value when exiting constructor. Consider adding the 'required' modifier or declaring the property as nullable. [C:\Users\Rohit Rathod\Desktop\JsapProject\JSAPNEW\JSAPNEW.csproj]
C:\Users\Rohit Rathod\Desktop\JsapProject\JSAPNEW\Models\AdvanceRequestModels.cs(81,23): warning CS8618: Non-nullable property 'UpdatedDate' must contain a non-null value when exiting constructor. Consider adding the 'required' modifier or declaring the property as nullable. [C:\Users\Rohit Rathod\Desktop\JsapProject\JSAPNEW\JSAPNEW.csproj]
C:\Users\Rohit Rathod\Desktop\JsapProject\JSAPNEW\Models\AdvanceRequestModels.cs(82,23): warning CS8618: Non-nullable property 'UpdatedByName' must contain a non-null value when exiting constructor. Consider adding the 'required' modifier or declaring the property as nullable. [C:\Users\Rohit Rathod\Desktop\JsapProject\JSAPNEW\JSAPNEW.csproj]
C:\Users\Rohit Rathod\Desktop\JsapProject\JSAPNEW\Models\AdvanceRequestModels.cs(83,23): warning CS8618: Non-nullable property 'UpdatedStatus' must contain a non-null value when exiting constructor. Consider adding the 'required' modifier or declaring the property as nullable. [C:\Users\Rohit Rathod\Desktop\JsapProject\JSAPNEW\JSAPNEW.csproj]
C:\Users\Rohit Rathod\Desktop\JsapProject\JSAPNEW\Models\AdvanceRequestModels.cs(84,23): warning CS8618: Non-nullable property 'emiMonth' must contain a non-null value when exiting constructor. Consider adding the 'required' modifier or declaring the property as nullable. [C:\Users\Rohit Rathod\Desktop\JsapProject\JSAPNEW\JSAPNEW.csproj]
C:\Users\Rohit Rathod\Desktop\JsapProject\JSAPNEW\Models\AdvanceRequestModels.cs(85,23): warning CS8618: Non-nullable property 'po' must contain a non-null value when exiting constructor. Consider adding the 'required' modifier or declaring the property as nullable. [C:\Users\Rohit Rathod\Desktop\JsapProject\JSAPNEW\JSAPNEW.csproj]
C:\Users\Rohit Rathod\Desktop\JsapProject\JSAPNEW\Models\AdvanceRequestModels.cs(88,23): warning CS8618: Non-nullable property 'Status' must contain a non-null value when exiting constructor. Consider adding the 'required' modifier or declaring the property as nullable. [C:\Users\Rohit Rathod\Desktop\JsapProject\JSAPNEW\JSAPNEW.csproj]
C:\Users\Rohit Rathod\Desktop\JsapProject\JSAPNEW\Models\TicketsModels.cs(415,23): warning CS8618: Non-nullable property 'MonthYear' must contain a non-null value when exiting constructor. Consider adding the 'required' modifier or declaring the property as nullable. [C:\Users\Rohit Rathod\Desktop\JsapProject\JSAPNEW\JSAPNEW.csproj]
C:\Users\Rohit Rathod\Desktop\JsapProject\JSAPNEW\Services\Implementation\UserService.cs(33,33): warning CS8601: Possible null reference assignment. [C:\Users\Rohit Rathod\Desktop\JsapProject\JSAPNEW\JSAPNEW.csproj]
C:\Users\Rohit Rathod\Desktop\JsapProject\JSAPNEW\Services\Implementation\UserService.cs(29,16): warning CS8618: Non-nullable field '_connectionString' must contain a non-null value when exiting constructor. Consider adding the 'required' modifier or declaring the field as nullable. [C:\Users\Rohit Rathod\Desktop\JsapProject\JSAPNEW\JSAPNEW.csproj]
C:\Users\Rohit Rathod\Desktop\JsapProject\JSAPNEW\Models\TicketsModels.cs(399,23): warning CS8618: Non-nullable property 'UserName' must contain a non-null value when exiting constructor. Consider adding the 'required' modifier or declaring the property as nullable. [C:\Users\Rohit Rathod\Desktop\JsapProject\JSAPNEW\JSAPNEW.csproj]
C:\Users\Rohit Rathod\Desktop\JsapProject\JSAPNEW\Models\TicketsModels.cs(400,23): warning CS8618: Non-nullable property 'UserEmail' must contain a non-null value when exiting constructor. Consider adding the 'required' modifier or declaring the property as nullable. [C:\Users\Rohit Rathod\Desktop\JsapProject\JSAPNEW\JSAPNEW.csproj]
C:\Users\Rohit Rathod\Desktop\JsapProject\JSAPNEW\Models\TicketsModels.cs(401,23): warning CS8618: Non-nullable property 'EmpId' must contain a non-null value when exiting constructor. Consider adding the 'required' modifier or declaring the property as nullable. [C:\Users\Rohit Rathod\Desktop\JsapProject\JSAPNEW\JSAPNEW.csproj]
C:\Users\Rohit Rathod\Desktop\JsapProject\JSAPNEW\Models\TicketsModels.cs(402,23): warning CS8618: Non-nullable property 'MonthYear' must contain a non-null value when exiting constructor. Consider adding the 'required' modifier or declaring the property as nullable. [C:\Users\Rohit Rathod\Desktop\JsapProject\JSAPNEW\JSAPNEW.csproj]
C:\Users\Rohit Rathod\Desktop\JsapProject\JSAPNEW\Services\AuthSecurity.cs(31,34): warning CS0618: 'Encryption' is obsolete: 'Legacy encryption for migration only. Use PasswordHasher for new passwords.' [C:\Users\Rohit Rathod\Desktop\JsapProject\JSAPNEW\JSAPNEW.csproj]
C:\Users\Rohit Rathod\Desktop\JsapProject\JSAPNEW\Models\TicketsModels.cs(381,23): warning CS8618: Non-nullable property 'UserName' must contain a non-null value when exiting constructor. Consider adding the 'required' modifier or declaring the property as nullable. [C:\Users\Rohit Rathod\Desktop\JsapProject\JSAPNEW\JSAPNEW.csproj]
C:\Users\Rohit Rathod\Desktop\JsapProject\JSAPNEW\Models\TicketsModels.cs(382,23): warning CS8618: Non-nullable property 'UserEmail' must contain a non-null value when exiting constructor. Consider adding the 'required' modifier or declaring the property as nullable. [C:\Users\Rohit Rathod\Desktop\JsapProject\JSAPNEW\JSAPNEW.csproj]
C:\Users\Rohit Rathod\Desktop\JsapProject\JSAPNEW\Models\TicketsModels.cs(383,23): warning CS8618: Non-nullable property 'EmpId' must contain a non-null value when exiting constructor. Consider adding the 'required' modifier or declaring the property as nullable. [C:\Users\Rohit Rathod\Desktop\JsapProject\JSAPNEW\JSAPNEW.csproj]
C:\Users\Rohit Rathod\Desktop\JsapProject\JSAPNEW\Models\TicketsModels.cs(384,23): warning CS8618: Non-nullable property 'MonthYear' must contain a non-null value when exiting constructor. Consider adding the 'required' modifier or declaring the property as nullable. [C:\Users\Rohit Rathod\Desktop\JsapProject\JSAPNEW\JSAPNEW.csproj]
C:\Users\Rohit Rathod\Desktop\JsapProject\JSAPNEW\Models\TicketsModels.cs(362,23): warning CS8618: Non-nullable property 'UserName' must contain a non-null value when exiting constructor. Consider adding the 'required' modifier or declaring the property as nullable. [C:\Users\Rohit Rathod\Desktop\JsapProject\JSAPNEW\JSAPNEW.csproj]
C:\Users\Rohit Rathod\Desktop\JsapProject\JSAPNEW\Models\TicketsModels.cs(363,23): warning CS8618: Non-nullable property 'UserEmail' must contain a non-null value when exiting constructor. Consider adding the 'required' modifier or declaring the property as nullable. [C:\Users\Rohit Rathod\Desktop\JsapProject\JSAPNEW\JSAPNEW.csproj]
C:\Users\Rohit Rathod\Desktop\JsapProject\JSAPNEW\Models\TicketsModels.cs(364,23): warning CS8618: Non-nullable property 'EmpId' must contain a non-null value when exiting constructor. Consider adding the 'required' modifier or declaring the property as nullable. [C:\Users\Rohit Rathod\Desktop\JsapProject\JSAPNEW\JSAPNEW.csproj]
C:\Users\Rohit Rathod\Desktop\JsapProject\JSAPNEW\Models\TicketsModels.cs(365,23): warning CS8618: Non-nullable property 'MonthYear' must contain a non-null value when exiting constructor. Consider adding the 'required' modifier or declaring the property as nullable. [C:\Users\Rohit Rathod\Desktop\JsapProject\JSAPNEW\JSAPNEW.csproj]
C:\Users\Rohit Rathod\Desktop\JsapProject\JSAPNEW\Controllers\AdminController.cs(20,24): warning CS8601: Possible null reference assignment. [C:\Users\Rohit Rathod\Desktop\JsapProject\JSAPNEW\JSAPNEW.csproj]
C:\Users\Rohit Rathod\Desktop\JsapProject\JSAPNEW\Controllers\AdminController.cs(17,16): warning CS8618: Non-nullable field '_connStr' must contain a non-null value when exiting constructor. Consider adding the 'required' modifier or declaring the field as nullable. [C:\Users\Rohit Rathod\Desktop\JsapProject\JSAPNEW\JSAPNEW.csproj]
C:\Users\Rohit Rathod\Desktop\JsapProject\JSAPNEW\Services\Implementation\Adminservice.cs(23,30): warning CS8600: Converting null literal or possible null value to non-nullable type. [C:\Users\Rohit Rathod\Desktop\JsapProject\JSAPNEW\JSAPNEW.csproj]
C:\Users\Rohit Rathod\Desktop\JsapProject\JSAPNEW\Models\AdvanceRequestModels.cs(105,23): warning CS8618: Non-nullable property 'StageName' must contain a non-null value when exiting constructor. Consider adding the 'required' modifier or declaring the property as nullable. [C:\Users\Rohit Rathod\Desktop\JsapProject\JSAPNEW\JSAPNEW.csproj]
C:\Users\Rohit Rathod\Desktop\JsapProject\JSAPNEW\Models\AdvanceRequestModels.cs(107,23): warning CS8618: Non-nullable property 'AssignedTo' must contain a non-null value when exiting constructor. Consider adding the 'required' modifier or declaring the property as nullable. [C:\Users\Rohit Rathod\Desktop\JsapProject\JSAPNEW\JSAPNEW.csproj]
C:\Users\Rohit Rathod\Desktop\JsapProject\JSAPNEW\Models\AdvanceRequestModels.cs(108,23): warning CS8618: Non-nullable property 'ActionStatus' must contain a non-null value when exiting constructor. Consider adding the 'required' modifier or declaring the property as nullable. [C:\Users\Rohit Rathod\Desktop\JsapProject\JSAPNEW\JSAPNEW.csproj]
C:\Users\Rohit Rathod\Desktop\JsapProject\JSAPNEW\Models\AdvanceRequestModels.cs(110,23): warning CS8618: Non-nullable property 'Description' must contain a non-null value when exiting constructor. Consider adding the 'required' modifier or declaring the property as nullable. [C:\Users\Rohit Rathod\Desktop\JsapProject\JSAPNEW\JSAPNEW.csproj]
C:\Users\Rohit Rathod\Desktop\JsapProject\JSAPNEW\Models\AdvanceRequestModels.cs(94,23): warning CS8618: Non-nullable property 'Status' must contain a non-null value when exiting constructor. Consider adding the 'required' modifier or declaring the property as nullable. [C:\Users\Rohit Rathod\Desktop\JsapProject\JSAPNEW\JSAPNEW.csproj]
C:\Users\Rohit Rathod\Desktop\JsapProject\JSAPNEW\Models\AdvanceRequestModels.cs(99,23): warning CS8618: Non-nullable property 'UpdatedOn' must contain a non-null value when exiting constructor. Consider adding the 'required' modifier or declaring the property as nullable. [C:\Users\Rohit Rathod\Desktop\JsapProject\JSAPNEW\JSAPNEW.csproj]
C:\Users\Rohit Rathod\Desktop\JsapProject\JSAPNEW\Models\AdvanceRequestModels.cs(100,23): warning CS8618: Non-nullable property 'CreatedOn' must contain a non-null value when exiting constructor. Consider adding the 'required' modifier or declaring the property as nullable. [C:\Users\Rohit Rathod\Desktop\JsapProject\JSAPNEW\JSAPNEW.csproj]
C:\Users\Rohit Rathod\Desktop\JsapProject\JSAPNEW\Models\TicketsModels.cs(325,23): warning CS8618: Non-nullable property 'UserName' must contain a non-null value when exiting constructor. Consider adding the 'required' modifier or declaring the property as nullable. [C:\Users\Rohit Rathod\Desktop\JsapProject\JSAPNEW\JSAPNEW.csproj]
C:\Users\Rohit Rathod\Desktop\JsapProject\JSAPNEW\Models\TicketsModels.cs(326,23): warning CS8618: Non-nullable property 'UserEmail' must contain a non-null value when exiting constructor. Consider adding the 'required' modifier or declaring the property as nullable. [C:\Users\Rohit Rathod\Desktop\JsapProject\JSAPNEW\JSAPNEW.csproj]
C:\Users\Rohit Rathod\Desktop\JsapProject\JSAPNEW\Models\TicketsModels.cs(327,23): warning CS8618: Non-nullable property 'Action' must contain a non-null value when exiting constructor. Consider adding the 'required' modifier or declaring the property as nullable. [C:\Users\Rohit Rathod\Desktop\JsapProject\JSAPNEW\JSAPNEW.csproj]
C:\Users\Rohit Rathod\Desktop\JsapProject\JSAPNEW\Models\TicketsModels.cs(328,23): warning CS8618: Non-nullable property 'OldValue' must contain a non-null value when exiting constructor. Consider adding the 'required' modifier or declaring the property as nullable. [C:\Users\Rohit Rathod\Desktop\JsapProject\JSAPNEW\JSAPNEW.csproj]
C:\Users\Rohit Rathod\Desktop\JsapProject\JSAPNEW\Models\TicketsModels.cs(329,23): warning CS8618: Non-nullable property 'NewValue' must contain a non-null value when exiting constructor. Consider adding the 'required' modifier or declaring the property as nullable. [C:\Users\Rohit Rathod\Desktop\JsapProject\JSAPNEW\JSAPNEW.csproj]
C:\Users\Rohit Rathod\Desktop\JsapProject\JSAPNEW\Models\TicketsModels.cs(330,23): warning CS8618: Non-nullable property 'Description' must contain a non-null value when exiting constructor. Consider adding the 'required' modifier or declaring the property as nullable. [C:\Users\Rohit Rathod\Desktop\JsapProject\JSAPNEW\JSAPNEW.csproj]
C:\Users\Rohit Rathod\Desktop\JsapProject\JSAPNEW\Models\TicketsModels.cs(295,23): warning CS8618: Non-nullable property 'TicketTitle' must contain a non-null value when exiting constructor. Consider adding the 'required' modifier or declaring the property as nullable. [C:\Users\Rohit Rathod\Desktop\JsapProject\JSAPNEW\JSAPNEW.csproj]
C:\Users\Rohit Rathod\Desktop\JsapProject\JSAPNEW\Models\TicketsModels.cs(297,23): warning CS8618: Non-nullable property 'UserName' must contain a non-null value when exiting constructor. Consider adding the 'required' modifier or declaring the property as nullable. [C:\Users\Rohit Rathod\Desktop\JsapProject\JSAPNEW\JSAPNEW.csproj]
C:\Users\Rohit Rathod\Desktop\JsapProject\JSAPNEW\Models\TicketsModels.cs(298,23): warning CS8618: Non-nullable property 'UserEmail' must contain a non-null value when exiting constructor. Consider adding the 'required' modifier or declaring the property as nullable. [C:\Users\Rohit Rathod\Desktop\JsapProject\JSAPNEW\JSAPNEW.csproj]
C:\Users\Rohit Rathod\Desktop\JsapProject\JSAPNEW\Models\TicketsModels.cs(299,23): warning CS8618: Non-nullable property 'Comment' must contain a non-null value when exiting constructor. Consider adding the 'required' modifier or declaring the property as nullable. [C:\Users\Rohit Rathod\Desktop\JsapProject\JSAPNEW\JSAPNEW.csproj]
C:\Users\Rohit Rathod\Desktop\JsapProject\JSAPNEW\Models\TicketsModels.cs(265,23): warning CS8618: Non-nullable property 'Comment' must contain a non-null value when exiting constructor. Consider adding the 'required' modifier or declaring the property as nullable. [C:\Users\Rohit Rathod\Desktop\JsapProject\JSAPNEW\JSAPNEW.csproj]
C:\Users\Rohit Rathod\Desktop\JsapProject\JSAPNEW\Controllers\AdminController.cs(138,8): warning CS8602: Dereference of a possibly null reference. [C:\Users\Rohit Rathod\Desktop\JsapProject\JSAPNEW\JSAPNEW.csproj]
C:\Users\Rohit Rathod\Desktop\JsapProject\JSAPNEW\Services\Implementation\UserService.cs(127,42): warning CS8601: Possible null reference assignment. [C:\Users\Rohit Rathod\Desktop\JsapProject\JSAPNEW\JSAPNEW.csproj]
C:\Users\Rohit Rathod\Desktop\JsapProject\JSAPNEW\Services\Implementation\UserService.cs(164,76): warning CS8604: Possible null reference argument for parameter 'secretKey' in 'string AuthSecurity.CreateSecurityStamp(string? passwordHash, string secretKey, params object?[] stateParts)'. [C:\Users\Rohit Rathod\Desktop\JsapProject\JSAPNEW\JSAPNEW.csproj]
C:\Users\Rohit Rathod\Desktop\JsapProject\JSAPNEW\Services\Implementation\UserService.cs(165,105): warning CS8604: Possible null reference argument for parameter 'secretKey' in 'string AuthSecurity.CreateSecurityStamp(IDictionary<string, object> userRow, string secretKey, string roleSnapshot)'. [C:\Users\Rohit Rathod\Desktop\JsapProject\JSAPNEW\JSAPNEW.csproj]
C:\Users\Rohit Rathod\Desktop\JsapProject\JSAPNEW\Models\TicketsModels.cs(257,23): warning CS8618: Non-nullable property 'Comment' must contain a non-null value when exiting constructor. Consider adding the 'required' modifier or declaring the property as nullable. [C:\Users\Rohit Rathod\Desktop\JsapProject\JSAPNEW\JSAPNEW.csproj]
C:\Users\Rohit Rathod\Desktop\JsapProject\JSAPNEW\Controllers\UserManagementController.cs(39,30): warning CS8629: Nullable value type may be null. [C:\Users\Rohit Rathod\Desktop\JsapProject\JSAPNEW\JSAPNEW.csproj]
C:\Users\Rohit Rathod\Desktop\JsapProject\JSAPNEW\Models\AdvanceRequestModels.cs(117,31): warning CS8618: Non-nullable property 'Header' must contain a non-null value when exiting constructor. Consider adding the 'required' modifier or declaring the property as nullable. [C:\Users\Rohit Rathod\Desktop\JsapProject\JSAPNEW\JSAPNEW.csproj]
C:\Users\Rohit Rathod\Desktop\JsapProject\JSAPNEW\Models\AdvanceRequestModels.cs(118,29): warning CS8618: Non-nullable property 'PayFlow' must contain a non-null value when exiting constructor. Consider adding the 'required' modifier or declaring the property as nullable. [C:\Users\Rohit Rathod\Desktop\JsapProject\JSAPNEW\JSAPNEW.csproj]
C:\Users\Rohit Rathod\Desktop\JsapProject\JSAPNEW\Models\AdvanceRequestModels.cs(119,40): warning CS8618: Non-nullable property 'Stages' must contain a non-null value when exiting constructor. Consider adding the 'required' modifier or declaring the property as nullable. [C:\Users\Rohit Rathod\Desktop\JsapProject\JSAPNEW\JSAPNEW.csproj]
C:\Users\Rohit Rathod\Desktop\JsapProject\JSAPNEW\Models\AdvanceRequestModels.cs(120,39): warning CS8618: Non-nullable property 'Attachments' must contain a non-null value when exiting constructor. Consider adding the 'required' modifier or declaring the property as nullable. [C:\Users\Rohit Rathod\Desktop\JsapProject\JSAPNEW\JSAPNEW.csproj]
C:\Users\Rohit Rathod\Desktop\JsapProject\JSAPNEW\Models\TicketsModels.cs(217,23): warning CS8618: Non-nullable property 'HoldReason' must contain a non-null value when exiting constructor. Consider adding the 'required' modifier or declaring the property as nullable. [C:\Users\Rohit Rathod\Desktop\JsapProject\JSAPNEW\JSAPNEW.csproj]
C:\Users\Rohit Rathod\Desktop\JsapProject\JSAPNEW\Models\TicketsModels.cs(188,23): warning CS8618: Non-nullable property 'FullName' must contain a non-null value when exiting constructor. Consider adding the 'required' modifier or declaring the property as nullable. [C:\Users\Rohit Rathod\Desktop\JsapProject\JSAPNEW\JSAPNEW.csproj]
C:\Users\Rohit Rathod\Desktop\JsapProject\JSAPNEW\Models\TicketsModels.cs(189,23): warning CS8618: Non-nullable property 'UserEmail' must contain a non-null value when exiting constructor. Consider adding the 'required' modifier or declaring the property as nullable. [C:\Users\Rohit Rathod\Desktop\JsapProject\JSAPNEW\JSAPNEW.csproj]
C:\Users\Rohit Rathod\Desktop\JsapProject\JSAPNEW\Models\TicketsModels.cs(190,23): warning CS8618: Non-nullable property 'EmpId' must contain a non-null value when exiting constructor. Consider adding the 'required' modifier or declaring the property as nullable. [C:\Users\Rohit Rathod\Desktop\JsapProject\JSAPNEW\JSAPNEW.csproj]
C:\Users\Rohit Rathod\Desktop\JsapProject\JSAPNEW\Models\AdvanceRequestModels.cs(127,23): warning CS8618: Non-nullable property 'fileName' must contain a non-null value when exiting constructor. Consider adding the 'required' modifier or declaring the property as nullable. [C:\Users\Rohit Rathod\Desktop\JsapProject\JSAPNEW\JSAPNEW.csproj]
C:\Users\Rohit Rathod\Desktop\JsapProject\JSAPNEW\Models\AdvanceRequestModels.cs(128,23): warning CS8618: Non-nullable property 'fileExtension' must contain a non-null value when exiting constructor. Consider adding the 'required' modifier or declaring the property as nullable. [C:\Users\Rohit Rathod\Desktop\JsapProject\JSAPNEW\JSAPNEW.csproj]
C:\Users\Rohit Rathod\Desktop\JsapProject\JSAPNEW\Models\AdvanceRequestModels.cs(129,23): warning CS8618: Non-nullable property 'filePath' must contain a non-null value when exiting constructor. Consider adding the 'required' modifier or declaring the property as nullable. [C:\Users\Rohit Rathod\Desktop\JsapProject\JSAPNEW\JSAPNEW.csproj]
C:\Users\Rohit Rathod\Desktop\JsapProject\JSAPNEW\Models\AdvanceRequestModels.cs(131,23): warning CS8618: Non-nullable property 'createdAt' must contain a non-null value when exiting constructor. Consider adding the 'required' modifier or declaring the property as nullable. [C:\Users\Rohit Rathod\Desktop\JsapProject\JSAPNEW\JSAPNEW.csproj]
C:\Users\Rohit Rathod\Desktop\JsapProject\JSAPNEW\Models\AdvanceRequestModels.cs(132,23): warning CS8618: Non-nullable property 'DownloadUrl' must contain a non-null value when exiting constructor. Consider adding the 'required' modifier or declaring the property as nullable. [C:\Users\Rohit Rathod\Desktop\JsapProject\JSAPNEW\JSAPNEW.csproj]
C:\Users\Rohit Rathod\Desktop\JsapProject\JSAPNEW\Services\Implementation\Adminservice.cs(60,30): warning CS8600: Converting null literal or possible null value to non-nullable type. [C:\Users\Rohit Rathod\Desktop\JsapProject\JSAPNEW\JSAPNEW.csproj]
C:\Users\Rohit Rathod\Desktop\JsapProject\JSAPNEW\Services\Implementation\Adminservice.cs(82,47): warning CS8601: Possible null reference assignment. [C:\Users\Rohit Rathod\Desktop\JsapProject\JSAPNEW\JSAPNEW.csproj]
C:\Users\Rohit Rathod\Desktop\JsapProject\JSAPNEW\Services\Implementation\Adminservice.cs(83,45): warning CS8601: Possible null reference assignment. [C:\Users\Rohit Rathod\Desktop\JsapProject\JSAPNEW\JSAPNEW.csproj]
C:\Users\Rohit Rathod\Desktop\JsapProject\JSAPNEW\Services\Implementation\Adminservice.cs(85,46): warning CS8601: Possible null reference assignment. [C:\Users\Rohit Rathod\Desktop\JsapProject\JSAPNEW\JSAPNEW.csproj]
C:\Users\Rohit Rathod\Desktop\JsapProject\JSAPNEW\Services\Implementation\Adminservice.cs(86,47): warning CS8601: Possible null reference assignment. [C:\Users\Rohit Rathod\Desktop\JsapProject\JSAPNEW\JSAPNEW.csproj]
C:\Users\Rohit Rathod\Desktop\JsapProject\JSAPNEW\Services\Implementation\Adminservice.cs(88,47): warning CS8601: Possible null reference assignment. [C:\Users\Rohit Rathod\Desktop\JsapProject\JSAPNEW\JSAPNEW.csproj]
C:\Users\Rohit Rathod\Desktop\JsapProject\JSAPNEW\Services\Implementation\Adminservice.cs(89,47): warning CS8601: Possible null reference assignment. [C:\Users\Rohit Rathod\Desktop\JsapProject\JSAPNEW\JSAPNEW.csproj]
C:\Users\Rohit Rathod\Desktop\JsapProject\JSAPNEW\Services\Implementation\Adminservice.cs(90,49): warning CS8601: Possible null reference assignment. [C:\Users\Rohit Rathod\Desktop\JsapProject\JSAPNEW\JSAPNEW.csproj]
C:\Users\Rohit Rathod\Desktop\JsapProject\JSAPNEW\Services\Implementation\Adminservice.cs(91,49): warning CS8601: Possible null reference assignment. [C:\Users\Rohit Rathod\Desktop\JsapProject\JSAPNEW\JSAPNEW.csproj]
C:\Users\Rohit Rathod\Desktop\JsapProject\JSAPNEW\Services\Implementation\Adminservice.cs(92,49): warning CS8601: Possible null reference assignment. [C:\Users\Rohit Rathod\Desktop\JsapProject\JSAPNEW\JSAPNEW.csproj]
C:\Users\Rohit Rathod\Desktop\JsapProject\JSAPNEW\Services\Implementation\Adminservice.cs(96,40): warning CS8602: Dereference of a possibly null reference. [C:\Users\Rohit Rathod\Desktop\JsapProject\JSAPNEW\JSAPNEW.csproj]
C:\Users\Rohit Rathod\Desktop\JsapProject\JSAPNEW\Services\Implementation\Adminservice.cs(94,50): warning CS8601: Possible null reference assignment. [C:\Users\Rohit Rathod\Desktop\JsapProject\JSAPNEW\JSAPNEW.csproj]
C:\Users\Rohit Rathod\Desktop\JsapProject\JSAPNEW\Services\Implementation\AdvanceRequestService.cs(31,33): warning CS8601: Possible null reference assignment. [C:\Users\Rohit Rathod\Desktop\JsapProject\JSAPNEW\JSAPNEW.csproj]
C:\Users\Rohit Rathod\Desktop\JsapProject\JSAPNEW\Services\Implementation\AdvanceRequestService.cs(28,16): warning CS8618: Non-nullable field '_connectionString' must contain a non-null value when exiting constructor. Consider adding the 'required' modifier or declaring the field as nullable. [C:\Users\Rohit Rathod\Desktop\JsapProject\JSAPNEW\JSAPNEW.csproj]
C:\Users\Rohit Rathod\Desktop\JsapProject\JSAPNEW\Models\TicketsModels.cs(120,23): warning CS8618: Non-nullable property 'ProjectName' must contain a non-null value when exiting constructor. Consider adding the 'required' modifier or declaring the property as nullable. [C:\Users\Rohit Rathod\Desktop\JsapProject\JSAPNEW\JSAPNEW.csproj]
C:\Users\Rohit Rathod\Desktop\JsapProject\JSAPNEW\Models\TicketsModels.cs(121,23): warning CS8618: Non-nullable property 'Title' must contain a non-null value when exiting constructor. Consider adding the 'required' modifier or declaring the property as nullable. [C:\Users\Rohit Rathod\Desktop\JsapProject\JSAPNEW\JSAPNEW.csproj]
C:\Users\Rohit Rathod\Desktop\JsapProject\JSAPNEW\Models\TicketsModels.cs(122,23): warning CS8618: Non-nullable property 'Description' must contain a non-null value when exiting constructor. Consider adding the 'required' modifier or declaring the property as nullable. [C:\Users\Rohit Rathod\Desktop\JsapProject\JSAPNEW\JSAPNEW.csproj]
C:\Users\Rohit Rathod\Desktop\JsapProject\JSAPNEW\Models\TicketsModels.cs(123,23): warning CS8618: Non-nullable property 'Status' must contain a non-null value when exiting constructor. Consider adding the 'required' modifier or declaring the property as nullable. [C:\Users\Rohit Rathod\Desktop\JsapProject\JSAPNEW\JSAPNEW.csproj]
C:\Users\Rohit Rathod\Desktop\JsapProject\JSAPNEW\Models\TicketsModels.cs(124,23): warning CS8618: Non-nullable property 'Priority' must contain a non-null value when exiting constructor. Consider adding the 'required' modifier or declaring the property as nullable. [C:\Users\Rohit Rathod\Desktop\JsapProject\JSAPNEW\JSAPNEW.csproj]
C:\Users\Rohit Rathod\Desktop\JsapProject\JSAPNEW\Models\TicketsModels.cs(126,23): warning CS8618: Non-nullable property 'FromUserName' must contain a non-null value when exiting constructor. Consider adding the 'required' modifier or declaring the property as nullable. [C:\Users\Rohit Rathod\Desktop\JsapProject\JSAPNEW\JSAPNEW.csproj]
C:\Users\Rohit Rathod\Desktop\JsapProject\JSAPNEW\Models\TicketsModels.cs(127,23): warning CS8618: Non-nullable property 'FromUserEmail' must contain a non-null value when exiting constructor. Consider adding the 'required' modifier or declaring the property as nullable. [C:\Users\Rohit Rathod\Desktop\JsapProject\JSAPNEW\JSAPNEW.csproj]
C:\Users\Rohit Rathod\Desktop\JsapProject\JSAPNEW\Models\TicketsModels.cs(129,23): warning CS8618: Non-nullable property 'AssignerName' must contain a non-null value when exiting constructor. Consider adding the 'required' modifier or declaring the property as nullable. [C:\Users\Rohit Rathod\Desktop\JsapProject\JSAPNEW\JSAPNEW.csproj]
C:\Users\Rohit Rathod\Desktop\JsapProject\JSAPNEW\Models\TicketsModels.cs(131,23): warning CS8618: Non-nullable property 'AssigneeName' must contain a non-null value when exiting constructor. Consider adding the 'required' modifier or declaring the property as nullable. [C:\Users\Rohit Rathod\Desktop\JsapProject\JSAPNEW\JSAPNEW.csproj]
C:\Users\Rohit Rathod\Desktop\JsapProject\JSAPNEW\Models\TicketsModels.cs(132,23): warning CS8618: Non-nullable property 'AssigneeEmail' must contain a non-null value when exiting constructor. Consider adding the 'required' modifier or declaring the property as nullable. [C:\Users\Rohit Rathod\Desktop\JsapProject\JSAPNEW\JSAPNEW.csproj]
C:\Users\Rohit Rathod\Desktop\JsapProject\JSAPNEW\Models\TicketsModels.cs(138,23): warning CS8618: Non-nullable property 'MonthYear' must contain a non-null value when exiting constructor. Consider adding the 'required' modifier or declaring the property as nullable. [C:\Users\Rohit Rathod\Desktop\JsapProject\JSAPNEW\JSAPNEW.csproj]
C:\Users\Rohit Rathod\Desktop\JsapProject\JSAPNEW\Services\Implementation\UserService.cs(202,28): warning CS8603: Possible null reference return. [C:\Users\Rohit Rathod\Desktop\JsapProject\JSAPNEW\JSAPNEW.csproj]
C:\Users\Rohit Rathod\Desktop\JsapProject\JSAPNEW\Services\Implementation\UserService.cs(239,33): warning CS8601: Possible null reference assignment. [C:\Users\Rohit Rathod\Desktop\JsapProject\JSAPNEW\JSAPNEW.csproj]
C:\Users\Rohit Rathod\Desktop\JsapProject\JSAPNEW\Services\Implementation\UserService.cs(240,39): warning CS8601: Possible null reference assignment. [C:\Users\Rohit Rathod\Desktop\JsapProject\JSAPNEW\JSAPNEW.csproj]
C:\Users\Rohit Rathod\Desktop\JsapProject\JSAPNEW\Services\Implementation\UserService.cs(241,32): warning CS8601: Possible null reference assignment. [C:\Users\Rohit Rathod\Desktop\JsapProject\JSAPNEW\JSAPNEW.csproj]
C:\Users\Rohit Rathod\Desktop\JsapProject\JSAPNEW\Services\Implementation\UserService.cs(243,33): warning CS8601: Possible null reference assignment. [C:\Users\Rohit Rathod\Desktop\JsapProject\JSAPNEW\JSAPNEW.csproj]
C:\Users\Rohit Rathod\Desktop\JsapProject\JSAPNEW\Services\Implementation\UserService.cs(244,32): warning CS8601: Possible null reference assignment. [C:\Users\Rohit Rathod\Desktop\JsapProject\JSAPNEW\JSAPNEW.csproj]
C:\Users\Rohit Rathod\Desktop\JsapProject\JSAPNEW\Services\Implementation\UserService.cs(247,82): warning CS8604: Possible null reference argument for parameter 'secretKey' in 'string AuthSecurity.CreateSecurityStamp(IDictionary<string, object> userRow, string secretKey, string roleSnapshot)'. [C:\Users\Rohit Rathod\Desktop\JsapProject\JSAPNEW\JSAPNEW.csproj]
C:\Users\Rohit Rathod\Desktop\JsapProject\JSAPNEW\Services\Implementation\UserService.cs(248,82): warning CS8604: Possible null reference argument for parameter 'secretKey' in 'string AuthSecurity.CreateSecurityStamp(IDictionary<string, object> userRow, string secretKey, string roleSnapshot)'. [C:\Users\Rohit Rathod\Desktop\JsapProject\JSAPNEW\JSAPNEW.csproj]
C:\Users\Rohit Rathod\Desktop\JsapProject\JSAPNEW\Models\TicketsModels.cs(97,23): warning CS8618: Non-nullable property 'Title' must contain a non-null value when exiting constructor. Consider adding the 'required' modifier or declaring the property as nullable. [C:\Users\Rohit Rathod\Desktop\JsapProject\JSAPNEW\JSAPNEW.csproj]
C:\Users\Rohit Rathod\Desktop\JsapProject\JSAPNEW\Models\TicketsModels.cs(98,23): warning CS8618: Non-nullable property 'Description' must contain a non-null value when exiting constructor. Consider adding the 'required' modifier or declaring the property as nullable. [C:\Users\Rohit Rathod\Desktop\JsapProject\JSAPNEW\JSAPNEW.csproj]
C:\Users\Rohit Rathod\Desktop\JsapProject\JSAPNEW\Models\TicketsModels.cs(99,23): warning CS8618: Non-nullable property 'Priority' must contain a non-null value when exiting constructor. Consider adding the 'required' modifier or declaring the property as nullable. [C:\Users\Rohit Rathod\Desktop\JsapProject\JSAPNEW\JSAPNEW.csproj]
C:\Users\Rohit Rathod\Desktop\JsapProject\JSAPNEW\Models\TicketsModels.cs(87,23): warning CS8618: Non-nullable property 'Title' must contain a non-null value when exiting constructor. Consider adding the 'required' modifier or declaring the property as nullable. [C:\Users\Rohit Rathod\Desktop\JsapProject\JSAPNEW\JSAPNEW.csproj]
C:\Users\Rohit Rathod\Desktop\JsapProject\JSAPNEW\Models\TicketsModels.cs(88,23): warning CS8618: Non-nullable property 'Description' must contain a non-null value when exiting constructor. Consider adding the 'required' modifier or declaring the property as nullable. [C:\Users\Rohit Rathod\Desktop\JsapProject\JSAPNEW\JSAPNEW.csproj]
C:\Users\Rohit Rathod\Desktop\JsapProject\JSAPNEW\Services\Implementation\Adminservice.cs(113,30): warning CS8600: Converting null literal or possible null value to non-nullable type. [C:\Users\Rohit Rathod\Desktop\JsapProject\JSAPNEW\JSAPNEW.csproj]
C:\Users\Rohit Rathod\Desktop\JsapProject\JSAPNEW\Controllers\UserManagementController.cs(94,32): warning CS8601: Possible null reference assignment. [C:\Users\Rohit Rathod\Desktop\JsapProject\JSAPNEW\JSAPNEW.csproj]
C:\Users\Rohit Rathod\Desktop\JsapProject\JSAPNEW\Models\TicketsModels.cs(61,23): warning CS8618: Non-nullable property 'ProjectName' must contain a non-null value when exiting constructor. Consider adding the 'required' modifier or declaring the property as nullable. [C:\Users\Rohit Rathod\Desktop\JsapProject\JSAPNEW\JSAPNEW.csproj]
C:\Users\Rohit Rathod\Desktop\JsapProject\JSAPNEW\Models\TicketsModels.cs(62,23): warning CS8618: Non-nullable property 'Description' must contain a non-null value when exiting constructor. Consider adding the 'required' modifier or declaring the property as nullable. [C:\Users\Rohit Rathod\Desktop\JsapProject\JSAPNEW\JSAPNEW.csproj]
C:\Users\Rohit Rathod\Desktop\JsapProject\JSAPNEW\Models\TicketsModels.cs(66,23): warning CS8618: Non-nullable property 'CreatedByName' must contain a non-null value when exiting constructor. Consider adding the 'required' modifier or declaring the property as nullable. [C:\Users\Rohit Rathod\Desktop\JsapProject\JSAPNEW\JSAPNEW.csproj]
C:\Users\Rohit Rathod\Desktop\JsapProject\JSAPNEW\Models\TicketsModels.cs(38,23): warning CS8618: Non-nullable property 'ProjectName' must contain a non-null value when exiting constructor. Consider adding the 'required' modifier or declaring the property as nullable. [C:\Users\Rohit Rathod\Desktop\JsapProject\JSAPNEW\JSAPNEW.csproj]
C:\Users\Rohit Rathod\Desktop\JsapProject\JSAPNEW\Models\TicketsModels.cs(39,23): warning CS8618: Non-nullable property 'Description' must contain a non-null value when exiting constructor. Consider adding the 'required' modifier or declaring the property as nullable. [C:\Users\Rohit Rathod\Desktop\JsapProject\JSAPNEW\JSAPNEW.csproj]
C:\Users\Rohit Rathod\Desktop\JsapProject\JSAPNEW\Models\TicketsModels.cs(30,23): warning CS8618: Non-nullable property 'ProjectName' must contain a non-null value when exiting constructor. Consider adding the 'required' modifier or declaring the property as nullable. [C:\Users\Rohit Rathod\Desktop\JsapProject\JSAPNEW\JSAPNEW.csproj]
C:\Users\Rohit Rathod\Desktop\JsapProject\JSAPNEW\Models\TicketsModels.cs(31,23): warning CS8618: Non-nullable property 'Description' must contain a non-null value when exiting constructor. Consider adding the 'required' modifier or declaring the property as nullable. [C:\Users\Rohit Rathod\Desktop\JsapProject\JSAPNEW\JSAPNEW.csproj]
C:\Users\Rohit Rathod\Desktop\JsapProject\JSAPNEW\Models\TicketsModels.cs(21,23): warning CS8618: Non-nullable property 'Message' must contain a non-null value when exiting constructor. Consider adding the 'required' modifier or declaring the property as nullable. [C:\Users\Rohit Rathod\Desktop\JsapProject\JSAPNEW\JSAPNEW.csproj]
C:\Users\Rohit Rathod\Desktop\JsapProject\JSAPNEW\Models\TicketsModels.cs(14,18): warning CS8618: Non-nullable property 'Data' must contain a non-null value when exiting constructor. Consider adding the 'required' modifier or declaring the property as nullable. [C:\Users\Rohit Rathod\Desktop\JsapProject\JSAPNEW\JSAPNEW.csproj]
C:\Users\Rohit Rathod\Desktop\JsapProject\JSAPNEW\Services\Implementation\Auth2Service.cs(21,33): warning CS8601: Possible null reference assignment. [C:\Users\Rohit Rathod\Desktop\JsapProject\JSAPNEW\JSAPNEW.csproj]
C:\Users\Rohit Rathod\Desktop\JsapProject\JSAPNEW\Services\Implementation\Auth2Service.cs(18,16): warning CS8618: Non-nullable field '_connectionString' must contain a non-null value when exiting constructor. Consider adding the 'required' modifier or declaring the field as nullable. [C:\Users\Rohit Rathod\Desktop\JsapProject\JSAPNEW\JSAPNEW.csproj]
C:\Users\Rohit Rathod\Desktop\JsapProject\JSAPNEW\Models\TicketsModels.cs(9,23): warning CS8618: Non-nullable property 'Message' must contain a non-null value when exiting constructor. Consider adding the 'required' modifier or declaring the property as nullable. [C:\Users\Rohit Rathod\Desktop\JsapProject\JSAPNEW\JSAPNEW.csproj]
C:\Users\Rohit Rathod\Desktop\JsapProject\JSAPNEW\Models\TaskModels.cs(443,23): warning CS8618: Non-nullable property 'TaskId' must contain a non-null value when exiting constructor. Consider adding the 'required' modifier or declaring the property as nullable. [C:\Users\Rohit Rathod\Desktop\JsapProject\JSAPNEW\JSAPNEW.csproj]
C:\Users\Rohit Rathod\Desktop\JsapProject\JSAPNEW\Services\Implementation\HierarchyService.cs(841,20): warning CS8603: Possible null reference return. [C:\Users\Rohit Rathod\Desktop\JsapProject\JSAPNEW\JSAPNEW.csproj]
C:\Users\Rohit Rathod\Desktop\JsapProject\JSAPNEW\Services\Implementation\HierarchyService.cs(851,20): warning CS8603: Possible null reference return. [C:\Users\Rohit Rathod\Desktop\JsapProject\JSAPNEW\JSAPNEW.csproj]
C:\Users\Rohit Rathod\Desktop\JsapProject\JSAPNEW\Services\Implementation\Auth2Service.cs(34,36): warning CS8601: Possible null reference assignment. [C:\Users\Rohit Rathod\Desktop\JsapProject\JSAPNEW\JSAPNEW.csproj]
C:\Users\Rohit Rathod\Desktop\JsapProject\JSAPNEW\Services\Implementation\Auth2Service.cs(38,35): warning CS8601: Possible null reference assignment. [C:\Users\Rohit Rathod\Desktop\JsapProject\JSAPNEW\JSAPNEW.csproj]
C:\Users\Rohit Rathod\Desktop\JsapProject\JSAPNEW\Services\Implementation\HierarchyService.cs(887,38): warning CS8602: Dereference of a possibly null reference. [C:\Users\Rohit Rathod\Desktop\JsapProject\JSAPNEW\JSAPNEW.csproj]
C:\Users\Rohit Rathod\Desktop\JsapProject\JSAPNEW\Services\Implementation\HierarchyService.cs(890,75): warning CS8625: Cannot convert null literal to non-nullable reference type. [C:\Users\Rohit Rathod\Desktop\JsapProject\JSAPNEW\JSAPNEW.csproj]
C:\Users\Rohit Rathod\Desktop\JsapProject\JSAPNEW\Models\TaskModels.cs(311,23): warning CS8618: Non-nullable property 'TaskId' must contain a non-null value when exiting constructor. Consider adding the 'required' modifier or declaring the property as nullable. [C:\Users\Rohit Rathod\Desktop\JsapProject\JSAPNEW\JSAPNEW.csproj]
C:\Users\Rohit Rathod\Desktop\JsapProject\JSAPNEW\Models\TaskModels.cs(313,23): warning CS8618: Non-nullable property 'EmployeeName' must contain a non-null value when exiting constructor. Consider adding the 'required' modifier or declaring the property as nullable. [C:\Users\Rohit Rathod\Desktop\JsapProject\JSAPNEW\JSAPNEW.csproj]
C:\Users\Rohit Rathod\Desktop\JsapProject\JSAPNEW\Models\TaskModels.cs(315,23): warning CS8618: Non-nullable property 'UpdateText' must contain a non-null value when exiting constructor. Consider adding the 'required' modifier or declaring the property as nullable. [C:\Users\Rohit Rathod\Desktop\JsapProject\JSAPNEW\JSAPNEW.csproj]
C:\Users\Rohit Rathod\Desktop\JsapProject\JSAPNEW\Models\TaskModels.cs(300,23): warning CS8618: Non-nullable property 'TaskId' must contain a non-null value when exiting constructor. Consider adding the 'required' modifier or declaring the property as nullable. [C:\Users\Rohit Rathod\Desktop\JsapProject\JSAPNEW\JSAPNEW.csproj]
C:\Users\Rohit Rathod\Desktop\JsapProject\JSAPNEW\Models\TaskModels.cs(289,29): warning CS8618: Non-nullable property 'MyTasks' must contain a non-null value when exiting constructor. Consider adding the 'required' modifier or declaring the property as nullable. [C:\Users\Rohit Rathod\Desktop\JsapProject\JSAPNEW\JSAPNEW.csproj]
C:\Users\Rohit Rathod\Desktop\JsapProject\JSAPNEW\Models\TaskModels.cs(290,29): warning CS8618: Non-nullable property 'TeamTasks' must contain a non-null value when exiting constructor. Consider adding the 'required' modifier or declaring the property as nullable. [C:\Users\Rohit Rathod\Desktop\JsapProject\JSAPNEW\JSAPNEW.csproj]
C:\Users\Rohit Rathod\Desktop\JsapProject\JSAPNEW\Models\TaskModels.cs(278,23): warning CS8618: Non-nullable property 'EmployeeName' must contain a non-null value when exiting constructor. Consider adding the 'required' modifier or declaring the property as nullable. [C:\Users\Rohit Rathod\Desktop\JsapProject\JSAPNEW\JSAPNEW.csproj]
C:\Users\Rohit Rathod\Desktop\JsapProject\JSAPNEW\Models\TaskModels.cs(265,23): warning CS8618: Non-nullable property 'Section' must contain a non-null value when exiting constructor. Consider adding the 'required' modifier or declaring the property as nullable. [C:\Users\Rohit Rathod\Desktop\JsapProject\JSAPNEW\JSAPNEW.csproj]
C:\Users\Rohit Rathod\Desktop\JsapProject\JSAPNEW\Services\Implementation\HierarchyService.cs(970,71): warning CS8625: Cannot convert null literal to non-nullable reference type. [C:\Users\Rohit Rathod\Desktop\JsapProject\JSAPNEW\JSAPNEW.csproj]
C:\Users\Rohit Rathod\Desktop\JsapProject\JSAPNEW\Models\TaskModels.cs(242,23): warning CS8618: Non-nullable property 'TaskId' must contain a non-null value when exiting constructor. Consider adding the 'required' modifier or declaring the property as nullable. [C:\Users\Rohit Rathod\Desktop\JsapProject\JSAPNEW\JSAPNEW.csproj]
C:\Users\Rohit Rathod\Desktop\JsapProject\JSAPNEW\Models\TaskModels.cs(243,23): warning CS8618: Non-nullable property 'TaskName' must contain a non-null value when exiting constructor. Consider adding the 'required' modifier or declaring the property as nullable. [C:\Users\Rohit Rathod\Desktop\JsapProject\JSAPNEW\JSAPNEW.csproj]
C:\Users\Rohit Rathod\Desktop\JsapProject\JSAPNEW\Models\TaskModels.cs(247,23): warning CS8618: Non-nullable property 'Status' must contain a non-null value when exiting constructor. Consider adding the 'required' modifier or declaring the property as nullable. [C:\Users\Rohit Rathod\Desktop\JsapProject\JSAPNEW\JSAPNEW.csproj]
C:\Users\Rohit Rathod\Desktop\JsapProject\JSAPNEW\Models\TaskModels.cs(233,23): warning CS8618: Non-nullable property 'TaskId' must contain a non-null value when exiting constructor. Consider adding the 'required' modifier or declaring the property as nullable. [C:\Users\Rohit Rathod\Desktop\JsapProject\JSAPNEW\JSAPNEW.csproj]
C:\Users\Rohit Rathod\Desktop\JsapProject\JSAPNEW\Services\Implementation\Auth2Service.cs(77,48): warning CS8601: Possible null reference assignment. [C:\Users\Rohit Rathod\Desktop\JsapProject\JSAPNEW\JSAPNEW.csproj]
C:\Users\Rohit Rathod\Desktop\JsapProject\JSAPNEW\Models\TaskModels.cs(201,23): warning CS8618: Non-nullable property 'Message' must contain a non-null value when exiting constructor. Consider adding the 'required' modifier or declaring the property as nullable. [C:\Users\Rohit Rathod\Desktop\JsapProject\JSAPNEW\JSAPNEW.csproj]
C:\Users\Rohit Rathod\Desktop\JsapProject\JSAPNEW\Services\Implementation\HierarchyService.cs(1052,63): warning CS8629: Nullable value type may be null. [C:\Users\Rohit Rathod\Desktop\JsapProject\JSAPNEW\JSAPNEW.csproj]
C:\Users\Rohit Rathod\Desktop\JsapProject\JSAPNEW\Models\TaskModels.cs(54,23): warning CS8618: Non-nullable property 'TaskName' must contain a non-null value when exiting constructor. Consider adding the 'required' modifier or declaring the property as nullable. [C:\Users\Rohit Rathod\Desktop\JsapProject\JSAPNEW\JSAPNEW.csproj]
C:\Users\Rohit Rathod\Desktop\JsapProject\JSAPNEW\Models\TaskModels.cs(60,23): warning CS8618: Non-nullable property 'ProjectName' must contain a non-null value when exiting constructor. Consider adding the 'required' modifier or declaring the property as nullable. [C:\Users\Rohit Rathod\Desktop\JsapProject\JSAPNEW\JSAPNEW.csproj]
C:\Users\Rohit Rathod\Desktop\JsapProject\JSAPNEW\Models\TaskModels.cs(63,23): warning CS8618: Non-nullable property 'ModuleName' must contain a non-null value when exiting constructor. Consider adding the 'required' modifier or declaring the property as nullable. [C:\Users\Rohit Rathod\Desktop\JsapProject\JSAPNEW\JSAPNEW.csproj]
C:\Users\Rohit Rathod\Desktop\JsapProject\JSAPNEW\Services\Implementation\Auth2Service.cs(143,51): warning CS8601: Possible null reference assignment. [C:\Users\Rohit Rathod\Desktop\JsapProject\JSAPNEW\JSAPNEW.csproj]
C:\Users\Rohit Rathod\Desktop\JsapProject\JSAPNEW\Services\Implementation\Auth2Service.cs(146,48): warning CS8601: Possible null reference assignment. [C:\Users\Rohit Rathod\Desktop\JsapProject\JSAPNEW\JSAPNEW.csproj]
C:\Users\Rohit Rathod\Desktop\JsapProject\JSAPNEW\Models\AdvanceRequestModels.cs(147,23): warning CS8618: Non-nullable property 'Remarks' must contain a non-null value when exiting constructor. Consider adding the 'required' modifier or declaring the property as nullable. [C:\Users\Rohit Rathod\Desktop\JsapProject\JSAPNEW\JSAPNEW.csproj]
C:\Users\Rohit Rathod\Desktop\JsapProject\JSAPNEW\Models\AdvanceRequestModels.cs(148,23): warning CS8618: Non-nullable property 'Action' must contain a non-null value when exiting constructor. Consider adding the 'required' modifier or declaring the property as nullable. [C:\Users\Rohit Rathod\Desktop\JsapProject\JSAPNEW\JSAPNEW.csproj]
C:\Users\Rohit Rathod\Desktop\JsapProject\JSAPNEW\Services\Implementation\AdvanceRequestService.cs(250,25): warning CS0472: The result of the expression is always 'true' since a value of type 'int' is never equal to 'null' of type 'int?' [C:\Users\Rohit Rathod\Desktop\JsapProject\JSAPNEW\JSAPNEW.csproj]
C:\Users\Rohit Rathod\Desktop\JsapProject\JSAPNEW\Services\Implementation\AdvanceRequestService.cs(259,25): warning CS0472: The result of the expression is always 'true' since a value of type 'int' is never equal to 'null' of type 'int?' [C:\Users\Rohit Rathod\Desktop\JsapProject\JSAPNEW\JSAPNEW.csproj]
C:\Users\Rohit Rathod\Desktop\JsapProject\JSAPNEW\Services\Implementation\AdvanceRequestService.cs(268,25): warning CS0472: The result of the expression is always 'true' since a value of type 'int' is never equal to 'null' of type 'int?' [C:\Users\Rohit Rathod\Desktop\JsapProject\JSAPNEW\JSAPNEW.csproj]
C:\Users\Rohit Rathod\Desktop\JsapProject\JSAPNEW\Models\TaskModels.cs(11,23): warning CS8618: Non-nullable property 'TaskId' must contain a non-null value when exiting constructor. Consider adding the 'required' modifier or declaring the property as nullable. [C:\Users\Rohit Rathod\Desktop\JsapProject\JSAPNEW\JSAPNEW.csproj]
C:\Users\Rohit Rathod\Desktop\JsapProject\JSAPNEW\Models\TaskModels.cs(12,23): warning CS8618: Non-nullable property 'TaskName' must contain a non-null value when exiting constructor. Consider adding the 'required' modifier or declaring the property as nullable. [C:\Users\Rohit Rathod\Desktop\JsapProject\JSAPNEW\JSAPNEW.csproj]
C:\Users\Rohit Rathod\Desktop\JsapProject\JSAPNEW\Models\TaskModels.cs(13,23): warning CS8618: Non-nullable property 'Description' must contain a non-null value when exiting constructor. Consider adding the 'required' modifier or declaring the property as nullable. [C:\Users\Rohit Rathod\Desktop\JsapProject\JSAPNEW\JSAPNEW.csproj]
C:\Users\Rohit Rathod\Desktop\JsapProject\JSAPNEW\Models\TaskModels.cs(14,23): warning CS8618: Non-nullable property 'ProjectName' must contain a non-null value when exiting constructor. Consider adding the 'required' modifier or declaring the property as nullable. [C:\Users\Rohit Rathod\Desktop\JsapProject\JSAPNEW\JSAPNEW.csproj]
C:\Users\Rohit Rathod\Desktop\JsapProject\JSAPNEW\Models\TaskModels.cs(15,23): warning CS8618: Non-nullable property 'ModuleName' must contain a non-null value when exiting constructor. Consider adding the 'required' modifier or declaring the property as nullable. [C:\Users\Rohit Rathod\Desktop\JsapProject\JSAPNEW\JSAPNEW.csproj]
C:\Users\Rohit Rathod\Desktop\JsapProject\JSAPNEW\Models\TaskModels.cs(16,23): warning CS8618: Non-nullable property 'AssignedTo' must contain a non-null value when exiting constructor. Consider adding the 'required' modifier or declaring the property as nullable. [C:\Users\Rohit Rathod\Desktop\JsapProject\JSAPNEW\JSAPNEW.csproj]
C:\Users\Rohit Rathod\Desktop\JsapProject\JSAPNEW\Models\TaskModels.cs(17,23): warning CS8618: Non-nullable property 'CreatedBy' must contain a non-null value when exiting constructor. Consider adding the 'required' modifier or declaring the property as nullable. [C:\Users\Rohit Rathod\Desktop\JsapProject\JSAPNEW\JSAPNEW.csproj]
C:\Users\Rohit Rathod\Desktop\JsapProject\JSAPNEW\Models\TaskModels.cs(22,23): warning CS8618: Non-nullable property 'Status' must contain a non-null value when exiting constructor. Consider adding the 'required' modifier or declaring the property as nullable. [C:\Users\Rohit Rathod\Desktop\JsapProject\JSAPNEW\JSAPNEW.csproj]
C:\Users\Rohit Rathod\Desktop\JsapProject\JSAPNEW\Models\TaskModels.cs(30,23): warning CS8618: Non-nullable property 'Priority' must contain a non-null value when exiting constructor. Consider adding the 'required' modifier or declaring the property as nullable. [C:\Users\Rohit Rathod\Desktop\JsapProject\JSAPNEW\JSAPNEW.csproj]
C:\Users\Rohit Rathod\Desktop\JsapProject\JSAPNEW\Models\TaskModels.cs(31,23): warning CS8618: Non-nullable property 'LastModifiedBy' must contain a non-null value when exiting constructor. Consider adding the 'required' modifier or declaring the property as nullable. [C:\Users\Rohit Rathod\Desktop\JsapProject\JSAPNEW\JSAPNEW.csproj]
C:\Users\Rohit Rathod\Desktop\JsapProject\JSAPNEW\Models\TaskModels.cs(34,23): warning CS8618: Non-nullable property 'DeptName' must contain a non-null value when exiting constructor. Consider adding the 'required' modifier or declaring the property as nullable. [C:\Users\Rohit Rathod\Desktop\JsapProject\JSAPNEW\JSAPNEW.csproj]
C:\Users\Rohit Rathod\Desktop\JsapProject\JSAPNEW\Models\TaskModels.cs(40,23): warning CS8618: Non-nullable property 'TaskType' must contain a non-null value when exiting constructor. Consider adding the 'required' modifier or declaring the property as nullable. [C:\Users\Rohit Rathod\Desktop\JsapProject\JSAPNEW\JSAPNEW.csproj]
C:\Users\Rohit Rathod\Desktop\JsapProject\JSAPNEW\Models\TaskModels.cs(42,23): warning CS8618: Non-nullable property 'Remarks' must contain a non-null value when exiting constructor. Consider adding the 'required' modifier or declaring the property as nullable. [C:\Users\Rohit Rathod\Desktop\JsapProject\JSAPNEW\JSAPNEW.csproj]
C:\Users\Rohit Rathod\Desktop\JsapProject\JSAPNEW\Models\AdvanceRequestModels.cs(155,23): warning CS8618: Non-nullable property 'Type' must contain a non-null value when exiting constructor. Consider adding the 'required' modifier or declaring the property as nullable. [C:\Users\Rohit Rathod\Desktop\JsapProject\JSAPNEW\JSAPNEW.csproj]
C:\Users\Rohit Rathod\Desktop\JsapProject\JSAPNEW\Models\AdvanceRequestModels.cs(156,23): warning CS8618: Non-nullable property 'Search' must contain a non-null value when exiting constructor. Consider adding the 'required' modifier or declaring the property as nullable. [C:\Users\Rohit Rathod\Desktop\JsapProject\JSAPNEW\JSAPNEW.csproj]
C:\Users\Rohit Rathod\Desktop\JsapProject\JSAPNEW\Models\AdvanceRequestModels.cs(159,23): warning CS8618: Non-nullable property 'Purpose' must contain a non-null value when exiting constructor. Consider adding the 'required' modifier or declaring the property as nullable. [C:\Users\Rohit Rathod\Desktop\JsapProject\JSAPNEW\JSAPNEW.csproj]
C:\Users\Rohit Rathod\Desktop\JsapProject\JSAPNEW\Models\AdvanceRequestModels.cs(160,23): warning CS8618: Non-nullable property 'Remark' must contain a non-null value when exiting constructor. Consider adding the 'required' modifier or declaring the property as nullable. [C:\Users\Rohit Rathod\Desktop\JsapProject\JSAPNEW\JSAPNEW.csproj]
C:\Users\Rohit Rathod\Desktop\JsapProject\JSAPNEW\Models\AdvanceRequestModels.cs(161,23): warning CS8618: Non-nullable property 'Priority' must contain a non-null value when exiting constructor. Consider adding the 'required' modifier or declaring the property as nullable. [C:\Users\Rohit Rathod\Desktop\JsapProject\JSAPNEW\JSAPNEW.csproj]
C:\Users\Rohit Rathod\Desktop\JsapProject\JSAPNEW\Models\AdvanceRequestModels.cs(164,23): warning CS8618: Non-nullable property 'EmiMonth' must contain a non-null value when exiting constructor. Consider adding the 'required' modifier or declaring the property as nullable. [C:\Users\Rohit Rathod\Desktop\JsapProject\JSAPNEW\JSAPNEW.csproj]
C:\Users\Rohit Rathod\Desktop\JsapProject\JSAPNEW\Models\AdvanceRequestModels.cs(171,23): warning CS8618: Non-nullable property 'deptName' must contain a non-null value when exiting constructor. Consider adding the 'required' modifier or declaring the property as nullable. [C:\Users\Rohit Rathod\Desktop\JsapProject\JSAPNEW\JSAPNEW.csproj]
C:\Users\Rohit Rathod\Desktop\JsapProject\JSAPNEW\Services\Implementation\AdvanceRequestService.cs(289,22): warning CS8602: Dereference of a possibly null reference. [C:\Users\Rohit Rathod\Desktop\JsapProject\JSAPNEW\JSAPNEW.csproj]
C:\Users\Rohit Rathod\Desktop\JsapProject\JSAPNEW\Services\Implementation\AdvanceRequestService.cs(312,42): warning CS8601: Possible null reference assignment. [C:\Users\Rohit Rathod\Desktop\JsapProject\JSAPNEW\JSAPNEW.csproj]
C:\Users\Rohit Rathod\Desktop\JsapProject\JSAPNEW\Services\Implementation\AdvanceRequestService.cs(325,26): warning CS8601: Possible null reference assignment. [C:\Users\Rohit Rathod\Desktop\JsapProject\JSAPNEW\JSAPNEW.csproj]
C:\Users\Rohit Rathod\Desktop\JsapProject\JSAPNEW\Services\Implementation\Auth2Service.cs(206,48): warning CS8601: Possible null reference assignment. [C:\Users\Rohit Rathod\Desktop\JsapProject\JSAPNEW\JSAPNEW.csproj]
C:\Users\Rohit Rathod\Desktop\JsapProject\JSAPNEW\Controllers\CreditLimitController.cs(159,21): warning CS8604: Possible null reference argument for parameter 'attachment' in 'Task<CreateDocumentResultV2> ICreditLimitService.CreateDocumentWithAttachmentAsyncV2(CreateDocumentDtoV2 request, IFormFile attachment)'. [C:\Users\Rohit Rathod\Desktop\JsapProject\JSAPNEW\JSAPNEW.csproj]
C:\Users\Rohit Rathod\Desktop\JsapProject\JSAPNEW\Controllers\DashboardWebController.cs(80,29): warning CS8600: Converting null literal or possible null value to non-nullable type. [C:\Users\Rohit Rathod\Desktop\JsapProject\JSAPNEW\JSAPNEW.csproj]
C:\Users\Rohit Rathod\Desktop\JsapProject\JSAPNEW\Controllers\DashboardWebController.cs(88,20): warning CS8602: Dereference of a possibly null reference. [C:\Users\Rohit Rathod\Desktop\JsapProject\JSAPNEW\JSAPNEW.csproj]
C:\Users\Rohit Rathod\Desktop\JsapProject\JSAPNEW\Services\Implementation\Auth2Service.cs(248,38): warning CS8601: Possible null reference assignment. [C:\Users\Rohit Rathod\Desktop\JsapProject\JSAPNEW\JSAPNEW.csproj]
C:\Users\Rohit Rathod\Desktop\JsapProject\JSAPNEW\Services\Implementation\Auth2Service.cs(249,41): warning CS8601: Possible null reference assignment. [C:\Users\Rohit Rathod\Desktop\JsapProject\JSAPNEW\JSAPNEW.csproj]
C:\Users\Rohit Rathod\Desktop\JsapProject\JSAPNEW\Services\Implementation\Auth2Service.cs(288,30): warning CS0168: The variable 'ex' is declared but never used [C:\Users\Rohit Rathod\Desktop\JsapProject\JSAPNEW\JSAPNEW.csproj]
C:\Users\Rohit Rathod\Desktop\JsapProject\JSAPNEW\Services\Implementation\HierarchyService.cs(1099,83): warning CS8602: Dereference of a possibly null reference. [C:\Users\Rohit Rathod\Desktop\JsapProject\JSAPNEW\JSAPNEW.csproj]
C:\Users\Rohit Rathod\Desktop\JsapProject\JSAPNEW\Services\Implementation\Auth2Service.cs(509,30): warning CS0168: The variable 'ex' is declared but never used [C:\Users\Rohit Rathod\Desktop\JsapProject\JSAPNEW\JSAPNEW.csproj]
C:\Users\Rohit Rathod\Desktop\JsapProject\JSAPNEW\Controllers\Bom2Controller.cs(819,78): warning CS8604: Possible null reference argument for parameter 'request' in 'Task<IEnumerable<BomResponse>> IBom2Service.CreateBomWithComponentsAsync(BomRequest2 request, List<IFormFile> files)'. [C:\Users\Rohit Rathod\Desktop\JsapProject\JSAPNEW\JSAPNEW.csproj]
C:\Users\Rohit Rathod\Desktop\JsapProject\JSAPNEW\Services\Implementation\AdvanceRequestService.cs(913,36): warning CS8600: Converting null literal or possible null value to non-nullable type. [C:\Users\Rohit Rathod\Desktop\JsapProject\JSAPNEW\JSAPNEW.csproj]
C:\Users\Rohit Rathod\Desktop\JsapProject\JSAPNEW\Services\Implementation\Auth2Service.cs(848,35): warning CS8625: Cannot convert null literal to non-nullable reference type. [C:\Users\Rohit Rathod\Desktop\JsapProject\JSAPNEW\JSAPNEW.csproj]
C:\Users\Rohit Rathod\Desktop\JsapProject\JSAPNEW\Services\Implementation\HierarchyService.cs(2067,107): warning CS8625: Cannot convert null literal to non-nullable reference type. [C:\Users\Rohit Rathod\Desktop\JsapProject\JSAPNEW\JSAPNEW.csproj]
C:\Users\Rohit Rathod\Desktop\JsapProject\JSAPNEW\Services\Implementation\HierarchyService.cs(2088,89): warning CS8625: Cannot convert null literal to non-nullable reference type. [C:\Users\Rohit Rathod\Desktop\JsapProject\JSAPNEW\JSAPNEW.csproj]
C:\Users\Rohit Rathod\Desktop\JsapProject\JSAPNEW\Services\Implementation\HierarchyService.cs(2088,95): warning CS8625: Cannot convert null literal to non-nullable reference type. [C:\Users\Rohit Rathod\Desktop\JsapProject\JSAPNEW\JSAPNEW.csproj]
C:\Users\Rohit Rathod\Desktop\JsapProject\JSAPNEW\Services\Implementation\AdvanceRequestService.cs(1060,20): warning CS8602: Dereference of a possibly null reference. [C:\Users\Rohit Rathod\Desktop\JsapProject\JSAPNEW\JSAPNEW.csproj]
C:\Users\Rohit Rathod\Desktop\JsapProject\JSAPNEW\Services\Implementation\AdvanceRequestService.cs(1070,20): warning CS8602: Dereference of a possibly null reference. [C:\Users\Rohit Rathod\Desktop\JsapProject\JSAPNEW\JSAPNEW.csproj]
C:\Users\Rohit Rathod\Desktop\JsapProject\JSAPNEW\Services\Implementation\HierarchyService.cs(2121,20): warning CS8603: Possible null reference return. [C:\Users\Rohit Rathod\Desktop\JsapProject\JSAPNEW\JSAPNEW.csproj]
C:\Users\Rohit Rathod\Desktop\JsapProject\JSAPNEW\Services\Implementation\Auth2Service.cs(965,45): warning CS8601: Possible null reference assignment. [C:\Users\Rohit Rathod\Desktop\JsapProject\JSAPNEW\JSAPNEW.csproj]
C:\Users\Rohit Rathod\Desktop\JsapProject\JSAPNEW\Services\Implementation\Auth2Service.cs(967,46): warning CS8601: Possible null reference assignment. [C:\Users\Rohit Rathod\Desktop\JsapProject\JSAPNEW\JSAPNEW.csproj]
C:\Users\Rohit Rathod\Desktop\JsapProject\JSAPNEW\Services\Implementation\Auth2Service.cs(968,48): warning CS8601: Possible null reference assignment. [C:\Users\Rohit Rathod\Desktop\JsapProject\JSAPNEW\JSAPNEW.csproj]
C:\Users\Rohit Rathod\Desktop\JsapProject\JSAPNEW\Services\Implementation\Auth2Service.cs(970,47): warning CS8601: Possible null reference assignment. [C:\Users\Rohit Rathod\Desktop\JsapProject\JSAPNEW\JSAPNEW.csproj]
C:\Users\Rohit Rathod\Desktop\JsapProject\JSAPNEW\Services\Implementation\AdvanceRequestService.cs(1160,32): warning CS8602: Dereference of a possibly null reference. [C:\Users\Rohit Rathod\Desktop\JsapProject\JSAPNEW\JSAPNEW.csproj]
C:\Users\Rohit Rathod\Desktop\JsapProject\JSAPNEW\Services\Implementation\AdvanceRequestService.cs(1162,36): warning CS8601: Possible null reference assignment. [C:\Users\Rohit Rathod\Desktop\JsapProject\JSAPNEW\JSAPNEW.csproj]
C:\Users\Rohit Rathod\Desktop\JsapProject\JSAPNEW\Models\ReportsModels.cs(80,47): warning CS8618: Non-nullable property 'budgets' must contain a non-null value when exiting constructor. Consider adding the 'required' modifier or declaring the property as nullable. [C:\Users\Rohit Rathod\Desktop\JsapProject\JSAPNEW\JSAPNEW.csproj]
C:\Users\Rohit Rathod\Desktop\JsapProject\JSAPNEW\Models\ReportsModels.cs(63,23): warning CS8618: Non-nullable property 'Company' must contain a non-null value when exiting constructor. Consider adding the 'required' modifier or declaring the property as nullable. [C:\Users\Rohit Rathod\Desktop\JsapProject\JSAPNEW\JSAPNEW.csproj]
C:\Users\Rohit Rathod\Desktop\JsapProject\JSAPNEW\Models\ReportsModels.cs(66,23): warning CS8618: Non-nullable property 'ObjectName' must contain a non-null value when exiting constructor. Consider adding the 'required' modifier or declaring the property as nullable. [C:\Users\Rohit Rathod\Desktop\JsapProject\JSAPNEW\JSAPNEW.csproj]
C:\Users\Rohit Rathod\Desktop\JsapProject\JSAPNEW\Models\ReportsModels.cs(67,23): warning CS8618: Non-nullable property 'CardCode' must contain a non-null value when exiting constructor. Consider adding the 'required' modifier or declaring the property as nullable. [C:\Users\Rohit Rathod\Desktop\JsapProject\JSAPNEW\JSAPNEW.csproj]
C:\Users\Rohit Rathod\Desktop\JsapProject\JSAPNEW\Models\ReportsModels.cs(68,23): warning CS8618: Non-nullable property 'CardName' must contain a non-null value when exiting constructor. Consider adding the 'required' modifier or declaring the property as nullable. [C:\Users\Rohit Rathod\Desktop\JsapProject\JSAPNEW\JSAPNEW.csproj]
C:\Users\Rohit Rathod\Desktop\JsapProject\JSAPNEW\Models\ReportsModels.cs(71,23): warning CS8618: Non-nullable property 'CurrentMonth' must contain a non-null value when exiting constructor. Consider adding the 'required' modifier or declaring the property as nullable. [C:\Users\Rohit Rathod\Desktop\JsapProject\JSAPNEW\JSAPNEW.csproj]
C:\Users\Rohit Rathod\Desktop\JsapProject\JSAPNEW\Models\ReportsModels.cs(72,23): warning CS8618: Non-nullable property 'BudgetOwner' must contain a non-null value when exiting constructor. Consider adding the 'required' modifier or declaring the property as nullable. [C:\Users\Rohit Rathod\Desktop\JsapProject\JSAPNEW\JSAPNEW.csproj]
C:\Users\Rohit Rathod\Desktop\JsapProject\JSAPNEW\Models\ReportsModels.cs(73,23): warning CS8618: Non-nullable property 'OwnerCode' must contain a non-null value when exiting constructor. Consider adding the 'required' modifier or declaring the property as nullable. [C:\Users\Rohit Rathod\Desktop\JsapProject\JSAPNEW\JSAPNEW.csproj]
C:\Users\Rohit Rathod\Desktop\JsapProject\JSAPNEW\Models\ReportsModels.cs(74,23): warning CS8618: Non-nullable property 'ApproverName' must contain a non-null value when exiting constructor. Consider adding the 'required' modifier or declaring the property as nullable. [C:\Users\Rohit Rathod\Desktop\JsapProject\JSAPNEW\JSAPNEW.csproj]
C:\Users\Rohit Rathod\Desktop\JsapProject\JSAPNEW\Models\ReportsModels.cs(75,23): warning CS8618: Non-nullable property 'ApprovalCode' must contain a non-null value when exiting constructor. Consider adding the 'required' modifier or declaring the property as nullable. [C:\Users\Rohit Rathod\Desktop\JsapProject\JSAPNEW\JSAPNEW.csproj]
C:\Users\Rohit Rathod\Desktop\JsapProject\JSAPNEW\Models\ReportsModels.cs(54,44): warning CS8618: Non-nullable property 'Advance' must contain a non-null value when exiting constructor. Consider adding the 'required' modifier or declaring the property as nullable. [C:\Users\Rohit Rathod\Desktop\JsapProject\JSAPNEW\JSAPNEW.csproj]
C:\Users\Rohit Rathod\Desktop\JsapProject\JSAPNEW\Models\ReportsModels.cs(55,46): warning CS8618: Non-nullable property 'BOMs' must contain a non-null value when exiting constructor. Consider adding the 'required' modifier or declaring the property as nullable. [C:\Users\Rohit Rathod\Desktop\JsapProject\JSAPNEW\JSAPNEW.csproj]
C:\Users\Rohit Rathod\Desktop\JsapProject\JSAPNEW\Models\ReportsModels.cs(56,46): warning CS8618: Non-nullable property 'Items' must contain a non-null value when exiting constructor. Consider adding the 'required' modifier or declaring the property as nullable. [C:\Users\Rohit Rathod\Desktop\JsapProject\JSAPNEW\JSAPNEW.csproj]
C:\Users\Rohit Rathod\Desktop\JsapProject\JSAPNEW\Models\ReportsModels.cs(50,23): warning CS8618: Non-nullable property 'U_Brand' must contain a non-null value when exiting constructor. Consider adding the 'required' modifier or declaring the property as nullable. [C:\Users\Rohit Rathod\Desktop\JsapProject\JSAPNEW\JSAPNEW.csproj]
C:\Users\Rohit Rathod\Desktop\JsapProject\JSAPNEW\Models\ReportsModels.cs(45,23): warning CS8618: Non-nullable property 'PrcCode' must contain a non-null value when exiting constructor. Consider adding the 'required' modifier or declaring the property as nullable. [C:\Users\Rohit Rathod\Desktop\JsapProject\JSAPNEW\JSAPNEW.csproj]
C:\Users\Rohit Rathod\Desktop\JsapProject\JSAPNEW\Models\ReportsModels.cs(46,23): warning CS8618: Non-nullable property 'PrcName' must contain a non-null value when exiting constructor. Consider adding the 'required' modifier or declaring the property as nullable. [C:\Users\Rohit Rathod\Desktop\JsapProject\JSAPNEW\JSAPNEW.csproj]
C:\Users\Rohit Rathod\Desktop\JsapProject\JSAPNEW\Services\Implementation\AdvanceRequestService.cs(1191,25): warning CS8622: Nullability of reference types in type of parameter 's' of 'int int.Parse(string s)' doesn't match the target delegate 'Func<string?, int>' (possibly because of nullability attributes). [C:\Users\Rohit Rathod\Desktop\JsapProject\JSAPNEW\JSAPNEW.csproj]
C:\Users\Rohit Rathod\Desktop\JsapProject\JSAPNEW\Services\Implementation\AdvanceRequestService.cs(1234,32): warning CS8602: Dereference of a possibly null reference. [C:\Users\Rohit Rathod\Desktop\JsapProject\JSAPNEW\JSAPNEW.csproj]
C:\Users\Rohit Rathod\Desktop\JsapProject\JSAPNEW\Services\Implementation\AdvanceRequestService.cs(1236,36): warning CS8601: Possible null reference assignment. [C:\Users\Rohit Rathod\Desktop\JsapProject\JSAPNEW\JSAPNEW.csproj]
C:\Users\Rohit Rathod\Desktop\JsapProject\JSAPNEW\Models\QcModels.cs(459,23): warning CS8618: Non-nullable property 'SubParameterName' must contain a non-null value when exiting constructor. Consider adding the 'required' modifier or declaring the property as nullable. [C:\Users\Rohit Rathod\Desktop\JsapProject\JSAPNEW\JSAPNEW.csproj]
C:\Users\Rohit Rathod\Desktop\JsapProject\JSAPNEW\Models\QcModels.cs(451,23): warning CS8618: Non-nullable property 'ParameterName' must contain a non-null value when exiting constructor. Consider adding the 'required' modifier or declaring the property as nullable. [C:\Users\Rohit Rathod\Desktop\JsapProject\JSAPNEW\JSAPNEW.csproj]
C:\Users\Rohit Rathod\Desktop\JsapProject\JSAPNEW\Models\QcModels.cs(445,23): warning CS8618: Non-nullable property 'Message' must contain a non-null value when exiting constructor. Consider adding the 'required' modifier or declaring the property as nullable. [C:\Users\Rohit Rathod\Desktop\JsapProject\JSAPNEW\JSAPNEW.csproj]
C:\Users\Rohit Rathod\Desktop\JsapProject\JSAPNEW\Models\ReportsModels.cs(9,23): warning CS8618: Non-nullable property 'U_Main_Group' must contain a non-null value when exiting constructor. Consider adding the 'required' modifier or declaring the property as nullable. [C:\Users\Rohit Rathod\Desktop\JsapProject\JSAPNEW\JSAPNEW.csproj]
C:\Users\Rohit Rathod\Desktop\JsapProject\JSAPNEW\Models\ReportsModels.cs(10,23): warning CS8618: Non-nullable property 'U_Chain' must contain a non-null value when exiting constructor. Consider adding the 'required' modifier or declaring the property as nullable. [C:\Users\Rohit Rathod\Desktop\JsapProject\JSAPNEW\JSAPNEW.csproj]
C:\Users\Rohit Rathod\Desktop\JsapProject\JSAPNEW\Models\ReportsModels.cs(11,23): warning CS8618: Non-nullable property 'State' must contain a non-null value when exiting constructor. Consider adding the 'required' modifier or declaring the property as nullable. [C:\Users\Rohit Rathod\Desktop\JsapProject\JSAPNEW\JSAPNEW.csproj]
C:\Users\Rohit Rathod\Desktop\JsapProject\JSAPNEW\Models\ReportsModels.cs(12,23): warning CS8618: Non-nullable property 'CardCode' must contain a non-null value when exiting constructor. Consider adding the 'required' modifier or declaring the property as nullable. [C:\Users\Rohit Rathod\Desktop\JsapProject\JSAPNEW\JSAPNEW.csproj]
C:\Users\Rohit Rathod\Desktop\JsapProject\JSAPNEW\Models\ReportsModels.cs(13,23): warning CS8618: Non-nullable property 'CardName' must contain a non-null value when exiting constructor. Consider adding the 'required' modifier or declaring the property as nullable. [C:\Users\Rohit Rathod\Desktop\JsapProject\JSAPNEW\JSAPNEW.csproj]
C:\Users\Rohit Rathod\Desktop\JsapProject\JSAPNEW\Models\ReportsModels.cs(14,23): warning CS8618: Non-nullable property 'SKU' must contain a non-null value when exiting constructor. Consider adding the 'required' modifier or declaring the property as nullable. [C:\Users\Rohit Rathod\Desktop\JsapProject\JSAPNEW\JSAPNEW.csproj]
C:\Users\Rohit Rathod\Desktop\JsapProject\JSAPNEW\Models\ReportsModels.cs(15,23): warning CS8618: Non-nullable property 'ItmsGrpNam' must contain a non-null value when exiting constructor. Consider adding the 'required' modifier or declaring the property as nullable. [C:\Users\Rohit Rathod\Desktop\JsapProject\JSAPNEW\JSAPNEW.csproj]
C:\Users\Rohit Rathod\Desktop\JsapProject\JSAPNEW\Models\ReportsModels.cs(17,23): warning CS8618: Non-nullable property 'ItemCode' must contain a non-null value when exiting constructor. Consider adding the 'required' modifier or declaring the property as nullable. [C:\Users\Rohit Rathod\Desktop\JsapProject\JSAPNEW\JSAPNEW.csproj]
C:\Users\Rohit Rathod\Desktop\JsapProject\JSAPNEW\Models\ReportsModels.cs(18,23): warning CS8618: Non-nullable property 'ItemName' must contain a non-null value when exiting constructor. Consider adding the 'required' modifier or declaring the property as nullable. [C:\Users\Rohit Rathod\Desktop\JsapProject\JSAPNEW\JSAPNEW.csproj]
C:\Users\Rohit Rathod\Desktop\JsapProject\JSAPNEW\Models\ReportsModels.cs(19,23): warning CS8618: Non-nullable property 'SalPackUn' must contain a non-null value when exiting constructor. Consider adding the 'required' modifier or declaring the property as nullable. [C:\Users\Rohit Rathod\Desktop\JsapProject\JSAPNEW\JSAPNEW.csproj]
C:\Users\Rohit Rathod\Desktop\JsapProject\JSAPNEW\Models\ReportsModels.cs(20,23): warning CS8618: Non-nullable property 'Quantity' must contain a non-null value when exiting constructor. Consider adding the 'required' modifier or declaring the property as nullable. [C:\Users\Rohit Rathod\Desktop\JsapProject\JSAPNEW\JSAPNEW.csproj]
C:\Users\Rohit Rathod\Desktop\JsapProject\JSAPNEW\Models\ReportsModels.cs(21,23): warning CS8618: Non-nullable property 'Liter' must contain a non-null value when exiting constructor. Consider adding the 'required' modifier or declaring the property as nullable. [C:\Users\Rohit Rathod\Desktop\JsapProject\JSAPNEW\JSAPNEW.csproj]
C:\Users\Rohit Rathod\Desktop\JsapProject\JSAPNEW\Models\ReportsModels.cs(22,23): warning CS8618: Non-nullable property 'LineTotal' must contain a non-null value when exiting constructor. Consider adding the 'required' modifier or declaring the property as nullable. [C:\Users\Rohit Rathod\Desktop\JsapProject\JSAPNEW\JSAPNEW.csproj]
C:\Users\Rohit Rathod\Desktop\JsapProject\JSAPNEW\Models\ReportsModels.cs(23,23): warning CS8618: Non-nullable property 'Realise' must contain a non-null value when exiting constructor. Consider adding the 'required' modifier or declaring the property as nullable. [C:\Users\Rohit Rathod\Desktop\JsapProject\JSAPNEW\JSAPNEW.csproj]
C:\Users\Rohit Rathod\Desktop\JsapProject\JSAPNEW\Models\ReportsModels.cs(24,23): warning CS8618: Non-nullable property 'SchemeQty' must contain a non-null value when exiting constructor. Consider adding the 'required' modifier or declaring the property as nullable. [C:\Users\Rohit Rathod\Desktop\JsapProject\JSAPNEW\JSAPNEW.csproj]
C:\Users\Rohit Rathod\Desktop\JsapProject\JSAPNEW\Models\ReportsModels.cs(25,23): warning CS8618: Non-nullable property 'SchemeSaleAmt' must contain a non-null value when exiting constructor. Consider adding the 'required' modifier or declaring the property as nullable. [C:\Users\Rohit Rathod\Desktop\JsapProject\JSAPNEW\JSAPNEW.csproj]
C:\Users\Rohit Rathod\Desktop\JsapProject\JSAPNEW\Models\ReportsModels.cs(26,23): warning CS8618: Non-nullable property 'SchemeAmt' must contain a non-null value when exiting constructor. Consider adding the 'required' modifier or declaring the property as nullable. [C:\Users\Rohit Rathod\Desktop\JsapProject\JSAPNEW\JSAPNEW.csproj]
C:\Users\Rohit Rathod\Desktop\JsapProject\JSAPNEW\Models\ReportsModels.cs(27,23): warning CS8618: Non-nullable property 'COGS' must contain a non-null value when exiting constructor. Consider adding the 'required' modifier or declaring the property as nullable. [C:\Users\Rohit Rathod\Desktop\JsapProject\JSAPNEW\JSAPNEW.csproj]
C:\Users\Rohit Rathod\Desktop\JsapProject\JSAPNEW\Models\ReportsModels.cs(29,23): warning CS8618: Non-nullable property 'VARIETY' must contain a non-null value when exiting constructor. Consider adding the 'required' modifier or declaring the property as nullable. [C:\Users\Rohit Rathod\Desktop\JsapProject\JSAPNEW\JSAPNEW.csproj]
C:\Users\Rohit Rathod\Desktop\JsapProject\JSAPNEW\Models\ReportsModels.cs(30,23): warning CS8618: Non-nullable property 'Type' must contain a non-null value when exiting constructor. Consider adding the 'required' modifier or declaring the property as nullable. [C:\Users\Rohit Rathod\Desktop\JsapProject\JSAPNEW\JSAPNEW.csproj]
C:\Users\Rohit Rathod\Desktop\JsapProject\JSAPNEW\Models\ReportsModels.cs(31,23): warning CS8618: Non-nullable property 'Brand' must contain a non-null value when exiting constructor. Consider adding the 'required' modifier or declaring the property as nullable. [C:\Users\Rohit Rathod\Desktop\JsapProject\JSAPNEW\JSAPNEW.csproj]
C:\Users\Rohit Rathod\Desktop\JsapProject\JSAPNEW\Models\ReportsModels.cs(32,23): warning CS8618: Non-nullable property 'Location' must contain a non-null value when exiting constructor. Consider adding the 'required' modifier or declaring the property as nullable. [C:\Users\Rohit Rathod\Desktop\JsapProject\JSAPNEW\JSAPNEW.csproj]
C:\Users\Rohit Rathod\Desktop\JsapProject\JSAPNEW\Models\ReportsModels.cs(33,23): warning CS8618: Non-nullable property 'Year' must contain a non-null value when exiting constructor. Consider adding the 'required' modifier or declaring the property as nullable. [C:\Users\Rohit Rathod\Desktop\JsapProject\JSAPNEW\JSAPNEW.csproj]
C:\Users\Rohit Rathod\Desktop\JsapProject\JSAPNEW\Models\ReportsModels.cs(35,23): warning CS8618: Non-nullable property 'MonthName' must contain a non-null value when exiting constructor. Consider adding the 'required' modifier or declaring the property as nullable. [C:\Users\Rohit Rathod\Desktop\JsapProject\JSAPNEW\JSAPNEW.csproj]
C:\Users\Rohit Rathod\Desktop\JsapProject\JSAPNEW\Models\ReportsModels.cs(36,23): warning CS8618: Non-nullable property 'Box' must contain a non-null value when exiting constructor. Consider adding the 'required' modifier or declaring the property as nullable. [C:\Users\Rohit Rathod\Desktop\JsapProject\JSAPNEW\JSAPNEW.csproj]
C:\Users\Rohit Rathod\Desktop\JsapProject\JSAPNEW\Models\ReportsModels.cs(39,23): warning CS8618: Non-nullable property 'LiterYN' must contain a non-null value when exiting constructor. Consider adding the 'required' modifier or declaring the property as nullable. [C:\Users\Rohit Rathod\Desktop\JsapProject\JSAPNEW\JSAPNEW.csproj]
C:\Users\Rohit Rathod\Desktop\JsapProject\JSAPNEW\Models\ReportsModels.cs(40,23): warning CS8618: Non-nullable property 'PACKTYPE' must contain a non-null value when exiting constructor. Consider adding the 'required' modifier or declaring the property as nullable. [C:\Users\Rohit Rathod\Desktop\JsapProject\JSAPNEW\JSAPNEW.csproj]
C:\Users\Rohit Rathod\Desktop\JsapProject\JSAPNEW\Models\QcModels.cs(409,23): warning CS8618: Non-nullable property 'FormNumber' must contain a non-null value when exiting constructor. Consider adding the 'required' modifier or declaring the property as nullable. [C:\Users\Rohit Rathod\Desktop\JsapProject\JSAPNEW\JSAPNEW.csproj]
C:\Users\Rohit Rathod\Desktop\JsapProject\JSAPNEW\Models\QcModels.cs(411,23): warning CS8618: Non-nullable property 'status' must contain a non-null value when exiting constructor. Consider adding the 'required' modifier or declaring the property as nullable. [C:\Users\Rohit Rathod\Desktop\JsapProject\JSAPNEW\JSAPNEW.csproj]
C:\Users\Rohit Rathod\Desktop\JsapProject\JSAPNEW\Models\QcModels.cs(412,23): warning CS8618: Non-nullable property 'remarks' must contain a non-null value when exiting constructor. Consider adding the 'required' modifier or declaring the property as nullable. [C:\Users\Rohit Rathod\Desktop\JsapProject\JSAPNEW\JSAPNEW.csproj]
C:\Users\Rohit Rathod\Desktop\JsapProject\JSAPNEW\Models\QcModels.cs(413,23): warning CS8618: Non-nullable property 'createdBy' must contain a non-null value when exiting constructor. Consider adding the 'required' modifier or declaring the property as nullable. [C:\Users\Rohit Rathod\Desktop\JsapProject\JSAPNEW\JSAPNEW.csproj]
C:\Users\Rohit Rathod\Desktop\JsapProject\JSAPNEW\Models\QcModels.cs(415,23): warning CS8618: Non-nullable property 'modifiedByName' must contain a non-null value when exiting constructor. Consider adding the 'required' modifier or declaring the property as nullable. [C:\Users\Rohit Rathod\Desktop\JsapProject\JSAPNEW\JSAPNEW.csproj]
C:\Users\Rohit Rathod\Desktop\JsapProject\JSAPNEW\Models\QcModels.cs(403,23): warning CS8618: Non-nullable property 'Remarks' must contain a non-null value when exiting constructor. Consider adding the 'required' modifier or declaring the property as nullable. [C:\Users\Rohit Rathod\Desktop\JsapProject\JSAPNEW\JSAPNEW.csproj]
C:\Users\Rohit Rathod\Desktop\JsapProject\JSAPNEW\Models\QcModels.cs(379,23): warning CS8618: Non-nullable property 'StageName' must contain a non-null value when exiting constructor. Consider adding the 'required' modifier or declaring the property as nullable. [C:\Users\Rohit Rathod\Desktop\JsapProject\JSAPNEW\JSAPNEW.csproj]
C:\Users\Rohit Rathod\Desktop\JsapProject\JSAPNEW\Models\QcModels.cs(381,23): warning CS8618: Non-nullable property 'AssignedTo' must contain a non-null value when exiting constructor. Consider adding the 'required' modifier or declaring the property as nullable. [C:\Users\Rohit Rathod\Desktop\JsapProject\JSAPNEW\JSAPNEW.csproj]
C:\Users\Rohit Rathod\Desktop\JsapProject\JSAPNEW\Models\QcModels.cs(383,23): warning CS8618: Non-nullable property 'ActionStatus' must contain a non-null value when exiting constructor. Consider adding the 'required' modifier or declaring the property as nullable. [C:\Users\Rohit Rathod\Desktop\JsapProject\JSAPNEW\JSAPNEW.csproj]
C:\Users\Rohit Rathod\Desktop\JsapProject\JSAPNEW\Models\QcModels.cs(385,23): warning CS8618: Non-nullable property 'Description' must contain a non-null value when exiting constructor. Consider adding the 'required' modifier or declaring the property as nullable. [C:\Users\Rohit Rathod\Desktop\JsapProject\JSAPNEW\JSAPNEW.csproj]
C:\Users\Rohit Rathod\Desktop\JsapProject\JSAPNEW\Models\QcModels.cs(358,23): warning CS8618: Non-nullable property 'DocNum' must contain a non-null value when exiting constructor. Consider adding the 'required' modifier or declaring the property as nullable. [C:\Users\Rohit Rathod\Desktop\JsapProject\JSAPNEW\JSAPNEW.csproj]
C:\Users\Rohit Rathod\Desktop\JsapProject\JSAPNEW\Models\QcModels.cs(360,23): warning CS8618: Non-nullable property 'DocumentName' must contain a non-null value when exiting constructor. Consider adding the 'required' modifier or declaring the property as nullable. [C:\Users\Rohit Rathod\Desktop\JsapProject\JSAPNEW\JSAPNEW.csproj]
C:\Users\Rohit Rathod\Desktop\JsapProject\JSAPNEW\Models\QcModels.cs(366,23): warning CS8618: Non-nullable property 'FlowStatus' must contain a non-null value when exiting constructor. Consider adding the 'required' modifier or declaring the property as nullable. [C:\Users\Rohit Rathod\Desktop\JsapProject\JSAPNEW\JSAPNEW.csproj]
C:\Users\Rohit Rathod\Desktop\JsapProject\JSAPNEW\Models\QcModels.cs(369,23): warning CS8618: Non-nullable property 'TemplateName' must contain a non-null value when exiting constructor. Consider adding the 'required' modifier or declaring the property as nullable. [C:\Users\Rohit Rathod\Desktop\JsapProject\JSAPNEW\JSAPNEW.csproj]
C:\Users\Rohit Rathod\Desktop\JsapProject\JSAPNEW\Models\QcModels.cs(373,23): warning CS8618: Non-nullable property 'status' must contain a non-null value when exiting constructor. Consider adding the 'required' modifier or declaring the property as nullable. [C:\Users\Rohit Rathod\Desktop\JsapProject\JSAPNEW\JSAPNEW.csproj]
C:\Users\Rohit Rathod\Desktop\JsapProject\JSAPNEW\Models\QcModels.cs(333,23): warning CS8618: Non-nullable property 'DocNum' must contain a non-null value when exiting constructor. Consider adding the 'required' modifier or declaring the property as nullable. [C:\Users\Rohit Rathod\Desktop\JsapProject\JSAPNEW\JSAPNEW.csproj]
C:\Users\Rohit Rathod\Desktop\JsapProject\JSAPNEW\Models\QcModels.cs(335,23): warning CS8618: Non-nullable property 'DocumentName' must contain a non-null value when exiting constructor. Consider adding the 'required' modifier or declaring the property as nullable. [C:\Users\Rohit Rathod\Desktop\JsapProject\JSAPNEW\JSAPNEW.csproj]
C:\Users\Rohit Rathod\Desktop\JsapProject\JSAPNEW\Models\QcModels.cs(339,23): warning CS8618: Non-nullable property 'FlowStatus' must contain a non-null value when exiting constructor. Consider adding the 'required' modifier or declaring the property as nullable. [C:\Users\Rohit Rathod\Desktop\JsapProject\JSAPNEW\JSAPNEW.csproj]
C:\Users\Rohit Rathod\Desktop\JsapProject\JSAPNEW\Models\QcModels.cs(343,23): warning CS8618: Non-nullable property 'RejectedAtStageName' must contain a non-null value when exiting constructor. Consider adding the 'required' modifier or declaring the property as nullable. [C:\Users\Rohit Rathod\Desktop\JsapProject\JSAPNEW\JSAPNEW.csproj]
C:\Users\Rohit Rathod\Desktop\JsapProject\JSAPNEW\Models\QcModels.cs(345,23): warning CS8618: Non-nullable property 'RejectionRemarks' must contain a non-null value when exiting constructor. Consider adding the 'required' modifier or declaring the property as nullable. [C:\Users\Rohit Rathod\Desktop\JsapProject\JSAPNEW\JSAPNEW.csproj]
C:\Users\Rohit Rathod\Desktop\JsapProject\JSAPNEW\Models\QcModels.cs(346,23): warning CS8618: Non-nullable property 'TemplateName' must contain a non-null value when exiting constructor. Consider adding the 'required' modifier or declaring the property as nullable. [C:\Users\Rohit Rathod\Desktop\JsapProject\JSAPNEW\JSAPNEW.csproj]
C:\Users\Rohit Rathod\Desktop\JsapProject\JSAPNEW\Models\QcModels.cs(274,23): warning CS8618: Non-nullable property 'DocNum' must contain a non-null value when exiting constructor. Consider adding the 'required' modifier or declaring the property as nullable. [C:\Users\Rohit Rathod\Desktop\JsapProject\JSAPNEW\JSAPNEW.csproj]
C:\Users\Rohit Rathod\Desktop\JsapProject\JSAPNEW\Models\QcModels.cs(276,23): warning CS8618: Non-nullable property 'DocumentName' must contain a non-null value when exiting constructor. Consider adding the 'required' modifier or declaring the property as nullable. [C:\Users\Rohit Rathod\Desktop\JsapProject\JSAPNEW\JSAPNEW.csproj]
C:\Users\Rohit Rathod\Desktop\JsapProject\JSAPNEW\Models\QcModels.cs(281,23): warning CS8618: Non-nullable property 'FlowStatus' must contain a non-null value when exiting constructor. Consider adding the 'required' modifier or declaring the property as nullable. [C:\Users\Rohit Rathod\Desktop\JsapProject\JSAPNEW\JSAPNEW.csproj]
C:\Users\Rohit Rathod\Desktop\JsapProject\JSAPNEW\Models\QcModels.cs(285,23): warning CS8618: Non-nullable property 'TemplateName' must contain a non-null value when exiting constructor. Consider adding the 'required' modifier or declaring the property as nullable. [C:\Users\Rohit Rathod\Desktop\JsapProject\JSAPNEW\JSAPNEW.csproj]
C:\Users\Rohit Rathod\Desktop\JsapProject\JSAPNEW\Models\QcModels.cs(286,23): warning CS8618: Non-nullable property 'CurrentStageName' must contain a non-null value when exiting constructor. Consider adding the 'required' modifier or declaring the property as nullable. [C:\Users\Rohit Rathod\Desktop\JsapProject\JSAPNEW\JSAPNEW.csproj]
C:\Users\Rohit Rathod\Desktop\JsapProject\JSAPNEW\Models\QcModels.cs(245,23): warning CS8618: Non-nullable property 'DocNum' must contain a non-null value when exiting constructor. Consider adding the 'required' modifier or declaring the property as nullable. [C:\Users\Rohit Rathod\Desktop\JsapProject\JSAPNEW\JSAPNEW.csproj]
C:\Users\Rohit Rathod\Desktop\JsapProject\JSAPNEW\Models\QcModels.cs(246,23): warning CS8618: Non-nullable property 'ItemCode' must contain a non-null value when exiting constructor. Consider adding the 'required' modifier or declaring the property as nullable. [C:\Users\Rohit Rathod\Desktop\JsapProject\JSAPNEW\JSAPNEW.csproj]
C:\Users\Rohit Rathod\Desktop\JsapProject\JSAPNEW\Models\QcModels.cs(247,23): warning CS8618: Non-nullable property 'ItemName' must contain a non-null value when exiting constructor. Consider adding the 'required' modifier or declaring the property as nullable. [C:\Users\Rohit Rathod\Desktop\JsapProject\JSAPNEW\JSAPNEW.csproj]
C:\Users\Rohit Rathod\Desktop\JsapProject\JSAPNEW\Models\QcModels.cs(248,23): warning CS8618: Non-nullable property 'status' must contain a non-null value when exiting constructor. Consider adding the 'required' modifier or declaring the property as nullable. [C:\Users\Rohit Rathod\Desktop\JsapProject\JSAPNEW\JSAPNEW.csproj]
C:\Users\Rohit Rathod\Desktop\JsapProject\JSAPNEW\Models\QcModels.cs(249,23): warning CS8618: Non-nullable property 'objType' must contain a non-null value when exiting constructor. Consider adding the 'required' modifier or declaring the property as nullable. [C:\Users\Rohit Rathod\Desktop\JsapProject\JSAPNEW\JSAPNEW.csproj]
C:\Users\Rohit Rathod\Desktop\JsapProject\JSAPNEW\Models\QcModels.cs(250,23): warning CS8618: Non-nullable property 'plannedQty' must contain a non-null value when exiting constructor. Consider adding the 'required' modifier or declaring the property as nullable. [C:\Users\Rohit Rathod\Desktop\JsapProject\JSAPNEW\JSAPNEW.csproj]
C:\Users\Rohit Rathod\Desktop\JsapProject\JSAPNEW\Models\QcModels.cs(251,23): warning CS8618: Non-nullable property 'Warehouse' must contain a non-null value when exiting constructor. Consider adding the 'required' modifier or declaring the property as nullable. [C:\Users\Rohit Rathod\Desktop\JsapProject\JSAPNEW\JSAPNEW.csproj]
C:\Users\Rohit Rathod\Desktop\JsapProject\JSAPNEW\Models\QcModels.cs(252,23): warning CS8618: Non-nullable property 'Type' must contain a non-null value when exiting constructor. Consider adding the 'required' modifier or declaring the property as nullable. [C:\Users\Rohit Rathod\Desktop\JsapProject\JSAPNEW\JSAPNEW.csproj]
C:\Users\Rohit Rathod\Desktop\JsapProject\JSAPNEW\Models\QcModels.cs(254,23): warning CS8618: Non-nullable property 'BaseQty' must contain a non-null value when exiting constructor. Consider adding the 'required' modifier or declaring the property as nullable. [C:\Users\Rohit Rathod\Desktop\JsapProject\JSAPNEW\JSAPNEW.csproj]
C:\Users\Rohit Rathod\Desktop\JsapProject\JSAPNEW\Models\QcModels.cs(256,23): warning CS8618: Non-nullable property 'Box' must contain a non-null value when exiting constructor. Consider adding the 'required' modifier or declaring the property as nullable. [C:\Users\Rohit Rathod\Desktop\JsapProject\JSAPNEW\JSAPNEW.csproj]
C:\Users\Rohit Rathod\Desktop\JsapProject\JSAPNEW\Models\QcModels.cs(257,23): warning CS8618: Non-nullable property 'Litre' must contain a non-null value when exiting constructor. Consider adding the 'required' modifier or declaring the property as nullable. [C:\Users\Rohit Rathod\Desktop\JsapProject\JSAPNEW\JSAPNEW.csproj]
C:\Users\Rohit Rathod\Desktop\JsapProject\JSAPNEW\Models\QcModels.cs(258,23): warning CS8618: Non-nullable property 'Date' must contain a non-null value when exiting constructor. Consider adding the 'required' modifier or declaring the property as nullable. [C:\Users\Rohit Rathod\Desktop\JsapProject\JSAPNEW\JSAPNEW.csproj]
C:\Users\Rohit Rathod\Desktop\JsapProject\JSAPNEW\Models\QcModels.cs(240,23): warning CS8618: Non-nullable property 'DocNum' must contain a non-null value when exiting constructor. Consider adding the 'required' modifier or declaring the property as nullable. [C:\Users\Rohit Rathod\Desktop\JsapProject\JSAPNEW\JSAPNEW.csproj]
C:\Users\Rohit Rathod\Desktop\JsapProject\JSAPNEW\Models\QcModels.cs(233,23): warning CS8618: Non-nullable property 'Remark' must contain a non-null value when exiting constructor. Consider adding the 'required' modifier or declaring the property as nullable. [C:\Users\Rohit Rathod\Desktop\JsapProject\JSAPNEW\JSAPNEW.csproj]
C:\Users\Rohit Rathod\Desktop\JsapProject\JSAPNEW\Models\QcModels.cs(235,23): warning CS8618: Non-nullable property 'ImagePath' must contain a non-null value when exiting constructor. Consider adding the 'required' modifier or declaring the property as nullable. [C:\Users\Rohit Rathod\Desktop\JsapProject\JSAPNEW\JSAPNEW.csproj]
C:\Users\Rohit Rathod\Desktop\JsapProject\JSAPNEW\Models\QcModels.cs(298,23): warning CS8618: Non-nullable property 'DocNum' must contain a non-null value when exiting constructor. Consider adding the 'required' modifier or declaring the property as nullable. [C:\Users\Rohit Rathod\Desktop\JsapProject\JSAPNEW\JSAPNEW.csproj]
C:\Users\Rohit Rathod\Desktop\JsapProject\JSAPNEW\Models\QcModels.cs(300,23): warning CS8618: Non-nullable property 'DocumentName' must contain a non-null value when exiting constructor. Consider adding the 'required' modifier or declaring the property as nullable. [C:\Users\Rohit Rathod\Desktop\JsapProject\JSAPNEW\JSAPNEW.csproj]
C:\Users\Rohit Rathod\Desktop\JsapProject\JSAPNEW\Models\QcModels.cs(308,23): warning CS8618: Non-nullable property 'ApprovalRemarks' must contain a non-null value when exiting constructor. Consider adding the 'required' modifier or declaring the property as nullable. [C:\Users\Rohit Rathod\Desktop\JsapProject\JSAPNEW\JSAPNEW.csproj]
C:\Users\Rohit Rathod\Desktop\JsapProject\JSAPNEW\Models\QcModels.cs(311,23): warning CS8618: Non-nullable property 'FlowStatus' must contain a non-null value when exiting constructor. Consider adding the 'required' modifier or declaring the property as nullable. [C:\Users\Rohit Rathod\Desktop\JsapProject\JSAPNEW\JSAPNEW.csproj]
C:\Users\Rohit Rathod\Desktop\JsapProject\JSAPNEW\Models\QcModels.cs(316,23): warning CS8618: Non-nullable property 'HanaStatus' must contain a non-null value when exiting constructor. Consider adding the 'required' modifier or declaring the property as nullable. [C:\Users\Rohit Rathod\Desktop\JsapProject\JSAPNEW\JSAPNEW.csproj]
C:\Users\Rohit Rathod\Desktop\JsapProject\JSAPNEW\Models\QcModels.cs(319,23): warning CS8618: Non-nullable property 'ApprovedAtStageName' must contain a non-null value when exiting constructor. Consider adding the 'required' modifier or declaring the property as nullable. [C:\Users\Rohit Rathod\Desktop\JsapProject\JSAPNEW\JSAPNEW.csproj]
C:\Users\Rohit Rathod\Desktop\JsapProject\JSAPNEW\Models\QcModels.cs(320,23): warning CS8618: Non-nullable property 'TemplateName' must contain a non-null value when exiting constructor. Consider adding the 'required' modifier or declaring the property as nullable. [C:\Users\Rohit Rathod\Desktop\JsapProject\JSAPNEW\JSAPNEW.csproj]
C:\Users\Rohit Rathod\Desktop\JsapProject\JSAPNEW\Models\QcModels.cs(321,23): warning CS8618: Non-nullable property 'ApprovedByUser' must contain a non-null value when exiting constructor. Consider adding the 'required' modifier or declaring the property as nullable. [C:\Users\Rohit Rathod\Desktop\JsapProject\JSAPNEW\JSAPNEW.csproj]
C:\Users\Rohit Rathod\Desktop\JsapProject\JSAPNEW\Models\QcModels.cs(225,45): warning CS8618: Non-nullable property 'ItemParamList' must contain a non-null value when exiting constructor. Consider adding the 'required' modifier or declaring the property as nullable. [C:\Users\Rohit Rathod\Desktop\JsapProject\JSAPNEW\JSAPNEW.csproj]
C:\Users\Rohit Rathod\Desktop\JsapProject\JSAPNEW\Models\QcModels.cs(220,23): warning CS8618: Non-nullable property 'Remark' must contain a non-null value when exiting constructor. Consider adding the 'required' modifier or declaring the property as nullable. [C:\Users\Rohit Rathod\Desktop\JsapProject\JSAPNEW\JSAPNEW.csproj]
C:\Users\Rohit Rathod\Desktop\JsapProject\JSAPNEW\Models\QcModels.cs(213,42): warning CS8618: Non-nullable property 'ItemDataList' must contain a non-null value when exiting constructor. Consider adding the 'required' modifier or declaring the property as nullable. [C:\Users\Rohit Rathod\Desktop\JsapProject\JSAPNEW\JSAPNEW.csproj]
C:\Users\Rohit Rathod\Desktop\JsapProject\JSAPNEW\Models\QcModels.cs(195,26): warning CS8618: Non-nullable property 'Form' must contain a non-null value when exiting constructor. Consider adding the 'required' modifier or declaring the property as nullable. [C:\Users\Rohit Rathod\Desktop\JsapProject\JSAPNEW\JSAPNEW.csproj]
C:\Users\Rohit Rathod\Desktop\JsapProject\JSAPNEW\Models\QcModels.cs(196,42): warning CS8618: Non-nullable property 'QualitySettings' must contain a non-null value when exiting constructor. Consider adding the 'required' modifier or declaring the property as nullable. [C:\Users\Rohit Rathod\Desktop\JsapProject\JSAPNEW\JSAPNEW.csproj]
C:\Users\Rohit Rathod\Desktop\JsapProject\JSAPNEW\Models\QcModels.cs(197,38): warning CS8618: Non-nullable property 'Documents' must contain a non-null value when exiting constructor. Consider adding the 'required' modifier or declaring the property as nullable. [C:\Users\Rohit Rathod\Desktop\JsapProject\JSAPNEW\JSAPNEW.csproj]
C:\Users\Rohit Rathod\Desktop\JsapProject\JSAPNEW\Models\QcModels.cs(198,41): warning CS8618: Non-nullable property 'Parameters' must contain a non-null value when exiting constructor. Consider adding the 'required' modifier or declaring the property as nullable. [C:\Users\Rohit Rathod\Desktop\JsapProject\JSAPNEW\JSAPNEW.csproj]
C:\Users\Rohit Rathod\Desktop\JsapProject\JSAPNEW\Models\QcModels.cs(173,36): warning CS8618: Non-nullable property 'ItemData' must contain a non-null value when exiting constructor. Consider adding the 'required' modifier or declaring the property as nullable. [C:\Users\Rohit Rathod\Desktop\JsapProject\JSAPNEW\JSAPNEW.csproj]
C:\Users\Rohit Rathod\Desktop\JsapProject\JSAPNEW\Models\QcModels.cs(174,26): warning CS8618: Non-nullable property 'Form' must contain a non-null value when exiting constructor. Consider adding the 'required' modifier or declaring the property as nullable. [C:\Users\Rohit Rathod\Desktop\JsapProject\JSAPNEW\JSAPNEW.csproj]
C:\Users\Rohit Rathod\Desktop\JsapProject\JSAPNEW\Models\QcModels.cs(175,42): warning CS8618: Non-nullable property 'QualitySettings' must contain a non-null value when exiting constructor. Consider adding the 'required' modifier or declaring the property as nullable. [C:\Users\Rohit Rathod\Desktop\JsapProject\JSAPNEW\JSAPNEW.csproj]
C:\Users\Rohit Rathod\Desktop\JsapProject\JSAPNEW\Models\QcModels.cs(176,38): warning CS8618: Non-nullable property 'Documents' must contain a non-null value when exiting constructor. Consider adding the 'required' modifier or declaring the property as nullable. [C:\Users\Rohit Rathod\Desktop\JsapProject\JSAPNEW\JSAPNEW.csproj]
C:\Users\Rohit Rathod\Desktop\JsapProject\JSAPNEW\Models\QcModels.cs(177,41): warning CS8618: Non-nullable property 'Parameters' must contain a non-null value when exiting constructor. Consider adding the 'required' modifier or declaring the property as nullable. [C:\Users\Rohit Rathod\Desktop\JsapProject\JSAPNEW\JSAPNEW.csproj]
C:\Users\Rohit Rathod\Desktop\JsapProject\JSAPNEW\Models\QcModels.cs(178,44): warning CS8618: Non-nullable property 'SubParameters' must contain a non-null value when exiting constructor. Consider adding the 'required' modifier or declaring the property as nullable. [C:\Users\Rohit Rathod\Desktop\JsapProject\JSAPNEW\JSAPNEW.csproj]
C:\Users\Rohit Rathod\Desktop\JsapProject\JSAPNEW\Models\QcModels.cs(154,23): warning CS8618: Non-nullable property 'SubParameterName' must contain a non-null value when exiting constructor. Consider adding the 'required' modifier or declaring the property as nullable. [C:\Users\Rohit Rathod\Desktop\JsapProject\JSAPNEW\JSAPNEW.csproj]
C:\Users\Rohit Rathod\Desktop\JsapProject\JSAPNEW\Models\QcModels.cs(161,23): warning CS8618: Non-nullable property 'ImagePath' must contain a non-null value when exiting constructor. Consider adding the 'required' modifier or declaring the property as nullable. [C:\Users\Rohit Rathod\Desktop\JsapProject\JSAPNEW\JSAPNEW.csproj]
C:\Users\Rohit Rathod\Desktop\JsapProject\JSAPNEW\Models\QcModels.cs(162,23): warning CS8618: Non-nullable property 'DownloadUrl' must contain a non-null value when exiting constructor. Consider adding the 'required' modifier or declaring the property as nullable. [C:\Users\Rohit Rathod\Desktop\JsapProject\JSAPNEW\JSAPNEW.csproj]
C:\Users\Rohit Rathod\Desktop\JsapProject\JSAPNEW\Models\QcModels.cs(164,23): warning CS8618: Non-nullable property 'Remark' must contain a non-null value when exiting constructor. Consider adding the 'required' modifier or declaring the property as nullable. [C:\Users\Rohit Rathod\Desktop\JsapProject\JSAPNEW\JSAPNEW.csproj]
C:\Users\Rohit Rathod\Desktop\JsapProject\JSAPNEW\Models\QcModels.cs(167,23): warning CS8618: Non-nullable property 'ParameterName' must contain a non-null value when exiting constructor. Consider adding the 'required' modifier or declaring the property as nullable. [C:\Users\Rohit Rathod\Desktop\JsapProject\JSAPNEW\JSAPNEW.csproj]
C:\Users\Rohit Rathod\Desktop\JsapProject\JSAPNEW\Models\QcModels.cs(184,23): warning CS8618: Non-nullable property 'ParameterName' must contain a non-null value when exiting constructor. Consider adding the 'required' modifier or declaring the property as nullable. [C:\Users\Rohit Rathod\Desktop\JsapProject\JSAPNEW\JSAPNEW.csproj]
C:\Users\Rohit Rathod\Desktop\JsapProject\JSAPNEW\Models\QcModels.cs(188,23): warning CS8618: Non-nullable property 'SubParameterName' must contain a non-null value when exiting constructor. Consider adding the 'required' modifier or declaring the property as nullable. [C:\Users\Rohit Rathod\Desktop\JsapProject\JSAPNEW\JSAPNEW.csproj]
C:\Users\Rohit Rathod\Desktop\JsapProject\JSAPNEW\Models\QcModels.cs(127,23): warning CS8618: Non-nullable property 'DocumentTypeName' must contain a non-null value when exiting constructor. Consider adding the 'required' modifier or declaring the property as nullable. [C:\Users\Rohit Rathod\Desktop\JsapProject\JSAPNEW\JSAPNEW.csproj]
C:\Users\Rohit Rathod\Desktop\JsapProject\JSAPNEW\Models\QcModels.cs(128,23): warning CS8618: Non-nullable property 'HanaId' must contain a non-null value when exiting constructor. Consider adding the 'required' modifier or declaring the property as nullable. [C:\Users\Rohit Rathod\Desktop\JsapProject\JSAPNEW\JSAPNEW.csproj]
C:\Users\Rohit Rathod\Desktop\JsapProject\JSAPNEW\Models\QcModels.cs(130,23): warning CS8618: Non-nullable property 'DocumentPath' must contain a non-null value when exiting constructor. Consider adding the 'required' modifier or declaring the property as nullable. [C:\Users\Rohit Rathod\Desktop\JsapProject\JSAPNEW\JSAPNEW.csproj]
C:\Users\Rohit Rathod\Desktop\JsapProject\JSAPNEW\Models\QcModels.cs(138,23): warning CS8618: Non-nullable property 'ParameterName' must contain a non-null value when exiting constructor. Consider adding the 'required' modifier or declaring the property as nullable. [C:\Users\Rohit Rathod\Desktop\JsapProject\JSAPNEW\JSAPNEW.csproj]
C:\Users\Rohit Rathod\Desktop\JsapProject\JSAPNEW\Models\QcModels.cs(144,23): warning CS8618: Non-nullable property 'Value' must contain a non-null value when exiting constructor. Consider adding the 'required' modifier or declaring the property as nullable. [C:\Users\Rohit Rathod\Desktop\JsapProject\JSAPNEW\JSAPNEW.csproj]
C:\Users\Rohit Rathod\Desktop\JsapProject\JSAPNEW\Models\QcModels.cs(145,23): warning CS8618: Non-nullable property 'Remark' must contain a non-null value when exiting constructor. Consider adding the 'required' modifier or declaring the property as nullable. [C:\Users\Rohit Rathod\Desktop\JsapProject\JSAPNEW\JSAPNEW.csproj]
C:\Users\Rohit Rathod\Desktop\JsapProject\JSAPNEW\Models\QcModels.cs(102,23): warning CS8618: Non-nullable property 'FormNumber' must contain a non-null value when exiting constructor. Consider adding the 'required' modifier or declaring the property as nullable. [C:\Users\Rohit Rathod\Desktop\JsapProject\JSAPNEW\JSAPNEW.csproj]
C:\Users\Rohit Rathod\Desktop\JsapProject\JSAPNEW\Models\QcModels.cs(104,23): warning CS8618: Non-nullable property 'Status' must contain a non-null value when exiting constructor. Consider adding the 'required' modifier or declaring the property as nullable. [C:\Users\Rohit Rathod\Desktop\JsapProject\JSAPNEW\JSAPNEW.csproj]
C:\Users\Rohit Rathod\Desktop\JsapProject\JSAPNEW\Models\QcModels.cs(105,23): warning CS8618: Non-nullable property 'Remarks' must contain a non-null value when exiting constructor. Consider adding the 'required' modifier or declaring the property as nullable. [C:\Users\Rohit Rathod\Desktop\JsapProject\JSAPNEW\JSAPNEW.csproj]
C:\Users\Rohit Rathod\Desktop\JsapProject\JSAPNEW\Models\QcModels.cs(106,23): warning CS8618: Non-nullable property 'CreatedBy' must contain a non-null value when exiting constructor. Consider adding the 'required' modifier or declaring the property as nullable. [C:\Users\Rohit Rathod\Desktop\JsapProject\JSAPNEW\JSAPNEW.csproj]
C:\Users\Rohit Rathod\Desktop\JsapProject\JSAPNEW\Models\QcModels.cs(108,23): warning CS8618: Non-nullable property 'ModifiedBy' must contain a non-null value when exiting constructor. Consider adding the 'required' modifier or declaring the property as nullable. [C:\Users\Rohit Rathod\Desktop\JsapProject\JSAPNEW\JSAPNEW.csproj]
C:\Users\Rohit Rathod\Desktop\JsapProject\JSAPNEW\Models\QcModels.cs(67,23): warning CS8618: Non-nullable property 'Message' must contain a non-null value when exiting constructor. Consider adding the 'required' modifier or declaring the property as nullable. [C:\Users\Rohit Rathod\Desktop\JsapProject\JSAPNEW\JSAPNEW.csproj]
C:\Users\Rohit Rathod\Desktop\JsapProject\JSAPNEW\Models\QcModels.cs(58,23): warning CS8618: Non-nullable property 'SubParameterName' must contain a non-null value when exiting constructor. Consider adding the 'required' modifier or declaring the property as nullable. [C:\Users\Rohit Rathod\Desktop\JsapProject\JSAPNEW\JSAPNEW.csproj]
C:\Users\Rohit Rathod\Desktop\JsapProject\JSAPNEW\Models\QcModels.cs(51,23): warning CS8618: Non-nullable property 'Message' must contain a non-null value when exiting constructor. Consider adding the 'required' modifier or declaring the property as nullable. [C:\Users\Rohit Rathod\Desktop\JsapProject\JSAPNEW\JSAPNEW.csproj]
C:\Users\Rohit Rathod\Desktop\JsapProject\JSAPNEW\Models\QcModels.cs(42,23): warning CS8618: Non-nullable property 'ParameterName' must contain a non-null value when exiting constructor. Consider adding the 'required' modifier or declaring the property as nullable. [C:\Users\Rohit Rathod\Desktop\JsapProject\JSAPNEW\JSAPNEW.csproj]
C:\Users\Rohit Rathod\Desktop\JsapProject\JSAPNEW\Models\QcModels.cs(81,23): warning CS8618: Non-nullable property 'Result' must contain a non-null value when exiting constructor. Consider adding the 'required' modifier or declaring the property as nullable. [C:\Users\Rohit Rathod\Desktop\JsapProject\JSAPNEW\JSAPNEW.csproj]
C:\Users\Rohit Rathod\Desktop\JsapProject\JSAPNEW\Models\QcModels.cs(85,23): warning CS8618: Non-nullable property 'ItemCode' must contain a non-null value when exiting constructor. Consider adding the 'required' modifier or declaring the property as nullable. [C:\Users\Rohit Rathod\Desktop\JsapProject\JSAPNEW\JSAPNEW.csproj]
C:\Users\Rohit Rathod\Desktop\JsapProject\JSAPNEW\Models\QcModels.cs(86,23): warning CS8618: Non-nullable property 'ItemName' must contain a non-null value when exiting constructor. Consider adding the 'required' modifier or declaring the property as nullable. [C:\Users\Rohit Rathod\Desktop\JsapProject\JSAPNEW\JSAPNEW.csproj]
C:\Users\Rohit Rathod\Desktop\JsapProject\JSAPNEW\Models\QcModels.cs(87,23): warning CS8618: Non-nullable property 'Status' must contain a non-null value when exiting constructor. Consider adding the 'required' modifier or declaring the property as nullable. [C:\Users\Rohit Rathod\Desktop\JsapProject\JSAPNEW\JSAPNEW.csproj]
C:\Users\Rohit Rathod\Desktop\JsapProject\JSAPNEW\Models\QcModels.cs(88,23): warning CS8618: Non-nullable property 'ObjType' must contain a non-null value when exiting constructor. Consider adding the 'required' modifier or declaring the property as nullable. [C:\Users\Rohit Rathod\Desktop\JsapProject\JSAPNEW\JSAPNEW.csproj]
C:\Users\Rohit Rathod\Desktop\JsapProject\JSAPNEW\Models\QcModels.cs(89,23): warning CS8618: Non-nullable property 'PlannedQty' must contain a non-null value when exiting constructor. Consider adding the 'required' modifier or declaring the property as nullable. [C:\Users\Rohit Rathod\Desktop\JsapProject\JSAPNEW\JSAPNEW.csproj]
C:\Users\Rohit Rathod\Desktop\JsapProject\JSAPNEW\Models\QcModels.cs(90,23): warning CS8618: Non-nullable property 'Warehouse' must contain a non-null value when exiting constructor. Consider adding the 'required' modifier or declaring the property as nullable. [C:\Users\Rohit Rathod\Desktop\JsapProject\JSAPNEW\JSAPNEW.csproj]
C:\Users\Rohit Rathod\Desktop\JsapProject\JSAPNEW\Models\QcModels.cs(91,23): warning CS8618: Non-nullable property 'Type' must contain a non-null value when exiting constructor. Consider adding the 'required' modifier or declaring the property as nullable. [C:\Users\Rohit Rathod\Desktop\JsapProject\JSAPNEW\JSAPNEW.csproj]
C:\Users\Rohit Rathod\Desktop\JsapProject\JSAPNEW\Models\QcModels.cs(92,23): warning CS8618: Non-nullable property 'BaseQty' must contain a non-null value when exiting constructor. Consider adding the 'required' modifier or declaring the property as nullable. [C:\Users\Rohit Rathod\Desktop\JsapProject\JSAPNEW\JSAPNEW.csproj]
C:\Users\Rohit Rathod\Desktop\JsapProject\JSAPNEW\Models\QcModels.cs(94,23): warning CS8618: Non-nullable property 'Box' must contain a non-null value when exiting constructor. Consider adding the 'required' modifier or declaring the property as nullable. [C:\Users\Rohit Rathod\Desktop\JsapProject\JSAPNEW\JSAPNEW.csproj]
C:\Users\Rohit Rathod\Desktop\JsapProject\JSAPNEW\Models\QcModels.cs(95,23): warning CS8618: Non-nullable property 'Litre' must contain a non-null value when exiting constructor. Consider adding the 'required' modifier or declaring the property as nullable. [C:\Users\Rohit Rathod\Desktop\JsapProject\JSAPNEW\JSAPNEW.csproj]
C:\Users\Rohit Rathod\Desktop\JsapProject\JSAPNEW\Models\QcModels.cs(96,23): warning CS8618: Non-nullable property 'Date' must contain a non-null value when exiting constructor. Consider adding the 'required' modifier or declaring the property as nullable. [C:\Users\Rohit Rathod\Desktop\JsapProject\JSAPNEW\JSAPNEW.csproj]
C:\Users\Rohit Rathod\Desktop\JsapProject\JSAPNEW\Models\QcModels.cs(24,23): warning CS8618: Non-nullable property 'FormNumber' must contain a non-null value when exiting constructor. Consider adding the 'required' modifier or declaring the property as nullable. [C:\Users\Rohit Rathod\Desktop\JsapProject\JSAPNEW\JSAPNEW.csproj]
C:\Users\Rohit Rathod\Desktop\JsapProject\JSAPNEW\Models\QcModels.cs(26,23): warning CS8618: Non-nullable property 'Status' must contain a non-null value when exiting constructor. Consider adding the 'required' modifier or declaring the property as nullable. [C:\Users\Rohit Rathod\Desktop\JsapProject\JSAPNEW\JSAPNEW.csproj]
C:\Users\Rohit Rathod\Desktop\JsapProject\JSAPNEW\Models\QcModels.cs(28,23): warning CS8618: Non-nullable property 'CreatedBy' must contain a non-null value when exiting constructor. Consider adding the 'required' modifier or declaring the property as nullable. [C:\Users\Rohit Rathod\Desktop\JsapProject\JSAPNEW\JSAPNEW.csproj]
C:\Users\Rohit Rathod\Desktop\JsapProject\JSAPNEW\Models\QcModels.cs(11,23): warning CS8618: Non-nullable property 'Message' must contain a non-null value when exiting constructor. Consider adding the 'required' modifier or declaring the property as nullable. [C:\Users\Rohit Rathod\Desktop\JsapProject\JSAPNEW\JSAPNEW.csproj]
C:\Users\Rohit Rathod\Desktop\JsapProject\JSAPNEW\Models\QcModels.cs(16,23): warning CS8618: Non-nullable property 'DocumentTypeName' must contain a non-null value when exiting constructor. Consider adding the 'required' modifier or declaring the property as nullable. [C:\Users\Rohit Rathod\Desktop\JsapProject\JSAPNEW\JSAPNEW.csproj]
C:\Users\Rohit Rathod\Desktop\JsapProject\JSAPNEW\Models\QcModels.cs(19,23): warning CS8618: Non-nullable property 'DocumentPath' must contain a non-null value when exiting constructor. Consider adding the 'required' modifier or declaring the property as nullable. [C:\Users\Rohit Rathod\Desktop\JsapProject\JSAPNEW\JSAPNEW.csproj]
C:\Users\Rohit Rathod\Desktop\JsapProject\JSAPNEW\Models\QcModels.cs(6,23): warning CS8618: Non-nullable property 'Message' must contain a non-null value when exiting constructor. Consider adding the 'required' modifier or declaring the property as nullable. [C:\Users\Rohit Rathod\Desktop\JsapProject\JSAPNEW\JSAPNEW.csproj]
C:\Users\Rohit Rathod\Desktop\JsapProject\JSAPNEW\Models\PrdoModels.cs(146,23): warning CS8618: Non-nullable property 'StageName' must contain a non-null value when exiting constructor. Consider adding the 'required' modifier or declaring the property as nullable. [C:\Users\Rohit Rathod\Desktop\JsapProject\JSAPNEW\JSAPNEW.csproj]
C:\Users\Rohit Rathod\Desktop\JsapProject\JSAPNEW\Models\PrdoModels.cs(148,23): warning CS8618: Non-nullable property 'AssignedTo' must contain a non-null value when exiting constructor. Consider adding the 'required' modifier or declaring the property as nullable. [C:\Users\Rohit Rathod\Desktop\JsapProject\JSAPNEW\JSAPNEW.csproj]
C:\Users\Rohit Rathod\Desktop\JsapProject\JSAPNEW\Models\PrdoModels.cs(149,23): warning CS8618: Non-nullable property 'ActionStatus' must contain a non-null value when exiting constructor. Consider adding the 'required' modifier or declaring the property as nullable. [C:\Users\Rohit Rathod\Desktop\JsapProject\JSAPNEW\JSAPNEW.csproj]
C:\Users\Rohit Rathod\Desktop\JsapProject\JSAPNEW\Models\PrdoModels.cs(151,23): warning CS8618: Non-nullable property 'Description' must contain a non-null value when exiting constructor. Consider adding the 'required' modifier or declaring the property as nullable. [C:\Users\Rohit Rathod\Desktop\JsapProject\JSAPNEW\JSAPNEW.csproj]
C:\Users\Rohit Rathod\Desktop\JsapProject\JSAPNEW\Models\PrdoModels.cs(152,23): warning CS8618: Non-nullable property 'ApprovalRequired' must contain a non-null value when exiting constructor. Consider adding the 'required' modifier or declaring the property as nullable. [C:\Users\Rohit Rathod\Desktop\JsapProject\JSAPNEW\JSAPNEW.csproj]
C:\Users\Rohit Rathod\Desktop\JsapProject\JSAPNEW\Models\PrdoModels.cs(153,23): warning CS8618: Non-nullable property 'RejectRequired' must contain a non-null value when exiting constructor. Consider adding the 'required' modifier or declaring the property as nullable. [C:\Users\Rohit Rathod\Desktop\JsapProject\JSAPNEW\JSAPNEW.csproj]
C:\Users\Rohit Rathod\Desktop\JsapProject\JSAPNEW\Models\PrdoModels.cs(157,23): warning CS8618: Non-nullable property 'ItemCode' must contain a non-null value when exiting constructor. Consider adding the 'required' modifier or declaring the property as nullable. [C:\Users\Rohit Rathod\Desktop\JsapProject\JSAPNEW\JSAPNEW.csproj]
C:\Users\Rohit Rathod\Desktop\JsapProject\JSAPNEW\Models\PrdoModels.cs(158,23): warning CS8618: Non-nullable property 'WhsCode' must contain a non-null value when exiting constructor. Consider adding the 'required' modifier or declaring the property as nullable. [C:\Users\Rohit Rathod\Desktop\JsapProject\JSAPNEW\JSAPNEW.csproj]
C:\Users\Rohit Rathod\Desktop\JsapProject\JSAPNEW\Models\PrdoModels.cs(159,23): warning CS8618: Non-nullable property 'WhsName' must contain a non-null value when exiting constructor. Consider adding the 'required' modifier or declaring the property as nullable. [C:\Users\Rohit Rathod\Desktop\JsapProject\JSAPNEW\JSAPNEW.csproj]
C:\Users\Rohit Rathod\Desktop\JsapProject\JSAPNEW\Models\PrdoModels.cs(161,23): warning CS8618: Non-nullable property 'StockQty' must contain a non-null value when exiting constructor. Consider adding the 'required' modifier or declaring the property as nullable. [C:\Users\Rohit Rathod\Desktop\JsapProject\JSAPNEW\JSAPNEW.csproj]
C:\Users\Rohit Rathod\Desktop\JsapProject\JSAPNEW\Models\PrdoModels.cs(167,23): warning CS8618: Non-nullable property 'ItemCode' must contain a non-null value when exiting constructor. Consider adding the 'required' modifier or declaring the property as nullable. [C:\Users\Rohit Rathod\Desktop\JsapProject\JSAPNEW\JSAPNEW.csproj]
C:\Users\Rohit Rathod\Desktop\JsapProject\JSAPNEW\Models\PrdoModels.cs(168,23): warning CS8618: Non-nullable property 'ItemName' must contain a non-null value when exiting constructor. Consider adding the 'required' modifier or declaring the property as nullable. [C:\Users\Rohit Rathod\Desktop\JsapProject\JSAPNEW\JSAPNEW.csproj]
C:\Users\Rohit Rathod\Desktop\JsapProject\JSAPNEW\Models\PrdoModels.cs(169,23): warning CS8618: Non-nullable property 'Warehouse' must contain a non-null value when exiting constructor. Consider adding the 'required' modifier or declaring the property as nullable. [C:\Users\Rohit Rathod\Desktop\JsapProject\JSAPNEW\JSAPNEW.csproj]
C:\Users\Rohit Rathod\Desktop\JsapProject\JSAPNEW\Models\PrdoModels.cs(174,23): warning CS8618: Non-nullable property 'Comments' must contain a non-null value when exiting constructor. Consider adding the 'required' modifier or declaring the property as nullable. [C:\Users\Rohit Rathod\Desktop\JsapProject\JSAPNEW\JSAPNEW.csproj]
C:\Users\Rohit Rathod\Desktop\JsapProject\JSAPNEW\Models\PrdoModels.cs(175,23): warning CS8618: Non-nullable property 'CreatedBy' must contain a non-null value when exiting constructor. Consider adding the 'required' modifier or declaring the property as nullable. [C:\Users\Rohit Rathod\Desktop\JsapProject\JSAPNEW\JSAPNEW.csproj]
C:\Users\Rohit Rathod\Desktop\JsapProject\JSAPNEW\Models\PrdoModels.cs(176,23): warning CS8618: Non-nullable property 'status' must contain a non-null value when exiting constructor. Consider adding the 'required' modifier or declaring the property as nullable. [C:\Users\Rohit Rathod\Desktop\JsapProject\JSAPNEW\JSAPNEW.csproj]
C:\Users\Rohit Rathod\Desktop\JsapProject\JSAPNEW\Models\PrdoModels.cs(112,41): warning CS8618: Non-nullable property 'ProductionOrderHeader' must contain a non-null value when exiting constructor. Consider adding the 'required' modifier or declaring the property as nullable. [C:\Users\Rohit Rathod\Desktop\JsapProject\JSAPNEW\JSAPNEW.csproj]
C:\Users\Rohit Rathod\Desktop\JsapProject\JSAPNEW\Models\PrdoModels.cs(113,47): warning CS8618: Non-nullable property 'ProductionOrderDetails' must contain a non-null value when exiting constructor. Consider adding the 'required' modifier or declaring the property as nullable. [C:\Users\Rohit Rathod\Desktop\JsapProject\JSAPNEW\JSAPNEW.csproj]
C:\Users\Rohit Rathod\Desktop\JsapProject\JSAPNEW\Models\PrdoModels.cs(119,23): warning CS8618: Non-nullable property 'DocEntry' must contain a non-null value when exiting constructor. Consider adding the 'required' modifier or declaring the property as nullable. [C:\Users\Rohit Rathod\Desktop\JsapProject\JSAPNEW\JSAPNEW.csproj]
C:\Users\Rohit Rathod\Desktop\JsapProject\JSAPNEW\Models\PrdoModels.cs(123,23): warning CS8618: Non-nullable property 'CurrentStage' must contain a non-null value when exiting constructor. Consider adding the 'required' modifier or declaring the property as nullable. [C:\Users\Rohit Rathod\Desktop\JsapProject\JSAPNEW\JSAPNEW.csproj]
C:\Users\Rohit Rathod\Desktop\JsapProject\JSAPNEW\Models\PrdoModels.cs(124,23): warning CS8618: Non-nullable property 'CurrentStatus' must contain a non-null value when exiting constructor. Consider adding the 'required' modifier or declaring the property as nullable. [C:\Users\Rohit Rathod\Desktop\JsapProject\JSAPNEW\JSAPNEW.csproj]
C:\Users\Rohit Rathod\Desktop\JsapProject\JSAPNEW\Models\PrdoModels.cs(106,23): warning CS8618: Non-nullable property 'Remarks' must contain a non-null value when exiting constructor. Consider adding the 'required' modifier or declaring the property as nullable. [C:\Users\Rohit Rathod\Desktop\JsapProject\JSAPNEW\JSAPNEW.csproj]
C:\Users\Rohit Rathod\Desktop\JsapProject\JSAPNEW\Services\Implementation\UserService.cs(1533,28): warning CS8603: Possible null reference return. [C:\Users\Rohit Rathod\Desktop\JsapProject\JSAPNEW\JSAPNEW.csproj]
C:\Users\Rohit Rathod\Desktop\JsapProject\JSAPNEW\Services\Implementation\UserService.cs(1580,24): warning CS8603: Possible null reference return. [C:\Users\Rohit Rathod\Desktop\JsapProject\JSAPNEW\JSAPNEW.csproj]
C:\Users\Rohit Rathod\Desktop\JsapProject\JSAPNEW\Models\PrdoModels.cs(82,23): warning CS8618: Non-nullable property 'DocIds' must contain a non-null value when exiting constructor. Consider adding the 'required' modifier or declaring the property as nullable. [C:\Users\Rohit Rathod\Desktop\JsapProject\JSAPNEW\JSAPNEW.csproj]
C:\Users\Rohit Rathod\Desktop\JsapProject\JSAPNEW\Models\PrdoModels.cs(129,23): warning CS8618: Non-nullable property 'DocEntry' must contain a non-null value when exiting constructor. Consider adding the 'required' modifier or declaring the property as nullable. [C:\Users\Rohit Rathod\Desktop\JsapProject\JSAPNEW\JSAPNEW.csproj]
C:\Users\Rohit Rathod\Desktop\JsapProject\JSAPNEW\Models\PrdoModels.cs(130,23): warning CS8618: Non-nullable property 'Status' must contain a non-null value when exiting constructor. Consider adding the 'required' modifier or declaring the property as nullable. [C:\Users\Rohit Rathod\Desktop\JsapProject\JSAPNEW\JSAPNEW.csproj]
C:\Users\Rohit Rathod\Desktop\JsapProject\JSAPNEW\Models\PrdoModels.cs(131,23): warning CS8618: Non-nullable property 'Type' must contain a non-null value when exiting constructor. Consider adding the 'required' modifier or declaring the property as nullable. [C:\Users\Rohit Rathod\Desktop\JsapProject\JSAPNEW\JSAPNEW.csproj]
C:\Users\Rohit Rathod\Desktop\JsapProject\JSAPNEW\Models\PrdoModels.cs(132,23): warning CS8618: Non-nullable property 'Warehouse' must contain a non-null value when exiting constructor. Consider adding the 'required' modifier or declaring the property as nullable. [C:\Users\Rohit Rathod\Desktop\JsapProject\JSAPNEW\JSAPNEW.csproj]
C:\Users\Rohit Rathod\Desktop\JsapProject\JSAPNEW\Models\PrdoModels.cs(134,23): warning CS8618: Non-nullable property 'ItemCode' must contain a non-null value when exiting constructor. Consider adding the 'required' modifier or declaring the property as nullable. [C:\Users\Rohit Rathod\Desktop\JsapProject\JSAPNEW\JSAPNEW.csproj]
C:\Users\Rohit Rathod\Desktop\JsapProject\JSAPNEW\Models\PrdoModels.cs(135,23): warning CS8618: Non-nullable property 'ItemName' must contain a non-null value when exiting constructor. Consider adding the 'required' modifier or declaring the property as nullable. [C:\Users\Rohit Rathod\Desktop\JsapProject\JSAPNEW\JSAPNEW.csproj]
C:\Users\Rohit Rathod\Desktop\JsapProject\JSAPNEW\Models\PrdoModels.cs(136,23): warning CS8618: Non-nullable property 'ItemSubGroup' must contain a non-null value when exiting constructor. Consider adding the 'required' modifier or declaring the property as nullable. [C:\Users\Rohit Rathod\Desktop\JsapProject\JSAPNEW\JSAPNEW.csproj]
C:\Users\Rohit Rathod\Desktop\JsapProject\JSAPNEW\Models\PrdoModels.cs(140,23): warning CS8618: Non-nullable property 'Comments' must contain a non-null value when exiting constructor. Consider adding the 'required' modifier or declaring the property as nullable. [C:\Users\Rohit Rathod\Desktop\JsapProject\JSAPNEW\JSAPNEW.csproj]
C:\Users\Rohit Rathod\Desktop\JsapProject\JSAPNEW\Models\PrdoModels.cs(141,23): warning CS8618: Non-nullable property 'CreatedBy' must contain a non-null value when exiting constructor. Consider adding the 'required' modifier or declaring the property as nullable. [C:\Users\Rohit Rathod\Desktop\JsapProject\JSAPNEW\JSAPNEW.csproj]
C:\Users\Rohit Rathod\Desktop\JsapProject\JSAPNEW\Models\PrdoModels.cs(72,23): warning CS8618: Non-nullable property 'UserName' must contain a non-null value when exiting constructor. Consider adding the 'required' modifier or declaring the property as nullable. [C:\Users\Rohit Rathod\Desktop\JsapProject\JSAPNEW\JSAPNEW.csproj]
C:\Users\Rohit Rathod\Desktop\JsapProject\JSAPNEW\Models\PrdoModels.cs(76,23): warning CS8618: Non-nullable property 'Type' must contain a non-null value when exiting constructor. Consider adding the 'required' modifier or declaring the property as nullable. [C:\Users\Rohit Rathod\Desktop\JsapProject\JSAPNEW\JSAPNEW.csproj]
C:\Users\Rohit Rathod\Desktop\JsapProject\JSAPNEW\Models\PrdoModels.cs(8,23): warning CS8618: Non-nullable property 'Message' must contain a non-null value when exiting constructor. Consider adding the 'required' modifier or declaring the property as nullable. [C:\Users\Rohit Rathod\Desktop\JsapProject\JSAPNEW\JSAPNEW.csproj]
C:\Users\Rohit Rathod\Desktop\JsapProject\JSAPNEW\Models\PermissionModels.cs(108,23): warning CS8618: Non-nullable property 'moduleName' must contain a non-null value when exiting constructor. Consider adding the 'required' modifier or declaring the property as nullable. [C:\Users\Rohit Rathod\Desktop\JsapProject\JSAPNEW\JSAPNEW.csproj]
C:\Users\Rohit Rathod\Desktop\JsapProject\JSAPNEW\Models\PermissionModels.cs(109,23): warning CS8618: Non-nullable property 'permissionType' must contain a non-null value when exiting constructor. Consider adding the 'required' modifier or declaring the property as nullable. [C:\Users\Rohit Rathod\Desktop\JsapProject\JSAPNEW\JSAPNEW.csproj]
C:\Users\Rohit Rathod\Desktop\JsapProject\JSAPNEW\Models\PermissionModels.cs(110,23): warning CS8618: Non-nullable property 'modulePermission' must contain a non-null value when exiting constructor. Consider adding the 'required' modifier or declaring the property as nullable. [C:\Users\Rohit Rathod\Desktop\JsapProject\JSAPNEW\JSAPNEW.csproj]
C:\Users\Rohit Rathod\Desktop\JsapProject\JSAPNEW\Models\PrdoModels.cs(32,23): warning CS8618: Non-nullable property 'ItemCode' must contain a non-null value when exiting constructor. Consider adding the 'required' modifier or declaring the property as nullable. [C:\Users\Rohit Rathod\Desktop\JsapProject\JSAPNEW\JSAPNEW.csproj]
C:\Users\Rohit Rathod\Desktop\JsapProject\JSAPNEW\Models\PrdoModels.cs(33,23): warning CS8618: Non-nullable property 'ItemName' must contain a non-null value when exiting constructor. Consider adding the 'required' modifier or declaring the property as nullable. [C:\Users\Rohit Rathod\Desktop\JsapProject\JSAPNEW\JSAPNEW.csproj]
C:\Users\Rohit Rathod\Desktop\JsapProject\JSAPNEW\Models\PrdoModels.cs(34,23): warning CS8618: Non-nullable property 'ItemSubGroup' must contain a non-null value when exiting constructor. Consider adding the 'required' modifier or declaring the property as nullable. [C:\Users\Rohit Rathod\Desktop\JsapProject\JSAPNEW\JSAPNEW.csproj]
C:\Users\Rohit Rathod\Desktop\JsapProject\JSAPNEW\Models\PrdoModels.cs(35,23): warning CS8618: Non-nullable property 'Warehouse' must contain a non-null value when exiting constructor. Consider adding the 'required' modifier or declaring the property as nullable. [C:\Users\Rohit Rathod\Desktop\JsapProject\JSAPNEW\JSAPNEW.csproj]
C:\Users\Rohit Rathod\Desktop\JsapProject\JSAPNEW\Models\PrdoModels.cs(40,23): warning CS8618: Non-nullable property 'CreatedBy' must contain a non-null value when exiting constructor. Consider adding the 'required' modifier or declaring the property as nullable. [C:\Users\Rohit Rathod\Desktop\JsapProject\JSAPNEW\JSAPNEW.csproj]
C:\Users\Rohit Rathod\Desktop\JsapProject\JSAPNEW\Models\PrdoModels.cs(41,23): warning CS8618: Non-nullable property 'Comments' must contain a non-null value when exiting constructor. Consider adding the 'required' modifier or declaring the property as nullable. [C:\Users\Rohit Rathod\Desktop\JsapProject\JSAPNEW\JSAPNEW.csproj]
C:\Users\Rohit Rathod\Desktop\JsapProject\JSAPNEW\Models\PermissionModels.cs(101,23): warning CS8618: Non-nullable property 'permissionType' must contain a non-null value when exiting constructor. Consider adding the 'required' modifier or declaring the property as nullable. [C:\Users\Rohit Rathod\Desktop\JsapProject\JSAPNEW\JSAPNEW.csproj]
C:\Users\Rohit Rathod\Desktop\JsapProject\JSAPNEW\Models\PrdoModels.cs(15,23): warning CS8618: Non-nullable property 'ItemCode' must contain a non-null value when exiting constructor. Consider adding the 'required' modifier or declaring the property as nullable. [C:\Users\Rohit Rathod\Desktop\JsapProject\JSAPNEW\JSAPNEW.csproj]
C:\Users\Rohit Rathod\Desktop\JsapProject\JSAPNEW\Models\PrdoModels.cs(16,23): warning CS8618: Non-nullable property 'ItemName' must contain a non-null value when exiting constructor. Consider adding the 'required' modifier or declaring the property as nullable. [C:\Users\Rohit Rathod\Desktop\JsapProject\JSAPNEW\JSAPNEW.csproj]
C:\Users\Rohit Rathod\Desktop\JsapProject\JSAPNEW\Models\PrdoModels.cs(17,23): warning CS8618: Non-nullable property 'Warehouse' must contain a non-null value when exiting constructor. Consider adding the 'required' modifier or declaring the property as nullable. [C:\Users\Rohit Rathod\Desktop\JsapProject\JSAPNEW\JSAPNEW.csproj]
C:\Users\Rohit Rathod\Desktop\JsapProject\JSAPNEW\Models\PrdoModels.cs(22,23): warning CS8618: Non-nullable property 'CreatedBy' must contain a non-null value when exiting constructor. Consider adding the 'required' modifier or declaring the property as nullable. [C:\Users\Rohit Rathod\Desktop\JsapProject\JSAPNEW\JSAPNEW.csproj]
C:\Users\Rohit Rathod\Desktop\JsapProject\JSAPNEW\Models\PrdoModels.cs(23,23): warning CS8618: Non-nullable property 'ApprovalStatus' must contain a non-null value when exiting constructor. Consider adding the 'required' modifier or declaring the property as nullable. [C:\Users\Rohit Rathod\Desktop\JsapProject\JSAPNEW\JSAPNEW.csproj]
C:\Users\Rohit Rathod\Desktop\JsapProject\JSAPNEW\Models\PrdoModels.cs(25,23): warning CS8618: Non-nullable property 'ApprovalRemarks' must contain a non-null value when exiting constructor. Consider adding the 'required' modifier or declaring the property as nullable. [C:\Users\Rohit Rathod\Desktop\JsapProject\JSAPNEW\JSAPNEW.csproj]
C:\Users\Rohit Rathod\Desktop\JsapProject\JSAPNEW\Models\PermissionModels.cs(85,23): warning CS8618: Non-nullable property 'GroupName' must contain a non-null value when exiting constructor. Consider adding the 'required' modifier or declaring the property as nullable. [C:\Users\Rohit Rathod\Desktop\JsapProject\JSAPNEW\JSAPNEW.csproj]
C:\Users\Rohit Rathod\Desktop\JsapProject\JSAPNEW\Models\PermissionModels.cs(86,23): warning CS8618: Non-nullable property 'Description' must contain a non-null value when exiting constructor. Consider adding the 'required' modifier or declaring the property as nullable. [C:\Users\Rohit Rathod\Desktop\JsapProject\JSAPNEW\JSAPNEW.csproj]
C:\Users\Rohit Rathod\Desktop\JsapProject\JSAPNEW\Models\PrdoModels.cs(48,23): warning CS8618: Non-nullable property 'ItemCode' must contain a non-null value when exiting constructor. Consider adding the 'required' modifier or declaring the property as nullable. [C:\Users\Rohit Rathod\Desktop\JsapProject\JSAPNEW\JSAPNEW.csproj]
C:\Users\Rohit Rathod\Desktop\JsapProject\JSAPNEW\Models\PrdoModels.cs(49,23): warning CS8618: Non-nullable property 'ItemName' must contain a non-null value when exiting constructor. Consider adding the 'required' modifier or declaring the property as nullable. [C:\Users\Rohit Rathod\Desktop\JsapProject\JSAPNEW\JSAPNEW.csproj]
C:\Users\Rohit Rathod\Desktop\JsapProject\JSAPNEW\Models\PrdoModels.cs(50,23): warning CS8618: Non-nullable property 'Warehouse' must contain a non-null value when exiting constructor. Consider adding the 'required' modifier or declaring the property as nullable. [C:\Users\Rohit Rathod\Desktop\JsapProject\JSAPNEW\JSAPNEW.csproj]
C:\Users\Rohit Rathod\Desktop\JsapProject\JSAPNEW\Models\PrdoModels.cs(55,23): warning CS8618: Non-nullable property 'Comments' must contain a non-null value when exiting constructor. Consider adding the 'required' modifier or declaring the property as nullable. [C:\Users\Rohit Rathod\Desktop\JsapProject\JSAPNEW\JSAPNEW.csproj]
C:\Users\Rohit Rathod\Desktop\JsapProject\JSAPNEW\Models\PrdoModels.cs(56,23): warning CS8618: Non-nullable property 'CreatedBy' must contain a non-null value when exiting constructor. Consider adding the 'required' modifier or declaring the property as nullable. [C:\Users\Rohit Rathod\Desktop\JsapProject\JSAPNEW\JSAPNEW.csproj]
C:\Users\Rohit Rathod\Desktop\JsapProject\JSAPNEW\Models\PrdoModels.cs(57,23): warning CS8618: Non-nullable property 'ApprovalStatus' must contain a non-null value when exiting constructor. Consider adding the 'required' modifier or declaring the property as nullable. [C:\Users\Rohit Rathod\Desktop\JsapProject\JSAPNEW\JSAPNEW.csproj]
C:\Users\Rohit Rathod\Desktop\JsapProject\JSAPNEW\Models\PrdoModels.cs(59,23): warning CS8618: Non-nullable property 'ApprovalRemarks' must contain a non-null value when exiting constructor. Consider adding the 'required' modifier or declaring the property as nullable. [C:\Users\Rohit Rathod\Desktop\JsapProject\JSAPNEW\JSAPNEW.csproj]
C:\Users\Rohit Rathod\Desktop\JsapProject\JSAPNEW\Models\PermissionModels.cs(80,23): warning CS8618: Non-nullable property 'ModuleName' must contain a non-null value when exiting constructor. Consider adding the 'required' modifier or declaring the property as nullable. [C:\Users\Rohit Rathod\Desktop\JsapProject\JSAPNEW\JSAPNEW.csproj]
C:\Users\Rohit Rathod\Desktop\JsapProject\JSAPNEW\Models\PermissionModels.cs(97,23): warning CS8618: Non-nullable property 'PermissionType' must contain a non-null value when exiting constructor. Consider adding the 'required' modifier or declaring the property as nullable. [C:\Users\Rohit Rathod\Desktop\JsapProject\JSAPNEW\JSAPNEW.csproj]
C:\Users\Rohit Rathod\Desktop\JsapProject\JSAPNEW\Models\PermissionModels.cs(91,23): warning CS8618: Non-nullable property 'ModuleName' must contain a non-null value when exiting constructor. Consider adding the 'required' modifier or declaring the property as nullable. [C:\Users\Rohit Rathod\Desktop\JsapProject\JSAPNEW\JSAPNEW.csproj]
C:\Users\Rohit Rathod\Desktop\JsapProject\JSAPNEW\Models\PermissionModels.cs(92,23): warning CS8618: Non-nullable property 'Description' must contain a non-null value when exiting constructor. Consider adding the 'required' modifier or declaring the property as nullable. [C:\Users\Rohit Rathod\Desktop\JsapProject\JSAPNEW\JSAPNEW.csproj]
C:\Users\Rohit Rathod\Desktop\JsapProject\JSAPNEW\Models\PermissionModels.cs(60,23): warning CS8618: Non-nullable property 'ModuleName' must contain a non-null value when exiting constructor. Consider adding the 'required' modifier or declaring the property as nullable. [C:\Users\Rohit Rathod\Desktop\JsapProject\JSAPNEW\JSAPNEW.csproj]
C:\Users\Rohit Rathod\Desktop\JsapProject\JSAPNEW\Models\PermissionModels.cs(61,23): warning CS8618: Non-nullable property 'PermissionType' must contain a non-null value when exiting constructor. Consider adding the 'required' modifier or declaring the property as nullable. [C:\Users\Rohit Rathod\Desktop\JsapProject\JSAPNEW\JSAPNEW.csproj]
C:\Users\Rohit Rathod\Desktop\JsapProject\JSAPNEW\Models\PermissionModels.cs(52,23): warning CS8618: Non-nullable property 'ModuleName' must contain a non-null value when exiting constructor. Consider adding the 'required' modifier or declaring the property as nullable. [C:\Users\Rohit Rathod\Desktop\JsapProject\JSAPNEW\JSAPNEW.csproj]
C:\Users\Rohit Rathod\Desktop\JsapProject\JSAPNEW\Models\PermissionModels.cs(54,23): warning CS8618: Non-nullable property 'PermissionType' must contain a non-null value when exiting constructor. Consider adding the 'required' modifier or declaring the property as nullable. [C:\Users\Rohit Rathod\Desktop\JsapProject\JSAPNEW\JSAPNEW.csproj]
C:\Users\Rohit Rathod\Desktop\JsapProject\JSAPNEW\Models\PermissionModels.cs(46,23): warning CS8618: Non-nullable property 'ModuleName' must contain a non-null value when exiting constructor. Consider adding the 'required' modifier or declaring the property as nullable. [C:\Users\Rohit Rathod\Desktop\JsapProject\JSAPNEW\JSAPNEW.csproj]
C:\Users\Rohit Rathod\Desktop\JsapProject\JSAPNEW\Models\PermissionModels.cs(47,23): warning CS8618: Non-nullable property 'PermissionType' must contain a non-null value when exiting constructor. Consider adding the 'required' modifier or declaring the property as nullable. [C:\Users\Rohit Rathod\Desktop\JsapProject\JSAPNEW\JSAPNEW.csproj]
C:\Users\Rohit Rathod\Desktop\JsapProject\JSAPNEW\Models\PermissionModels.cs(36,23): warning CS8618: Non-nullable property 'PermissionId' must contain a non-null value when exiting constructor. Consider adding the 'required' modifier or declaring the property as nullable. [C:\Users\Rohit Rathod\Desktop\JsapProject\JSAPNEW\JSAPNEW.csproj]
C:\Users\Rohit Rathod\Desktop\JsapProject\JSAPNEW\Models\PermissionModels.cs(29,23): warning CS8618: Non-nullable property 'LoginUser' must contain a non-null value when exiting constructor. Consider adding the 'required' modifier or declaring the property as nullable. [C:\Users\Rohit Rathod\Desktop\JsapProject\JSAPNEW\JSAPNEW.csproj]
C:\Users\Rohit Rathod\Desktop\JsapProject\JSAPNEW\Models\PermissionModels.cs(30,23): warning CS8618: Non-nullable property 'UserEmail' must contain a non-null value when exiting constructor. Consider adding the 'required' modifier or declaring the property as nullable. [C:\Users\Rohit Rathod\Desktop\JsapProject\JSAPNEW\JSAPNEW.csproj]
C:\Users\Rohit Rathod\Desktop\JsapProject\JSAPNEW\Models\PermissionModels.cs(23,23): warning CS8618: Non-nullable property 'GroupName' must contain a non-null value when exiting constructor. Consider adding the 'required' modifier or declaring the property as nullable. [C:\Users\Rohit Rathod\Desktop\JsapProject\JSAPNEW\JSAPNEW.csproj]
C:\Users\Rohit Rathod\Desktop\JsapProject\JSAPNEW\Models\PermissionModels.cs(24,23): warning CS8618: Non-nullable property 'Description' must contain a non-null value when exiting constructor. Consider adding the 'required' modifier or declaring the property as nullable. [C:\Users\Rohit Rathod\Desktop\JsapProject\JSAPNEW\JSAPNEW.csproj]
C:\Users\Rohit Rathod\Desktop\JsapProject\JSAPNEW\Models\PermissionModels.cs(72,23): warning CS8618: Non-nullable property 'ModuleName' must contain a non-null value when exiting constructor. Consider adding the 'required' modifier or declaring the property as nullable. [C:\Users\Rohit Rathod\Desktop\JsapProject\JSAPNEW\JSAPNEW.csproj]
C:\Users\Rohit Rathod\Desktop\JsapProject\JSAPNEW\Models\PermissionModels.cs(74,23): warning CS8618: Non-nullable property 'PermissionType' must contain a non-null value when exiting constructor. Consider adding the 'required' modifier or declaring the property as nullable. [C:\Users\Rohit Rathod\Desktop\JsapProject\JSAPNEW\JSAPNEW.csproj]
C:\Users\Rohit Rathod\Desktop\JsapProject\JSAPNEW\Models\PermissionModels.cs(76,23): warning CS8618: Non-nullable property 'GroupName' must contain a non-null value when exiting constructor. Consider adding the 'required' modifier or declaring the property as nullable. [C:\Users\Rohit Rathod\Desktop\JsapProject\JSAPNEW\JSAPNEW.csproj]
C:\Users\Rohit Rathod\Desktop\JsapProject\JSAPNEW\Models\PermissionModels.cs(11,23): warning CS8618: Non-nullable property 'Message' must contain a non-null value when exiting constructor. Consider adding the 'required' modifier or declaring the property as nullable. [C:\Users\Rohit Rathod\Desktop\JsapProject\JSAPNEW\JSAPNEW.csproj]
C:\Users\Rohit Rathod\Desktop\JsapProject\JSAPNEW\Models\PermissionModels.cs(6,23): warning CS8618: Non-nullable property 'Message' must contain a non-null value when exiting constructor. Consider adding the 'required' modifier or declaring the property as nullable. [C:\Users\Rohit Rathod\Desktop\JsapProject\JSAPNEW\JSAPNEW.csproj]
C:\Users\Rohit Rathod\Desktop\JsapProject\JSAPNEW\Models\PermissionModels.cs(7,18): warning CS8618: Non-nullable property 'Data' must contain a non-null value when exiting constructor. Consider adding the 'required' modifier or declaring the property as nullable. [C:\Users\Rohit Rathod\Desktop\JsapProject\JSAPNEW\JSAPNEW.csproj]
C:\Users\Rohit Rathod\Desktop\JsapProject\JSAPNEW\Models\NotificationModels.cs(53,23): warning CS8618: Non-nullable property 'pageName' must contain a non-null value when exiting constructor. Consider adding the 'required' modifier or declaring the property as nullable. [C:\Users\Rohit Rathod\Desktop\JsapProject\JSAPNEW\JSAPNEW.csproj]
C:\Users\Rohit Rathod\Desktop\JsapProject\JSAPNEW\Models\NotificationModels.cs(54,23): warning CS8618: Non-nullable property 'pageUrl' must contain a non-null value when exiting constructor. Consider adding the 'required' modifier or declaring the property as nullable. [C:\Users\Rohit Rathod\Desktop\JsapProject\JSAPNEW\JSAPNEW.csproj]
C:\Users\Rohit Rathod\Desktop\JsapProject\JSAPNEW\Models\NotificationModels.cs(38,23): warning CS8618: Non-nullable property 'fcmToken' must contain a non-null value when exiting constructor. Consider adding the 'required' modifier or declaring the property as nullable. [C:\Users\Rohit Rathod\Desktop\JsapProject\JSAPNEW\JSAPNEW.csproj]
C:\Users\Rohit Rathod\Desktop\JsapProject\JSAPNEW\Models\NotificationModels.cs(44,23): warning CS8618: Non-nullable property 'title' must contain a non-null value when exiting constructor. Consider adding the 'required' modifier or declaring the property as nullable. [C:\Users\Rohit Rathod\Desktop\JsapProject\JSAPNEW\JSAPNEW.csproj]
C:\Users\Rohit Rathod\Desktop\JsapProject\JSAPNEW\Models\NotificationModels.cs(45,23): warning CS8618: Non-nullable property 'message' must contain a non-null value when exiting constructor. Consider adding the 'required' modifier or declaring the property as nullable. [C:\Users\Rohit Rathod\Desktop\JsapProject\JSAPNEW\JSAPNEW.csproj]
C:\Users\Rohit Rathod\Desktop\JsapProject\JSAPNEW\Models\NotificationModels.cs(47,23): warning CS8618: Non-nullable property 'data' must contain a non-null value when exiting constructor. Consider adding the 'required' modifier or declaring the property as nullable. [C:\Users\Rohit Rathod\Desktop\JsapProject\JSAPNEW\JSAPNEW.csproj]
C:\Users\Rohit Rathod\Desktop\JsapProject\JSAPNEW\Models\NotificationModels.cs(17,23): warning CS8618: Non-nullable property 'Message' must contain a non-null value when exiting constructor. Consider adding the 'required' modifier or declaring the property as nullable. [C:\Users\Rohit Rathod\Desktop\JsapProject\JSAPNEW\JSAPNEW.csproj]
C:\Users\Rohit Rathod\Desktop\JsapProject\JSAPNEW\Models\PaymentModels.cs(6,23): warning CS8618: Non-nullable property 'BRANCH' must contain a non-null value when exiting constructor. Consider adding the 'required' modifier or declaring the property as nullable. [C:\Users\Rohit Rathod\Desktop\JsapProject\JSAPNEW\JSAPNEW.csproj]
C:\Users\Rohit Rathod\Desktop\JsapProject\JSAPNEW\Models\PaymentModels.cs(9,23): warning CS8618: Non-nullable property 'CardCode' must contain a non-null value when exiting constructor. Consider adding the 'required' modifier or declaring the property as nullable. [C:\Users\Rohit Rathod\Desktop\JsapProject\JSAPNEW\JSAPNEW.csproj]
C:\Users\Rohit Rathod\Desktop\JsapProject\JSAPNEW\Models\PaymentModels.cs(10,23): warning CS8618: Non-nullable property 'TargetPath' must contain a non-null value when exiting constructor. Consider adding the 'required' modifier or declaring the property as nullable. [C:\Users\Rohit Rathod\Desktop\JsapProject\JSAPNEW\JSAPNEW.csproj]
C:\Users\Rohit Rathod\Desktop\JsapProject\JSAPNEW\Models\PaymentModels.cs(11,23): warning CS8618: Non-nullable property 'FileName' must contain a non-null value when exiting constructor. Consider adding the 'required' modifier or declaring the property as nullable. [C:\Users\Rohit Rathod\Desktop\JsapProject\JSAPNEW\JSAPNEW.csproj]
C:\Users\Rohit Rathod\Desktop\JsapProject\JSAPNEW\Models\PaymentModels.cs(12,23): warning CS8618: Non-nullable property 'FileExt' must contain a non-null value when exiting constructor. Consider adding the 'required' modifier or declaring the property as nullable. [C:\Users\Rohit Rathod\Desktop\JsapProject\JSAPNEW\JSAPNEW.csproj]
C:\Users\Rohit Rathod\Desktop\JsapProject\JSAPNEW\Models\PaymentModels.cs(13,23): warning CS8618: Non-nullable property 'CardName' must contain a non-null value when exiting constructor. Consider adding the 'required' modifier or declaring the property as nullable. [C:\Users\Rohit Rathod\Desktop\JsapProject\JSAPNEW\JSAPNEW.csproj]
C:\Users\Rohit Rathod\Desktop\JsapProject\JSAPNEW\Models\PaymentModels.cs(16,23): warning CS8618: Non-nullable property 'DocType' must contain a non-null value when exiting constructor. Consider adding the 'required' modifier or declaring the property as nullable. [C:\Users\Rohit Rathod\Desktop\JsapProject\JSAPNEW\JSAPNEW.csproj]
C:\Users\Rohit Rathod\Desktop\JsapProject\JSAPNEW\Models\PaymentModels.cs(18,23): warning CS8618: Non-nullable property 'ACCOUNT' must contain a non-null value when exiting constructor. Consider adding the 'required' modifier or declaring the property as nullable. [C:\Users\Rohit Rathod\Desktop\JsapProject\JSAPNEW\JSAPNEW.csproj]
C:\Users\Rohit Rathod\Desktop\JsapProject\JSAPNEW\Models\PaymentModels.cs(19,23): warning CS8618: Non-nullable property 'IFSC' must contain a non-null value when exiting constructor. Consider adding the 'required' modifier or declaring the property as nullable. [C:\Users\Rohit Rathod\Desktop\JsapProject\JSAPNEW\JSAPNEW.csproj]
C:\Users\Rohit Rathod\Desktop\JsapProject\JSAPNEW\Models\PaymentModels.cs(20,23): warning CS8618: Non-nullable property 'Status' must contain a non-null value when exiting constructor. Consider adding the 'required' modifier or declaring the property as nullable. [C:\Users\Rohit Rathod\Desktop\JsapProject\JSAPNEW\JSAPNEW.csproj]
C:\Users\Rohit Rathod\Desktop\JsapProject\JSAPNEW\Models\PaymentModels.cs(33,23): warning CS8618: Non-nullable property 'Type' must contain a non-null value when exiting constructor. Consider adding the 'required' modifier or declaring the property as nullable. [C:\Users\Rohit Rathod\Desktop\JsapProject\JSAPNEW\JSAPNEW.csproj]
C:\Users\Rohit Rathod\Desktop\JsapProject\JSAPNEW\Models\PaymentModels.cs(34,23): warning CS8618: Non-nullable property 'Branch' must contain a non-null value when exiting constructor. Consider adding the 'required' modifier or declaring the property as nullable. [C:\Users\Rohit Rathod\Desktop\JsapProject\JSAPNEW\JSAPNEW.csproj]
C:\Users\Rohit Rathod\Desktop\JsapProject\JSAPNEW\Models\PaymentModels.cs(36,23): warning CS8618: Non-nullable property 'CardName' must contain a non-null value when exiting constructor. Consider adding the 'required' modifier or declaring the property as nullable. [C:\Users\Rohit Rathod\Desktop\JsapProject\JSAPNEW\JSAPNEW.csproj]
C:\Users\Rohit Rathod\Desktop\JsapProject\JSAPNEW\Models\PaymentModels.cs(37,23): warning CS8618: Non-nullable property 'PaymentMode' must contain a non-null value when exiting constructor. Consider adding the 'required' modifier or declaring the property as nullable. [C:\Users\Rohit Rathod\Desktop\JsapProject\JSAPNEW\JSAPNEW.csproj]
C:\Users\Rohit Rathod\Desktop\JsapProject\JSAPNEW\Models\PaymentModels.cs(38,23): warning CS8618: Non-nullable property 'Comments' must contain a non-null value when exiting constructor. Consider adding the 'required' modifier or declaring the property as nullable. [C:\Users\Rohit Rathod\Desktop\JsapProject\JSAPNEW\JSAPNEW.csproj]
C:\Users\Rohit Rathod\Desktop\JsapProject\JSAPNEW\Models\PaymentModels.cs(39,23): warning CS8618: Non-nullable property 'NUMATCARD' must contain a non-null value when exiting constructor. Consider adding the 'required' modifier or declaring the property as nullable. [C:\Users\Rohit Rathod\Desktop\JsapProject\JSAPNEW\JSAPNEW.csproj]
C:\Users\Rohit Rathod\Desktop\JsapProject\JSAPNEW\Models\PaymentModels.cs(42,23): warning CS8618: Non-nullable property 'DocType' must contain a non-null value when exiting constructor. Consider adding the 'required' modifier or declaring the property as nullable. [C:\Users\Rohit Rathod\Desktop\JsapProject\JSAPNEW\JSAPNEW.csproj]
C:\Users\Rohit Rathod\Desktop\JsapProject\JSAPNEW\Models\PaymentModels.cs(44,23): warning CS8618: Non-nullable property 'DueDate' must contain a non-null value when exiting constructor. Consider adding the 'required' modifier or declaring the property as nullable. [C:\Users\Rohit Rathod\Desktop\JsapProject\JSAPNEW\JSAPNEW.csproj]
C:\Users\Rohit Rathod\Desktop\JsapProject\JSAPNEW\Models\PaymentModels.cs(45,23): warning CS8618: Non-nullable property 'TOTALPAYMENT' must contain a non-null value when exiting constructor. Consider adding the 'required' modifier or declaring the property as nullable. [C:\Users\Rohit Rathod\Desktop\JsapProject\JSAPNEW\JSAPNEW.csproj]
C:\Users\Rohit Rathod\Desktop\JsapProject\JSAPNEW\Models\PaymentModels.cs(46,23): warning CS8618: Non-nullable property 'TOTAL' must contain a non-null value when exiting constructor. Consider adding the 'required' modifier or declaring the property as nullable. [C:\Users\Rohit Rathod\Desktop\JsapProject\JSAPNEW\JSAPNEW.csproj]
C:\Users\Rohit Rathod\Desktop\JsapProject\JSAPNEW\Models\PaymentModels.cs(47,23): warning CS8618: Non-nullable property 'trgtPath' must contain a non-null value when exiting constructor. Consider adding the 'required' modifier or declaring the property as nullable. [C:\Users\Rohit Rathod\Desktop\JsapProject\JSAPNEW\JSAPNEW.csproj]
C:\Users\Rohit Rathod\Desktop\JsapProject\JSAPNEW\Models\PaymentModels.cs(48,23): warning CS8618: Non-nullable property 'FileName' must contain a non-null value when exiting constructor. Consider adding the 'required' modifier or declaring the property as nullable. [C:\Users\Rohit Rathod\Desktop\JsapProject\JSAPNEW\JSAPNEW.csproj]
C:\Users\Rohit Rathod\Desktop\JsapProject\JSAPNEW\Models\PaymentModels.cs(49,23): warning CS8618: Non-nullable property 'FileExt' must contain a non-null value when exiting constructor. Consider adding the 'required' modifier or declaring the property as nullable. [C:\Users\Rohit Rathod\Desktop\JsapProject\JSAPNEW\JSAPNEW.csproj]
C:\Users\Rohit Rathod\Desktop\JsapProject\JSAPNEW\Models\NotificationModels.cs(27,23): warning CS8618: Non-nullable property 'title' must contain a non-null value when exiting constructor. Consider adding the 'required' modifier or declaring the property as nullable. [C:\Users\Rohit Rathod\Desktop\JsapProject\JSAPNEW\JSAPNEW.csproj]
C:\Users\Rohit Rathod\Desktop\JsapProject\JSAPNEW\Models\NotificationModels.cs(28,23): warning CS8618: Non-nullable property 'message' must contain a non-null value when exiting constructor. Consider adding the 'required' modifier or declaring the property as nullable. [C:\Users\Rohit Rathod\Desktop\JsapProject\JSAPNEW\JSAPNEW.csproj]
C:\Users\Rohit Rathod\Desktop\JsapProject\JSAPNEW\Models\NotificationModels.cs(29,23): warning CS8618: Non-nullable property 'data' must contain a non-null value when exiting constructor. Consider adding the 'required' modifier or declaring the property as nullable. [C:\Users\Rohit Rathod\Desktop\JsapProject\JSAPNEW\JSAPNEW.csproj]
C:\Users\Rohit Rathod\Desktop\JsapProject\JSAPNEW\Models\NotificationModels.cs(30,23): warning CS8618: Non-nullable property 'status' must contain a non-null value when exiting constructor. Consider adding the 'required' modifier or declaring the property as nullable. [C:\Users\Rohit Rathod\Desktop\JsapProject\JSAPNEW\JSAPNEW.csproj]
C:\Users\Rohit Rathod\Desktop\JsapProject\JSAPNEW\Models\NotificationModels.cs(31,23): warning CS8618: Non-nullable property 'sentAt' must contain a non-null value when exiting constructor. Consider adding the 'required' modifier or declaring the property as nullable. [C:\Users\Rohit Rathod\Desktop\JsapProject\JSAPNEW\JSAPNEW.csproj]
C:\Users\Rohit Rathod\Desktop\JsapProject\JSAPNEW\Models\NotificationModels.cs(32,23): warning CS8618: Non-nullable property 'pageName' must contain a non-null value when exiting constructor. Consider adding the 'required' modifier or declaring the property as nullable. [C:\Users\Rohit Rathod\Desktop\JsapProject\JSAPNEW\JSAPNEW.csproj]
C:\Users\Rohit Rathod\Desktop\JsapProject\JSAPNEW\Models\NotificationModels.cs(33,23): warning CS8618: Non-nullable property 'pageUrl' must contain a non-null value when exiting constructor. Consider adding the 'required' modifier or declaring the property as nullable. [C:\Users\Rohit Rathod\Desktop\JsapProject\JSAPNEW\JSAPNEW.csproj]
C:\Users\Rohit Rathod\Desktop\JsapProject\JSAPNEW\Models\ItemMasterModel.cs(899,23): warning CS8618: Non-nullable property 'ApiName' must contain a non-null value when exiting constructor. Consider adding the 'required' modifier or declaring the property as nullable. [C:\Users\Rohit Rathod\Desktop\JsapProject\JSAPNEW\JSAPNEW.csproj]
C:\Users\Rohit Rathod\Desktop\JsapProject\JSAPNEW\Models\ItemMasterModel.cs(900,23): warning CS8618: Non-nullable property 'ErrorMessage' must contain a non-null value when exiting constructor. Consider adding the 'required' modifier or declaring the property as nullable. [C:\Users\Rohit Rathod\Desktop\JsapProject\JSAPNEW\JSAPNEW.csproj]
C:\Users\Rohit Rathod\Desktop\JsapProject\JSAPNEW\Models\ItemMasterModel.cs(901,23): warning CS8618: Non-nullable property 'ErrorCode' must contain a non-null value when exiting constructor. Consider adding the 'required' modifier or declaring the property as nullable. [C:\Users\Rohit Rathod\Desktop\JsapProject\JSAPNEW\JSAPNEW.csproj]
C:\Users\Rohit Rathod\Desktop\JsapProject\JSAPNEW\Models\ItemMasterModel.cs(902,23): warning CS8618: Non-nullable property 'Payload' must contain a non-null value when exiting constructor. Consider adding the 'required' modifier or declaring the property as nullable. [C:\Users\Rohit Rathod\Desktop\JsapProject\JSAPNEW\JSAPNEW.csproj]
C:\Users\Rohit Rathod\Desktop\JsapProject\JSAPNEW\Models\ItemMasterModel.cs(909,23): warning CS8618: Non-nullable property 'stageName' must contain a non-null value when exiting constructor. Consider adding the 'required' modifier or declaring the property as nullable. [C:\Users\Rohit Rathod\Desktop\JsapProject\JSAPNEW\JSAPNEW.csproj]
C:\Users\Rohit Rathod\Desktop\JsapProject\JSAPNEW\Models\ItemMasterModel.cs(911,23): warning CS8618: Non-nullable property 'assignedTo' must contain a non-null value when exiting constructor. Consider adding the 'required' modifier or declaring the property as nullable. [C:\Users\Rohit Rathod\Desktop\JsapProject\JSAPNEW\JSAPNEW.csproj]
C:\Users\Rohit Rathod\Desktop\JsapProject\JSAPNEW\Models\ItemMasterModel.cs(912,23): warning CS8618: Non-nullable property 'actionStatus' must contain a non-null value when exiting constructor. Consider adding the 'required' modifier or declaring the property as nullable. [C:\Users\Rohit Rathod\Desktop\JsapProject\JSAPNEW\JSAPNEW.csproj]
C:\Users\Rohit Rathod\Desktop\JsapProject\JSAPNEW\Models\ItemMasterModel.cs(914,23): warning CS8618: Non-nullable property 'description' must contain a non-null value when exiting constructor. Consider adding the 'required' modifier or declaring the property as nullable. [C:\Users\Rohit Rathod\Desktop\JsapProject\JSAPNEW\JSAPNEW.csproj]
C:\Users\Rohit Rathod\Desktop\JsapProject\JSAPNEW\Models\ItemMasterModel.cs(839,23): warning CS8618: Non-nullable property 'Message' must contain a non-null value when exiting constructor. Consider adding the 'required' modifier or declaring the property as nullable. [C:\Users\Rohit Rathod\Desktop\JsapProject\JSAPNEW\JSAPNEW.csproj]
C:\Users\Rohit Rathod\Desktop\JsapProject\JSAPNEW\Models\ItemMasterModel.cs(761,23): warning CS8618: Non-nullable property 'itemName' must contain a non-null value when exiting constructor. Consider adding the 'required' modifier or declaring the property as nullable. [C:\Users\Rohit Rathod\Desktop\JsapProject\JSAPNEW\JSAPNEW.csproj]
C:\Users\Rohit Rathod\Desktop\JsapProject\JSAPNEW\Models\ItemMasterModel.cs(757,23): warning CS8618: Non-nullable property 'UgpEntry' must contain a non-null value when exiting constructor. Consider adding the 'required' modifier or declaring the property as nullable. [C:\Users\Rohit Rathod\Desktop\JsapProject\JSAPNEW\JSAPNEW.csproj]
C:\Users\Rohit Rathod\Desktop\JsapProject\JSAPNEW\Models\ItemMasterModel.cs(685,23): warning CS8618: Non-nullable property 'hanastatusText' must contain a non-null value when exiting constructor. Consider adding the 'required' modifier or declaring the property as nullable. [C:\Users\Rohit Rathod\Desktop\JsapProject\JSAPNEW\JSAPNEW.csproj]
C:\Users\Rohit Rathod\Desktop\JsapProject\JSAPNEW\Models\ItemMasterModel.cs(678,23): warning CS8618: Non-nullable property 'Status' must contain a non-null value when exiting constructor. Consider adding the 'required' modifier or declaring the property as nullable. [C:\Users\Rohit Rathod\Desktop\JsapProject\JSAPNEW\JSAPNEW.csproj]
C:\Users\Rohit Rathod\Desktop\JsapProject\JSAPNEW\Models\ItemMasterModel.cs(673,23): warning CS8618: Non-nullable property 'ObjName' must contain a non-null value when exiting constructor. Consider adding the 'required' modifier or declaring the property as nullable. [C:\Users\Rohit Rathod\Desktop\JsapProject\JSAPNEW\JSAPNEW.csproj]
C:\Users\Rohit Rathod\Desktop\JsapProject\JSAPNEW\Models\ItemMasterModel.cs(666,39): warning CS8618: Non-nullable property 'Data' must contain a non-null value when exiting constructor. Consider adding the 'required' modifier or declaring the property as nullable. [C:\Users\Rohit Rathod\Desktop\JsapProject\JSAPNEW\JSAPNEW.csproj]
C:\Users\Rohit Rathod\Desktop\JsapProject\JSAPNEW\Services\Implementation\HierarchyService.cs(2388,27): warning CS8602: Dereference of a possibly null reference. [C:\Users\Rohit Rathod\Desktop\JsapProject\JSAPNEW\JSAPNEW.csproj]
C:\Users\Rohit Rathod\Desktop\JsapProject\JSAPNEW\Models\ItemMasterModel.cs(649,23): warning CS8618: Non-nullable property 'documentType' must contain a non-null value when exiting constructor. Consider adding the 'required' modifier or declaring the property as nullable. [C:\Users\Rohit Rathod\Desktop\JsapProject\JSAPNEW\JSAPNEW.csproj]
C:\Users\Rohit Rathod\Desktop\JsapProject\JSAPNEW\Models\ItemMasterModel.cs(650,23): warning CS8618: Non-nullable property 'branch' must contain a non-null value when exiting constructor. Consider adding the 'required' modifier or declaring the property as nullable. [C:\Users\Rohit Rathod\Desktop\JsapProject\JSAPNEW\JSAPNEW.csproj]
C:\Users\Rohit Rathod\Desktop\JsapProject\JSAPNEW\Models\ItemMasterModel.cs(651,23): warning CS8618: Non-nullable property 'action' must contain a non-null value when exiting constructor. Consider adding the 'required' modifier or declaring the property as nullable. [C:\Users\Rohit Rathod\Desktop\JsapProject\JSAPNEW\JSAPNEW.csproj]
C:\Users\Rohit Rathod\Desktop\JsapProject\JSAPNEW\Models\ItemMasterModel.cs(652,23): warning CS8618: Non-nullable property 'username' must contain a non-null value when exiting constructor. Consider adding the 'required' modifier or declaring the property as nullable. [C:\Users\Rohit Rathod\Desktop\JsapProject\JSAPNEW\JSAPNEW.csproj]
C:\Users\Rohit Rathod\Desktop\JsapProject\JSAPNEW\Models\ItemMasterModel.cs(653,23): warning CS8618: Non-nullable property 'fromDate' must contain a non-null value when exiting constructor. Consider adding the 'required' modifier or declaring the property as nullable. [C:\Users\Rohit Rathod\Desktop\JsapProject\JSAPNEW\JSAPNEW.csproj]
C:\Users\Rohit Rathod\Desktop\JsapProject\JSAPNEW\Models\ItemMasterModel.cs(654,23): warning CS8618: Non-nullable property 'toDate' must contain a non-null value when exiting constructor. Consider adding the 'required' modifier or declaring the property as nullable. [C:\Users\Rohit Rathod\Desktop\JsapProject\JSAPNEW\JSAPNEW.csproj]
C:\Users\Rohit Rathod\Desktop\JsapProject\JSAPNEW\Models\ItemMasterModel.cs(655,23): warning CS8618: Non-nullable property 'timeLimit' must contain a non-null value when exiting constructor. Consider adding the 'required' modifier or declaring the property as nullable. [C:\Users\Rohit Rathod\Desktop\JsapProject\JSAPNEW\JSAPNEW.csproj]
C:\Users\Rohit Rathod\Desktop\JsapProject\JSAPNEW\Models\ItemMasterModel.cs(657,23): warning CS8618: Non-nullable property 'createdBy' must contain a non-null value when exiting constructor. Consider adding the 'required' modifier or declaring the property as nullable. [C:\Users\Rohit Rathod\Desktop\JsapProject\JSAPNEW\JSAPNEW.csproj]
C:\Users\Rohit Rathod\Desktop\JsapProject\JSAPNEW\Models\ItemMasterModel.cs(658,23): warning CS8618: Non-nullable property 'createdOn' must contain a non-null value when exiting constructor. Consider adding the 'required' modifier or declaring the property as nullable. [C:\Users\Rohit Rathod\Desktop\JsapProject\JSAPNEW\JSAPNEW.csproj]
C:\Users\Rohit Rathod\Desktop\JsapProject\JSAPNEW\Models\ItemMasterModel.cs(659,23): warning CS8618: Non-nullable property 'status' must contain a non-null value when exiting constructor. Consider adding the 'required' modifier or declaring the property as nullable. [C:\Users\Rohit Rathod\Desktop\JsapProject\JSAPNEW\JSAPNEW.csproj]
C:\Users\Rohit Rathod\Desktop\JsapProject\JSAPNEW\Models\ItemMasterModel.cs(845,23): warning CS8618: Non-nullable property 'ItemName' must contain a non-null value when exiting constructor. Consider adding the 'required' modifier or declaring the property as nullable. [C:\Users\Rohit Rathod\Desktop\JsapProject\JSAPNEW\JSAPNEW.csproj]
C:\Users\Rohit Rathod\Desktop\JsapProject\JSAPNEW\Models\ItemMasterModel.cs(846,23): warning CS8618: Non-nullable property 'ItemsGroupCode' must contain a non-null value when exiting constructor. Consider adding the 'required' modifier or declaring the property as nullable. [C:\Users\Rohit Rathod\Desktop\JsapProject\JSAPNEW\JSAPNEW.csproj]
C:\Users\Rohit Rathod\Desktop\JsapProject\JSAPNEW\Models\ItemMasterModel.cs(847,23): warning CS8618: Non-nullable property 'U_Rev_tax_Rate' must contain a non-null value when exiting constructor. Consider adding the 'required' modifier or declaring the property as nullable. [C:\Users\Rohit Rathod\Desktop\JsapProject\JSAPNEW\JSAPNEW.csproj]
C:\Users\Rohit Rathod\Desktop\JsapProject\JSAPNEW\Models\ItemMasterModel.cs(848,23): warning CS8618: Non-nullable property 'U_Tax_Rate' must contain a non-null value when exiting constructor. Consider adding the 'required' modifier or declaring the property as nullable. [C:\Users\Rohit Rathod\Desktop\JsapProject\JSAPNEW\JSAPNEW.csproj]
C:\Users\Rohit Rathod\Desktop\JsapProject\JSAPNEW\Models\ItemMasterModel.cs(849,23): warning CS8618: Non-nullable property 'PurchaseItem' must contain a non-null value when exiting constructor. Consider adding the 'required' modifier or declaring the property as nullable. [C:\Users\Rohit Rathod\Desktop\JsapProject\JSAPNEW\JSAPNEW.csproj]
C:\Users\Rohit Rathod\Desktop\JsapProject\JSAPNEW\Models\ItemMasterModel.cs(850,23): warning CS8618: Non-nullable property 'InventoryItem' must contain a non-null value when exiting constructor. Consider adding the 'required' modifier or declaring the property as nullable. [C:\Users\Rohit Rathod\Desktop\JsapProject\JSAPNEW\JSAPNEW.csproj]
C:\Users\Rohit Rathod\Desktop\JsapProject\JSAPNEW\Models\ItemMasterModel.cs(851,23): warning CS8618: Non-nullable property 'SalesItem' must contain a non-null value when exiting constructor. Consider adding the 'required' modifier or declaring the property as nullable. [C:\Users\Rohit Rathod\Desktop\JsapProject\JSAPNEW\JSAPNEW.csproj]
C:\Users\Rohit Rathod\Desktop\JsapProject\JSAPNEW\Models\ItemMasterModel.cs(853,23): warning CS8618: Non-nullable property 'U_Unit' must contain a non-null value when exiting constructor. Consider adding the 'required' modifier or declaring the property as nullable. [C:\Users\Rohit Rathod\Desktop\JsapProject\JSAPNEW\JSAPNEW.csproj]
C:\Users\Rohit Rathod\Desktop\JsapProject\JSAPNEW\Models\ItemMasterModel.cs(854,23): warning CS8618: Non-nullable property 'U_Brand' must contain a non-null value when exiting constructor. Consider adding the 'required' modifier or declaring the property as nullable. [C:\Users\Rohit Rathod\Desktop\JsapProject\JSAPNEW\JSAPNEW.csproj]
C:\Users\Rohit Rathod\Desktop\JsapProject\JSAPNEW\Models\ItemMasterModel.cs(855,23): warning CS8618: Non-nullable property 'U_Sub_Group' must contain a non-null value when exiting constructor. Consider adding the 'required' modifier or declaring the property as nullable. [C:\Users\Rohit Rathod\Desktop\JsapProject\JSAPNEW\JSAPNEW.csproj]
C:\Users\Rohit Rathod\Desktop\JsapProject\JSAPNEW\Models\ItemMasterModel.cs(856,23): warning CS8618: Non-nullable property 'U_Variety' must contain a non-null value when exiting constructor. Consider adding the 'required' modifier or declaring the property as nullable. [C:\Users\Rohit Rathod\Desktop\JsapProject\JSAPNEW\JSAPNEW.csproj]
C:\Users\Rohit Rathod\Desktop\JsapProject\JSAPNEW\Models\ItemMasterModel.cs(857,23): warning CS8618: Non-nullable property 'U_SKU' must contain a non-null value when exiting constructor. Consider adding the 'required' modifier or declaring the property as nullable. [C:\Users\Rohit Rathod\Desktop\JsapProject\JSAPNEW\JSAPNEW.csproj]
C:\Users\Rohit Rathod\Desktop\JsapProject\JSAPNEW\Models\ItemMasterModel.cs(858,23): warning CS8618: Non-nullable property 'U_IsLitre' must contain a non-null value when exiting constructor. Consider adding the 'required' modifier or declaring the property as nullable. [C:\Users\Rohit Rathod\Desktop\JsapProject\JSAPNEW\JSAPNEW.csproj]
C:\Users\Rohit Rathod\Desktop\JsapProject\JSAPNEW\Models\ItemMasterModel.cs(861,23): warning CS8618: Non-nullable property 'U_PACK_TYPE' must contain a non-null value when exiting constructor. Consider adding the 'required' modifier or declaring the property as nullable. [C:\Users\Rohit Rathod\Desktop\JsapProject\JSAPNEW\JSAPNEW.csproj]
C:\Users\Rohit Rathod\Desktop\JsapProject\JSAPNEW\Models\ItemMasterModel.cs(863,23): warning CS8618: Non-nullable property 'U_Packing_Type' must contain a non-null value when exiting constructor. Consider adding the 'required' modifier or declaring the property as nullable. [C:\Users\Rohit Rathod\Desktop\JsapProject\JSAPNEW\JSAPNEW.csproj]
C:\Users\Rohit Rathod\Desktop\JsapProject\JSAPNEW\Models\ItemMasterModel.cs(869,23): warning CS8618: Non-nullable property 'SalesUnit' must contain a non-null value when exiting constructor. Consider adding the 'required' modifier or declaring the property as nullable. [C:\Users\Rohit Rathod\Desktop\JsapProject\JSAPNEW\JSAPNEW.csproj]
C:\Users\Rohit Rathod\Desktop\JsapProject\JSAPNEW\Models\ItemMasterModel.cs(870,23): warning CS8618: Non-nullable property 'SalesPackagingUnit' must contain a non-null value when exiting constructor. Consider adding the 'required' modifier or declaring the property as nullable. [C:\Users\Rohit Rathod\Desktop\JsapProject\JSAPNEW\JSAPNEW.csproj]
C:\Users\Rohit Rathod\Desktop\JsapProject\JSAPNEW\Models\ItemMasterModel.cs(871,23): warning CS8618: Non-nullable property 'InventoryUOM' must contain a non-null value when exiting constructor. Consider adding the 'required' modifier or declaring the property as nullable. [C:\Users\Rohit Rathod\Desktop\JsapProject\JSAPNEW\JSAPNEW.csproj]
C:\Users\Rohit Rathod\Desktop\JsapProject\JSAPNEW\Models\ItemMasterModel.cs(872,23): warning CS8618: Non-nullable property 'PurchaseUnit' must contain a non-null value when exiting constructor. Consider adding the 'required' modifier or declaring the property as nullable. [C:\Users\Rohit Rathod\Desktop\JsapProject\JSAPNEW\JSAPNEW.csproj]
C:\Users\Rohit Rathod\Desktop\JsapProject\JSAPNEW\Models\ItemMasterModel.cs(873,23): warning CS8618: Non-nullable property 'PurchasePackagingUnit' must contain a non-null value when exiting constructor. Consider adding the 'required' modifier or declaring the property as nullable. [C:\Users\Rohit Rathod\Desktop\JsapProject\JSAPNEW\JSAPNEW.csproj]
C:\Users\Rohit Rathod\Desktop\JsapProject\JSAPNEW\Models\ItemMasterModel.cs(877,23): warning CS8618: Non-nullable property 'CostAccountingMethod' must contain a non-null value when exiting constructor. Consider adding the 'required' modifier or declaring the property as nullable. [C:\Users\Rohit Rathod\Desktop\JsapProject\JSAPNEW\JSAPNEW.csproj]
C:\Users\Rohit Rathod\Desktop\JsapProject\JSAPNEW\Models\ItemMasterModel.cs(878,23): warning CS8618: Non-nullable property 'WTLiable' must contain a non-null value when exiting constructor. Consider adding the 'required' modifier or declaring the property as nullable. [C:\Users\Rohit Rathod\Desktop\JsapProject\JSAPNEW\JSAPNEW.csproj]
C:\Users\Rohit Rathod\Desktop\JsapProject\JSAPNEW\Models\ItemMasterModel.cs(879,23): warning CS8618: Non-nullable property 'IssueMethod' must contain a non-null value when exiting constructor. Consider adding the 'required' modifier or declaring the property as nullable. [C:\Users\Rohit Rathod\Desktop\JsapProject\JSAPNEW\JSAPNEW.csproj]
C:\Users\Rohit Rathod\Desktop\JsapProject\JSAPNEW\Models\ItemMasterModel.cs(880,23): warning CS8618: Non-nullable property 'ManageBatchNumbers' must contain a non-null value when exiting constructor. Consider adding the 'required' modifier or declaring the property as nullable. [C:\Users\Rohit Rathod\Desktop\JsapProject\JSAPNEW\JSAPNEW.csproj]
C:\Users\Rohit Rathod\Desktop\JsapProject\JSAPNEW\Models\ItemMasterModel.cs(888,23): warning CS8618: Non-nullable property 'GLMethod' must contain a non-null value when exiting constructor. Consider adding the 'required' modifier or declaring the property as nullable. [C:\Users\Rohit Rathod\Desktop\JsapProject\JSAPNEW\JSAPNEW.csproj]
C:\Users\Rohit Rathod\Desktop\JsapProject\JSAPNEW\Models\ItemMasterModel.cs(893,23): warning CS8618: Non-nullable property 'U_TYPE' must contain a non-null value when exiting constructor. Consider adding the 'required' modifier or declaring the property as nullable. [C:\Users\Rohit Rathod\Desktop\JsapProject\JSAPNEW\JSAPNEW.csproj]
C:\Users\Rohit Rathod\Desktop\JsapProject\JSAPNEW\Models\ItemMasterModel.cs(623,34): warning CS8618: Non-nullable property 'remarks' must contain a non-null value when exiting constructor. Consider adding the 'required' modifier or declaring the property as nullable. [C:\Users\Rohit Rathod\Desktop\JsapProject\JSAPNEW\JSAPNEW.csproj]
C:\Users\Rohit Rathod\Desktop\JsapProject\JSAPNEW\Models\ItemMasterModel.cs(628,23): warning CS8618: Non-nullable property 'stageName' must contain a non-null value when exiting constructor. Consider adding the 'required' modifier or declaring the property as nullable. [C:\Users\Rohit Rathod\Desktop\JsapProject\JSAPNEW\JSAPNEW.csproj]
C:\Users\Rohit Rathod\Desktop\JsapProject\JSAPNEW\Models\ItemMasterModel.cs(630,23): warning CS8618: Non-nullable property 'assignedTo' must contain a non-null value when exiting constructor. Consider adding the 'required' modifier or declaring the property as nullable. [C:\Users\Rohit Rathod\Desktop\JsapProject\JSAPNEW\JSAPNEW.csproj]
C:\Users\Rohit Rathod\Desktop\JsapProject\JSAPNEW\Models\ItemMasterModel.cs(631,23): warning CS8618: Non-nullable property 'actionStatus' must contain a non-null value when exiting constructor. Consider adding the 'required' modifier or declaring the property as nullable. [C:\Users\Rohit Rathod\Desktop\JsapProject\JSAPNEW\JSAPNEW.csproj]
C:\Users\Rohit Rathod\Desktop\JsapProject\JSAPNEW\Models\ItemMasterModel.cs(632,23): warning CS8618: Non-nullable property 'actionDate' must contain a non-null value when exiting constructor. Consider adding the 'required' modifier or declaring the property as nullable. [C:\Users\Rohit Rathod\Desktop\JsapProject\JSAPNEW\JSAPNEW.csproj]
C:\Users\Rohit Rathod\Desktop\JsapProject\JSAPNEW\Models\ItemMasterModel.cs(633,23): warning CS8618: Non-nullable property 'description' must contain a non-null value when exiting constructor. Consider adding the 'required' modifier or declaring the property as nullable. [C:\Users\Rohit Rathod\Desktop\JsapProject\JSAPNEW\JSAPNEW.csproj]
C:\Users\Rohit Rathod\Desktop\JsapProject\JSAPNEW\Models\ItemMasterModel.cs(608,23): warning CS8618: Non-nullable property 'Message' must contain a non-null value when exiting constructor. Consider adding the 'required' modifier or declaring the property as nullable. [C:\Users\Rohit Rathod\Desktop\JsapProject\JSAPNEW\JSAPNEW.csproj]
C:\Users\Rohit Rathod\Desktop\JsapProject\JSAPNEW\Models\ItemMasterModel.cs(767,23): warning CS8618: Non-nullable property 'ItemName' must contain a non-null value when exiting constructor. Consider adding the 'required' modifier or declaring the property as nullable. [C:\Users\Rohit Rathod\Desktop\JsapProject\JSAPNEW\JSAPNEW.csproj]
C:\Users\Rohit Rathod\Desktop\JsapProject\JSAPNEW\Models\ItemMasterModel.cs(768,23): warning CS8618: Non-nullable property 'ItemGroupCode' must contain a non-null value when exiting constructor. Consider adding the 'required' modifier or declaring the property as nullable. [C:\Users\Rohit Rathod\Desktop\JsapProject\JSAPNEW\JSAPNEW.csproj]
C:\Users\Rohit Rathod\Desktop\JsapProject\JSAPNEW\Models\ItemMasterModel.cs(770,23): warning CS8618: Non-nullable property 'TaxRate' must contain a non-null value when exiting constructor. Consider adding the 'required' modifier or declaring the property as nullable. [C:\Users\Rohit Rathod\Desktop\JsapProject\JSAPNEW\JSAPNEW.csproj]
C:\Users\Rohit Rathod\Desktop\JsapProject\JSAPNEW\Models\ItemMasterModel.cs(771,23): warning CS8618: Non-nullable property 'ChapterId' must contain a non-null value when exiting constructor. Consider adding the 'required' modifier or declaring the property as nullable. [C:\Users\Rohit Rathod\Desktop\JsapProject\JSAPNEW\JSAPNEW.csproj]
C:\Users\Rohit Rathod\Desktop\JsapProject\JSAPNEW\Models\ItemMasterModel.cs(772,23): warning CS8618: Non-nullable property 'ChapterName' must contain a non-null value when exiting constructor. Consider adding the 'required' modifier or declaring the property as nullable. [C:\Users\Rohit Rathod\Desktop\JsapProject\JSAPNEW\JSAPNEW.csproj]
C:\Users\Rohit Rathod\Desktop\JsapProject\JSAPNEW\Models\ItemMasterModel.cs(773,23): warning CS8618: Non-nullable property 'Unit' must contain a non-null value when exiting constructor. Consider adding the 'required' modifier or declaring the property as nullable. [C:\Users\Rohit Rathod\Desktop\JsapProject\JSAPNEW\JSAPNEW.csproj]
C:\Users\Rohit Rathod\Desktop\JsapProject\JSAPNEW\Models\ItemMasterModel.cs(774,23): warning CS8618: Non-nullable property 'Brand' must contain a non-null value when exiting constructor. Consider adding the 'required' modifier or declaring the property as nullable. [C:\Users\Rohit Rathod\Desktop\JsapProject\JSAPNEW\JSAPNEW.csproj]
C:\Users\Rohit Rathod\Desktop\JsapProject\JSAPNEW\Models\ItemMasterModel.cs(775,23): warning CS8618: Non-nullable property 'Variety' must contain a non-null value when exiting constructor. Consider adding the 'required' modifier or declaring the property as nullable. [C:\Users\Rohit Rathod\Desktop\JsapProject\JSAPNEW\JSAPNEW.csproj]
C:\Users\Rohit Rathod\Desktop\JsapProject\JSAPNEW\Models\ItemMasterModel.cs(776,23): warning CS8618: Non-nullable property 'SubGroup' must contain a non-null value when exiting constructor. Consider adding the 'required' modifier or declaring the property as nullable. [C:\Users\Rohit Rathod\Desktop\JsapProject\JSAPNEW\JSAPNEW.csproj]
C:\Users\Rohit Rathod\Desktop\JsapProject\JSAPNEW\Models\ItemMasterModel.cs(777,23): warning CS8618: Non-nullable property 'Sku' must contain a non-null value when exiting constructor. Consider adding the 'required' modifier or declaring the property as nullable. [C:\Users\Rohit Rathod\Desktop\JsapProject\JSAPNEW\JSAPNEW.csproj]
C:\Users\Rohit Rathod\Desktop\JsapProject\JSAPNEW\Models\ItemMasterModel.cs(778,23): warning CS8618: Non-nullable property 'IsLitre' must contain a non-null value when exiting constructor. Consider adding the 'required' modifier or declaring the property as nullable. [C:\Users\Rohit Rathod\Desktop\JsapProject\JSAPNEW\JSAPNEW.csproj]
C:\Users\Rohit Rathod\Desktop\JsapProject\JSAPNEW\Models\ItemMasterModel.cs(781,23): warning CS8618: Non-nullable property 'PackType' must contain a non-null value when exiting constructor. Consider adding the 'required' modifier or declaring the property as nullable. [C:\Users\Rohit Rathod\Desktop\JsapProject\JSAPNEW\JSAPNEW.csproj]
C:\Users\Rohit Rathod\Desktop\JsapProject\JSAPNEW\Models\ItemMasterModel.cs(782,23): warning CS8618: Non-nullable property 'PackingType' must contain a non-null value when exiting constructor. Consider adding the 'required' modifier or declaring the property as nullable. [C:\Users\Rohit Rathod\Desktop\JsapProject\JSAPNEW\JSAPNEW.csproj]
C:\Users\Rohit Rathod\Desktop\JsapProject\JSAPNEW\Models\ItemMasterModel.cs(783,23): warning CS8618: Non-nullable property 'FaType' must contain a non-null value when exiting constructor. Consider adding the 'required' modifier or declaring the property as nullable. [C:\Users\Rohit Rathod\Desktop\JsapProject\JSAPNEW\JSAPNEW.csproj]
C:\Users\Rohit Rathod\Desktop\JsapProject\JSAPNEW\Models\ItemMasterModel.cs(785,23): warning CS8618: Non-nullable property 'Action' must contain a non-null value when exiting constructor. Consider adding the 'required' modifier or declaring the property as nullable. [C:\Users\Rohit Rathod\Desktop\JsapProject\JSAPNEW\JSAPNEW.csproj]
C:\Users\Rohit Rathod\Desktop\JsapProject\JSAPNEW\Models\ItemMasterModel.cs(787,23): warning CS8618: Non-nullable property 'Uom' must contain a non-null value when exiting constructor. Consider adding the 'required' modifier or declaring the property as nullable. [C:\Users\Rohit Rathod\Desktop\JsapProject\JSAPNEW\JSAPNEW.csproj]
C:\Users\Rohit Rathod\Desktop\JsapProject\JSAPNEW\Models\ItemMasterModel.cs(788,23): warning CS8618: Non-nullable property 'SalesUom' must contain a non-null value when exiting constructor. Consider adding the 'required' modifier or declaring the property as nullable. [C:\Users\Rohit Rathod\Desktop\JsapProject\JSAPNEW\JSAPNEW.csproj]
C:\Users\Rohit Rathod\Desktop\JsapProject\JSAPNEW\Models\ItemMasterModel.cs(789,23): warning CS8618: Non-nullable property 'InvUom' must contain a non-null value when exiting constructor. Consider adding the 'required' modifier or declaring the property as nullable. [C:\Users\Rohit Rathod\Desktop\JsapProject\JSAPNEW\JSAPNEW.csproj]
C:\Users\Rohit Rathod\Desktop\JsapProject\JSAPNEW\Models\ItemMasterModel.cs(790,23): warning CS8618: Non-nullable property 'PurchaseUom' must contain a non-null value when exiting constructor. Consider adding the 'required' modifier or declaring the property as nullable. [C:\Users\Rohit Rathod\Desktop\JsapProject\JSAPNEW\JSAPNEW.csproj]
C:\Users\Rohit Rathod\Desktop\JsapProject\JSAPNEW\Models\ItemMasterModel.cs(794,23): warning CS8618: Non-nullable property 'UomGroup' must contain a non-null value when exiting constructor. Consider adding the 'required' modifier or declaring the property as nullable. [C:\Users\Rohit Rathod\Desktop\JsapProject\JSAPNEW\JSAPNEW.csproj]
C:\Users\Rohit Rathod\Desktop\JsapProject\JSAPNEW\Models\ItemMasterModel.cs(798,23): warning CS8618: Non-nullable property 'PrchseItem' must contain a non-null value when exiting constructor. Consider adding the 'required' modifier or declaring the property as nullable. [C:\Users\Rohit Rathod\Desktop\JsapProject\JSAPNEW\JSAPNEW.csproj]
C:\Users\Rohit Rathod\Desktop\JsapProject\JSAPNEW\Models\ItemMasterModel.cs(799,23): warning CS8618: Non-nullable property 'InvItem' must contain a non-null value when exiting constructor. Consider adding the 'required' modifier or declaring the property as nullable. [C:\Users\Rohit Rathod\Desktop\JsapProject\JSAPNEW\JSAPNEW.csproj]
C:\Users\Rohit Rathod\Desktop\JsapProject\JSAPNEW\Models\ItemMasterModel.cs(801,23): warning CS8618: Non-nullable property 'SalUnitMsr' must contain a non-null value when exiting constructor. Consider adding the 'required' modifier or declaring the property as nullable. [C:\Users\Rohit Rathod\Desktop\JsapProject\JSAPNEW\JSAPNEW.csproj]
C:\Users\Rohit Rathod\Desktop\JsapProject\JSAPNEW\Models\ItemMasterModel.cs(803,23): warning CS8618: Non-nullable property 'EvalSystem' must contain a non-null value when exiting constructor. Consider adding the 'required' modifier or declaring the property as nullable. [C:\Users\Rohit Rathod\Desktop\JsapProject\JSAPNEW\JSAPNEW.csproj]
C:\Users\Rohit Rathod\Desktop\JsapProject\JSAPNEW\Models\ItemMasterModel.cs(804,23): warning CS8618: Non-nullable property 'ThreeType' must contain a non-null value when exiting constructor. Consider adding the 'required' modifier or declaring the property as nullable. [C:\Users\Rohit Rathod\Desktop\JsapProject\JSAPNEW\JSAPNEW.csproj]
C:\Users\Rohit Rathod\Desktop\JsapProject\JSAPNEW\Models\ItemMasterModel.cs(805,23): warning CS8618: Non-nullable property 'ManSerNum' must contain a non-null value when exiting constructor. Consider adding the 'required' modifier or declaring the property as nullable. [C:\Users\Rohit Rathod\Desktop\JsapProject\JSAPNEW\JSAPNEW.csproj]
C:\Users\Rohit Rathod\Desktop\JsapProject\JSAPNEW\Models\ItemMasterModel.cs(814,23): warning CS8618: Non-nullable property 'PurPackMsr' must contain a non-null value when exiting constructor. Consider adding the 'required' modifier or declaring the property as nullable. [C:\Users\Rohit Rathod\Desktop\JsapProject\JSAPNEW\JSAPNEW.csproj]
C:\Users\Rohit Rathod\Desktop\JsapProject\JSAPNEW\Models\ItemMasterModel.cs(817,23): warning CS8618: Non-nullable property 'ManBtchNum' must contain a non-null value when exiting constructor. Consider adding the 'required' modifier or declaring the property as nullable. [C:\Users\Rohit Rathod\Desktop\JsapProject\JSAPNEW\JSAPNEW.csproj]
C:\Users\Rohit Rathod\Desktop\JsapProject\JSAPNEW\Models\ItemMasterModel.cs(818,23): warning CS8618: Non-nullable property 'GenEntry' must contain a non-null value when exiting constructor. Consider adding the 'required' modifier or declaring the property as nullable. [C:\Users\Rohit Rathod\Desktop\JsapProject\JSAPNEW\JSAPNEW.csproj]
C:\Users\Rohit Rathod\Desktop\JsapProject\JSAPNEW\Models\ItemMasterModel.cs(819,23): warning CS8618: Non-nullable property 'WtLiable' must contain a non-null value when exiting constructor. Consider adding the 'required' modifier or declaring the property as nullable. [C:\Users\Rohit Rathod\Desktop\JsapProject\JSAPNEW\JSAPNEW.csproj]
C:\Users\Rohit Rathod\Desktop\JsapProject\JSAPNEW\Models\ItemMasterModel.cs(820,23): warning CS8618: Non-nullable property 'IssueMethod' must contain a non-null value when exiting constructor. Consider adding the 'required' modifier or declaring the property as nullable. [C:\Users\Rohit Rathod\Desktop\JsapProject\JSAPNEW\JSAPNEW.csproj]
C:\Users\Rohit Rathod\Desktop\JsapProject\JSAPNEW\Models\ItemMasterModel.cs(821,23): warning CS8618: Non-nullable property 'MngMethod' must contain a non-null value when exiting constructor. Consider adding the 'required' modifier or declaring the property as nullable. [C:\Users\Rohit Rathod\Desktop\JsapProject\JSAPNEW\JSAPNEW.csproj]
C:\Users\Rohit Rathod\Desktop\JsapProject\JSAPNEW\Models\ItemMasterModel.cs(822,23): warning CS8618: Non-nullable property 'InvntoryUom' must contain a non-null value when exiting constructor. Consider adding the 'required' modifier or declaring the property as nullable. [C:\Users\Rohit Rathod\Desktop\JsapProject\JSAPNEW\JSAPNEW.csproj]
C:\Users\Rohit Rathod\Desktop\JsapProject\JSAPNEW\Models\ItemMasterModel.cs(824,23): warning CS8618: Non-nullable property 'GstRelevant' must contain a non-null value when exiting constructor. Consider adding the 'required' modifier or declaring the property as nullable. [C:\Users\Rohit Rathod\Desktop\JsapProject\JSAPNEW\JSAPNEW.csproj]
C:\Users\Rohit Rathod\Desktop\JsapProject\JSAPNEW\Models\ItemMasterModel.cs(825,23): warning CS8618: Non-nullable property 'GstTaxCtg' must contain a non-null value when exiting constructor. Consider adding the 'required' modifier or declaring the property as nullable. [C:\Users\Rohit Rathod\Desktop\JsapProject\JSAPNEW\JSAPNEW.csproj]
C:\Users\Rohit Rathod\Desktop\JsapProject\JSAPNEW\Models\ItemMasterModel.cs(826,23): warning CS8618: Non-nullable property 'SellItem' must contain a non-null value when exiting constructor. Consider adding the 'required' modifier or declaring the property as nullable. [C:\Users\Rohit Rathod\Desktop\JsapProject\JSAPNEW\JSAPNEW.csproj]
C:\Users\Rohit Rathod\Desktop\JsapProject\JSAPNEW\Models\ItemMasterModel.cs(827,23): warning CS8618: Non-nullable property 'PrcrmntMtd' must contain a non-null value when exiting constructor. Consider adding the 'required' modifier or declaring the property as nullable. [C:\Users\Rohit Rathod\Desktop\JsapProject\JSAPNEW\JSAPNEW.csproj]
C:\Users\Rohit Rathod\Desktop\JsapProject\JSAPNEW\Models\ItemMasterModel.cs(828,23): warning CS8618: Non-nullable property 'CreateDate' must contain a non-null value when exiting constructor. Consider adding the 'required' modifier or declaring the property as nullable. [C:\Users\Rohit Rathod\Desktop\JsapProject\JSAPNEW\JSAPNEW.csproj]
C:\Users\Rohit Rathod\Desktop\JsapProject\JSAPNEW\Models\ItemMasterModel.cs(829,23): warning CS8618: Non-nullable property 'UpdationDate' must contain a non-null value when exiting constructor. Consider adding the 'required' modifier or declaring the property as nullable. [C:\Users\Rohit Rathod\Desktop\JsapProject\JSAPNEW\JSAPNEW.csproj]
C:\Users\Rohit Rathod\Desktop\JsapProject\JSAPNEW\Models\ItemMasterModel.cs(830,23): warning CS8618: Non-nullable property 'SapCreateDate' must contain a non-null value when exiting constructor. Consider adding the 'required' modifier or declaring the property as nullable. [C:\Users\Rohit Rathod\Desktop\JsapProject\JSAPNEW\JSAPNEW.csproj]
C:\Users\Rohit Rathod\Desktop\JsapProject\JSAPNEW\Models\ItemMasterModel.cs(831,23): warning CS8618: Non-nullable property 'SapUpdationDate' must contain a non-null value when exiting constructor. Consider adding the 'required' modifier or declaring the property as nullable. [C:\Users\Rohit Rathod\Desktop\JsapProject\JSAPNEW\JSAPNEW.csproj]
C:\Users\Rohit Rathod\Desktop\JsapProject\JSAPNEW\Services\Implementation\HierarchyService.cs(2399,27): warning CS8602: Dereference of a possibly null reference. [C:\Users\Rohit Rathod\Desktop\JsapProject\JSAPNEW\JSAPNEW.csproj]
C:\Users\Rohit Rathod\Desktop\JsapProject\JSAPNEW\Models\ItemMasterModel.cs(593,23): warning CS8618: Non-nullable property 'Branch' must contain a non-null value when exiting constructor. Consider adding the 'required' modifier or declaring the property as nullable. [C:\Users\Rohit Rathod\Desktop\JsapProject\JSAPNEW\JSAPNEW.csproj]
C:\Users\Rohit Rathod\Desktop\JsapProject\JSAPNEW\Models\ItemMasterModel.cs(594,23): warning CS8618: Non-nullable property 'Username' must contain a non-null value when exiting constructor. Consider adding the 'required' modifier or declaring the property as nullable. [C:\Users\Rohit Rathod\Desktop\JsapProject\JSAPNEW\JSAPNEW.csproj]
C:\Users\Rohit Rathod\Desktop\JsapProject\JSAPNEW\Models\ItemMasterModel.cs(595,23): warning CS8618: Non-nullable property 'DocumentType' must contain a non-null value when exiting constructor. Consider adding the 'required' modifier or declaring the property as nullable. [C:\Users\Rohit Rathod\Desktop\JsapProject\JSAPNEW\JSAPNEW.csproj]
C:\Users\Rohit Rathod\Desktop\JsapProject\JSAPNEW\Models\ItemMasterModel.cs(599,23): warning CS8618: Non-nullable property 'Action' must contain a non-null value when exiting constructor. Consider adding the 'required' modifier or declaring the property as nullable. [C:\Users\Rohit Rathod\Desktop\JsapProject\JSAPNEW\JSAPNEW.csproj]
C:\Users\Rohit Rathod\Desktop\JsapProject\JSAPNEW\Models\ItemMasterModel.cs(694,23): warning CS8618: Non-nullable property 'ItemName' must contain a non-null value when exiting constructor. Consider adding the 'required' modifier or declaring the property as nullable. [C:\Users\Rohit Rathod\Desktop\JsapProject\JSAPNEW\JSAPNEW.csproj]
C:\Users\Rohit Rathod\Desktop\JsapProject\JSAPNEW\Models\ItemMasterModel.cs(697,23): warning CS8618: Non-nullable property 'TaxRate' must contain a non-null value when exiting constructor. Consider adding the 'required' modifier or declaring the property as nullable. [C:\Users\Rohit Rathod\Desktop\JsapProject\JSAPNEW\JSAPNEW.csproj]
C:\Users\Rohit Rathod\Desktop\JsapProject\JSAPNEW\Models\ItemMasterModel.cs(699,23): warning CS8618: Non-nullable property 'ChapterName' must contain a non-null value when exiting constructor. Consider adding the 'required' modifier or declaring the property as nullable. [C:\Users\Rohit Rathod\Desktop\JsapProject\JSAPNEW\JSAPNEW.csproj]
C:\Users\Rohit Rathod\Desktop\JsapProject\JSAPNEW\Models\ItemMasterModel.cs(700,23): warning CS8618: Non-nullable property 'Unit' must contain a non-null value when exiting constructor. Consider adding the 'required' modifier or declaring the property as nullable. [C:\Users\Rohit Rathod\Desktop\JsapProject\JSAPNEW\JSAPNEW.csproj]
C:\Users\Rohit Rathod\Desktop\JsapProject\JSAPNEW\Models\ItemMasterModel.cs(701,23): warning CS8618: Non-nullable property 'Brand' must contain a non-null value when exiting constructor. Consider adding the 'required' modifier or declaring the property as nullable. [C:\Users\Rohit Rathod\Desktop\JsapProject\JSAPNEW\JSAPNEW.csproj]
C:\Users\Rohit Rathod\Desktop\JsapProject\JSAPNEW\Models\ItemMasterModel.cs(702,23): warning CS8618: Non-nullable property 'Variety' must contain a non-null value when exiting constructor. Consider adding the 'required' modifier or declaring the property as nullable. [C:\Users\Rohit Rathod\Desktop\JsapProject\JSAPNEW\JSAPNEW.csproj]
C:\Users\Rohit Rathod\Desktop\JsapProject\JSAPNEW\Models\ItemMasterModel.cs(703,23): warning CS8618: Non-nullable property 'SubGroup' must contain a non-null value when exiting constructor. Consider adding the 'required' modifier or declaring the property as nullable. [C:\Users\Rohit Rathod\Desktop\JsapProject\JSAPNEW\JSAPNEW.csproj]
C:\Users\Rohit Rathod\Desktop\JsapProject\JSAPNEW\Models\ItemMasterModel.cs(704,23): warning CS8618: Non-nullable property 'Sku' must contain a non-null value when exiting constructor. Consider adding the 'required' modifier or declaring the property as nullable. [C:\Users\Rohit Rathod\Desktop\JsapProject\JSAPNEW\JSAPNEW.csproj]
C:\Users\Rohit Rathod\Desktop\JsapProject\JSAPNEW\Models\ItemMasterModel.cs(705,23): warning CS8618: Non-nullable property 'IsLitre' must contain a non-null value when exiting constructor. Consider adding the 'required' modifier or declaring the property as nullable. [C:\Users\Rohit Rathod\Desktop\JsapProject\JSAPNEW\JSAPNEW.csproj]
C:\Users\Rohit Rathod\Desktop\JsapProject\JSAPNEW\Models\ItemMasterModel.cs(709,23): warning CS8618: Non-nullable property 'PackType' must contain a non-null value when exiting constructor. Consider adding the 'required' modifier or declaring the property as nullable. [C:\Users\Rohit Rathod\Desktop\JsapProject\JSAPNEW\JSAPNEW.csproj]
C:\Users\Rohit Rathod\Desktop\JsapProject\JSAPNEW\Models\ItemMasterModel.cs(710,23): warning CS8618: Non-nullable property 'PackingType' must contain a non-null value when exiting constructor. Consider adding the 'required' modifier or declaring the property as nullable. [C:\Users\Rohit Rathod\Desktop\JsapProject\JSAPNEW\JSAPNEW.csproj]
C:\Users\Rohit Rathod\Desktop\JsapProject\JSAPNEW\Models\ItemMasterModel.cs(711,23): warning CS8618: Non-nullable property 'FaType' must contain a non-null value when exiting constructor. Consider adding the 'required' modifier or declaring the property as nullable. [C:\Users\Rohit Rathod\Desktop\JsapProject\JSAPNEW\JSAPNEW.csproj]
C:\Users\Rohit Rathod\Desktop\JsapProject\JSAPNEW\Models\ItemMasterModel.cs(712,23): warning CS8618: Non-nullable property 'Uom' must contain a non-null value when exiting constructor. Consider adding the 'required' modifier or declaring the property as nullable. [C:\Users\Rohit Rathod\Desktop\JsapProject\JSAPNEW\JSAPNEW.csproj]
C:\Users\Rohit Rathod\Desktop\JsapProject\JSAPNEW\Models\ItemMasterModel.cs(713,23): warning CS8618: Non-nullable property 'SalesUom' must contain a non-null value when exiting constructor. Consider adding the 'required' modifier or declaring the property as nullable. [C:\Users\Rohit Rathod\Desktop\JsapProject\JSAPNEW\JSAPNEW.csproj]
C:\Users\Rohit Rathod\Desktop\JsapProject\JSAPNEW\Models\ItemMasterModel.cs(714,23): warning CS8618: Non-nullable property 'InvUom' must contain a non-null value when exiting constructor. Consider adding the 'required' modifier or declaring the property as nullable. [C:\Users\Rohit Rathod\Desktop\JsapProject\JSAPNEW\JSAPNEW.csproj]
C:\Users\Rohit Rathod\Desktop\JsapProject\JSAPNEW\Models\ItemMasterModel.cs(715,23): warning CS8618: Non-nullable property 'PurchaseUom' must contain a non-null value when exiting constructor. Consider adding the 'required' modifier or declaring the property as nullable. [C:\Users\Rohit Rathod\Desktop\JsapProject\JSAPNEW\JSAPNEW.csproj]
C:\Users\Rohit Rathod\Desktop\JsapProject\JSAPNEW\Models\ItemMasterModel.cs(718,23): warning CS8618: Non-nullable property 'UomGroup' must contain a non-null value when exiting constructor. Consider adding the 'required' modifier or declaring the property as nullable. [C:\Users\Rohit Rathod\Desktop\JsapProject\JSAPNEW\JSAPNEW.csproj]
C:\Users\Rohit Rathod\Desktop\JsapProject\JSAPNEW\Models\ItemMasterModel.cs(722,23): warning CS8618: Non-nullable property 'PrchseItem' must contain a non-null value when exiting constructor. Consider adding the 'required' modifier or declaring the property as nullable. [C:\Users\Rohit Rathod\Desktop\JsapProject\JSAPNEW\JSAPNEW.csproj]
C:\Users\Rohit Rathod\Desktop\JsapProject\JSAPNEW\Models\ItemMasterModel.cs(723,23): warning CS8618: Non-nullable property 'InvItem' must contain a non-null value when exiting constructor. Consider adding the 'required' modifier or declaring the property as nullable. [C:\Users\Rohit Rathod\Desktop\JsapProject\JSAPNEW\JSAPNEW.csproj]
C:\Users\Rohit Rathod\Desktop\JsapProject\JSAPNEW\Models\ItemMasterModel.cs(725,23): warning CS8618: Non-nullable property 'SalUnitMsr' must contain a non-null value when exiting constructor. Consider adding the 'required' modifier or declaring the property as nullable. [C:\Users\Rohit Rathod\Desktop\JsapProject\JSAPNEW\JSAPNEW.csproj]
C:\Users\Rohit Rathod\Desktop\JsapProject\JSAPNEW\Models\ItemMasterModel.cs(727,23): warning CS8618: Non-nullable property 'EvalSystem' must contain a non-null value when exiting constructor. Consider adding the 'required' modifier or declaring the property as nullable. [C:\Users\Rohit Rathod\Desktop\JsapProject\JSAPNEW\JSAPNEW.csproj]
C:\Users\Rohit Rathod\Desktop\JsapProject\JSAPNEW\Models\ItemMasterModel.cs(728,23): warning CS8618: Non-nullable property 'ThreeType' must contain a non-null value when exiting constructor. Consider adding the 'required' modifier or declaring the property as nullable. [C:\Users\Rohit Rathod\Desktop\JsapProject\JSAPNEW\JSAPNEW.csproj]
C:\Users\Rohit Rathod\Desktop\JsapProject\JSAPNEW\Models\ItemMasterModel.cs(729,23): warning CS8618: Non-nullable property 'ManSerNum' must contain a non-null value when exiting constructor. Consider adding the 'required' modifier or declaring the property as nullable. [C:\Users\Rohit Rathod\Desktop\JsapProject\JSAPNEW\JSAPNEW.csproj]
C:\Users\Rohit Rathod\Desktop\JsapProject\JSAPNEW\Models\ItemMasterModel.cs(738,23): warning CS8618: Non-nullable property 'PurPackMsr' must contain a non-null value when exiting constructor. Consider adding the 'required' modifier or declaring the property as nullable. [C:\Users\Rohit Rathod\Desktop\JsapProject\JSAPNEW\JSAPNEW.csproj]
C:\Users\Rohit Rathod\Desktop\JsapProject\JSAPNEW\Models\ItemMasterModel.cs(741,23): warning CS8618: Non-nullable property 'ManBtchNum' must contain a non-null value when exiting constructor. Consider adding the 'required' modifier or declaring the property as nullable. [C:\Users\Rohit Rathod\Desktop\JsapProject\JSAPNEW\JSAPNEW.csproj]
C:\Users\Rohit Rathod\Desktop\JsapProject\JSAPNEW\Models\ItemMasterModel.cs(742,23): warning CS8618: Non-nullable property 'GenEntry' must contain a non-null value when exiting constructor. Consider adding the 'required' modifier or declaring the property as nullable. [C:\Users\Rohit Rathod\Desktop\JsapProject\JSAPNEW\JSAPNEW.csproj]
C:\Users\Rohit Rathod\Desktop\JsapProject\JSAPNEW\Models\ItemMasterModel.cs(743,23): warning CS8618: Non-nullable property 'WtLiable' must contain a non-null value when exiting constructor. Consider adding the 'required' modifier or declaring the property as nullable. [C:\Users\Rohit Rathod\Desktop\JsapProject\JSAPNEW\JSAPNEW.csproj]
C:\Users\Rohit Rathod\Desktop\JsapProject\JSAPNEW\Models\ItemMasterModel.cs(744,23): warning CS8618: Non-nullable property 'IssueMethod' must contain a non-null value when exiting constructor. Consider adding the 'required' modifier or declaring the property as nullable. [C:\Users\Rohit Rathod\Desktop\JsapProject\JSAPNEW\JSAPNEW.csproj]
C:\Users\Rohit Rathod\Desktop\JsapProject\JSAPNEW\Models\ItemMasterModel.cs(745,23): warning CS8618: Non-nullable property 'MngMethod' must contain a non-null value when exiting constructor. Consider adding the 'required' modifier or declaring the property as nullable. [C:\Users\Rohit Rathod\Desktop\JsapProject\JSAPNEW\JSAPNEW.csproj]
C:\Users\Rohit Rathod\Desktop\JsapProject\JSAPNEW\Models\ItemMasterModel.cs(746,23): warning CS8618: Non-nullable property 'InvntoryUom' must contain a non-null value when exiting constructor. Consider adding the 'required' modifier or declaring the property as nullable. [C:\Users\Rohit Rathod\Desktop\JsapProject\JSAPNEW\JSAPNEW.csproj]
C:\Users\Rohit Rathod\Desktop\JsapProject\JSAPNEW\Models\ItemMasterModel.cs(748,23): warning CS8618: Non-nullable property 'GstRelevant' must contain a non-null value when exiting constructor. Consider adding the 'required' modifier or declaring the property as nullable. [C:\Users\Rohit Rathod\Desktop\JsapProject\JSAPNEW\JSAPNEW.csproj]
C:\Users\Rohit Rathod\Desktop\JsapProject\JSAPNEW\Models\ItemMasterModel.cs(749,23): warning CS8618: Non-nullable property 'GstTaxCtg' must contain a non-null value when exiting constructor. Consider adding the 'required' modifier or declaring the property as nullable. [C:\Users\Rohit Rathod\Desktop\JsapProject\JSAPNEW\JSAPNEW.csproj]
C:\Users\Rohit Rathod\Desktop\JsapProject\JSAPNEW\Models\ItemMasterModel.cs(577,23): warning CS8618: Non-nullable property 'branch' must contain a non-null value when exiting constructor. Consider adding the 'required' modifier or declaring the property as nullable. [C:\Users\Rohit Rathod\Desktop\JsapProject\JSAPNEW\JSAPNEW.csproj]
C:\Users\Rohit Rathod\Desktop\JsapProject\JSAPNEW\Models\ItemMasterModel.cs(578,23): warning CS8618: Non-nullable property 'username' must contain a non-null value when exiting constructor. Consider adding the 'required' modifier or declaring the property as nullable. [C:\Users\Rohit Rathod\Desktop\JsapProject\JSAPNEW\JSAPNEW.csproj]
C:\Users\Rohit Rathod\Desktop\JsapProject\JSAPNEW\Models\ItemMasterModel.cs(579,23): warning CS8618: Non-nullable property 'documentType' must contain a non-null value when exiting constructor. Consider adding the 'required' modifier or declaring the property as nullable. [C:\Users\Rohit Rathod\Desktop\JsapProject\JSAPNEW\JSAPNEW.csproj]
C:\Users\Rohit Rathod\Desktop\JsapProject\JSAPNEW\Models\ItemMasterModel.cs(580,23): warning CS8618: Non-nullable property 'fromDate' must contain a non-null value when exiting constructor. Consider adding the 'required' modifier or declaring the property as nullable. [C:\Users\Rohit Rathod\Desktop\JsapProject\JSAPNEW\JSAPNEW.csproj]
C:\Users\Rohit Rathod\Desktop\JsapProject\JSAPNEW\Models\ItemMasterModel.cs(581,23): warning CS8618: Non-nullable property 'toDate' must contain a non-null value when exiting constructor. Consider adding the 'required' modifier or declaring the property as nullable. [C:\Users\Rohit Rathod\Desktop\JsapProject\JSAPNEW\JSAPNEW.csproj]
C:\Users\Rohit Rathod\Desktop\JsapProject\JSAPNEW\Models\ItemMasterModel.cs(582,23): warning CS8618: Non-nullable property 'timeLimit' must contain a non-null value when exiting constructor. Consider adding the 'required' modifier or declaring the property as nullable. [C:\Users\Rohit Rathod\Desktop\JsapProject\JSAPNEW\JSAPNEW.csproj]
C:\Users\Rohit Rathod\Desktop\JsapProject\JSAPNEW\Models\ItemMasterModel.cs(583,23): warning CS8618: Non-nullable property 'createdOn' must contain a non-null value when exiting constructor. Consider adding the 'required' modifier or declaring the property as nullable. [C:\Users\Rohit Rathod\Desktop\JsapProject\JSAPNEW\JSAPNEW.csproj]
C:\Users\Rohit Rathod\Desktop\JsapProject\JSAPNEW\Models\ItemMasterModel.cs(584,23): warning CS8618: Non-nullable property 'action' must contain a non-null value when exiting constructor. Consider adding the 'required' modifier or declaring the property as nullable. [C:\Users\Rohit Rathod\Desktop\JsapProject\JSAPNEW\JSAPNEW.csproj]
C:\Users\Rohit Rathod\Desktop\JsapProject\JSAPNEW\Models\ItemMasterModel.cs(585,23): warning CS8618: Non-nullable property 'createdBy' must contain a non-null value when exiting constructor. Consider adding the 'required' modifier or declaring the property as nullable. [C:\Users\Rohit Rathod\Desktop\JsapProject\JSAPNEW\JSAPNEW.csproj]
C:\Users\Rohit Rathod\Desktop\JsapProject\JSAPNEW\Models\ItemMasterModel.cs(586,23): warning CS8618: Non-nullable property 'createdByUser' must contain a non-null value when exiting constructor. Consider adding the 'required' modifier or declaring the property as nullable. [C:\Users\Rohit Rathod\Desktop\JsapProject\JSAPNEW\JSAPNEW.csproj]
C:\Users\Rohit Rathod\Desktop\JsapProject\JSAPNEW\Models\ItemMasterModel.cs(529,23): warning CS8618: Non-nullable property 'ObjName' must contain a non-null value when exiting constructor. Consider adding the 'required' modifier or declaring the property as nullable. [C:\Users\Rohit Rathod\Desktop\JsapProject\JSAPNEW\JSAPNEW.csproj]
C:\Users\Rohit Rathod\Desktop\JsapProject\JSAPNEW\Models\ItemMasterModel.cs(523,23): warning CS8618: Non-nullable property 'USER_CODE' must contain a non-null value when exiting constructor. Consider adding the 'required' modifier or declaring the property as nullable. [C:\Users\Rohit Rathod\Desktop\JsapProject\JSAPNEW\JSAPNEW.csproj]
C:\Users\Rohit Rathod\Desktop\JsapProject\JSAPNEW\Services\Implementation\UserService.cs(1606,28): warning CS8603: Possible null reference return. [C:\Users\Rohit Rathod\Desktop\JsapProject\JSAPNEW\JSAPNEW.csproj]
C:\Users\Rohit Rathod\Desktop\JsapProject\JSAPNEW\Services\Implementation\UserService.cs(1641,24): warning CS8603: Possible null reference return. [C:\Users\Rohit Rathod\Desktop\JsapProject\JSAPNEW\JSAPNEW.csproj]
C:\Users\Rohit Rathod\Desktop\JsapProject\JSAPNEW\Models\ItemMasterModel.cs(533,23): warning CS8618: Non-nullable property 'Branch' must contain a non-null value when exiting constructor. Consider adding the 'required' modifier or declaring the property as nullable. [C:\Users\Rohit Rathod\Desktop\JsapProject\JSAPNEW\JSAPNEW.csproj]
C:\Users\Rohit Rathod\Desktop\JsapProject\JSAPNEW\Models\ItemMasterModel.cs(534,23): warning CS8618: Non-nullable property 'UserId' must contain a non-null value when exiting constructor. Consider adding the 'required' modifier or declaring the property as nullable. [C:\Users\Rohit Rathod\Desktop\JsapProject\JSAPNEW\JSAPNEW.csproj]
C:\Users\Rohit Rathod\Desktop\JsapProject\JSAPNEW\Models\ItemMasterModel.cs(536,23): warning CS8618: Non-nullable property 'FromDate' must contain a non-null value when exiting constructor. Consider adding the 'required' modifier or declaring the property as nullable. [C:\Users\Rohit Rathod\Desktop\JsapProject\JSAPNEW\JSAPNEW.csproj]
C:\Users\Rohit Rathod\Desktop\JsapProject\JSAPNEW\Models\ItemMasterModel.cs(537,23): warning CS8618: Non-nullable property 'ToDate' must contain a non-null value when exiting constructor. Consider adding the 'required' modifier or declaring the property as nullable. [C:\Users\Rohit Rathod\Desktop\JsapProject\JSAPNEW\JSAPNEW.csproj]
C:\Users\Rohit Rathod\Desktop\JsapProject\JSAPNEW\Models\ItemMasterModel.cs(539,23): warning CS8618: Non-nullable property 'Rights' must contain a non-null value when exiting constructor. Consider adding the 'required' modifier or declaring the property as nullable. [C:\Users\Rohit Rathod\Desktop\JsapProject\JSAPNEW\JSAPNEW.csproj]
C:\Users\Rohit Rathod\Desktop\JsapProject\JSAPNEW\Models\ItemMasterModel.cs(540,23): warning CS8618: Non-nullable property 'CreatedBy' must contain a non-null value when exiting constructor. Consider adding the 'required' modifier or declaring the property as nullable. [C:\Users\Rohit Rathod\Desktop\JsapProject\JSAPNEW\JSAPNEW.csproj]
C:\Users\Rohit Rathod\Desktop\JsapProject\JSAPNEW\Models\ItemMasterModel.cs(542,23): warning CS8618: Non-nullable property 'DeletedBy' must contain a non-null value when exiting constructor. Consider adding the 'required' modifier or declaring the property as nullable. [C:\Users\Rohit Rathod\Desktop\JsapProject\JSAPNEW\JSAPNEW.csproj]
C:\Users\Rohit Rathod\Desktop\JsapProject\JSAPNEW\Models\ItemMasterModel.cs(558,23): warning CS8618: Non-nullable property 'documentType' must contain a non-null value when exiting constructor. Consider adding the 'required' modifier or declaring the property as nullable. [C:\Users\Rohit Rathod\Desktop\JsapProject\JSAPNEW\JSAPNEW.csproj]
C:\Users\Rohit Rathod\Desktop\JsapProject\JSAPNEW\Models\ItemMasterModel.cs(559,23): warning CS8618: Non-nullable property 'branch' must contain a non-null value when exiting constructor. Consider adding the 'required' modifier or declaring the property as nullable. [C:\Users\Rohit Rathod\Desktop\JsapProject\JSAPNEW\JSAPNEW.csproj]
C:\Users\Rohit Rathod\Desktop\JsapProject\JSAPNEW\Models\ItemMasterModel.cs(560,23): warning CS8618: Non-nullable property 'action' must contain a non-null value when exiting constructor. Consider adding the 'required' modifier or declaring the property as nullable. [C:\Users\Rohit Rathod\Desktop\JsapProject\JSAPNEW\JSAPNEW.csproj]
C:\Users\Rohit Rathod\Desktop\JsapProject\JSAPNEW\Models\ItemMasterModel.cs(561,23): warning CS8618: Non-nullable property 'username' must contain a non-null value when exiting constructor. Consider adding the 'required' modifier or declaring the property as nullable. [C:\Users\Rohit Rathod\Desktop\JsapProject\JSAPNEW\JSAPNEW.csproj]
C:\Users\Rohit Rathod\Desktop\JsapProject\JSAPNEW\Models\ItemMasterModel.cs(562,23): warning CS8618: Non-nullable property 'fromDate' must contain a non-null value when exiting constructor. Consider adding the 'required' modifier or declaring the property as nullable. [C:\Users\Rohit Rathod\Desktop\JsapProject\JSAPNEW\JSAPNEW.csproj]
C:\Users\Rohit Rathod\Desktop\JsapProject\JSAPNEW\Models\ItemMasterModel.cs(563,23): warning CS8618: Non-nullable property 'toDate' must contain a non-null value when exiting constructor. Consider adding the 'required' modifier or declaring the property as nullable. [C:\Users\Rohit Rathod\Desktop\JsapProject\JSAPNEW\JSAPNEW.csproj]
C:\Users\Rohit Rathod\Desktop\JsapProject\JSAPNEW\Models\ItemMasterModel.cs(564,23): warning CS8618: Non-nullable property 'timeLimit' must contain a non-null value when exiting constructor. Consider adding the 'required' modifier or declaring the property as nullable. [C:\Users\Rohit Rathod\Desktop\JsapProject\JSAPNEW\JSAPNEW.csproj]
C:\Users\Rohit Rathod\Desktop\JsapProject\JSAPNEW\Models\ItemMasterModel.cs(566,23): warning CS8618: Non-nullable property 'createdBy' must contain a non-null value when exiting constructor. Consider adding the 'required' modifier or declaring the property as nullable. [C:\Users\Rohit Rathod\Desktop\JsapProject\JSAPNEW\JSAPNEW.csproj]
C:\Users\Rohit Rathod\Desktop\JsapProject\JSAPNEW\Models\ItemMasterModel.cs(567,23): warning CS8618: Non-nullable property 'createdOn' must contain a non-null value when exiting constructor. Consider adding the 'required' modifier or declaring the property as nullable. [C:\Users\Rohit Rathod\Desktop\JsapProject\JSAPNEW\JSAPNEW.csproj]
C:\Users\Rohit Rathod\Desktop\JsapProject\JSAPNEW\Models\ItemMasterModel.cs(569,23): warning CS8618: Non-nullable property 'Status' must contain a non-null value when exiting constructor. Consider adding the 'required' modifier or declaring the property as nullable. [C:\Users\Rohit Rathod\Desktop\JsapProject\JSAPNEW\JSAPNEW.csproj]
C:\Users\Rohit Rathod\Desktop\JsapProject\JSAPNEW\Models\ItemMasterModel.cs(570,23): warning CS8618: Non-nullable property 'HanaStatus' must contain a non-null value when exiting constructor. Consider adding the 'required' modifier or declaring the property as nullable. [C:\Users\Rohit Rathod\Desktop\JsapProject\JSAPNEW\JSAPNEW.csproj]
C:\Users\Rohit Rathod\Desktop\JsapProject\JSAPNEW\Models\ItemMasterModel.cs(436,23): warning CS8618: Non-nullable property 'company' must contain a non-null value when exiting constructor. Consider adding the 'required' modifier or declaring the property as nullable. [C:\Users\Rohit Rathod\Desktop\JsapProject\JSAPNEW\JSAPNEW.csproj]
C:\Users\Rohit Rathod\Desktop\JsapProject\JSAPNEW\Models\ItemMasterModel.cs(438,23): warning CS8618: Non-nullable property 'itemName' must contain a non-null value when exiting constructor. Consider adding the 'required' modifier or declaring the property as nullable. [C:\Users\Rohit Rathod\Desktop\JsapProject\JSAPNEW\JSAPNEW.csproj]
C:\Users\Rohit Rathod\Desktop\JsapProject\JSAPNEW\Models\ItemMasterModel.cs(441,23): warning CS8618: Non-nullable property 'subGroup' must contain a non-null value when exiting constructor. Consider adding the 'required' modifier or declaring the property as nullable. [C:\Users\Rohit Rathod\Desktop\JsapProject\JSAPNEW\JSAPNEW.csproj]
C:\Users\Rohit Rathod\Desktop\JsapProject\JSAPNEW\Models\ItemMasterModel.cs(442,23): warning CS8618: Non-nullable property 'actionByName' must contain a non-null value when exiting constructor. Consider adding the 'required' modifier or declaring the property as nullable. [C:\Users\Rohit Rathod\Desktop\JsapProject\JSAPNEW\JSAPNEW.csproj]
C:\Users\Rohit Rathod\Desktop\JsapProject\JSAPNEW\Models\ItemMasterModel.cs(443,23): warning CS8618: Non-nullable property 'createdDate' must contain a non-null value when exiting constructor. Consider adding the 'required' modifier or declaring the property as nullable. [C:\Users\Rohit Rathod\Desktop\JsapProject\JSAPNEW\JSAPNEW.csproj]
C:\Users\Rohit Rathod\Desktop\JsapProject\JSAPNEW\Models\ItemMasterModel.cs(444,23): warning CS8618: Non-nullable property 'updatedDate' must contain a non-null value when exiting constructor. Consider adding the 'required' modifier or declaring the property as nullable. [C:\Users\Rohit Rathod\Desktop\JsapProject\JSAPNEW\JSAPNEW.csproj]
C:\Users\Rohit Rathod\Desktop\JsapProject\JSAPNEW\Models\ItemMasterModel.cs(446,23): warning CS8618: Non-nullable property 'status' must contain a non-null value when exiting constructor. Consider adding the 'required' modifier or declaring the property as nullable. [C:\Users\Rohit Rathod\Desktop\JsapProject\JSAPNEW\JSAPNEW.csproj]
C:\Users\Rohit Rathod\Desktop\JsapProject\JSAPNEW\Models\ItemMasterModel.cs(452,23): warning CS8618: Non-nullable property 'InitDataId' must contain a non-null value when exiting constructor. Consider adding the 'required' modifier or declaring the property as nullable. [C:\Users\Rohit Rathod\Desktop\JsapProject\JSAPNEW\JSAPNEW.csproj]
C:\Users\Rohit Rathod\Desktop\JsapProject\JSAPNEW\Models\ItemMasterModel.cs(453,23): warning CS8618: Non-nullable property 'ItemName' must contain a non-null value when exiting constructor. Consider adding the 'required' modifier or declaring the property as nullable. [C:\Users\Rohit Rathod\Desktop\JsapProject\JSAPNEW\JSAPNEW.csproj]
C:\Users\Rohit Rathod\Desktop\JsapProject\JSAPNEW\Models\ItemMasterModel.cs(456,23): warning CS8618: Non-nullable property 'TaxRate' must contain a non-null value when exiting constructor. Consider adding the 'required' modifier or declaring the property as nullable. [C:\Users\Rohit Rathod\Desktop\JsapProject\JSAPNEW\JSAPNEW.csproj]
C:\Users\Rohit Rathod\Desktop\JsapProject\JSAPNEW\Models\ItemMasterModel.cs(458,23): warning CS8618: Non-nullable property 'ChapterName' must contain a non-null value when exiting constructor. Consider adding the 'required' modifier or declaring the property as nullable. [C:\Users\Rohit Rathod\Desktop\JsapProject\JSAPNEW\JSAPNEW.csproj]
C:\Users\Rohit Rathod\Desktop\JsapProject\JSAPNEW\Models\ItemMasterModel.cs(459,23): warning CS8618: Non-nullable property 'Unit' must contain a non-null value when exiting constructor. Consider adding the 'required' modifier or declaring the property as nullable. [C:\Users\Rohit Rathod\Desktop\JsapProject\JSAPNEW\JSAPNEW.csproj]
C:\Users\Rohit Rathod\Desktop\JsapProject\JSAPNEW\Models\ItemMasterModel.cs(460,23): warning CS8618: Non-nullable property 'Brand' must contain a non-null value when exiting constructor. Consider adding the 'required' modifier or declaring the property as nullable. [C:\Users\Rohit Rathod\Desktop\JsapProject\JSAPNEW\JSAPNEW.csproj]
C:\Users\Rohit Rathod\Desktop\JsapProject\JSAPNEW\Models\ItemMasterModel.cs(461,23): warning CS8618: Non-nullable property 'Variety' must contain a non-null value when exiting constructor. Consider adding the 'required' modifier or declaring the property as nullable. [C:\Users\Rohit Rathod\Desktop\JsapProject\JSAPNEW\JSAPNEW.csproj]
C:\Users\Rohit Rathod\Desktop\JsapProject\JSAPNEW\Models\ItemMasterModel.cs(462,23): warning CS8618: Non-nullable property 'SubGroup' must contain a non-null value when exiting constructor. Consider adding the 'required' modifier or declaring the property as nullable. [C:\Users\Rohit Rathod\Desktop\JsapProject\JSAPNEW\JSAPNEW.csproj]
C:\Users\Rohit Rathod\Desktop\JsapProject\JSAPNEW\Models\ItemMasterModel.cs(463,23): warning CS8618: Non-nullable property 'Sku' must contain a non-null value when exiting constructor. Consider adding the 'required' modifier or declaring the property as nullable. [C:\Users\Rohit Rathod\Desktop\JsapProject\JSAPNEW\JSAPNEW.csproj]
C:\Users\Rohit Rathod\Desktop\JsapProject\JSAPNEW\Models\ItemMasterModel.cs(464,23): warning CS8618: Non-nullable property 'IsLitre' must contain a non-null value when exiting constructor. Consider adding the 'required' modifier or declaring the property as nullable. [C:\Users\Rohit Rathod\Desktop\JsapProject\JSAPNEW\JSAPNEW.csproj]
C:\Users\Rohit Rathod\Desktop\JsapProject\JSAPNEW\Models\ItemMasterModel.cs(465,23): warning CS8618: Non-nullable property 'Litre' must contain a non-null value when exiting constructor. Consider adding the 'required' modifier or declaring the property as nullable. [C:\Users\Rohit Rathod\Desktop\JsapProject\JSAPNEW\JSAPNEW.csproj]
C:\Users\Rohit Rathod\Desktop\JsapProject\JSAPNEW\Models\ItemMasterModel.cs(466,23): warning CS8618: Non-nullable property 'purchaseUom' must contain a non-null value when exiting constructor. Consider adding the 'required' modifier or declaring the property as nullable. [C:\Users\Rohit Rathod\Desktop\JsapProject\JSAPNEW\JSAPNEW.csproj]
C:\Users\Rohit Rathod\Desktop\JsapProject\JSAPNEW\Models\ItemMasterModel.cs(467,23): warning CS8618: Non-nullable property 'salesUom' must contain a non-null value when exiting constructor. Consider adding the 'required' modifier or declaring the property as nullable. [C:\Users\Rohit Rathod\Desktop\JsapProject\JSAPNEW\JSAPNEW.csproj]
C:\Users\Rohit Rathod\Desktop\JsapProject\JSAPNEW\Models\ItemMasterModel.cs(468,23): warning CS8618: Non-nullable property 'invUom' must contain a non-null value when exiting constructor. Consider adding the 'required' modifier or declaring the property as nullable. [C:\Users\Rohit Rathod\Desktop\JsapProject\JSAPNEW\JSAPNEW.csproj]
C:\Users\Rohit Rathod\Desktop\JsapProject\JSAPNEW\Models\ItemMasterModel.cs(469,23): warning CS8618: Non-nullable property 'GrossWeight' must contain a non-null value when exiting constructor. Consider adding the 'required' modifier or declaring the property as nullable. [C:\Users\Rohit Rathod\Desktop\JsapProject\JSAPNEW\JSAPNEW.csproj]
C:\Users\Rohit Rathod\Desktop\JsapProject\JSAPNEW\Models\ItemMasterModel.cs(470,23): warning CS8618: Non-nullable property 'Mrp' must contain a non-null value when exiting constructor. Consider adding the 'required' modifier or declaring the property as nullable. [C:\Users\Rohit Rathod\Desktop\JsapProject\JSAPNEW\JSAPNEW.csproj]
C:\Users\Rohit Rathod\Desktop\JsapProject\JSAPNEW\Models\ItemMasterModel.cs(471,23): warning CS8618: Non-nullable property 'PackType' must contain a non-null value when exiting constructor. Consider adding the 'required' modifier or declaring the property as nullable. [C:\Users\Rohit Rathod\Desktop\JsapProject\JSAPNEW\JSAPNEW.csproj]
C:\Users\Rohit Rathod\Desktop\JsapProject\JSAPNEW\Models\ItemMasterModel.cs(472,23): warning CS8618: Non-nullable property 'PackingType' must contain a non-null value when exiting constructor. Consider adding the 'required' modifier or declaring the property as nullable. [C:\Users\Rohit Rathod\Desktop\JsapProject\JSAPNEW\JSAPNEW.csproj]
C:\Users\Rohit Rathod\Desktop\JsapProject\JSAPNEW\Models\ItemMasterModel.cs(473,23): warning CS8618: Non-nullable property 'FaType' must contain a non-null value when exiting constructor. Consider adding the 'required' modifier or declaring the property as nullable. [C:\Users\Rohit Rathod\Desktop\JsapProject\JSAPNEW\JSAPNEW.csproj]
C:\Users\Rohit Rathod\Desktop\JsapProject\JSAPNEW\Models\ItemMasterModel.cs(474,23): warning CS8618: Non-nullable property 'Uom' must contain a non-null value when exiting constructor. Consider adding the 'required' modifier or declaring the property as nullable. [C:\Users\Rohit Rathod\Desktop\JsapProject\JSAPNEW\JSAPNEW.csproj]
C:\Users\Rohit Rathod\Desktop\JsapProject\JSAPNEW\Models\ItemMasterModel.cs(475,23): warning CS8618: Non-nullable property 'Utype' must contain a non-null value when exiting constructor. Consider adding the 'required' modifier or declaring the property as nullable. [C:\Users\Rohit Rathod\Desktop\JsapProject\JSAPNEW\JSAPNEW.csproj]
C:\Users\Rohit Rathod\Desktop\JsapProject\JSAPNEW\Models\ItemMasterModel.cs(476,23): warning CS8618: Non-nullable property 'createDate' must contain a non-null value when exiting constructor. Consider adding the 'required' modifier or declaring the property as nullable. [C:\Users\Rohit Rathod\Desktop\JsapProject\JSAPNEW\JSAPNEW.csproj]
C:\Users\Rohit Rathod\Desktop\JsapProject\JSAPNEW\Models\ItemMasterModel.cs(477,23): warning CS8618: Non-nullable property 'CreatedByName' must contain a non-null value when exiting constructor. Consider adding the 'required' modifier or declaring the property as nullable. [C:\Users\Rohit Rathod\Desktop\JsapProject\JSAPNEW\JSAPNEW.csproj]
C:\Users\Rohit Rathod\Desktop\JsapProject\JSAPNEW\Models\ItemMasterModel.cs(478,23): warning CS8618: Non-nullable property 'Status' must contain a non-null value when exiting constructor. Consider adding the 'required' modifier or declaring the property as nullable. [C:\Users\Rohit Rathod\Desktop\JsapProject\JSAPNEW\JSAPNEW.csproj]
C:\Users\Rohit Rathod\Desktop\JsapProject\JSAPNEW\Models\ItemMasterModel.cs(479,23): warning CS8618: Non-nullable property 'flag' must contain a non-null value when exiting constructor. Consider adding the 'required' modifier or declaring the property as nullable. [C:\Users\Rohit Rathod\Desktop\JsapProject\JSAPNEW\JSAPNEW.csproj]
C:\Users\Rohit Rathod\Desktop\JsapProject\JSAPNEW\Services\Implementation\HierarchyService.cs(2411,28): warning CS8602: Dereference of a possibly null reference. [C:\Users\Rohit Rathod\Desktop\JsapProject\JSAPNEW\JSAPNEW.csproj]
C:\Users\Rohit Rathod\Desktop\JsapProject\JSAPNEW\Models\ItemMasterModel.cs(361,34): warning CS8618: Non-nullable property 'remarks' must contain a non-null value when exiting constructor. Consider adding the 'required' modifier or declaring the property as nullable. [C:\Users\Rohit Rathod\Desktop\JsapProject\JSAPNEW\JSAPNEW.csproj]
C:\Users\Rohit Rathod\Desktop\JsapProject\JSAPNEW\Models\ItemMasterModel.cs(486,23): warning CS8618: Non-nullable property 'action' must contain a non-null value when exiting constructor. Consider adding the 'required' modifier or declaring the property as nullable. [C:\Users\Rohit Rathod\Desktop\JsapProject\JSAPNEW\JSAPNEW.csproj]
C:\Users\Rohit Rathod\Desktop\JsapProject\JSAPNEW\Models\ItemMasterModel.cs(487,23): warning CS8618: Non-nullable property 'itemName' must contain a non-null value when exiting constructor. Consider adding the 'required' modifier or declaring the property as nullable. [C:\Users\Rohit Rathod\Desktop\JsapProject\JSAPNEW\JSAPNEW.csproj]
C:\Users\Rohit Rathod\Desktop\JsapProject\JSAPNEW\Models\ItemMasterModel.cs(489,23): warning CS8618: Non-nullable property 'itemGroupName' must contain a non-null value when exiting constructor. Consider adding the 'required' modifier or declaring the property as nullable. [C:\Users\Rohit Rathod\Desktop\JsapProject\JSAPNEW\JSAPNEW.csproj]
C:\Users\Rohit Rathod\Desktop\JsapProject\JSAPNEW\Models\ItemMasterModel.cs(491,23): warning CS8618: Non-nullable property 'chapterId' must contain a non-null value when exiting constructor. Consider adding the 'required' modifier or declaring the property as nullable. [C:\Users\Rohit Rathod\Desktop\JsapProject\JSAPNEW\JSAPNEW.csproj]
C:\Users\Rohit Rathod\Desktop\JsapProject\JSAPNEW\Models\ItemMasterModel.cs(492,23): warning CS8618: Non-nullable property 'ChapterName' must contain a non-null value when exiting constructor. Consider adding the 'required' modifier or declaring the property as nullable. [C:\Users\Rohit Rathod\Desktop\JsapProject\JSAPNEW\JSAPNEW.csproj]
C:\Users\Rohit Rathod\Desktop\JsapProject\JSAPNEW\Models\ItemMasterModel.cs(493,23): warning CS8618: Non-nullable property 'unit' must contain a non-null value when exiting constructor. Consider adding the 'required' modifier or declaring the property as nullable. [C:\Users\Rohit Rathod\Desktop\JsapProject\JSAPNEW\JSAPNEW.csproj]
C:\Users\Rohit Rathod\Desktop\JsapProject\JSAPNEW\Models\ItemMasterModel.cs(494,23): warning CS8618: Non-nullable property 'brand' must contain a non-null value when exiting constructor. Consider adding the 'required' modifier or declaring the property as nullable. [C:\Users\Rohit Rathod\Desktop\JsapProject\JSAPNEW\JSAPNEW.csproj]
C:\Users\Rohit Rathod\Desktop\JsapProject\JSAPNEW\Models\ItemMasterModel.cs(495,23): warning CS8618: Non-nullable property 'variety' must contain a non-null value when exiting constructor. Consider adding the 'required' modifier or declaring the property as nullable. [C:\Users\Rohit Rathod\Desktop\JsapProject\JSAPNEW\JSAPNEW.csproj]
C:\Users\Rohit Rathod\Desktop\JsapProject\JSAPNEW\Models\ItemMasterModel.cs(496,23): warning CS8618: Non-nullable property 'subGroup' must contain a non-null value when exiting constructor. Consider adding the 'required' modifier or declaring the property as nullable. [C:\Users\Rohit Rathod\Desktop\JsapProject\JSAPNEW\JSAPNEW.csproj]
C:\Users\Rohit Rathod\Desktop\JsapProject\JSAPNEW\Models\ItemMasterModel.cs(497,23): warning CS8618: Non-nullable property 'sku' must contain a non-null value when exiting constructor. Consider adding the 'required' modifier or declaring the property as nullable. [C:\Users\Rohit Rathod\Desktop\JsapProject\JSAPNEW\JSAPNEW.csproj]
C:\Users\Rohit Rathod\Desktop\JsapProject\JSAPNEW\Models\ItemMasterModel.cs(498,23): warning CS8618: Non-nullable property 'isLitre' must contain a non-null value when exiting constructor. Consider adding the 'required' modifier or declaring the property as nullable. [C:\Users\Rohit Rathod\Desktop\JsapProject\JSAPNEW\JSAPNEW.csproj]
C:\Users\Rohit Rathod\Desktop\JsapProject\JSAPNEW\Models\ItemMasterModel.cs(501,23): warning CS8618: Non-nullable property 'packType' must contain a non-null value when exiting constructor. Consider adding the 'required' modifier or declaring the property as nullable. [C:\Users\Rohit Rathod\Desktop\JsapProject\JSAPNEW\JSAPNEW.csproj]
C:\Users\Rohit Rathod\Desktop\JsapProject\JSAPNEW\Models\ItemMasterModel.cs(502,23): warning CS8618: Non-nullable property 'packingType' must contain a non-null value when exiting constructor. Consider adding the 'required' modifier or declaring the property as nullable. [C:\Users\Rohit Rathod\Desktop\JsapProject\JSAPNEW\JSAPNEW.csproj]
C:\Users\Rohit Rathod\Desktop\JsapProject\JSAPNEW\Models\ItemMasterModel.cs(503,23): warning CS8618: Non-nullable property 'faType' must contain a non-null value when exiting constructor. Consider adding the 'required' modifier or declaring the property as nullable. [C:\Users\Rohit Rathod\Desktop\JsapProject\JSAPNEW\JSAPNEW.csproj]
C:\Users\Rohit Rathod\Desktop\JsapProject\JSAPNEW\Models\ItemMasterModel.cs(504,23): warning CS8618: Non-nullable property 'uom' must contain a non-null value when exiting constructor. Consider adding the 'required' modifier or declaring the property as nullable. [C:\Users\Rohit Rathod\Desktop\JsapProject\JSAPNEW\JSAPNEW.csproj]
C:\Users\Rohit Rathod\Desktop\JsapProject\JSAPNEW\Models\ItemMasterModel.cs(505,23): warning CS8618: Non-nullable property 'salesUom' must contain a non-null value when exiting constructor. Consider adding the 'required' modifier or declaring the property as nullable. [C:\Users\Rohit Rathod\Desktop\JsapProject\JSAPNEW\JSAPNEW.csproj]
C:\Users\Rohit Rathod\Desktop\JsapProject\JSAPNEW\Models\ItemMasterModel.cs(506,23): warning CS8618: Non-nullable property 'invUom' must contain a non-null value when exiting constructor. Consider adding the 'required' modifier or declaring the property as nullable. [C:\Users\Rohit Rathod\Desktop\JsapProject\JSAPNEW\JSAPNEW.csproj]
C:\Users\Rohit Rathod\Desktop\JsapProject\JSAPNEW\Models\ItemMasterModel.cs(507,23): warning CS8618: Non-nullable property 'purchaseUom' must contain a non-null value when exiting constructor. Consider adding the 'required' modifier or declaring the property as nullable. [C:\Users\Rohit Rathod\Desktop\JsapProject\JSAPNEW\JSAPNEW.csproj]
C:\Users\Rohit Rathod\Desktop\JsapProject\JSAPNEW\Models\ItemMasterModel.cs(511,23): warning CS8618: Non-nullable property 'uomGroup' must contain a non-null value when exiting constructor. Consider adding the 'required' modifier or declaring the property as nullable. [C:\Users\Rohit Rathod\Desktop\JsapProject\JSAPNEW\JSAPNEW.csproj]
C:\Users\Rohit Rathod\Desktop\JsapProject\JSAPNEW\Models\ItemMasterModel.cs(514,23): warning CS8618: Non-nullable property 'u_type' must contain a non-null value when exiting constructor. Consider adding the 'required' modifier or declaring the property as nullable. [C:\Users\Rohit Rathod\Desktop\JsapProject\JSAPNEW\JSAPNEW.csproj]
C:\Users\Rohit Rathod\Desktop\JsapProject\JSAPNEW\Models\ItemMasterModel.cs(373,23): warning CS8618: Non-nullable property 'ChapterName' must contain a non-null value when exiting constructor. Consider adding the 'required' modifier or declaring the property as nullable. [C:\Users\Rohit Rathod\Desktop\JsapProject\JSAPNEW\JSAPNEW.csproj]
C:\Users\Rohit Rathod\Desktop\JsapProject\JSAPNEW\Models\ItemMasterModel.cs(303,23): warning CS8618: Non-nullable property 'ChapterName' must contain a non-null value when exiting constructor. Consider adding the 'required' modifier or declaring the property as nullable. [C:\Users\Rohit Rathod\Desktop\JsapProject\JSAPNEW\JSAPNEW.csproj]
C:\Users\Rohit Rathod\Desktop\JsapProject\JSAPNEW\Models\ItemMasterModel.cs(263,23): warning CS8618: Non-nullable property 'ItemName' must contain a non-null value when exiting constructor. Consider adding the 'required' modifier or declaring the property as nullable. [C:\Users\Rohit Rathod\Desktop\JsapProject\JSAPNEW\JSAPNEW.csproj]
C:\Users\Rohit Rathod\Desktop\JsapProject\JSAPNEW\Models\ItemMasterModel.cs(266,23): warning CS8618: Non-nullable property 'TaxRate' must contain a non-null value when exiting constructor. Consider adding the 'required' modifier or declaring the property as nullable. [C:\Users\Rohit Rathod\Desktop\JsapProject\JSAPNEW\JSAPNEW.csproj]
C:\Users\Rohit Rathod\Desktop\JsapProject\JSAPNEW\Models\ItemMasterModel.cs(268,23): warning CS8618: Non-nullable property 'ChapterName' must contain a non-null value when exiting constructor. Consider adding the 'required' modifier or declaring the property as nullable. [C:\Users\Rohit Rathod\Desktop\JsapProject\JSAPNEW\JSAPNEW.csproj]
C:\Users\Rohit Rathod\Desktop\JsapProject\JSAPNEW\Models\ItemMasterModel.cs(269,23): warning CS8618: Non-nullable property 'Unit' must contain a non-null value when exiting constructor. Consider adding the 'required' modifier or declaring the property as nullable. [C:\Users\Rohit Rathod\Desktop\JsapProject\JSAPNEW\JSAPNEW.csproj]
C:\Users\Rohit Rathod\Desktop\JsapProject\JSAPNEW\Models\ItemMasterModel.cs(270,23): warning CS8618: Non-nullable property 'Brand' must contain a non-null value when exiting constructor. Consider adding the 'required' modifier or declaring the property as nullable. [C:\Users\Rohit Rathod\Desktop\JsapProject\JSAPNEW\JSAPNEW.csproj]
C:\Users\Rohit Rathod\Desktop\JsapProject\JSAPNEW\Models\ItemMasterModel.cs(271,23): warning CS8618: Non-nullable property 'Variety' must contain a non-null value when exiting constructor. Consider adding the 'required' modifier or declaring the property as nullable. [C:\Users\Rohit Rathod\Desktop\JsapProject\JSAPNEW\JSAPNEW.csproj]
C:\Users\Rohit Rathod\Desktop\JsapProject\JSAPNEW\Models\ItemMasterModel.cs(272,23): warning CS8618: Non-nullable property 'SubGroup' must contain a non-null value when exiting constructor. Consider adding the 'required' modifier or declaring the property as nullable. [C:\Users\Rohit Rathod\Desktop\JsapProject\JSAPNEW\JSAPNEW.csproj]
C:\Users\Rohit Rathod\Desktop\JsapProject\JSAPNEW\Models\ItemMasterModel.cs(273,23): warning CS8618: Non-nullable property 'Sku' must contain a non-null value when exiting constructor. Consider adding the 'required' modifier or declaring the property as nullable. [C:\Users\Rohit Rathod\Desktop\JsapProject\JSAPNEW\JSAPNEW.csproj]
C:\Users\Rohit Rathod\Desktop\JsapProject\JSAPNEW\Models\ItemMasterModel.cs(274,23): warning CS8618: Non-nullable property 'IsLitre' must contain a non-null value when exiting constructor. Consider adding the 'required' modifier or declaring the property as nullable. [C:\Users\Rohit Rathod\Desktop\JsapProject\JSAPNEW\JSAPNEW.csproj]
C:\Users\Rohit Rathod\Desktop\JsapProject\JSAPNEW\Models\ItemMasterModel.cs(275,23): warning CS8618: Non-nullable property 'GrossWeight' must contain a non-null value when exiting constructor. Consider adding the 'required' modifier or declaring the property as nullable. [C:\Users\Rohit Rathod\Desktop\JsapProject\JSAPNEW\JSAPNEW.csproj]
C:\Users\Rohit Rathod\Desktop\JsapProject\JSAPNEW\Models\ItemMasterModel.cs(276,23): warning CS8618: Non-nullable property 'Mrp' must contain a non-null value when exiting constructor. Consider adding the 'required' modifier or declaring the property as nullable. [C:\Users\Rohit Rathod\Desktop\JsapProject\JSAPNEW\JSAPNEW.csproj]
C:\Users\Rohit Rathod\Desktop\JsapProject\JSAPNEW\Models\ItemMasterModel.cs(277,23): warning CS8618: Non-nullable property 'PackType' must contain a non-null value when exiting constructor. Consider adding the 'required' modifier or declaring the property as nullable. [C:\Users\Rohit Rathod\Desktop\JsapProject\JSAPNEW\JSAPNEW.csproj]
C:\Users\Rohit Rathod\Desktop\JsapProject\JSAPNEW\Models\ItemMasterModel.cs(278,23): warning CS8618: Non-nullable property 'PackingType' must contain a non-null value when exiting constructor. Consider adding the 'required' modifier or declaring the property as nullable. [C:\Users\Rohit Rathod\Desktop\JsapProject\JSAPNEW\JSAPNEW.csproj]
C:\Users\Rohit Rathod\Desktop\JsapProject\JSAPNEW\Models\ItemMasterModel.cs(279,23): warning CS8618: Non-nullable property 'FaType' must contain a non-null value when exiting constructor. Consider adding the 'required' modifier or declaring the property as nullable. [C:\Users\Rohit Rathod\Desktop\JsapProject\JSAPNEW\JSAPNEW.csproj]
C:\Users\Rohit Rathod\Desktop\JsapProject\JSAPNEW\Models\ItemMasterModel.cs(280,23): warning CS8618: Non-nullable property 'Uom' must contain a non-null value when exiting constructor. Consider adding the 'required' modifier or declaring the property as nullable. [C:\Users\Rohit Rathod\Desktop\JsapProject\JSAPNEW\JSAPNEW.csproj]
C:\Users\Rohit Rathod\Desktop\JsapProject\JSAPNEW\Models\ItemMasterModel.cs(281,23): warning CS8618: Non-nullable property 'Utype' must contain a non-null value when exiting constructor. Consider adding the 'required' modifier or declaring the property as nullable. [C:\Users\Rohit Rathod\Desktop\JsapProject\JSAPNEW\JSAPNEW.csproj]
C:\Users\Rohit Rathod\Desktop\JsapProject\JSAPNEW\Models\ItemMasterModel.cs(282,23): warning CS8618: Non-nullable property 'CreatedByName' must contain a non-null value when exiting constructor. Consider adding the 'required' modifier or declaring the property as nullable. [C:\Users\Rohit Rathod\Desktop\JsapProject\JSAPNEW\JSAPNEW.csproj]
C:\Users\Rohit Rathod\Desktop\JsapProject\JSAPNEW\Models\ItemMasterModel.cs(283,23): warning CS8618: Non-nullable property 'CreateDate' must contain a non-null value when exiting constructor. Consider adding the 'required' modifier or declaring the property as nullable. [C:\Users\Rohit Rathod\Desktop\JsapProject\JSAPNEW\JSAPNEW.csproj]
C:\Users\Rohit Rathod\Desktop\JsapProject\JSAPNEW\Models\ItemMasterModel.cs(284,23): warning CS8618: Non-nullable property 'flag' must contain a non-null value when exiting constructor. Consider adding the 'required' modifier or declaring the property as nullable. [C:\Users\Rohit Rathod\Desktop\JsapProject\JSAPNEW\JSAPNEW.csproj]
C:\Users\Rohit Rathod\Desktop\JsapProject\JSAPNEW\Models\ItemMasterModel.cs(110,23): warning CS8618: Non-nullable property 'BuyUOM' must contain a non-null value when exiting constructor. Consider adding the 'required' modifier or declaring the property as nullable. [C:\Users\Rohit Rathod\Desktop\JsapProject\JSAPNEW\JSAPNEW.csproj]
C:\Users\Rohit Rathod\Desktop\JsapProject\JSAPNEW\Models\ItemMasterModel.cs(106,23): warning CS8618: Non-nullable property 'Brand' must contain a non-null value when exiting constructor. Consider adding the 'required' modifier or declaring the property as nullable. [C:\Users\Rohit Rathod\Desktop\JsapProject\JSAPNEW\JSAPNEW.csproj]
C:\Users\Rohit Rathod\Desktop\JsapProject\JSAPNEW\Models\ItemMasterModel.cs(102,23): warning CS8618: Non-nullable property 'ItmsGrpNam' must contain a non-null value when exiting constructor. Consider adding the 'required' modifier or declaring the property as nullable. [C:\Users\Rohit Rathod\Desktop\JsapProject\JSAPNEW\JSAPNEW.csproj]
C:\Users\Rohit Rathod\Desktop\JsapProject\JSAPNEW\Models\ItemMasterModel.cs(96,23): warning CS8618: Non-nullable property 'BuyUnitMsr' must contain a non-null value when exiting constructor. Consider adding the 'required' modifier or declaring the property as nullable. [C:\Users\Rohit Rathod\Desktop\JsapProject\JSAPNEW\JSAPNEW.csproj]
C:\Users\Rohit Rathod\Desktop\JsapProject\JSAPNEW\Models\ItemMasterModel.cs(92,23): warning CS8618: Non-nullable property 'FaType' must contain a non-null value when exiting constructor. Consider adding the 'required' modifier or declaring the property as nullable. [C:\Users\Rohit Rathod\Desktop\JsapProject\JSAPNEW\JSAPNEW.csproj]
C:\Users\Rohit Rathod\Desktop\JsapProject\JSAPNEW\Models\ItemMasterModel.cs(86,23): warning CS8618: Non-nullable property 'Unit' must contain a non-null value when exiting constructor. Consider adding the 'required' modifier or declaring the property as nullable. [C:\Users\Rohit Rathod\Desktop\JsapProject\JSAPNEW\JSAPNEW.csproj]
C:\Users\Rohit Rathod\Desktop\JsapProject\JSAPNEW\Models\ItemMasterModel.cs(82,23): warning CS8618: Non-nullable property 'SKU' must contain a non-null value when exiting constructor. Consider adding the 'required' modifier or declaring the property as nullable. [C:\Users\Rohit Rathod\Desktop\JsapProject\JSAPNEW\JSAPNEW.csproj]
C:\Users\Rohit Rathod\Desktop\JsapProject\JSAPNEW\Models\ItemMasterModel.cs(77,23): warning CS8618: Non-nullable property 'SalUnitMsr' must contain a non-null value when exiting constructor. Consider adding the 'required' modifier or declaring the property as nullable. [C:\Users\Rohit Rathod\Desktop\JsapProject\JSAPNEW\JSAPNEW.csproj]
C:\Users\Rohit Rathod\Desktop\JsapProject\JSAPNEW\Models\ItemMasterModel.cs(73,23): warning CS8618: Non-nullable property 'SalPackMsr' must contain a non-null value when exiting constructor. Consider adding the 'required' modifier or declaring the property as nullable. [C:\Users\Rohit Rathod\Desktop\JsapProject\JSAPNEW\JSAPNEW.csproj]
C:\Users\Rohit Rathod\Desktop\JsapProject\JSAPNEW\Models\ItemMasterModel.cs(68,23): warning CS8618: Non-nullable property 'PurPackMsr' must contain a non-null value when exiting constructor. Consider adding the 'required' modifier or declaring the property as nullable. [C:\Users\Rohit Rathod\Desktop\JsapProject\JSAPNEW\JSAPNEW.csproj]
C:\Users\Rohit Rathod\Desktop\JsapProject\JSAPNEW\Models\ItemMasterModel.cs(230,23): warning CS8618: Non-nullable property 'InitDataId' must contain a non-null value when exiting constructor. Consider adding the 'required' modifier or declaring the property as nullable. [C:\Users\Rohit Rathod\Desktop\JsapProject\JSAPNEW\JSAPNEW.csproj]
C:\Users\Rohit Rathod\Desktop\JsapProject\JSAPNEW\Models\ItemMasterModel.cs(231,23): warning CS8618: Non-nullable property 'ItemName' must contain a non-null value when exiting constructor. Consider adding the 'required' modifier or declaring the property as nullable. [C:\Users\Rohit Rathod\Desktop\JsapProject\JSAPNEW\JSAPNEW.csproj]
C:\Users\Rohit Rathod\Desktop\JsapProject\JSAPNEW\Models\ItemMasterModel.cs(234,23): warning CS8618: Non-nullable property 'TaxRate' must contain a non-null value when exiting constructor. Consider adding the 'required' modifier or declaring the property as nullable. [C:\Users\Rohit Rathod\Desktop\JsapProject\JSAPNEW\JSAPNEW.csproj]
C:\Users\Rohit Rathod\Desktop\JsapProject\JSAPNEW\Models\ItemMasterModel.cs(236,23): warning CS8618: Non-nullable property 'ChapterName' must contain a non-null value when exiting constructor. Consider adding the 'required' modifier or declaring the property as nullable. [C:\Users\Rohit Rathod\Desktop\JsapProject\JSAPNEW\JSAPNEW.csproj]
C:\Users\Rohit Rathod\Desktop\JsapProject\JSAPNEW\Models\ItemMasterModel.cs(237,23): warning CS8618: Non-nullable property 'Unit' must contain a non-null value when exiting constructor. Consider adding the 'required' modifier or declaring the property as nullable. [C:\Users\Rohit Rathod\Desktop\JsapProject\JSAPNEW\JSAPNEW.csproj]
C:\Users\Rohit Rathod\Desktop\JsapProject\JSAPNEW\Models\ItemMasterModel.cs(238,23): warning CS8618: Non-nullable property 'Brand' must contain a non-null value when exiting constructor. Consider adding the 'required' modifier or declaring the property as nullable. [C:\Users\Rohit Rathod\Desktop\JsapProject\JSAPNEW\JSAPNEW.csproj]
C:\Users\Rohit Rathod\Desktop\JsapProject\JSAPNEW\Models\ItemMasterModel.cs(239,23): warning CS8618: Non-nullable property 'Variety' must contain a non-null value when exiting constructor. Consider adding the 'required' modifier or declaring the property as nullable. [C:\Users\Rohit Rathod\Desktop\JsapProject\JSAPNEW\JSAPNEW.csproj]
C:\Users\Rohit Rathod\Desktop\JsapProject\JSAPNEW\Models\ItemMasterModel.cs(240,23): warning CS8618: Non-nullable property 'SubGroup' must contain a non-null value when exiting constructor. Consider adding the 'required' modifier or declaring the property as nullable. [C:\Users\Rohit Rathod\Desktop\JsapProject\JSAPNEW\JSAPNEW.csproj]
C:\Users\Rohit Rathod\Desktop\JsapProject\JSAPNEW\Models\ItemMasterModel.cs(241,23): warning CS8618: Non-nullable property 'Sku' must contain a non-null value when exiting constructor. Consider adding the 'required' modifier or declaring the property as nullable. [C:\Users\Rohit Rathod\Desktop\JsapProject\JSAPNEW\JSAPNEW.csproj]
C:\Users\Rohit Rathod\Desktop\JsapProject\JSAPNEW\Models\ItemMasterModel.cs(242,23): warning CS8618: Non-nullable property 'IsLitre' must contain a non-null value when exiting constructor. Consider adding the 'required' modifier or declaring the property as nullable. [C:\Users\Rohit Rathod\Desktop\JsapProject\JSAPNEW\JSAPNEW.csproj]
C:\Users\Rohit Rathod\Desktop\JsapProject\JSAPNEW\Models\ItemMasterModel.cs(244,23): warning CS8618: Non-nullable property 'SalesUom' must contain a non-null value when exiting constructor. Consider adding the 'required' modifier or declaring the property as nullable. [C:\Users\Rohit Rathod\Desktop\JsapProject\JSAPNEW\JSAPNEW.csproj]
C:\Users\Rohit Rathod\Desktop\JsapProject\JSAPNEW\Models\ItemMasterModel.cs(245,23): warning CS8618: Non-nullable property 'InvUom' must contain a non-null value when exiting constructor. Consider adding the 'required' modifier or declaring the property as nullable. [C:\Users\Rohit Rathod\Desktop\JsapProject\JSAPNEW\JSAPNEW.csproj]
C:\Users\Rohit Rathod\Desktop\JsapProject\JSAPNEW\Models\ItemMasterModel.cs(246,23): warning CS8618: Non-nullable property 'PurchaseUom' must contain a non-null value when exiting constructor. Consider adding the 'required' modifier or declaring the property as nullable. [C:\Users\Rohit Rathod\Desktop\JsapProject\JSAPNEW\JSAPNEW.csproj]
C:\Users\Rohit Rathod\Desktop\JsapProject\JSAPNEW\Models\ItemMasterModel.cs(247,23): warning CS8618: Non-nullable property 'GrossWeight' must contain a non-null value when exiting constructor. Consider adding the 'required' modifier or declaring the property as nullable. [C:\Users\Rohit Rathod\Desktop\JsapProject\JSAPNEW\JSAPNEW.csproj]
C:\Users\Rohit Rathod\Desktop\JsapProject\JSAPNEW\Models\ItemMasterModel.cs(248,23): warning CS8618: Non-nullable property 'Mrp' must contain a non-null value when exiting constructor. Consider adding the 'required' modifier or declaring the property as nullable. [C:\Users\Rohit Rathod\Desktop\JsapProject\JSAPNEW\JSAPNEW.csproj]
C:\Users\Rohit Rathod\Desktop\JsapProject\JSAPNEW\Models\ItemMasterModel.cs(249,23): warning CS8618: Non-nullable property 'PackType' must contain a non-null value when exiting constructor. Consider adding the 'required' modifier or declaring the property as nullable. [C:\Users\Rohit Rathod\Desktop\JsapProject\JSAPNEW\JSAPNEW.csproj]
C:\Users\Rohit Rathod\Desktop\JsapProject\JSAPNEW\Models\ItemMasterModel.cs(250,23): warning CS8618: Non-nullable property 'PackingType' must contain a non-null value when exiting constructor. Consider adding the 'required' modifier or declaring the property as nullable. [C:\Users\Rohit Rathod\Desktop\JsapProject\JSAPNEW\JSAPNEW.csproj]
C:\Users\Rohit Rathod\Desktop\JsapProject\JSAPNEW\Models\ItemMasterModel.cs(251,23): warning CS8618: Non-nullable property 'FaType' must contain a non-null value when exiting constructor. Consider adding the 'required' modifier or declaring the property as nullable. [C:\Users\Rohit Rathod\Desktop\JsapProject\JSAPNEW\JSAPNEW.csproj]
C:\Users\Rohit Rathod\Desktop\JsapProject\JSAPNEW\Models\ItemMasterModel.cs(252,23): warning CS8618: Non-nullable property 'Uom' must contain a non-null value when exiting constructor. Consider adding the 'required' modifier or declaring the property as nullable. [C:\Users\Rohit Rathod\Desktop\JsapProject\JSAPNEW\JSAPNEW.csproj]
C:\Users\Rohit Rathod\Desktop\JsapProject\JSAPNEW\Models\ItemMasterModel.cs(253,23): warning CS8618: Non-nullable property 'utype' must contain a non-null value when exiting constructor. Consider adding the 'required' modifier or declaring the property as nullable. [C:\Users\Rohit Rathod\Desktop\JsapProject\JSAPNEW\JSAPNEW.csproj]
C:\Users\Rohit Rathod\Desktop\JsapProject\JSAPNEW\Models\ItemMasterModel.cs(254,23): warning CS8618: Non-nullable property 'createdByName' must contain a non-null value when exiting constructor. Consider adding the 'required' modifier or declaring the property as nullable. [C:\Users\Rohit Rathod\Desktop\JsapProject\JSAPNEW\JSAPNEW.csproj]
C:\Users\Rohit Rathod\Desktop\JsapProject\JSAPNEW\Models\ItemMasterModel.cs(256,23): warning CS8618: Non-nullable property 'flag' must contain a non-null value when exiting constructor. Consider adding the 'required' modifier or declaring the property as nullable. [C:\Users\Rohit Rathod\Desktop\JsapProject\JSAPNEW\JSAPNEW.csproj]
C:\Users\Rohit Rathod\Desktop\JsapProject\JSAPNEW\Models\ItemMasterModel.cs(63,23): warning CS8618: Non-nullable property 'PackType' must contain a non-null value when exiting constructor. Consider adding the 'required' modifier or declaring the property as nullable. [C:\Users\Rohit Rathod\Desktop\JsapProject\JSAPNEW\JSAPNEW.csproj]
C:\Users\Rohit Rathod\Desktop\JsapProject\JSAPNEW\Models\ItemMasterModel.cs(54,23): warning CS8618: Non-nullable property 'InvntryUOM' must contain a non-null value when exiting constructor. Consider adding the 'required' modifier or declaring the property as nullable. [C:\Users\Rohit Rathod\Desktop\JsapProject\JSAPNEW\JSAPNEW.csproj]
C:\Users\Rohit Rathod\Desktop\JsapProject\JSAPNEW\Models\ItemMasterModel.cs(58,23): warning CS8618: Non-nullable property 'PackingType' must contain a non-null value when exiting constructor. Consider adding the 'required' modifier or declaring the property as nullable. [C:\Users\Rohit Rathod\Desktop\JsapProject\JSAPNEW\JSAPNEW.csproj]
C:\Users\Rohit Rathod\Desktop\JsapProject\JSAPNEW\Models\ItemMasterModel.cs(49,23): warning CS8618: Non-nullable property 'SKU' must contain a non-null value when exiting constructor. Consider adding the 'required' modifier or declaring the property as nullable. [C:\Users\Rohit Rathod\Desktop\JsapProject\JSAPNEW\JSAPNEW.csproj]
C:\Users\Rohit Rathod\Desktop\JsapProject\JSAPNEW\Models\ItemMasterModel.cs(126,23): warning CS8618: Non-nullable property 'initDataId' must contain a non-null value when exiting constructor. Consider adding the 'required' modifier or declaring the property as nullable. [C:\Users\Rohit Rathod\Desktop\JsapProject\JSAPNEW\JSAPNEW.csproj]
C:\Users\Rohit Rathod\Desktop\JsapProject\JSAPNEW\Models\ItemMasterModel.cs(127,23): warning CS8618: Non-nullable property 'itemName' must contain a non-null value when exiting constructor. Consider adding the 'required' modifier or declaring the property as nullable. [C:\Users\Rohit Rathod\Desktop\JsapProject\JSAPNEW\JSAPNEW.csproj]
C:\Users\Rohit Rathod\Desktop\JsapProject\JSAPNEW\Models\ItemMasterModel.cs(130,23): warning CS8618: Non-nullable property 'taxRate' must contain a non-null value when exiting constructor. Consider adding the 'required' modifier or declaring the property as nullable. [C:\Users\Rohit Rathod\Desktop\JsapProject\JSAPNEW\JSAPNEW.csproj]
C:\Users\Rohit Rathod\Desktop\JsapProject\JSAPNEW\Models\ItemMasterModel.cs(131,23): warning CS8618: Non-nullable property 'chapterId' must contain a non-null value when exiting constructor. Consider adding the 'required' modifier or declaring the property as nullable. [C:\Users\Rohit Rathod\Desktop\JsapProject\JSAPNEW\JSAPNEW.csproj]
C:\Users\Rohit Rathod\Desktop\JsapProject\JSAPNEW\Models\ItemMasterModel.cs(132,23): warning CS8618: Non-nullable property 'ChapterName' must contain a non-null value when exiting constructor. Consider adding the 'required' modifier or declaring the property as nullable. [C:\Users\Rohit Rathod\Desktop\JsapProject\JSAPNEW\JSAPNEW.csproj]
C:\Users\Rohit Rathod\Desktop\JsapProject\JSAPNEW\Models\ItemMasterModel.cs(133,23): warning CS8618: Non-nullable property 'unit' must contain a non-null value when exiting constructor. Consider adding the 'required' modifier or declaring the property as nullable. [C:\Users\Rohit Rathod\Desktop\JsapProject\JSAPNEW\JSAPNEW.csproj]
C:\Users\Rohit Rathod\Desktop\JsapProject\JSAPNEW\Models\ItemMasterModel.cs(134,23): warning CS8618: Non-nullable property 'brand' must contain a non-null value when exiting constructor. Consider adding the 'required' modifier or declaring the property as nullable. [C:\Users\Rohit Rathod\Desktop\JsapProject\JSAPNEW\JSAPNEW.csproj]
C:\Users\Rohit Rathod\Desktop\JsapProject\JSAPNEW\Models\ItemMasterModel.cs(135,23): warning CS8618: Non-nullable property 'variety' must contain a non-null value when exiting constructor. Consider adding the 'required' modifier or declaring the property as nullable. [C:\Users\Rohit Rathod\Desktop\JsapProject\JSAPNEW\JSAPNEW.csproj]
C:\Users\Rohit Rathod\Desktop\JsapProject\JSAPNEW\Models\ItemMasterModel.cs(136,23): warning CS8618: Non-nullable property 'subGroup' must contain a non-null value when exiting constructor. Consider adding the 'required' modifier or declaring the property as nullable. [C:\Users\Rohit Rathod\Desktop\JsapProject\JSAPNEW\JSAPNEW.csproj]
C:\Users\Rohit Rathod\Desktop\JsapProject\JSAPNEW\Models\ItemMasterModel.cs(137,23): warning CS8618: Non-nullable property 'sku' must contain a non-null value when exiting constructor. Consider adding the 'required' modifier or declaring the property as nullable. [C:\Users\Rohit Rathod\Desktop\JsapProject\JSAPNEW\JSAPNEW.csproj]
C:\Users\Rohit Rathod\Desktop\JsapProject\JSAPNEW\Models\ItemMasterModel.cs(138,23): warning CS8618: Non-nullable property 'isLitre' must contain a non-null value when exiting constructor. Consider adding the 'required' modifier or declaring the property as nullable. [C:\Users\Rohit Rathod\Desktop\JsapProject\JSAPNEW\JSAPNEW.csproj]
C:\Users\Rohit Rathod\Desktop\JsapProject\JSAPNEW\Models\ItemMasterModel.cs(139,23): warning CS8618: Non-nullable property 'grossWeight' must contain a non-null value when exiting constructor. Consider adding the 'required' modifier or declaring the property as nullable. [C:\Users\Rohit Rathod\Desktop\JsapProject\JSAPNEW\JSAPNEW.csproj]
C:\Users\Rohit Rathod\Desktop\JsapProject\JSAPNEW\Models\ItemMasterModel.cs(140,23): warning CS8618: Non-nullable property 'mrp' must contain a non-null value when exiting constructor. Consider adding the 'required' modifier or declaring the property as nullable. [C:\Users\Rohit Rathod\Desktop\JsapProject\JSAPNEW\JSAPNEW.csproj]
C:\Users\Rohit Rathod\Desktop\JsapProject\JSAPNEW\Models\ItemMasterModel.cs(141,23): warning CS8618: Non-nullable property 'packType' must contain a non-null value when exiting constructor. Consider adding the 'required' modifier or declaring the property as nullable. [C:\Users\Rohit Rathod\Desktop\JsapProject\JSAPNEW\JSAPNEW.csproj]
C:\Users\Rohit Rathod\Desktop\JsapProject\JSAPNEW\Models\ItemMasterModel.cs(142,23): warning CS8618: Non-nullable property 'packingType' must contain a non-null value when exiting constructor. Consider adding the 'required' modifier or declaring the property as nullable. [C:\Users\Rohit Rathod\Desktop\JsapProject\JSAPNEW\JSAPNEW.csproj]
C:\Users\Rohit Rathod\Desktop\JsapProject\JSAPNEW\Models\ItemMasterModel.cs(143,23): warning CS8618: Non-nullable property 'faType' must contain a non-null value when exiting constructor. Consider adding the 'required' modifier or declaring the property as nullable. [C:\Users\Rohit Rathod\Desktop\JsapProject\JSAPNEW\JSAPNEW.csproj]
C:\Users\Rohit Rathod\Desktop\JsapProject\JSAPNEW\Models\ItemMasterModel.cs(144,23): warning CS8618: Non-nullable property 'utype' must contain a non-null value when exiting constructor. Consider adding the 'required' modifier or declaring the property as nullable. [C:\Users\Rohit Rathod\Desktop\JsapProject\JSAPNEW\JSAPNEW.csproj]
C:\Users\Rohit Rathod\Desktop\JsapProject\JSAPNEW\Models\ItemMasterModel.cs(145,23): warning CS8618: Non-nullable property 'uom' must contain a non-null value when exiting constructor. Consider adding the 'required' modifier or declaring the property as nullable. [C:\Users\Rohit Rathod\Desktop\JsapProject\JSAPNEW\JSAPNEW.csproj]
C:\Users\Rohit Rathod\Desktop\JsapProject\JSAPNEW\Models\ItemMasterModel.cs(146,23): warning CS8618: Non-nullable property 'createDate' must contain a non-null value when exiting constructor. Consider adding the 'required' modifier or declaring the property as nullable. [C:\Users\Rohit Rathod\Desktop\JsapProject\JSAPNEW\JSAPNEW.csproj]
C:\Users\Rohit Rathod\Desktop\JsapProject\JSAPNEW\Models\ItemMasterModel.cs(147,23): warning CS8618: Non-nullable property 'createdByName' must contain a non-null value when exiting constructor. Consider adding the 'required' modifier or declaring the property as nullable. [C:\Users\Rohit Rathod\Desktop\JsapProject\JSAPNEW\JSAPNEW.csproj]
C:\Users\Rohit Rathod\Desktop\JsapProject\JSAPNEW\Models\ItemMasterModel.cs(148,23): warning CS8618: Non-nullable property 'flag' must contain a non-null value when exiting constructor. Consider adding the 'required' modifier or declaring the property as nullable. [C:\Users\Rohit Rathod\Desktop\JsapProject\JSAPNEW\JSAPNEW.csproj]
C:\Users\Rohit Rathod\Desktop\JsapProject\JSAPNEW\Models\ItemMasterModel.cs(149,23): warning CS8618: Non-nullable property 'tag' must contain a non-null value when exiting constructor. Consider adding the 'required' modifier or declaring the property as nullable. [C:\Users\Rohit Rathod\Desktop\JsapProject\JSAPNEW\JSAPNEW.csproj]
C:\Users\Rohit Rathod\Desktop\JsapProject\JSAPNEW\Models\ItemMasterModel.cs(150,23): warning CS8618: Non-nullable property 'APIRESPONSE' must contain a non-null value when exiting constructor. Consider adding the 'required' modifier or declaring the property as nullable. [C:\Users\Rohit Rathod\Desktop\JsapProject\JSAPNEW\JSAPNEW.csproj]
C:\Users\Rohit Rathod\Desktop\JsapProject\JSAPNEW\Models\ItemMasterModel.cs(36,23): warning CS8618: Non-nullable property 'SubGroup' must contain a non-null value when exiting constructor. Consider adding the 'required' modifier or declaring the property as nullable. [C:\Users\Rohit Rathod\Desktop\JsapProject\JSAPNEW\JSAPNEW.csproj]
C:\Users\Rohit Rathod\Desktop\JsapProject\JSAPNEW\Models\ItemMasterModel.cs(44,23): warning CS8618: Non-nullable property 'Value' must contain a non-null value when exiting constructor. Consider adding the 'required' modifier or declaring the property as nullable. [C:\Users\Rohit Rathod\Desktop\JsapProject\JSAPNEW\JSAPNEW.csproj]
C:\Users\Rohit Rathod\Desktop\JsapProject\JSAPNEW\Models\ItemMasterModel.cs(45,23): warning CS8618: Non-nullable property 'Label' must contain a non-null value when exiting constructor. Consider adding the 'required' modifier or declaring the property as nullable. [C:\Users\Rohit Rathod\Desktop\JsapProject\JSAPNEW\JSAPNEW.csproj]
C:\Users\Rohit Rathod\Desktop\JsapProject\JSAPNEW\Models\ItemMasterModel.cs(30,23): warning CS8618: Non-nullable property 'Variety' must contain a non-null value when exiting constructor. Consider adding the 'required' modifier or declaring the property as nullable. [C:\Users\Rohit Rathod\Desktop\JsapProject\JSAPNEW\JSAPNEW.csproj]
C:\Users\Rohit Rathod\Desktop\JsapProject\JSAPNEW\Models\ItemMasterModel.cs(9,23): warning CS8618: Non-nullable property 'ConnectionString' must contain a non-null value when exiting constructor. Consider adding the 'required' modifier or declaring the property as nullable. [C:\Users\Rohit Rathod\Desktop\JsapProject\JSAPNEW\JSAPNEW.csproj]
C:\Users\Rohit Rathod\Desktop\JsapProject\JSAPNEW\Models\ItemMasterModel.cs(10,23): warning CS8618: Non-nullable property 'Schema' must contain a non-null value when exiting constructor. Consider adding the 'required' modifier or declaring the property as nullable. [C:\Users\Rohit Rathod\Desktop\JsapProject\JSAPNEW\JSAPNEW.csproj]
C:\Users\Rohit Rathod\Desktop\JsapProject\JSAPNEW\Models\ItemMasterModel.cs(24,23): warning CS8618: Non-nullable property 'ChapterID' must contain a non-null value when exiting constructor. Consider adding the 'required' modifier or declaring the property as nullable. [C:\Users\Rohit Rathod\Desktop\JsapProject\JSAPNEW\JSAPNEW.csproj]
C:\Users\Rohit Rathod\Desktop\JsapProject\JSAPNEW\Models\ItemMasterModel.cs(25,23): warning CS8618: Non-nullable property 'ChapterName' must contain a non-null value when exiting constructor. Consider adding the 'required' modifier or declaring the property as nullable. [C:\Users\Rohit Rathod\Desktop\JsapProject\JSAPNEW\JSAPNEW.csproj]
C:\Users\Rohit Rathod\Desktop\JsapProject\JSAPNEW\Models\ItemMasterModel.cs(14,23): warning CS8618: Non-nullable property 'Message' must contain a non-null value when exiting constructor. Consider adding the 'required' modifier or declaring the property as nullable. [C:\Users\Rohit Rathod\Desktop\JsapProject\JSAPNEW\JSAPNEW.csproj]
C:\Users\Rohit Rathod\Desktop\JsapProject\JSAPNEW\Models\InventoryAuditModels.cs(431,23): warning CS8618: Non-nullable property 'RoleInSession' must contain a non-null value when exiting constructor. Consider adding the 'required' modifier or declaring the property as nullable. [C:\Users\Rohit Rathod\Desktop\JsapProject\JSAPNEW\JSAPNEW.csproj]
C:\Users\Rohit Rathod\Desktop\JsapProject\JSAPNEW\Models\InventoryAuditModels.cs(432,23): warning CS8618: Non-nullable property 'isActive' must contain a non-null value when exiting constructor. Consider adding the 'required' modifier or declaring the property as nullable. [C:\Users\Rohit Rathod\Desktop\JsapProject\JSAPNEW\JSAPNEW.csproj]
C:\Users\Rohit Rathod\Desktop\JsapProject\JSAPNEW\Models\InventoryAuditModels.cs(434,23): warning CS8618: Non-nullable property 'LoginUser' must contain a non-null value when exiting constructor. Consider adding the 'required' modifier or declaring the property as nullable. [C:\Users\Rohit Rathod\Desktop\JsapProject\JSAPNEW\JSAPNEW.csproj]
C:\Users\Rohit Rathod\Desktop\JsapProject\JSAPNEW\Models\InventoryAuditModels.cs(418,23): warning CS8618: Non-nullable property 'SessionName' must contain a non-null value when exiting constructor. Consider adding the 'required' modifier or declaring the property as nullable. [C:\Users\Rohit Rathod\Desktop\JsapProject\JSAPNEW\JSAPNEW.csproj]
C:\Users\Rohit Rathod\Desktop\JsapProject\JSAPNEW\Models\InventoryAuditModels.cs(420,23): warning CS8618: Non-nullable property 'description' must contain a non-null value when exiting constructor. Consider adding the 'required' modifier or declaring the property as nullable. [C:\Users\Rohit Rathod\Desktop\JsapProject\JSAPNEW\JSAPNEW.csproj]
C:\Users\Rohit Rathod\Desktop\JsapProject\JSAPNEW\Models\InventoryAuditModels.cs(424,23): warning CS8618: Non-nullable property 'LotNumber' must contain a non-null value when exiting constructor. Consider adding the 'required' modifier or declaring the property as nullable. [C:\Users\Rohit Rathod\Desktop\JsapProject\JSAPNEW\JSAPNEW.csproj]
C:\Users\Rohit Rathod\Desktop\JsapProject\JSAPNEW\Models\InventoryAuditModels.cs(360,23): warning CS8618: Non-nullable property 'LotNumber' must contain a non-null value when exiting constructor. Consider adding the 'required' modifier or declaring the property as nullable. [C:\Users\Rohit Rathod\Desktop\JsapProject\JSAPNEW\JSAPNEW.csproj]
C:\Users\Rohit Rathod\Desktop\JsapProject\JSAPNEW\Models\InventoryAuditModels.cs(361,42): warning CS8618: Non-nullable property 'Items' must contain a non-null value when exiting constructor. Consider adding the 'required' modifier or declaring the property as nullable. [C:\Users\Rohit Rathod\Desktop\JsapProject\JSAPNEW\JSAPNEW.csproj]
C:\Users\Rohit Rathod\Desktop\JsapProject\JSAPNEW\Models\InventoryAuditModels.cs(374,34): warning CS8618: Non-nullable property 'LotNumber' must contain a non-null value when exiting constructor. Consider adding the 'required' modifier or declaring the property as nullable. [C:\Users\Rohit Rathod\Desktop\JsapProject\JSAPNEW\JSAPNEW.csproj]
C:\Users\Rohit Rathod\Desktop\JsapProject\JSAPNEW\Models\InventoryAuditModels.cs(375,34): warning CS8618: Non-nullable property 'ItemCode' must contain a non-null value when exiting constructor. Consider adding the 'required' modifier or declaring the property as nullable. [C:\Users\Rohit Rathod\Desktop\JsapProject\JSAPNEW\JSAPNEW.csproj]
C:\Users\Rohit Rathod\Desktop\JsapProject\JSAPNEW\Models\InventoryAuditModels.cs(376,34): warning CS8618: Non-nullable property 'ItemName' must contain a non-null value when exiting constructor. Consider adding the 'required' modifier or declaring the property as nullable. [C:\Users\Rohit Rathod\Desktop\JsapProject\JSAPNEW\JSAPNEW.csproj]
C:\Users\Rohit Rathod\Desktop\JsapProject\JSAPNEW\Models\InventoryAuditModels.cs(377,23): warning CS8618: Non-nullable property 'WarehouseName' must contain a non-null value when exiting constructor. Consider adding the 'required' modifier or declaring the property as nullable. [C:\Users\Rohit Rathod\Desktop\JsapProject\JSAPNEW\JSAPNEW.csproj]
C:\Users\Rohit Rathod\Desktop\JsapProject\JSAPNEW\Models\InventoryAuditModels.cs(378,23): warning CS8618: Non-nullable property 'ItemGroupCode' must contain a non-null value when exiting constructor. Consider adding the 'required' modifier or declaring the property as nullable. [C:\Users\Rohit Rathod\Desktop\JsapProject\JSAPNEW\JSAPNEW.csproj]
C:\Users\Rohit Rathod\Desktop\JsapProject\JSAPNEW\Models\InventoryAuditModels.cs(383,23): warning CS8618: Non-nullable property 'itmsGrpNam' must contain a non-null value when exiting constructor. Consider adding the 'required' modifier or declaring the property as nullable. [C:\Users\Rohit Rathod\Desktop\JsapProject\JSAPNEW\JSAPNEW.csproj]
C:\Users\Rohit Rathod\Desktop\JsapProject\JSAPNEW\Models\InventoryAuditModels.cs(384,23): warning CS8618: Non-nullable property 'u_Sub_Group' must contain a non-null value when exiting constructor. Consider adding the 'required' modifier or declaring the property as nullable. [C:\Users\Rohit Rathod\Desktop\JsapProject\JSAPNEW\JSAPNEW.csproj]
C:\Users\Rohit Rathod\Desktop\JsapProject\JSAPNEW\Models\InventoryAuditModels.cs(387,23): warning CS8618: Non-nullable property 'isLitre' must contain a non-null value when exiting constructor. Consider adding the 'required' modifier or declaring the property as nullable. [C:\Users\Rohit Rathod\Desktop\JsapProject\JSAPNEW\JSAPNEW.csproj]
C:\Users\Rohit Rathod\Desktop\JsapProject\JSAPNEW\Models\InventoryAuditModels.cs(326,23): warning CS8618: Non-nullable property 'DeactivationReason' must contain a non-null value when exiting constructor. Consider adding the 'required' modifier or declaring the property as nullable. [C:\Users\Rohit Rathod\Desktop\JsapProject\JSAPNEW\JSAPNEW.csproj]
C:\Users\Rohit Rathod\Desktop\JsapProject\JSAPNEW\Models\InventoryAuditModels.cs(319,44): warning CS8618: Non-nullable property 'Sessions' must contain a non-null value when exiting constructor. Consider adding the 'required' modifier or declaring the property as nullable. [C:\Users\Rohit Rathod\Desktop\JsapProject\JSAPNEW\JSAPNEW.csproj]
C:\Users\Rohit Rathod\Desktop\JsapProject\JSAPNEW\Models\InventoryAuditModels.cs(320,39): warning CS8618: Non-nullable property 'Summary' must contain a non-null value when exiting constructor. Consider adding the 'required' modifier or declaring the property as nullable. [C:\Users\Rohit Rathod\Desktop\JsapProject\JSAPNEW\JSAPNEW.csproj]
C:\Users\Rohit Rathod\Desktop\JsapProject\JSAPNEW\Models\InventoryAuditModels.cs(331,23): warning CS8618: Non-nullable property 'SessionName' must contain a non-null value when exiting constructor. Consider adding the 'required' modifier or declaring the property as nullable. [C:\Users\Rohit Rathod\Desktop\JsapProject\JSAPNEW\JSAPNEW.csproj]
C:\Users\Rohit Rathod\Desktop\JsapProject\JSAPNEW\Models\InventoryAuditModels.cs(333,23): warning CS8618: Non-nullable property 'DeactivatedByUsername' must contain a non-null value when exiting constructor. Consider adding the 'required' modifier or declaring the property as nullable. [C:\Users\Rohit Rathod\Desktop\JsapProject\JSAPNEW\JSAPNEW.csproj]
C:\Users\Rohit Rathod\Desktop\JsapProject\JSAPNEW\Models\InventoryAuditModels.cs(335,23): warning CS8618: Non-nullable property 'DeactivationReason' must contain a non-null value when exiting constructor. Consider adding the 'required' modifier or declaring the property as nullable. [C:\Users\Rohit Rathod\Desktop\JsapProject\JSAPNEW\JSAPNEW.csproj]
C:\Users\Rohit Rathod\Desktop\JsapProject\JSAPNEW\Models\InventoryAuditModels.cs(336,23): warning CS8618: Non-nullable property 'StatusMessage' must contain a non-null value when exiting constructor. Consider adding the 'required' modifier or declaring the property as nullable. [C:\Users\Rohit Rathod\Desktop\JsapProject\JSAPNEW\JSAPNEW.csproj]
C:\Users\Rohit Rathod\Desktop\JsapProject\JSAPNEW\Models\InventoryAuditModels.cs(315,23): warning CS8618: Non-nullable property 'StatusMessage' must contain a non-null value when exiting constructor. Consider adding the 'required' modifier or declaring the property as nullable. [C:\Users\Rohit Rathod\Desktop\JsapProject\JSAPNEW\JSAPNEW.csproj]
C:\Users\Rohit Rathod\Desktop\JsapProject\JSAPNEW\Models\InventoryAuditModels.cs(396,23): warning CS8618: Non-nullable property 'LotNumber' must contain a non-null value when exiting constructor. Consider adding the 'required' modifier or declaring the property as nullable. [C:\Users\Rohit Rathod\Desktop\JsapProject\JSAPNEW\JSAPNEW.csproj]
C:\Users\Rohit Rathod\Desktop\JsapProject\JSAPNEW\Models\InventoryAuditModels.cs(397,23): warning CS8618: Non-nullable property 'Warehouse' must contain a non-null value when exiting constructor. Consider adding the 'required' modifier or declaring the property as nullable. [C:\Users\Rohit Rathod\Desktop\JsapProject\JSAPNEW\JSAPNEW.csproj]
C:\Users\Rohit Rathod\Desktop\JsapProject\JSAPNEW\Models\InventoryAuditModels.cs(286,42): warning CS8618: Non-nullable property 'Sessions' must contain a non-null value when exiting constructor. Consider adding the 'required' modifier or declaring the property as nullable. [C:\Users\Rohit Rathod\Desktop\JsapProject\JSAPNEW\JSAPNEW.csproj]
C:\Users\Rohit Rathod\Desktop\JsapProject\JSAPNEW\Models\InventoryAuditModels.cs(287,37): warning CS8618: Non-nullable property 'Summary' must contain a non-null value when exiting constructor. Consider adding the 'required' modifier or declaring the property as nullable. [C:\Users\Rohit Rathod\Desktop\JsapProject\JSAPNEW\JSAPNEW.csproj]
C:\Users\Rohit Rathod\Desktop\JsapProject\JSAPNEW\Models\InventoryAuditModels.cs(342,23): warning CS8618: Non-nullable property 'ItemCode' must contain a non-null value when exiting constructor. Consider adding the 'required' modifier or declaring the property as nullable. [C:\Users\Rohit Rathod\Desktop\JsapProject\JSAPNEW\JSAPNEW.csproj]
C:\Users\Rohit Rathod\Desktop\JsapProject\JSAPNEW\Models\InventoryAuditModels.cs(343,23): warning CS8618: Non-nullable property 'ItemName' must contain a non-null value when exiting constructor. Consider adding the 'required' modifier or declaring the property as nullable. [C:\Users\Rohit Rathod\Desktop\JsapProject\JSAPNEW\JSAPNEW.csproj]
C:\Users\Rohit Rathod\Desktop\JsapProject\JSAPNEW\Models\InventoryAuditModels.cs(344,23): warning CS8618: Non-nullable property 'WarehouseName' must contain a non-null value when exiting constructor. Consider adding the 'required' modifier or declaring the property as nullable. [C:\Users\Rohit Rathod\Desktop\JsapProject\JSAPNEW\JSAPNEW.csproj]
C:\Users\Rohit Rathod\Desktop\JsapProject\JSAPNEW\Models\InventoryAuditModels.cs(350,23): warning CS8618: Non-nullable property 'itmsGrpNam' must contain a non-null value when exiting constructor. Consider adding the 'required' modifier or declaring the property as nullable. [C:\Users\Rohit Rathod\Desktop\JsapProject\JSAPNEW\JSAPNEW.csproj]
C:\Users\Rohit Rathod\Desktop\JsapProject\JSAPNEW\Models\InventoryAuditModels.cs(351,23): warning CS8618: Non-nullable property 'u_Sub_Group' must contain a non-null value when exiting constructor. Consider adding the 'required' modifier or declaring the property as nullable. [C:\Users\Rohit Rathod\Desktop\JsapProject\JSAPNEW\JSAPNEW.csproj]
C:\Users\Rohit Rathod\Desktop\JsapProject\JSAPNEW\Models\InventoryAuditModels.cs(353,23): warning CS8618: Non-nullable property 'isLitre' must contain a non-null value when exiting constructor. Consider adding the 'required' modifier or declaring the property as nullable. [C:\Users\Rohit Rathod\Desktop\JsapProject\JSAPNEW\JSAPNEW.csproj]
C:\Users\Rohit Rathod\Desktop\JsapProject\JSAPNEW\Models\InventoryAuditModels.cs(282,23): warning CS8618: Non-nullable property 'StatusMessage' must contain a non-null value when exiting constructor. Consider adding the 'required' modifier or declaring the property as nullable. [C:\Users\Rohit Rathod\Desktop\JsapProject\JSAPNEW\JSAPNEW.csproj]
C:\Users\Rohit Rathod\Desktop\JsapProject\JSAPNEW\Models\ItemMasterModel.cs(160,23): warning CS8618: Non-nullable property 'ItemName' must contain a non-null value when exiting constructor. Consider adding the 'required' modifier or declaring the property as nullable. [C:\Users\Rohit Rathod\Desktop\JsapProject\JSAPNEW\JSAPNEW.csproj]
C:\Users\Rohit Rathod\Desktop\JsapProject\JSAPNEW\Models\ItemMasterModel.cs(163,23): warning CS8618: Non-nullable property 'TaxRate' must contain a non-null value when exiting constructor. Consider adding the 'required' modifier or declaring the property as nullable. [C:\Users\Rohit Rathod\Desktop\JsapProject\JSAPNEW\JSAPNEW.csproj]
C:\Users\Rohit Rathod\Desktop\JsapProject\JSAPNEW\Models\ItemMasterModel.cs(164,23): warning CS8618: Non-nullable property 'ChapterId' must contain a non-null value when exiting constructor. Consider adding the 'required' modifier or declaring the property as nullable. [C:\Users\Rohit Rathod\Desktop\JsapProject\JSAPNEW\JSAPNEW.csproj]
C:\Users\Rohit Rathod\Desktop\JsapProject\JSAPNEW\Models\ItemMasterModel.cs(165,23): warning CS8618: Non-nullable property 'ChapterName' must contain a non-null value when exiting constructor. Consider adding the 'required' modifier or declaring the property as nullable. [C:\Users\Rohit Rathod\Desktop\JsapProject\JSAPNEW\JSAPNEW.csproj]
C:\Users\Rohit Rathod\Desktop\JsapProject\JSAPNEW\Models\ItemMasterModel.cs(166,23): warning CS8618: Non-nullable property 'Unit' must contain a non-null value when exiting constructor. Consider adding the 'required' modifier or declaring the property as nullable. [C:\Users\Rohit Rathod\Desktop\JsapProject\JSAPNEW\JSAPNEW.csproj]
C:\Users\Rohit Rathod\Desktop\JsapProject\JSAPNEW\Models\ItemMasterModel.cs(167,23): warning CS8618: Non-nullable property 'Brand' must contain a non-null value when exiting constructor. Consider adding the 'required' modifier or declaring the property as nullable. [C:\Users\Rohit Rathod\Desktop\JsapProject\JSAPNEW\JSAPNEW.csproj]
C:\Users\Rohit Rathod\Desktop\JsapProject\JSAPNEW\Models\ItemMasterModel.cs(168,23): warning CS8618: Non-nullable property 'Variety' must contain a non-null value when exiting constructor. Consider adding the 'required' modifier or declaring the property as nullable. [C:\Users\Rohit Rathod\Desktop\JsapProject\JSAPNEW\JSAPNEW.csproj]
C:\Users\Rohit Rathod\Desktop\JsapProject\JSAPNEW\Models\ItemMasterModel.cs(169,23): warning CS8618: Non-nullable property 'SubGroup' must contain a non-null value when exiting constructor. Consider adding the 'required' modifier or declaring the property as nullable. [C:\Users\Rohit Rathod\Desktop\JsapProject\JSAPNEW\JSAPNEW.csproj]
C:\Users\Rohit Rathod\Desktop\JsapProject\JSAPNEW\Models\ItemMasterModel.cs(170,23): warning CS8618: Non-nullable property 'Sku' must contain a non-null value when exiting constructor. Consider adding the 'required' modifier or declaring the property as nullable. [C:\Users\Rohit Rathod\Desktop\JsapProject\JSAPNEW\JSAPNEW.csproj]
C:\Users\Rohit Rathod\Desktop\JsapProject\JSAPNEW\Models\ItemMasterModel.cs(172,23): warning CS8618: Non-nullable property 'BoxSize' must contain a non-null value when exiting constructor. Consider adding the 'required' modifier or declaring the property as nullable. [C:\Users\Rohit Rathod\Desktop\JsapProject\JSAPNEW\JSAPNEW.csproj]
C:\Users\Rohit Rathod\Desktop\JsapProject\JSAPNEW\Models\ItemMasterModel.cs(173,23): warning CS8618: Non-nullable property 'UnitSize' must contain a non-null value when exiting constructor. Consider adding the 'required' modifier or declaring the property as nullable. [C:\Users\Rohit Rathod\Desktop\JsapProject\JSAPNEW\JSAPNEW.csproj]
C:\Users\Rohit Rathod\Desktop\JsapProject\JSAPNEW\Models\ItemMasterModel.cs(174,23): warning CS8618: Non-nullable property 'UomGroup' must contain a non-null value when exiting constructor. Consider adding the 'required' modifier or declaring the property as nullable. [C:\Users\Rohit Rathod\Desktop\JsapProject\JSAPNEW\JSAPNEW.csproj]
C:\Users\Rohit Rathod\Desktop\JsapProject\JSAPNEW\Models\ItemMasterModel.cs(175,23): warning CS8618: Non-nullable property 'IsLitre' must contain a non-null value when exiting constructor. Consider adding the 'required' modifier or declaring the property as nullable. [C:\Users\Rohit Rathod\Desktop\JsapProject\JSAPNEW\JSAPNEW.csproj]
C:\Users\Rohit Rathod\Desktop\JsapProject\JSAPNEW\Models\ItemMasterModel.cs(176,23): warning CS8618: Non-nullable property 'GrossWeight' must contain a non-null value when exiting constructor. Consider adding the 'required' modifier or declaring the property as nullable. [C:\Users\Rohit Rathod\Desktop\JsapProject\JSAPNEW\JSAPNEW.csproj]
C:\Users\Rohit Rathod\Desktop\JsapProject\JSAPNEW\Models\ItemMasterModel.cs(177,23): warning CS8618: Non-nullable property 'Mrp' must contain a non-null value when exiting constructor. Consider adding the 'required' modifier or declaring the property as nullable. [C:\Users\Rohit Rathod\Desktop\JsapProject\JSAPNEW\JSAPNEW.csproj]
C:\Users\Rohit Rathod\Desktop\JsapProject\JSAPNEW\Models\ItemMasterModel.cs(178,23): warning CS8618: Non-nullable property 'PackType' must contain a non-null value when exiting constructor. Consider adding the 'required' modifier or declaring the property as nullable. [C:\Users\Rohit Rathod\Desktop\JsapProject\JSAPNEW\JSAPNEW.csproj]
C:\Users\Rohit Rathod\Desktop\JsapProject\JSAPNEW\Models\ItemMasterModel.cs(179,23): warning CS8618: Non-nullable property 'PackingType' must contain a non-null value when exiting constructor. Consider adding the 'required' modifier or declaring the property as nullable. [C:\Users\Rohit Rathod\Desktop\JsapProject\JSAPNEW\JSAPNEW.csproj]
C:\Users\Rohit Rathod\Desktop\JsapProject\JSAPNEW\Models\ItemMasterModel.cs(180,23): warning CS8618: Non-nullable property 'FaType' must contain a non-null value when exiting constructor. Consider adding the 'required' modifier or declaring the property as nullable. [C:\Users\Rohit Rathod\Desktop\JsapProject\JSAPNEW\JSAPNEW.csproj]
C:\Users\Rohit Rathod\Desktop\JsapProject\JSAPNEW\Models\ItemMasterModel.cs(181,23): warning CS8618: Non-nullable property 'Uom' must contain a non-null value when exiting constructor. Consider adding the 'required' modifier or declaring the property as nullable. [C:\Users\Rohit Rathod\Desktop\JsapProject\JSAPNEW\JSAPNEW.csproj]
C:\Users\Rohit Rathod\Desktop\JsapProject\JSAPNEW\Models\ItemMasterModel.cs(183,23): warning CS8618: Non-nullable property 'salesUom' must contain a non-null value when exiting constructor. Consider adding the 'required' modifier or declaring the property as nullable. [C:\Users\Rohit Rathod\Desktop\JsapProject\JSAPNEW\JSAPNEW.csproj]
C:\Users\Rohit Rathod\Desktop\JsapProject\JSAPNEW\Models\ItemMasterModel.cs(184,23): warning CS8618: Non-nullable property 'invUom' must contain a non-null value when exiting constructor. Consider adding the 'required' modifier or declaring the property as nullable. [C:\Users\Rohit Rathod\Desktop\JsapProject\JSAPNEW\JSAPNEW.csproj]
C:\Users\Rohit Rathod\Desktop\JsapProject\JSAPNEW\Models\ItemMasterModel.cs(185,23): warning CS8618: Non-nullable property 'purchaseUom' must contain a non-null value when exiting constructor. Consider adding the 'required' modifier or declaring the property as nullable. [C:\Users\Rohit Rathod\Desktop\JsapProject\JSAPNEW\JSAPNEW.csproj]
C:\Users\Rohit Rathod\Desktop\JsapProject\JSAPNEW\Models\ItemMasterModel.cs(190,23): warning CS8618: Non-nullable property 'FranName' must contain a non-null value when exiting constructor. Consider adding the 'required' modifier or declaring the property as nullable. [C:\Users\Rohit Rathod\Desktop\JsapProject\JSAPNEW\JSAPNEW.csproj]
C:\Users\Rohit Rathod\Desktop\JsapProject\JSAPNEW\Models\ItemMasterModel.cs(191,23): warning CS8618: Non-nullable property 'PrchseItem' must contain a non-null value when exiting constructor. Consider adding the 'required' modifier or declaring the property as nullable. [C:\Users\Rohit Rathod\Desktop\JsapProject\JSAPNEW\JSAPNEW.csproj]
C:\Users\Rohit Rathod\Desktop\JsapProject\JSAPNEW\Models\ItemMasterModel.cs(192,23): warning CS8618: Non-nullable property 'InvItem' must contain a non-null value when exiting constructor. Consider adding the 'required' modifier or declaring the property as nullable. [C:\Users\Rohit Rathod\Desktop\JsapProject\JSAPNEW\JSAPNEW.csproj]
C:\Users\Rohit Rathod\Desktop\JsapProject\JSAPNEW\Models\ItemMasterModel.cs(194,23): warning CS8618: Non-nullable property 'SalUnitMsr' must contain a non-null value when exiting constructor. Consider adding the 'required' modifier or declaring the property as nullable. [C:\Users\Rohit Rathod\Desktop\JsapProject\JSAPNEW\JSAPNEW.csproj]
C:\Users\Rohit Rathod\Desktop\JsapProject\JSAPNEW\Models\ItemMasterModel.cs(196,23): warning CS8618: Non-nullable property 'EvalSystem' must contain a non-null value when exiting constructor. Consider adding the 'required' modifier or declaring the property as nullable. [C:\Users\Rohit Rathod\Desktop\JsapProject\JSAPNEW\JSAPNEW.csproj]
C:\Users\Rohit Rathod\Desktop\JsapProject\JSAPNEW\Models\ItemMasterModel.cs(197,23): warning CS8618: Non-nullable property 'ThreeType' must contain a non-null value when exiting constructor. Consider adding the 'required' modifier or declaring the property as nullable. [C:\Users\Rohit Rathod\Desktop\JsapProject\JSAPNEW\JSAPNEW.csproj]
C:\Users\Rohit Rathod\Desktop\JsapProject\JSAPNEW\Models\ItemMasterModel.cs(198,23): warning CS8618: Non-nullable property 'ManSerNum' must contain a non-null value when exiting constructor. Consider adding the 'required' modifier or declaring the property as nullable. [C:\Users\Rohit Rathod\Desktop\JsapProject\JSAPNEW\JSAPNEW.csproj]
C:\Users\Rohit Rathod\Desktop\JsapProject\JSAPNEW\Models\ItemMasterModel.cs(207,23): warning CS8618: Non-nullable property 'PurPackMsr' must contain a non-null value when exiting constructor. Consider adding the 'required' modifier or declaring the property as nullable. [C:\Users\Rohit Rathod\Desktop\JsapProject\JSAPNEW\JSAPNEW.csproj]
C:\Users\Rohit Rathod\Desktop\JsapProject\JSAPNEW\Models\ItemMasterModel.cs(208,23): warning CS8618: Non-nullable property 'PurPackUn' must contain a non-null value when exiting constructor. Consider adding the 'required' modifier or declaring the property as nullable. [C:\Users\Rohit Rathod\Desktop\JsapProject\JSAPNEW\JSAPNEW.csproj]
C:\Users\Rohit Rathod\Desktop\JsapProject\JSAPNEW\Models\ItemMasterModel.cs(209,23): warning CS8618: Non-nullable property 'SalPackUn' must contain a non-null value when exiting constructor. Consider adding the 'required' modifier or declaring the property as nullable. [C:\Users\Rohit Rathod\Desktop\JsapProject\JSAPNEW\JSAPNEW.csproj]
C:\Users\Rohit Rathod\Desktop\JsapProject\JSAPNEW\Models\ItemMasterModel.cs(210,23): warning CS8618: Non-nullable property 'ManBtchNum' must contain a non-null value when exiting constructor. Consider adding the 'required' modifier or declaring the property as nullable. [C:\Users\Rohit Rathod\Desktop\JsapProject\JSAPNEW\JSAPNEW.csproj]
C:\Users\Rohit Rathod\Desktop\JsapProject\JSAPNEW\Models\ItemMasterModel.cs(211,23): warning CS8618: Non-nullable property 'GenEntry' must contain a non-null value when exiting constructor. Consider adding the 'required' modifier or declaring the property as nullable. [C:\Users\Rohit Rathod\Desktop\JsapProject\JSAPNEW\JSAPNEW.csproj]
C:\Users\Rohit Rathod\Desktop\JsapProject\JSAPNEW\Models\ItemMasterModel.cs(212,23): warning CS8618: Non-nullable property 'WtLiable' must contain a non-null value when exiting constructor. Consider adding the 'required' modifier or declaring the property as nullable. [C:\Users\Rohit Rathod\Desktop\JsapProject\JSAPNEW\JSAPNEW.csproj]
C:\Users\Rohit Rathod\Desktop\JsapProject\JSAPNEW\Models\ItemMasterModel.cs(213,23): warning CS8618: Non-nullable property 'IssueMethod' must contain a non-null value when exiting constructor. Consider adding the 'required' modifier or declaring the property as nullable. [C:\Users\Rohit Rathod\Desktop\JsapProject\JSAPNEW\JSAPNEW.csproj]
C:\Users\Rohit Rathod\Desktop\JsapProject\JSAPNEW\Models\ItemMasterModel.cs(214,23): warning CS8618: Non-nullable property 'MngMethod' must contain a non-null value when exiting constructor. Consider adding the 'required' modifier or declaring the property as nullable. [C:\Users\Rohit Rathod\Desktop\JsapProject\JSAPNEW\JSAPNEW.csproj]
C:\Users\Rohit Rathod\Desktop\JsapProject\JSAPNEW\Models\ItemMasterModel.cs(215,23): warning CS8618: Non-nullable property 'InvntoryUom' must contain a non-null value when exiting constructor. Consider adding the 'required' modifier or declaring the property as nullable. [C:\Users\Rohit Rathod\Desktop\JsapProject\JSAPNEW\JSAPNEW.csproj]
C:\Users\Rohit Rathod\Desktop\JsapProject\JSAPNEW\Models\ItemMasterModel.cs(217,23): warning CS8618: Non-nullable property 'GstRelevant' must contain a non-null value when exiting constructor. Consider adding the 'required' modifier or declaring the property as nullable. [C:\Users\Rohit Rathod\Desktop\JsapProject\JSAPNEW\JSAPNEW.csproj]
C:\Users\Rohit Rathod\Desktop\JsapProject\JSAPNEW\Models\ItemMasterModel.cs(218,23): warning CS8618: Non-nullable property 'GstTaxCtg' must contain a non-null value when exiting constructor. Consider adding the 'required' modifier or declaring the property as nullable. [C:\Users\Rohit Rathod\Desktop\JsapProject\JSAPNEW\JSAPNEW.csproj]
C:\Users\Rohit Rathod\Desktop\JsapProject\JSAPNEW\Models\InventoryAuditModels.cs(292,23): warning CS8618: Non-nullable property 'SessionName' must contain a non-null value when exiting constructor. Consider adding the 'required' modifier or declaring the property as nullable. [C:\Users\Rohit Rathod\Desktop\JsapProject\JSAPNEW\JSAPNEW.csproj]
C:\Users\Rohit Rathod\Desktop\JsapProject\JSAPNEW\Models\InventoryAuditModels.cs(293,23): warning CS8618: Non-nullable property 'LotNumber' must contain a non-null value when exiting constructor. Consider adding the 'required' modifier or declaring the property as nullable. [C:\Users\Rohit Rathod\Desktop\JsapProject\JSAPNEW\JSAPNEW.csproj]
C:\Users\Rohit Rathod\Desktop\JsapProject\JSAPNEW\Models\InventoryAuditModels.cs(294,23): warning CS8618: Non-nullable property 'sessionStatus' must contain a non-null value when exiting constructor. Consider adding the 'required' modifier or declaring the property as nullable. [C:\Users\Rohit Rathod\Desktop\JsapProject\JSAPNEW\JSAPNEW.csproj]
C:\Users\Rohit Rathod\Desktop\JsapProject\JSAPNEW\Models\InventoryAuditModels.cs(295,23): warning CS8618: Non-nullable property 'Description' must contain a non-null value when exiting constructor. Consider adding the 'required' modifier or declaring the property as nullable. [C:\Users\Rohit Rathod\Desktop\JsapProject\JSAPNEW\JSAPNEW.csproj]
C:\Users\Rohit Rathod\Desktop\JsapProject\JSAPNEW\Models\InventoryAuditModels.cs(300,23): warning CS8618: Non-nullable property 'RoleInSession' must contain a non-null value when exiting constructor. Consider adding the 'required' modifier or declaring the property as nullable. [C:\Users\Rohit Rathod\Desktop\JsapProject\JSAPNEW\JSAPNEW.csproj]
C:\Users\Rohit Rathod\Desktop\JsapProject\JSAPNEW\Models\InventoryAuditModels.cs(302,23): warning CS8618: Non-nullable property 'CreatedByUsername' must contain a non-null value when exiting constructor. Consider adding the 'required' modifier or declaring the property as nullable. [C:\Users\Rohit Rathod\Desktop\JsapProject\JSAPNEW\JSAPNEW.csproj]
C:\Users\Rohit Rathod\Desktop\JsapProject\JSAPNEW\Models\InventoryAuditModels.cs(303,23): warning CS8618: Non-nullable property 'AssignedByUsername' must contain a non-null value when exiting constructor. Consider adding the 'required' modifier or declaring the property as nullable. [C:\Users\Rohit Rathod\Desktop\JsapProject\JSAPNEW\JSAPNEW.csproj]
C:\Users\Rohit Rathod\Desktop\JsapProject\JSAPNEW\Models\InventoryAuditModels.cs(304,23): warning CS8618: Non-nullable property 'LastModifiedByUsername' must contain a non-null value when exiting constructor. Consider adding the 'required' modifier or declaring the property as nullable. [C:\Users\Rohit Rathod\Desktop\JsapProject\JSAPNEW\JSAPNEW.csproj]
C:\Users\Rohit Rathod\Desktop\JsapProject\JSAPNEW\Models\InventoryAuditModels.cs(306,23): warning CS8618: Non-nullable property 'InactiveReason' must contain a non-null value when exiting constructor. Consider adding the 'required' modifier or declaring the property as nullable. [C:\Users\Rohit Rathod\Desktop\JsapProject\JSAPNEW\JSAPNEW.csproj]
C:\Users\Rohit Rathod\Desktop\JsapProject\JSAPNEW\Models\InventoryAuditModels.cs(398,23): warning CS8618: Non-nullable property 'ItemGroupCode' must contain a non-null value when exiting constructor. Consider adding the 'required' modifier or declaring the property as nullable. [C:\Users\Rohit Rathod\Desktop\JsapProject\JSAPNEW\JSAPNEW.csproj]
C:\Users\Rohit Rathod\Desktop\JsapProject\JSAPNEW\Models\InventoryAuditModels.cs(399,23): warning CS8618: Non-nullable property 'ItemCode' must contain a non-null value when exiting constructor. Consider adding the 'required' modifier or declaring the property as nullable. [C:\Users\Rohit Rathod\Desktop\JsapProject\JSAPNEW\JSAPNEW.csproj]
C:\Users\Rohit Rathod\Desktop\JsapProject\JSAPNEW\Models\InventoryAuditModels.cs(400,23): warning CS8618: Non-nullable property 'Unit' must contain a non-null value when exiting constructor. Consider adding the 'required' modifier or declaring the property as nullable. [C:\Users\Rohit Rathod\Desktop\JsapProject\JSAPNEW\JSAPNEW.csproj]
C:\Users\Rohit Rathod\Desktop\JsapProject\JSAPNEW\Models\InventoryAuditModels.cs(401,23): warning CS8618: Non-nullable property 'LocationName' must contain a non-null value when exiting constructor. Consider adding the 'required' modifier or declaring the property as nullable. [C:\Users\Rohit Rathod\Desktop\JsapProject\JSAPNEW\JSAPNEW.csproj]
C:\Users\Rohit Rathod\Desktop\JsapProject\JSAPNEW\Models\InventoryAuditModels.cs(402,23): warning CS8618: Non-nullable property 'ItemName' must contain a non-null value when exiting constructor. Consider adding the 'required' modifier or declaring the property as nullable. [C:\Users\Rohit Rathod\Desktop\JsapProject\JSAPNEW\JSAPNEW.csproj]
C:\Users\Rohit Rathod\Desktop\JsapProject\JSAPNEW\Models\InventoryAuditModels.cs(403,23): warning CS8618: Non-nullable property 'ItemGroupName' must contain a non-null value when exiting constructor. Consider adding the 'required' modifier or declaring the property as nullable. [C:\Users\Rohit Rathod\Desktop\JsapProject\JSAPNEW\JSAPNEW.csproj]
C:\Users\Rohit Rathod\Desktop\JsapProject\JSAPNEW\Models\InventoryAuditModels.cs(404,23): warning CS8618: Non-nullable property 'SubGroupName' must contain a non-null value when exiting constructor. Consider adding the 'required' modifier or declaring the property as nullable. [C:\Users\Rohit Rathod\Desktop\JsapProject\JSAPNEW\JSAPNEW.csproj]
C:\Users\Rohit Rathod\Desktop\JsapProject\JSAPNEW\Models\InventoryAuditModels.cs(412,23): warning CS8618: Non-nullable property 'IsLitreFlag' must contain a non-null value when exiting constructor. Consider adding the 'required' modifier or declaring the property as nullable. [C:\Users\Rohit Rathod\Desktop\JsapProject\JSAPNEW\JSAPNEW.csproj]
C:\Users\Rohit Rathod\Desktop\JsapProject\JSAPNEW\Models\InventoryAuditModels.cs(213,23): warning CS8618: Non-nullable property 'UpdatedBy' must contain a non-null value when exiting constructor. Consider adding the 'required' modifier or declaring the property as nullable. [C:\Users\Rohit Rathod\Desktop\JsapProject\JSAPNEW\JSAPNEW.csproj]
C:\Users\Rohit Rathod\Desktop\JsapProject\JSAPNEW\Models\InventoryAuditModels.cs(214,23): warning CS8618: Non-nullable property 'Notes' must contain a non-null value when exiting constructor. Consider adding the 'required' modifier or declaring the property as nullable. [C:\Users\Rohit Rathod\Desktop\JsapProject\JSAPNEW\JSAPNEW.csproj]
C:\Users\Rohit Rathod\Desktop\JsapProject\JSAPNEW\Models\InventoryAuditModels.cs(215,23): warning CS8618: Non-nullable property 'Status' must contain a non-null value when exiting constructor. Consider adding the 'required' modifier or declaring the property as nullable. [C:\Users\Rohit Rathod\Desktop\JsapProject\JSAPNEW\JSAPNEW.csproj]
C:\Users\Rohit Rathod\Desktop\JsapProject\JSAPNEW\Models\InventoryAuditModels.cs(252,23): warning CS8618: Non-nullable property 'SessionName' must contain a non-null value when exiting constructor. Consider adding the 'required' modifier or declaring the property as nullable. [C:\Users\Rohit Rathod\Desktop\JsapProject\JSAPNEW\JSAPNEW.csproj]
C:\Users\Rohit Rathod\Desktop\JsapProject\JSAPNEW\Models\InventoryAuditModels.cs(253,23): warning CS8618: Non-nullable property 'StatusMessage' must contain a non-null value when exiting constructor. Consider adding the 'required' modifier or declaring the property as nullable. [C:\Users\Rohit Rathod\Desktop\JsapProject\JSAPNEW\JSAPNEW.csproj]
C:\Users\Rohit Rathod\Desktop\JsapProject\JSAPNEW\Models\InventoryAuditModels.cs(259,23): warning CS8618: Non-nullable property 'InsertedLotNumber' must contain a non-null value when exiting constructor. Consider adding the 'required' modifier or declaring the property as nullable. [C:\Users\Rohit Rathod\Desktop\JsapProject\JSAPNEW\JSAPNEW.csproj]
C:\Users\Rohit Rathod\Desktop\JsapProject\JSAPNEW\Models\InventoryAuditModels.cs(172,23): warning CS8618: Non-nullable property 'ItemSubGroupName' must contain a non-null value when exiting constructor. Consider adding the 'required' modifier or declaring the property as nullable. [C:\Users\Rohit Rathod\Desktop\JsapProject\JSAPNEW\JSAPNEW.csproj]
C:\Users\Rohit Rathod\Desktop\JsapProject\JSAPNEW\Models\InventoryAuditModels.cs(264,23): warning CS8618: Non-nullable property 'SessionName' must contain a non-null value when exiting constructor. Consider adding the 'required' modifier or declaring the property as nullable. [C:\Users\Rohit Rathod\Desktop\JsapProject\JSAPNEW\JSAPNEW.csproj]
C:\Users\Rohit Rathod\Desktop\JsapProject\JSAPNEW\Models\InventoryAuditModels.cs(265,23): warning CS8618: Non-nullable property 'Description' must contain a non-null value when exiting constructor. Consider adding the 'required' modifier or declaring the property as nullable. [C:\Users\Rohit Rathod\Desktop\JsapProject\JSAPNEW\JSAPNEW.csproj]
C:\Users\Rohit Rathod\Desktop\JsapProject\JSAPNEW\Models\InventoryAuditModels.cs(270,23): warning CS8618: Non-nullable property 'RoleInSession' must contain a non-null value when exiting constructor. Consider adding the 'required' modifier or declaring the property as nullable. [C:\Users\Rohit Rathod\Desktop\JsapProject\JSAPNEW\JSAPNEW.csproj]
C:\Users\Rohit Rathod\Desktop\JsapProject\JSAPNEW\Models\InventoryAuditModels.cs(272,23): warning CS8618: Non-nullable property 'CreatedByUsername' must contain a non-null value when exiting constructor. Consider adding the 'required' modifier or declaring the property as nullable. [C:\Users\Rohit Rathod\Desktop\JsapProject\JSAPNEW\JSAPNEW.csproj]
C:\Users\Rohit Rathod\Desktop\JsapProject\JSAPNEW\Models\InventoryAuditModels.cs(273,23): warning CS8618: Non-nullable property 'AssignedByUsername' must contain a non-null value when exiting constructor. Consider adding the 'required' modifier or declaring the property as nullable. [C:\Users\Rohit Rathod\Desktop\JsapProject\JSAPNEW\JSAPNEW.csproj]
C:\Users\Rohit Rathod\Desktop\JsapProject\JSAPNEW\Models\InventoryAuditModels.cs(275,23): warning CS8618: Non-nullable property 'SessionStatus' must contain a non-null value when exiting constructor. Consider adding the 'required' modifier or declaring the property as nullable. [C:\Users\Rohit Rathod\Desktop\JsapProject\JSAPNEW\JSAPNEW.csproj]
C:\Users\Rohit Rathod\Desktop\JsapProject\JSAPNEW\Models\InventoryAuditModels.cs(276,23): warning CS8618: Non-nullable property 'LotNumber' must contain a non-null value when exiting constructor. Consider adding the 'required' modifier or declaring the property as nullable. [C:\Users\Rohit Rathod\Desktop\JsapProject\JSAPNEW\JSAPNEW.csproj]
C:\Users\Rohit Rathod\Desktop\JsapProject\JSAPNEW\Models\InventoryAuditModels.cs(200,42): warning CS8618: Non-nullable property 'Headers' must contain a non-null value when exiting constructor. Consider adding the 'required' modifier or declaring the property as nullable. [C:\Users\Rohit Rathod\Desktop\JsapProject\JSAPNEW\JSAPNEW.csproj]
C:\Users\Rohit Rathod\Desktop\JsapProject\JSAPNEW\Models\InventoryAuditModels.cs(201,35): warning CS8618: Non-nullable property 'Warehouses' must contain a non-null value when exiting constructor. Consider adding the 'required' modifier or declaring the property as nullable. [C:\Users\Rohit Rathod\Desktop\JsapProject\JSAPNEW\JSAPNEW.csproj]
C:\Users\Rohit Rathod\Desktop\JsapProject\JSAPNEW\Models\InventoryAuditModels.cs(202,35): warning CS8618: Non-nullable property 'ItemGroups' must contain a non-null value when exiting constructor. Consider adding the 'required' modifier or declaring the property as nullable. [C:\Users\Rohit Rathod\Desktop\JsapProject\JSAPNEW\JSAPNEW.csproj]
C:\Users\Rohit Rathod\Desktop\JsapProject\JSAPNEW\Models\InventoryAuditModels.cs(203,38): warning CS8618: Non-nullable property 'ItemSubGroups' must contain a non-null value when exiting constructor. Consider adding the 'required' modifier or declaring the property as nullable. [C:\Users\Rohit Rathod\Desktop\JsapProject\JSAPNEW\JSAPNEW.csproj]
C:\Users\Rohit Rathod\Desktop\JsapProject\JSAPNEW\Models\InventoryAuditModels.cs(204,40): warning CS8618: Non-nullable property 'Items' must contain a non-null value when exiting constructor. Consider adding the 'required' modifier or declaring the property as nullable. [C:\Users\Rohit Rathod\Desktop\JsapProject\JSAPNEW\JSAPNEW.csproj]
C:\Users\Rohit Rathod\Desktop\JsapProject\JSAPNEW\Models\InventoryAuditModels.cs(205,33): warning CS8618: Non-nullable property 'Session' must contain a non-null value when exiting constructor. Consider adding the 'required' modifier or declaring the property as nullable. [C:\Users\Rohit Rathod\Desktop\JsapProject\JSAPNEW\JSAPNEW.csproj]
C:\Users\Rohit Rathod\Desktop\JsapProject\JSAPNEW\Models\InventoryAuditModels.cs(167,23): warning CS8618: Non-nullable property 'ItemGroupName' must contain a non-null value when exiting constructor. Consider adding the 'required' modifier or declaring the property as nullable. [C:\Users\Rohit Rathod\Desktop\JsapProject\JSAPNEW\JSAPNEW.csproj]
C:\Users\Rohit Rathod\Desktop\JsapProject\JSAPNEW\Models\InventoryAuditModels.cs(163,23): warning CS8618: Non-nullable property 'WarehouseName' must contain a non-null value when exiting constructor. Consider adding the 'required' modifier or declaring the property as nullable. [C:\Users\Rohit Rathod\Desktop\JsapProject\JSAPNEW\JSAPNEW.csproj]
C:\Users\Rohit Rathod\Desktop\JsapProject\JSAPNEW\Models\InventoryAuditModels.cs(150,23): warning CS8618: Non-nullable property 'LotNumber' must contain a non-null value when exiting constructor. Consider adding the 'required' modifier or declaring the property as nullable. [C:\Users\Rohit Rathod\Desktop\JsapProject\JSAPNEW\JSAPNEW.csproj]
C:\Users\Rohit Rathod\Desktop\JsapProject\JSAPNEW\Models\InventoryAuditModels.cs(152,23): warning CS8618: Non-nullable property 'WarehouseName' must contain a non-null value when exiting constructor. Consider adding the 'required' modifier or declaring the property as nullable. [C:\Users\Rohit Rathod\Desktop\JsapProject\JSAPNEW\JSAPNEW.csproj]
C:\Users\Rohit Rathod\Desktop\JsapProject\JSAPNEW\Models\InventoryAuditModels.cs(137,23): warning CS8618: Non-nullable property 'LotNumber' must contain a non-null value when exiting constructor. Consider adding the 'required' modifier or declaring the property as nullable. [C:\Users\Rohit Rathod\Desktop\JsapProject\JSAPNEW\JSAPNEW.csproj]
C:\Users\Rohit Rathod\Desktop\JsapProject\JSAPNEW\Models\InventoryAuditModels.cs(139,23): warning CS8618: Non-nullable property 'ItemGroupCode' must contain a non-null value when exiting constructor. Consider adding the 'required' modifier or declaring the property as nullable. [C:\Users\Rohit Rathod\Desktop\JsapProject\JSAPNEW\JSAPNEW.csproj]
C:\Users\Rohit Rathod\Desktop\JsapProject\JSAPNEW\Models\InventoryAuditModels.cs(140,23): warning CS8618: Non-nullable property 'ItemGroupName' must contain a non-null value when exiting constructor. Consider adding the 'required' modifier or declaring the property as nullable. [C:\Users\Rohit Rathod\Desktop\JsapProject\JSAPNEW\JSAPNEW.csproj]
C:\Users\Rohit Rathod\Desktop\JsapProject\JSAPNEW\Models\InventoryAuditModels.cs(108,23): warning CS8618: Non-nullable property 'LotNumber' must contain a non-null value when exiting constructor. Consider adding the 'required' modifier or declaring the property as nullable. [C:\Users\Rohit Rathod\Desktop\JsapProject\JSAPNEW\JSAPNEW.csproj]
C:\Users\Rohit Rathod\Desktop\JsapProject\JSAPNEW\Models\InventoryAuditModels.cs(112,23): warning CS8618: Non-nullable property 'unit' must contain a non-null value when exiting constructor. Consider adding the 'required' modifier or declaring the property as nullable. [C:\Users\Rohit Rathod\Desktop\JsapProject\JSAPNEW\JSAPNEW.csproj]
C:\Users\Rohit Rathod\Desktop\JsapProject\JSAPNEW\Models\InventoryAuditModels.cs(113,23): warning CS8618: Non-nullable property 'location' must contain a non-null value when exiting constructor. Consider adding the 'required' modifier or declaring the property as nullable. [C:\Users\Rohit Rathod\Desktop\JsapProject\JSAPNEW\JSAPNEW.csproj]
C:\Users\Rohit Rathod\Desktop\JsapProject\JSAPNEW\Models\InventoryAuditModels.cs(114,23): warning CS8618: Non-nullable property 'warehouse' must contain a non-null value when exiting constructor. Consider adding the 'required' modifier or declaring the property as nullable. [C:\Users\Rohit Rathod\Desktop\JsapProject\JSAPNEW\JSAPNEW.csproj]
C:\Users\Rohit Rathod\Desktop\JsapProject\JSAPNEW\Models\InventoryAuditModels.cs(115,23): warning CS8618: Non-nullable property 'itemGroup' must contain a non-null value when exiting constructor. Consider adding the 'required' modifier or declaring the property as nullable. [C:\Users\Rohit Rathod\Desktop\JsapProject\JSAPNEW\JSAPNEW.csproj]
C:\Users\Rohit Rathod\Desktop\JsapProject\JSAPNEW\Models\InventoryAuditModels.cs(116,23): warning CS8618: Non-nullable property 'itemSubGroup' must contain a non-null value when exiting constructor. Consider adding the 'required' modifier or declaring the property as nullable. [C:\Users\Rohit Rathod\Desktop\JsapProject\JSAPNEW\JSAPNEW.csproj]
C:\Users\Rohit Rathod\Desktop\JsapProject\JSAPNEW\Models\InventoryAuditModels.cs(117,23): warning CS8618: Non-nullable property 'status' must contain a non-null value when exiting constructor. Consider adding the 'required' modifier or declaring the property as nullable. [C:\Users\Rohit Rathod\Desktop\JsapProject\JSAPNEW\JSAPNEW.csproj]
C:\Users\Rohit Rathod\Desktop\JsapProject\JSAPNEW\Models\InventoryAuditModels.cs(103,23): warning CS8618: Non-nullable property 'Message' must contain a non-null value when exiting constructor. Consider adding the 'required' modifier or declaring the property as nullable. [C:\Users\Rohit Rathod\Desktop\JsapProject\JSAPNEW\JSAPNEW.csproj]
C:\Users\Rohit Rathod\Desktop\JsapProject\JSAPNEW\Models\InventoryAuditModels.cs(104,23): warning CS8618: Non-nullable property 'UniqueUsername' must contain a non-null value when exiting constructor. Consider adding the 'required' modifier or declaring the property as nullable. [C:\Users\Rohit Rathod\Desktop\JsapProject\JSAPNEW\JSAPNEW.csproj]
C:\Users\Rohit Rathod\Desktop\JsapProject\JSAPNEW\Models\InventoryAuditModels.cs(94,23): warning CS8618: Non-nullable property 'Message' must contain a non-null value when exiting constructor. Consider adding the 'required' modifier or declaring the property as nullable. [C:\Users\Rohit Rathod\Desktop\JsapProject\JSAPNEW\JSAPNEW.csproj]
C:\Users\Rohit Rathod\Desktop\JsapProject\JSAPNEW\Models\InventoryAuditModels.cs(144,23): warning CS8618: Non-nullable property 'LotNumber' must contain a non-null value when exiting constructor. Consider adding the 'required' modifier or declaring the property as nullable. [C:\Users\Rohit Rathod\Desktop\JsapProject\JSAPNEW\JSAPNEW.csproj]
C:\Users\Rohit Rathod\Desktop\JsapProject\JSAPNEW\Models\InventoryAuditModels.cs(146,23): warning CS8618: Non-nullable property 'ItemSubGroupName' must contain a non-null value when exiting constructor. Consider adding the 'required' modifier or declaring the property as nullable. [C:\Users\Rohit Rathod\Desktop\JsapProject\JSAPNEW\JSAPNEW.csproj]
C:\Users\Rohit Rathod\Desktop\JsapProject\JSAPNEW\Models\InventoryAuditModels.cs(60,23): warning CS8618: Non-nullable property 'Warehouse' must contain a non-null value when exiting constructor. Consider adding the 'required' modifier or declaring the property as nullable. [C:\Users\Rohit Rathod\Desktop\JsapProject\JSAPNEW\JSAPNEW.csproj]
C:\Users\Rohit Rathod\Desktop\JsapProject\JSAPNEW\Models\InventoryAuditModels.cs(121,23): warning CS8618: Non-nullable property 'LotNumber' must contain a non-null value when exiting constructor. Consider adding the 'required' modifier or declaring the property as nullable. [C:\Users\Rohit Rathod\Desktop\JsapProject\JSAPNEW\JSAPNEW.csproj]
C:\Users\Rohit Rathod\Desktop\JsapProject\JSAPNEW\Models\InventoryAuditModels.cs(123,23): warning CS8618: Non-nullable property 'sessionName' must contain a non-null value when exiting constructor. Consider adding the 'required' modifier or declaring the property as nullable. [C:\Users\Rohit Rathod\Desktop\JsapProject\JSAPNEW\JSAPNEW.csproj]
C:\Users\Rohit Rathod\Desktop\JsapProject\JSAPNEW\Models\InventoryAuditModels.cs(124,23): warning CS8618: Non-nullable property 'Unit' must contain a non-null value when exiting constructor. Consider adding the 'required' modifier or declaring the property as nullable. [C:\Users\Rohit Rathod\Desktop\JsapProject\JSAPNEW\JSAPNEW.csproj]
C:\Users\Rohit Rathod\Desktop\JsapProject\JSAPNEW\Models\InventoryAuditModels.cs(126,23): warning CS8618: Non-nullable property 'Location' must contain a non-null value when exiting constructor. Consider adding the 'required' modifier or declaring the property as nullable. [C:\Users\Rohit Rathod\Desktop\JsapProject\JSAPNEW\JSAPNEW.csproj]
C:\Users\Rohit Rathod\Desktop\JsapProject\JSAPNEW\Models\InventoryAuditModels.cs(127,23): warning CS8618: Non-nullable property 'Status' must contain a non-null value when exiting constructor. Consider adding the 'required' modifier or declaring the property as nullable. [C:\Users\Rohit Rathod\Desktop\JsapProject\JSAPNEW\JSAPNEW.csproj]
C:\Users\Rohit Rathod\Desktop\JsapProject\JSAPNEW\Models\InventoryAuditModels.cs(130,23): warning CS8618: Non-nullable property 'UpdatedBy' must contain a non-null value when exiting constructor. Consider adding the 'required' modifier or declaring the property as nullable. [C:\Users\Rohit Rathod\Desktop\JsapProject\JSAPNEW\JSAPNEW.csproj]
C:\Users\Rohit Rathod\Desktop\JsapProject\JSAPNEW\Models\InventoryAuditModels.cs(132,23): warning CS8618: Non-nullable property 'Company' must contain a non-null value when exiting constructor. Consider adding the 'required' modifier or declaring the property as nullable. [C:\Users\Rohit Rathod\Desktop\JsapProject\JSAPNEW\JSAPNEW.csproj]
C:\Users\Rohit Rathod\Desktop\JsapProject\JSAPNEW\Models\InventoryAuditModels.cs(133,23): warning CS8618: Non-nullable property 'loginUser' must contain a non-null value when exiting constructor. Consider adding the 'required' modifier or declaring the property as nullable. [C:\Users\Rohit Rathod\Desktop\JsapProject\JSAPNEW\JSAPNEW.csproj]
C:\Users\Rohit Rathod\Desktop\JsapProject\JSAPNEW\Models\InventoryAuditModels.cs(56,23): warning CS8618: Non-nullable property 'LocationName' must contain a non-null value when exiting constructor. Consider adding the 'required' modifier or declaring the property as nullable. [C:\Users\Rohit Rathod\Desktop\JsapProject\JSAPNEW\JSAPNEW.csproj]
C:\Users\Rohit Rathod\Desktop\JsapProject\JSAPNEW\Models\InventoryAuditModels.cs(40,23): warning CS8618: Non-nullable property 'U_Sub_Group' must contain a non-null value when exiting constructor. Consider adding the 'required' modifier or declaring the property as nullable. [C:\Users\Rohit Rathod\Desktop\JsapProject\JSAPNEW\JSAPNEW.csproj]
C:\Users\Rohit Rathod\Desktop\JsapProject\JSAPNEW\Models\InventoryAuditModels.cs(36,23): warning CS8618: Non-nullable property 'U_Unit' must contain a non-null value when exiting constructor. Consider adding the 'required' modifier or declaring the property as nullable. [C:\Users\Rohit Rathod\Desktop\JsapProject\JSAPNEW\JSAPNEW.csproj]
C:\Users\Rohit Rathod\Desktop\JsapProject\JSAPNEW\Models\InventoryAuditModels.cs(64,23): warning CS8618: Non-nullable property 'ItemCode' must contain a non-null value when exiting constructor. Consider adding the 'required' modifier or declaring the property as nullable. [C:\Users\Rohit Rathod\Desktop\JsapProject\JSAPNEW\JSAPNEW.csproj]
C:\Users\Rohit Rathod\Desktop\JsapProject\JSAPNEW\Models\InventoryAuditModels.cs(65,23): warning CS8618: Non-nullable property 'ItemName' must contain a non-null value when exiting constructor. Consider adding the 'required' modifier or declaring the property as nullable. [C:\Users\Rohit Rathod\Desktop\JsapProject\JSAPNEW\JSAPNEW.csproj]
C:\Users\Rohit Rathod\Desktop\JsapProject\JSAPNEW\Models\InventoryAuditModels.cs(66,23): warning CS8618: Non-nullable property 'WarehouseName' must contain a non-null value when exiting constructor. Consider adding the 'required' modifier or declaring the property as nullable. [C:\Users\Rohit Rathod\Desktop\JsapProject\JSAPNEW\JSAPNEW.csproj]
C:\Users\Rohit Rathod\Desktop\JsapProject\JSAPNEW\Models\InventoryAuditModels.cs(67,23): warning CS8618: Non-nullable property 'ItemGroupCode' must contain a non-null value when exiting constructor. Consider adding the 'required' modifier or declaring the property as nullable. [C:\Users\Rohit Rathod\Desktop\JsapProject\JSAPNEW\JSAPNEW.csproj]
C:\Users\Rohit Rathod\Desktop\JsapProject\JSAPNEW\Models\InventoryAuditModels.cs(72,23): warning CS8618: Non-nullable property 'itmsGrpNam' must contain a non-null value when exiting constructor. Consider adding the 'required' modifier or declaring the property as nullable. [C:\Users\Rohit Rathod\Desktop\JsapProject\JSAPNEW\JSAPNEW.csproj]
C:\Users\Rohit Rathod\Desktop\JsapProject\JSAPNEW\Models\InventoryAuditModels.cs(73,23): warning CS8618: Non-nullable property 'u_Sub_Group' must contain a non-null value when exiting constructor. Consider adding the 'required' modifier or declaring the property as nullable. [C:\Users\Rohit Rathod\Desktop\JsapProject\JSAPNEW\JSAPNEW.csproj]
C:\Users\Rohit Rathod\Desktop\JsapProject\JSAPNEW\Models\InventoryAuditModels.cs(44,23): warning CS8618: Non-nullable property 'ItemCode' must contain a non-null value when exiting constructor. Consider adding the 'required' modifier or declaring the property as nullable. [C:\Users\Rohit Rathod\Desktop\JsapProject\JSAPNEW\JSAPNEW.csproj]
C:\Users\Rohit Rathod\Desktop\JsapProject\JSAPNEW\Models\InventoryAuditModels.cs(45,23): warning CS8618: Non-nullable property 'ItemName' must contain a non-null value when exiting constructor. Consider adding the 'required' modifier or declaring the property as nullable. [C:\Users\Rohit Rathod\Desktop\JsapProject\JSAPNEW\JSAPNEW.csproj]
C:\Users\Rohit Rathod\Desktop\JsapProject\JSAPNEW\Models\InventoryAuditModels.cs(46,23): warning CS8618: Non-nullable property 'FrgnName' must contain a non-null value when exiting constructor. Consider adding the 'required' modifier or declaring the property as nullable. [C:\Users\Rohit Rathod\Desktop\JsapProject\JSAPNEW\JSAPNEW.csproj]
C:\Users\Rohit Rathod\Desktop\JsapProject\JSAPNEW\Models\InventoryAuditModels.cs(48,23): warning CS8618: Non-nullable property 'OnHand' must contain a non-null value when exiting constructor. Consider adding the 'required' modifier or declaring the property as nullable. [C:\Users\Rohit Rathod\Desktop\JsapProject\JSAPNEW\JSAPNEW.csproj]
C:\Users\Rohit Rathod\Desktop\JsapProject\JSAPNEW\Models\InventoryAuditModels.cs(49,23): warning CS8618: Non-nullable property 'SalPackMsr' must contain a non-null value when exiting constructor. Consider adding the 'required' modifier or declaring the property as nullable. [C:\Users\Rohit Rathod\Desktop\JsapProject\JSAPNEW\JSAPNEW.csproj]
C:\Users\Rohit Rathod\Desktop\JsapProject\JSAPNEW\Models\InventoryAuditModels.cs(50,23): warning CS8618: Non-nullable property 'SalPackUn' must contain a non-null value when exiting constructor. Consider adding the 'required' modifier or declaring the property as nullable. [C:\Users\Rohit Rathod\Desktop\JsapProject\JSAPNEW\JSAPNEW.csproj]
C:\Users\Rohit Rathod\Desktop\JsapProject\JSAPNEW\Models\InventoryAuditModels.cs(51,23): warning CS8618: Non-nullable property 'U_IsLitre' must contain a non-null value when exiting constructor. Consider adding the 'required' modifier or declaring the property as nullable. [C:\Users\Rohit Rathod\Desktop\JsapProject\JSAPNEW\JSAPNEW.csproj]
C:\Users\Rohit Rathod\Desktop\JsapProject\JSAPNEW\Models\InventoryAuditModels.cs(26,23): warning CS8618: Non-nullable property 'p_warehouses' must contain a non-null value when exiting constructor. Consider adding the 'required' modifier or declaring the property as nullable. [C:\Users\Rohit Rathod\Desktop\JsapProject\JSAPNEW\JSAPNEW.csproj]
C:\Users\Rohit Rathod\Desktop\JsapProject\JSAPNEW\Models\InventoryAuditModels.cs(27,23): warning CS8618: Non-nullable property 'p_units' must contain a non-null value when exiting constructor. Consider adding the 'required' modifier or declaring the property as nullable. [C:\Users\Rohit Rathod\Desktop\JsapProject\JSAPNEW\JSAPNEW.csproj]
C:\Users\Rohit Rathod\Desktop\JsapProject\JSAPNEW\Models\InventoryAuditModels.cs(28,23): warning CS8618: Non-nullable property 'p_itemGroups' must contain a non-null value when exiting constructor. Consider adding the 'required' modifier or declaring the property as nullable. [C:\Users\Rohit Rathod\Desktop\JsapProject\JSAPNEW\JSAPNEW.csproj]
C:\Users\Rohit Rathod\Desktop\JsapProject\JSAPNEW\Models\InventoryAuditModels.cs(29,23): warning CS8618: Non-nullable property 'p_subGroups' must contain a non-null value when exiting constructor. Consider adding the 'required' modifier or declaring the property as nullable. [C:\Users\Rohit Rathod\Desktop\JsapProject\JSAPNEW\JSAPNEW.csproj]
C:\Users\Rohit Rathod\Desktop\JsapProject\JSAPNEW\Models\InventoryAuditModels.cs(30,23): warning CS8618: Non-nullable property 'p_itemCodes' must contain a non-null value when exiting constructor. Consider adding the 'required' modifier or declaring the property as nullable. [C:\Users\Rohit Rathod\Desktop\JsapProject\JSAPNEW\JSAPNEW.csproj]
C:\Users\Rohit Rathod\Desktop\JsapProject\JSAPNEW\Models\InventoryAuditModels.cs(31,23): warning CS8618: Non-nullable property 'p_locations' must contain a non-null value when exiting constructor. Consider adding the 'required' modifier or declaring the property as nullable. [C:\Users\Rohit Rathod\Desktop\JsapProject\JSAPNEW\JSAPNEW.csproj]
C:\Users\Rohit Rathod\Desktop\JsapProject\JSAPNEW\Models\InventoryAuditModels.cs(227,23): warning CS8618: Non-nullable property 'SessionName' must contain a non-null value when exiting constructor. Consider adding the 'required' modifier or declaring the property as nullable. [C:\Users\Rohit Rathod\Desktop\JsapProject\JSAPNEW\JSAPNEW.csproj]
C:\Users\Rohit Rathod\Desktop\JsapProject\JSAPNEW\Models\InventoryAuditModels.cs(235,23): warning CS8618: Non-nullable property 'LotNumber' must contain a non-null value when exiting constructor. Consider adding the 'required' modifier or declaring the property as nullable. [C:\Users\Rohit Rathod\Desktop\JsapProject\JSAPNEW\JSAPNEW.csproj]
C:\Users\Rohit Rathod\Desktop\JsapProject\JSAPNEW\Models\InventoryAuditModels.cs(236,23): warning CS8618: Non-nullable property 'Unit' must contain a non-null value when exiting constructor. Consider adding the 'required' modifier or declaring the property as nullable. [C:\Users\Rohit Rathod\Desktop\JsapProject\JSAPNEW\JSAPNEW.csproj]
C:\Users\Rohit Rathod\Desktop\JsapProject\JSAPNEW\Models\InventoryAuditModels.cs(237,23): warning CS8618: Non-nullable property 'LocationCode' must contain a non-null value when exiting constructor. Consider adding the 'required' modifier or declaring the property as nullable. [C:\Users\Rohit Rathod\Desktop\JsapProject\JSAPNEW\JSAPNEW.csproj]
C:\Users\Rohit Rathod\Desktop\JsapProject\JSAPNEW\Models\InventoryAuditModels.cs(238,23): warning CS8618: Non-nullable property 'LocationName' must contain a non-null value when exiting constructor. Consider adding the 'required' modifier or declaring the property as nullable. [C:\Users\Rohit Rathod\Desktop\JsapProject\JSAPNEW\JSAPNEW.csproj]
C:\Users\Rohit Rathod\Desktop\JsapProject\JSAPNEW\Models\InventoryAuditModels.cs(242,23): warning CS8618: Non-nullable property 'Company' must contain a non-null value when exiting constructor. Consider adding the 'required' modifier or declaring the property as nullable. [C:\Users\Rohit Rathod\Desktop\JsapProject\JSAPNEW\JSAPNEW.csproj]
C:\Users\Rohit Rathod\Desktop\JsapProject\JSAPNEW\Models\InventoryAuditModels.cs(245,23): warning CS8618: Non-nullable property 'Warehouses' must contain a non-null value when exiting constructor. Consider adding the 'required' modifier or declaring the property as nullable. [C:\Users\Rohit Rathod\Desktop\JsapProject\JSAPNEW\JSAPNEW.csproj]
C:\Users\Rohit Rathod\Desktop\JsapProject\JSAPNEW\Models\InventoryAuditModels.cs(246,23): warning CS8618: Non-nullable property 'ItemGroups' must contain a non-null value when exiting constructor. Consider adding the 'required' modifier or declaring the property as nullable. [C:\Users\Rohit Rathod\Desktop\JsapProject\JSAPNEW\JSAPNEW.csproj]
C:\Users\Rohit Rathod\Desktop\JsapProject\JSAPNEW\Models\InventoryAuditModels.cs(247,23): warning CS8618: Non-nullable property 'ItemSubGroups' must contain a non-null value when exiting constructor. Consider adding the 'required' modifier or declaring the property as nullable. [C:\Users\Rohit Rathod\Desktop\JsapProject\JSAPNEW\JSAPNEW.csproj]
C:\Users\Rohit Rathod\Desktop\JsapProject\JSAPNEW\Models\InventoryAuditModels.cs(156,42): warning CS8618: Non-nullable property 'Headers' must contain a non-null value when exiting constructor. Consider adding the 'required' modifier or declaring the property as nullable. [C:\Users\Rohit Rathod\Desktop\JsapProject\JSAPNEW\JSAPNEW.csproj]
C:\Users\Rohit Rathod\Desktop\JsapProject\JSAPNEW\Models\InventoryAuditModels.cs(157,45): warning CS8618: Non-nullable property 'ItemGroups' must contain a non-null value when exiting constructor. Consider adding the 'required' modifier or declaring the property as nullable. [C:\Users\Rohit Rathod\Desktop\JsapProject\JSAPNEW\JSAPNEW.csproj]
C:\Users\Rohit Rathod\Desktop\JsapProject\JSAPNEW\Models\InventoryAuditModels.cs(158,48): warning CS8618: Non-nullable property 'ItemSubGroups' must contain a non-null value when exiting constructor. Consider adding the 'required' modifier or declaring the property as nullable. [C:\Users\Rohit Rathod\Desktop\JsapProject\JSAPNEW\JSAPNEW.csproj]
C:\Users\Rohit Rathod\Desktop\JsapProject\JSAPNEW\Models\InventoryAuditModels.cs(159,45): warning CS8618: Non-nullable property 'Warehouse' must contain a non-null value when exiting constructor. Consider adding the 'required' modifier or declaring the property as nullable. [C:\Users\Rohit Rathod\Desktop\JsapProject\JSAPNEW\JSAPNEW.csproj]
C:\Users\Rohit Rathod\Desktop\JsapProject\JSAPNEW\Models\InventoryAuditModels.cs(177,23): warning CS8618: Non-nullable property 'ItemCode' must contain a non-null value when exiting constructor. Consider adding the 'required' modifier or declaring the property as nullable. [C:\Users\Rohit Rathod\Desktop\JsapProject\JSAPNEW\JSAPNEW.csproj]
C:\Users\Rohit Rathod\Desktop\JsapProject\JSAPNEW\Models\InventoryAuditModels.cs(178,23): warning CS8618: Non-nullable property 'ItemName' must contain a non-null value when exiting constructor. Consider adding the 'required' modifier or declaring the property as nullable. [C:\Users\Rohit Rathod\Desktop\JsapProject\JSAPNEW\JSAPNEW.csproj]
C:\Users\Rohit Rathod\Desktop\JsapProject\JSAPNEW\Models\InventoryAuditModels.cs(179,23): warning CS8618: Non-nullable property 'LotNumber' must contain a non-null value when exiting constructor. Consider adding the 'required' modifier or declaring the property as nullable. [C:\Users\Rohit Rathod\Desktop\JsapProject\JSAPNEW\JSAPNEW.csproj]
C:\Users\Rohit Rathod\Desktop\JsapProject\JSAPNEW\Models\InventoryAuditModels.cs(180,23): warning CS8618: Non-nullable property 'WarehouseId' must contain a non-null value when exiting constructor. Consider adding the 'required' modifier or declaring the property as nullable. [C:\Users\Rohit Rathod\Desktop\JsapProject\JSAPNEW\JSAPNEW.csproj]
C:\Users\Rohit Rathod\Desktop\JsapProject\JSAPNEW\Models\InventoryAuditModels.cs(185,23): warning CS8618: Non-nullable property 'ItmsGrpNam' must contain a non-null value when exiting constructor. Consider adding the 'required' modifier or declaring the property as nullable. [C:\Users\Rohit Rathod\Desktop\JsapProject\JSAPNEW\JSAPNEW.csproj]
C:\Users\Rohit Rathod\Desktop\JsapProject\JSAPNEW\Models\InventoryAuditModels.cs(186,23): warning CS8618: Non-nullable property 'U_Sub_Group' must contain a non-null value when exiting constructor. Consider adding the 'required' modifier or declaring the property as nullable. [C:\Users\Rohit Rathod\Desktop\JsapProject\JSAPNEW\JSAPNEW.csproj]
C:\Users\Rohit Rathod\Desktop\JsapProject\JSAPNEW\Models\InventoryAuditModels.cs(188,23): warning CS8618: Non-nullable property 'isLitre' must contain a non-null value when exiting constructor. Consider adding the 'required' modifier or declaring the property as nullable. [C:\Users\Rohit Rathod\Desktop\JsapProject\JSAPNEW\JSAPNEW.csproj]
C:\Users\Rohit Rathod\Desktop\JsapProject\JSAPNEW\Models\HierarchyModels.cs(857,23): warning CS8618: Non-nullable property 'EmployeeCode' must contain a non-null value when exiting constructor. Consider adding the 'required' modifier or declaring the property as nullable. [C:\Users\Rohit Rathod\Desktop\JsapProject\JSAPNEW\JSAPNEW.csproj]
C:\Users\Rohit Rathod\Desktop\JsapProject\JSAPNEW\Models\HierarchyModels.cs(859,23): warning CS8618: Non-nullable property 'Gender' must contain a non-null value when exiting constructor. Consider adding the 'required' modifier or declaring the property as nullable. [C:\Users\Rohit Rathod\Desktop\JsapProject\JSAPNEW\JSAPNEW.csproj]
C:\Users\Rohit Rathod\Desktop\JsapProject\JSAPNEW\Models\HierarchyModels.cs(860,23): warning CS8618: Non-nullable property 'Qualification' must contain a non-null value when exiting constructor. Consider adding the 'required' modifier or declaring the property as nullable. [C:\Users\Rohit Rathod\Desktop\JsapProject\JSAPNEW\JSAPNEW.csproj]
C:\Users\Rohit Rathod\Desktop\JsapProject\JSAPNEW\Models\HierarchyModels.cs(861,23): warning CS8618: Non-nullable property 'Area' must contain a non-null value when exiting constructor. Consider adding the 'required' modifier or declaring the property as nullable. [C:\Users\Rohit Rathod\Desktop\JsapProject\JSAPNEW\JSAPNEW.csproj]
C:\Users\Rohit Rathod\Desktop\JsapProject\JSAPNEW\Models\HierarchyModels.cs(862,23): warning CS8618: Non-nullable property 'SikhNonSikh' must contain a non-null value when exiting constructor. Consider adding the 'required' modifier or declaring the property as nullable. [C:\Users\Rohit Rathod\Desktop\JsapProject\JSAPNEW\JSAPNEW.csproj]
C:\Users\Rohit Rathod\Desktop\JsapProject\JSAPNEW\Models\InventoryAuditModels.cs(77,23): warning CS8618: Non-nullable property 'LotNumber' must contain a non-null value when exiting constructor. Consider adding the 'required' modifier or declaring the property as nullable. [C:\Users\Rohit Rathod\Desktop\JsapProject\JSAPNEW\JSAPNEW.csproj]
C:\Users\Rohit Rathod\Desktop\JsapProject\JSAPNEW\Models\InventoryAuditModels.cs(78,23): warning CS8618: Non-nullable property 'Unit' must contain a non-null value when exiting constructor. Consider adding the 'required' modifier or declaring the property as nullable. [C:\Users\Rohit Rathod\Desktop\JsapProject\JSAPNEW\JSAPNEW.csproj]
C:\Users\Rohit Rathod\Desktop\JsapProject\JSAPNEW\Models\InventoryAuditModels.cs(79,23): warning CS8618: Non-nullable property 'LocationCode' must contain a non-null value when exiting constructor. Consider adding the 'required' modifier or declaring the property as nullable. [C:\Users\Rohit Rathod\Desktop\JsapProject\JSAPNEW\JSAPNEW.csproj]
C:\Users\Rohit Rathod\Desktop\JsapProject\JSAPNEW\Models\InventoryAuditModels.cs(80,23): warning CS8618: Non-nullable property 'LocationName' must contain a non-null value when exiting constructor. Consider adding the 'required' modifier or declaring the property as nullable. [C:\Users\Rohit Rathod\Desktop\JsapProject\JSAPNEW\JSAPNEW.csproj]
C:\Users\Rohit Rathod\Desktop\JsapProject\JSAPNEW\Models\InventoryAuditModels.cs(81,23): warning CS8618: Non-nullable property 'Warehouses' must contain a non-null value when exiting constructor. Consider adding the 'required' modifier or declaring the property as nullable. [C:\Users\Rohit Rathod\Desktop\JsapProject\JSAPNEW\JSAPNEW.csproj]
C:\Users\Rohit Rathod\Desktop\JsapProject\JSAPNEW\Models\InventoryAuditModels.cs(82,23): warning CS8618: Non-nullable property 'ItemGroups' must contain a non-null value when exiting constructor. Consider adding the 'required' modifier or declaring the property as nullable. [C:\Users\Rohit Rathod\Desktop\JsapProject\JSAPNEW\JSAPNEW.csproj]
C:\Users\Rohit Rathod\Desktop\JsapProject\JSAPNEW\Models\InventoryAuditModels.cs(83,23): warning CS8618: Non-nullable property 'ItemSubGroups' must contain a non-null value when exiting constructor. Consider adding the 'required' modifier or declaring the property as nullable. [C:\Users\Rohit Rathod\Desktop\JsapProject\JSAPNEW\JSAPNEW.csproj]
C:\Users\Rohit Rathod\Desktop\JsapProject\JSAPNEW\Models\InventoryAuditModels.cs(87,23): warning CS8618: Non-nullable property 'UserId' must contain a non-null value when exiting constructor. Consider adding the 'required' modifier or declaring the property as nullable. [C:\Users\Rohit Rathod\Desktop\JsapProject\JSAPNEW\JSAPNEW.csproj]
C:\Users\Rohit Rathod\Desktop\JsapProject\JSAPNEW\Models\InventoryAuditModels.cs(88,23): warning CS8618: Non-nullable property 'Company' must contain a non-null value when exiting constructor. Consider adding the 'required' modifier or declaring the property as nullable. [C:\Users\Rohit Rathod\Desktop\JsapProject\JSAPNEW\JSAPNEW.csproj]
C:\Users\Rohit Rathod\Desktop\JsapProject\JSAPNEW\Models\InventoryAuditModels.cs(89,37): warning CS8618: Non-nullable property 'Items' must contain a non-null value when exiting constructor. Consider adding the 'required' modifier or declaring the property as nullable. [C:\Users\Rohit Rathod\Desktop\JsapProject\JSAPNEW\JSAPNEW.csproj]
C:\Users\Rohit Rathod\Desktop\JsapProject\JSAPNEW\Models\InventoryAuditModels.cs(8,23): warning CS8618: Non-nullable property 'ItemCode' must contain a non-null value when exiting constructor. Consider adding the 'required' modifier or declaring the property as nullable. [C:\Users\Rohit Rathod\Desktop\JsapProject\JSAPNEW\JSAPNEW.csproj]
C:\Users\Rohit Rathod\Desktop\JsapProject\JSAPNEW\Models\InventoryAuditModels.cs(9,23): warning CS8618: Non-nullable property 'ItemName' must contain a non-null value when exiting constructor. Consider adding the 'required' modifier or declaring the property as nullable. [C:\Users\Rohit Rathod\Desktop\JsapProject\JSAPNEW\JSAPNEW.csproj]
C:\Users\Rohit Rathod\Desktop\JsapProject\JSAPNEW\Models\InventoryAuditModels.cs(10,23): warning CS8618: Non-nullable property 'OnHand' must contain a non-null value when exiting constructor. Consider adding the 'required' modifier or declaring the property as nullable. [C:\Users\Rohit Rathod\Desktop\JsapProject\JSAPNEW\JSAPNEW.csproj]
C:\Users\Rohit Rathod\Desktop\JsapProject\JSAPNEW\Models\InventoryAuditModels.cs(11,23): warning CS8618: Non-nullable property 'StockValue' must contain a non-null value when exiting constructor. Consider adding the 'required' modifier or declaring the property as nullable. [C:\Users\Rohit Rathod\Desktop\JsapProject\JSAPNEW\JSAPNEW.csproj]
C:\Users\Rohit Rathod\Desktop\JsapProject\JSAPNEW\Models\InventoryAuditModels.cs(12,23): warning CS8618: Non-nullable property 'SalPackMsr' must contain a non-null value when exiting constructor. Consider adding the 'required' modifier or declaring the property as nullable. [C:\Users\Rohit Rathod\Desktop\JsapProject\JSAPNEW\JSAPNEW.csproj]
C:\Users\Rohit Rathod\Desktop\JsapProject\JSAPNEW\Models\InventoryAuditModels.cs(13,23): warning CS8618: Non-nullable property 'Warehouse' must contain a non-null value when exiting constructor. Consider adding the 'required' modifier or declaring the property as nullable. [C:\Users\Rohit Rathod\Desktop\JsapProject\JSAPNEW\JSAPNEW.csproj]
C:\Users\Rohit Rathod\Desktop\JsapProject\JSAPNEW\Models\InventoryAuditModels.cs(15,23): warning CS8618: Non-nullable property 'LocationName' must contain a non-null value when exiting constructor. Consider adding the 'required' modifier or declaring the property as nullable. [C:\Users\Rohit Rathod\Desktop\JsapProject\JSAPNEW\JSAPNEW.csproj]
C:\Users\Rohit Rathod\Desktop\JsapProject\JSAPNEW\Models\InventoryAuditModels.cs(16,23): warning CS8618: Non-nullable property 'U_Sub_Group' must contain a non-null value when exiting constructor. Consider adding the 'required' modifier or declaring the property as nullable. [C:\Users\Rohit Rathod\Desktop\JsapProject\JSAPNEW\JSAPNEW.csproj]
C:\Users\Rohit Rathod\Desktop\JsapProject\JSAPNEW\Models\InventoryAuditModels.cs(17,23): warning CS8618: Non-nullable property 'U_Variety' must contain a non-null value when exiting constructor. Consider adding the 'required' modifier or declaring the property as nullable. [C:\Users\Rohit Rathod\Desktop\JsapProject\JSAPNEW\JSAPNEW.csproj]
C:\Users\Rohit Rathod\Desktop\JsapProject\JSAPNEW\Models\InventoryAuditModels.cs(18,23): warning CS8618: Non-nullable property 'U_Unit' must contain a non-null value when exiting constructor. Consider adding the 'required' modifier or declaring the property as nullable. [C:\Users\Rohit Rathod\Desktop\JsapProject\JSAPNEW\JSAPNEW.csproj]
C:\Users\Rohit Rathod\Desktop\JsapProject\JSAPNEW\Models\InventoryAuditModels.cs(20,23): warning CS8618: Non-nullable property 'ItmsGrpNam' must contain a non-null value when exiting constructor. Consider adding the 'required' modifier or declaring the property as nullable. [C:\Users\Rohit Rathod\Desktop\JsapProject\JSAPNEW\JSAPNEW.csproj]
C:\Users\Rohit Rathod\Desktop\JsapProject\JSAPNEW\Models\InventoryAuditModels.cs(21,23): warning CS8618: Non-nullable property 'SalPackUn' must contain a non-null value when exiting constructor. Consider adding the 'required' modifier or declaring the property as nullable. [C:\Users\Rohit Rathod\Desktop\JsapProject\JSAPNEW\JSAPNEW.csproj]
C:\Users\Rohit Rathod\Desktop\JsapProject\JSAPNEW\Models\InventoryAuditModels.cs(22,23): warning CS8618: Non-nullable property 'U_IsLitre' must contain a non-null value when exiting constructor. Consider adding the 'required' modifier or declaring the property as nullable. [C:\Users\Rohit Rathod\Desktop\JsapProject\JSAPNEW\JSAPNEW.csproj]
C:\Users\Rohit Rathod\Desktop\JsapProject\JSAPNEW\Models\HierarchyModels.cs(739,23): warning CS8618: Non-nullable property 'AdminKey' must contain a non-null value when exiting constructor. Consider adding the 'required' modifier or declaring the property as nullable. [C:\Users\Rohit Rathod\Desktop\JsapProject\JSAPNEW\JSAPNEW.csproj]
C:\Users\Rohit Rathod\Desktop\JsapProject\JSAPNEW\Models\HierarchyModels.cs(718,23): warning CS8618: Non-nullable property 'OwnPassword' must contain a non-null value when exiting constructor. Consider adding the 'required' modifier or declaring the property as nullable. [C:\Users\Rohit Rathod\Desktop\JsapProject\JSAPNEW\JSAPNEW.csproj]
C:\Users\Rohit Rathod\Desktop\JsapProject\JSAPNEW\Models\HierarchyModels.cs(719,23): warning CS8618: Non-nullable property 'AdminKey' must contain a non-null value when exiting constructor. Consider adding the 'required' modifier or declaring the property as nullable. [C:\Users\Rohit Rathod\Desktop\JsapProject\JSAPNEW\JSAPNEW.csproj]
C:\Users\Rohit Rathod\Desktop\JsapProject\JSAPNEW\Models\HierarchyModels.cs(690,53): warning CS8618: Non-nullable property 'DepartmentName' must contain a non-null value when exiting constructor. Consider adding the 'required' modifier or declaring the property as nullable. [C:\Users\Rohit Rathod\Desktop\JsapProject\JSAPNEW\JSAPNEW.csproj]
C:\Users\Rohit Rathod\Desktop\JsapProject\JSAPNEW\Models\HierarchyModels.cs(727,23): warning CS8618: Non-nullable property 'AdminKey' must contain a non-null value when exiting constructor. Consider adding the 'required' modifier or declaring the property as nullable. [C:\Users\Rohit Rathod\Desktop\JsapProject\JSAPNEW\JSAPNEW.csproj]
C:\Users\Rohit Rathod\Desktop\JsapProject\JSAPNEW\Models\HierarchyModels.cs(699,53): warning CS8618: Non-nullable property 'SubDepartmentName' must contain a non-null value when exiting constructor. Consider adding the 'required' modifier or declaring the property as nullable. [C:\Users\Rohit Rathod\Desktop\JsapProject\JSAPNEW\JSAPNEW.csproj]
C:\Users\Rohit Rathod\Desktop\JsapProject\JSAPNEW\Models\HierarchyModels.cs(850,23): warning CS8618: Non-nullable property 'FieldName' must contain a non-null value when exiting constructor. Consider adding the 'required' modifier or declaring the property as nullable. [C:\Users\Rohit Rathod\Desktop\JsapProject\JSAPNEW\JSAPNEW.csproj]
C:\Users\Rohit Rathod\Desktop\JsapProject\JSAPNEW\Models\HierarchyModels.cs(851,23): warning CS8618: Non-nullable property 'Value' must contain a non-null value when exiting constructor. Consider adding the 'required' modifier or declaring the property as nullable. [C:\Users\Rohit Rathod\Desktop\JsapProject\JSAPNEW\JSAPNEW.csproj]
C:\Users\Rohit Rathod\Desktop\JsapProject\JSAPNEW\Models\HierarchyModels.cs(706,23): warning CS8618: Non-nullable property 'Password' must contain a non-null value when exiting constructor. Consider adding the 'required' modifier or declaring the property as nullable. [C:\Users\Rohit Rathod\Desktop\JsapProject\JSAPNEW\JSAPNEW.csproj]
C:\Users\Rohit Rathod\Desktop\JsapProject\JSAPNEW\Models\HierarchyModels.cs(675,53): warning CS8618: Non-nullable property 'DepartmentName' must contain a non-null value when exiting constructor. Consider adding the 'required' modifier or declaring the property as nullable. [C:\Users\Rohit Rathod\Desktop\JsapProject\JSAPNEW\JSAPNEW.csproj]
C:\Users\Rohit Rathod\Desktop\JsapProject\JSAPNEW\Models\HierarchyModels.cs(432,23): warning CS8618: Non-nullable property 'ReportingTypeName' must contain a non-null value when exiting constructor. Consider adding the 'required' modifier or declaring the property as nullable. [C:\Users\Rohit Rathod\Desktop\JsapProject\JSAPNEW\JSAPNEW.csproj]
C:\Users\Rohit Rathod\Desktop\JsapProject\JSAPNEW\Models\HierarchyModels.cs(433,23): warning CS8618: Non-nullable property 'Description' must contain a non-null value when exiting constructor. Consider adding the 'required' modifier or declaring the property as nullable. [C:\Users\Rohit Rathod\Desktop\JsapProject\JSAPNEW\JSAPNEW.csproj]
C:\Users\Rohit Rathod\Desktop\JsapProject\JSAPNEW\Models\HierarchyModels.cs(439,23): warning CS8618: Non-nullable property 'DepartmentName' must contain a non-null value when exiting constructor. Consider adding the 'required' modifier or declaring the property as nullable. [C:\Users\Rohit Rathod\Desktop\JsapProject\JSAPNEW\JSAPNEW.csproj]
C:\Users\Rohit Rathod\Desktop\JsapProject\JSAPNEW\Models\HierarchyModels.cs(823,23): warning CS8618: Non-nullable property 'FieldName' must contain a non-null value when exiting constructor. Consider adding the 'required' modifier or declaring the property as nullable. [C:\Users\Rohit Rathod\Desktop\JsapProject\JSAPNEW\JSAPNEW.csproj]
C:\Users\Rohit Rathod\Desktop\JsapProject\JSAPNEW\Models\HierarchyModels.cs(824,23): warning CS8618: Non-nullable property 'FieldType' must contain a non-null value when exiting constructor. Consider adding the 'required' modifier or declaring the property as nullable. [C:\Users\Rohit Rathod\Desktop\JsapProject\JSAPNEW\JSAPNEW.csproj]
C:\Users\Rohit Rathod\Desktop\JsapProject\JSAPNEW\Models\HierarchyModels.cs(828,23): warning CS8618: Non-nullable property 'Options' must contain a non-null value when exiting constructor. Consider adding the 'required' modifier or declaring the property as nullable. [C:\Users\Rohit Rathod\Desktop\JsapProject\JSAPNEW\JSAPNEW.csproj]
C:\Users\Rohit Rathod\Desktop\JsapProject\JSAPNEW\Models\HierarchyModels.cs(790,23): warning CS8618: Non-nullable property 'ActionType' must contain a non-null value when exiting constructor. Consider adding the 'required' modifier or declaring the property as nullable. [C:\Users\Rohit Rathod\Desktop\JsapProject\JSAPNEW\JSAPNEW.csproj]
C:\Users\Rohit Rathod\Desktop\JsapProject\JSAPNEW\Models\HierarchyModels.cs(791,23): warning CS8618: Non-nullable property 'EntityType' must contain a non-null value when exiting constructor. Consider adding the 'required' modifier or declaring the property as nullable. [C:\Users\Rohit Rathod\Desktop\JsapProject\JSAPNEW\JSAPNEW.csproj]
C:\Users\Rohit Rathod\Desktop\JsapProject\JSAPNEW\Models\HierarchyModels.cs(794,23): warning CS8618: Non-nullable property 'EmployeeName' must contain a non-null value when exiting constructor. Consider adding the 'required' modifier or declaring the property as nullable. [C:\Users\Rohit Rathod\Desktop\JsapProject\JSAPNEW\JSAPNEW.csproj]
C:\Users\Rohit Rathod\Desktop\JsapProject\JSAPNEW\Models\HierarchyModels.cs(795,23): warning CS8618: Non-nullable property 'EmployeeCode' must contain a non-null value when exiting constructor. Consider adding the 'required' modifier or declaring the property as nullable. [C:\Users\Rohit Rathod\Desktop\JsapProject\JSAPNEW\JSAPNEW.csproj]
C:\Users\Rohit Rathod\Desktop\JsapProject\JSAPNEW\Models\HierarchyModels.cs(796,23): warning CS8618: Non-nullable property 'OldValues' must contain a non-null value when exiting constructor. Consider adding the 'required' modifier or declaring the property as nullable. [C:\Users\Rohit Rathod\Desktop\JsapProject\JSAPNEW\JSAPNEW.csproj]
C:\Users\Rohit Rathod\Desktop\JsapProject\JSAPNEW\Models\HierarchyModels.cs(797,23): warning CS8618: Non-nullable property 'NewValues' must contain a non-null value when exiting constructor. Consider adding the 'required' modifier or declaring the property as nullable. [C:\Users\Rohit Rathod\Desktop\JsapProject\JSAPNEW\JSAPNEW.csproj]
C:\Users\Rohit Rathod\Desktop\JsapProject\JSAPNEW\Models\HierarchyModels.cs(798,23): warning CS8618: Non-nullable property 'Description' must contain a non-null value when exiting constructor. Consider adding the 'required' modifier or declaring the property as nullable. [C:\Users\Rohit Rathod\Desktop\JsapProject\JSAPNEW\JSAPNEW.csproj]
C:\Users\Rohit Rathod\Desktop\JsapProject\JSAPNEW\Models\HierarchyModels.cs(800,23): warning CS8618: Non-nullable property 'ChangedByName' must contain a non-null value when exiting constructor. Consider adding the 'required' modifier or declaring the property as nullable. [C:\Users\Rohit Rathod\Desktop\JsapProject\JSAPNEW\JSAPNEW.csproj]
C:\Users\Rohit Rathod\Desktop\JsapProject\JSAPNEW\Models\HierarchyModels.cs(801,23): warning CS8618: Non-nullable property 'IpAddress' must contain a non-null value when exiting constructor. Consider adding the 'required' modifier or declaring the property as nullable. [C:\Users\Rohit Rathod\Desktop\JsapProject\JSAPNEW\JSAPNEW.csproj]
C:\Users\Rohit Rathod\Desktop\JsapProject\JSAPNEW\Models\HierarchyModels.cs(395,23): warning CS8618: Non-nullable property 'Message' must contain a non-null value when exiting constructor. Consider adding the 'required' modifier or declaring the property as nullable. [C:\Users\Rohit Rathod\Desktop\JsapProject\JSAPNEW\JSAPNEW.csproj]
C:\Users\Rohit Rathod\Desktop\JsapProject\JSAPNEW\Models\HierarchyModels.cs(389,23): warning CS8618: Non-nullable property 'Message' must contain a non-null value when exiting constructor. Consider adding the 'required' modifier or declaring the property as nullable. [C:\Users\Rohit Rathod\Desktop\JsapProject\JSAPNEW\JSAPNEW.csproj]
C:\Users\Rohit Rathod\Desktop\JsapProject\JSAPNEW\Models\HierarchyModels.cs(669,23): warning CS8618: Non-nullable property 'EmployeeName' must contain a non-null value when exiting constructor. Consider adding the 'required' modifier or declaring the property as nullable. [C:\Users\Rohit Rathod\Desktop\JsapProject\JSAPNEW\JSAPNEW.csproj]
C:\Users\Rohit Rathod\Desktop\JsapProject\JSAPNEW\Models\HierarchyModels.cs(670,23): warning CS8618: Non-nullable property 'EmployeeCode' must contain a non-null value when exiting constructor. Consider adding the 'required' modifier or declaring the property as nullable. [C:\Users\Rohit Rathod\Desktop\JsapProject\JSAPNEW\JSAPNEW.csproj]
C:\Users\Rohit Rathod\Desktop\JsapProject\JSAPNEW\Models\HierarchyModels.cs(808,23): warning CS8618: Non-nullable property 'ActionType' must contain a non-null value when exiting constructor. Consider adding the 'required' modifier or declaring the property as nullable. [C:\Users\Rohit Rathod\Desktop\JsapProject\JSAPNEW\JSAPNEW.csproj]
C:\Users\Rohit Rathod\Desktop\JsapProject\JSAPNEW\Models\HierarchyModels.cs(811,23): warning CS8618: Non-nullable property 'SearchTerm' must contain a non-null value when exiting constructor. Consider adding the 'required' modifier or declaring the property as nullable. [C:\Users\Rohit Rathod\Desktop\JsapProject\JSAPNEW\JSAPNEW.csproj]
C:\Users\Rohit Rathod\Desktop\JsapProject\JSAPNEW\Models\HierarchyModels.cs(683,53): warning CS8618: Non-nullable property 'SubDepartmentName' must contain a non-null value when exiting constructor. Consider adding the 'required' modifier or declaring the property as nullable. [C:\Users\Rohit Rathod\Desktop\JsapProject\JSAPNEW\JSAPNEW.csproj]
C:\Users\Rohit Rathod\Desktop\JsapProject\JSAPNEW\Models\HierarchyModels.cs(416,23): warning CS8618: Non-nullable property 'SubDepartmentName' must contain a non-null value when exiting constructor. Consider adding the 'required' modifier or declaring the property as nullable. [C:\Users\Rohit Rathod\Desktop\JsapProject\JSAPNEW\JSAPNEW.csproj]
C:\Users\Rohit Rathod\Desktop\JsapProject\JSAPNEW\Models\HierarchyModels.cs(417,23): warning CS8618: Non-nullable property 'SubDepartmentCode' must contain a non-null value when exiting constructor. Consider adding the 'required' modifier or declaring the property as nullable. [C:\Users\Rohit Rathod\Desktop\JsapProject\JSAPNEW\JSAPNEW.csproj]
C:\Users\Rohit Rathod\Desktop\JsapProject\JSAPNEW\Models\HierarchyModels.cs(712,23): warning CS8618: Non-nullable property 'Password' must contain a non-null value when exiting constructor. Consider adding the 'required' modifier or declaring the property as nullable. [C:\Users\Rohit Rathod\Desktop\JsapProject\JSAPNEW\JSAPNEW.csproj]
C:\Users\Rohit Rathod\Desktop\JsapProject\JSAPNEW\Models\HierarchyModels.cs(517,23): warning CS8618: Non-nullable property 'HodCode' must contain a non-null value when exiting constructor. Consider adding the 'required' modifier or declaring the property as nullable. [C:\Users\Rohit Rathod\Desktop\JsapProject\JSAPNEW\JSAPNEW.csproj]
C:\Users\Rohit Rathod\Desktop\JsapProject\JSAPNEW\Models\HierarchyModels.cs(518,23): warning CS8618: Non-nullable property 'HodName' must contain a non-null value when exiting constructor. Consider adding the 'required' modifier or declaring the property as nullable. [C:\Users\Rohit Rathod\Desktop\JsapProject\JSAPNEW\JSAPNEW.csproj]
C:\Users\Rohit Rathod\Desktop\JsapProject\JSAPNEW\Models\HierarchyModels.cs(519,23): warning CS8618: Non-nullable property 'HodDesignation' must contain a non-null value when exiting constructor. Consider adding the 'required' modifier or declaring the property as nullable. [C:\Users\Rohit Rathod\Desktop\JsapProject\JSAPNEW\JSAPNEW.csproj]
C:\Users\Rohit Rathod\Desktop\JsapProject\JSAPNEW\Models\HierarchyModels.cs(520,23): warning CS8618: Non-nullable property 'DepartmentName' must contain a non-null value when exiting constructor. Consider adding the 'required' modifier or declaring the property as nullable. [C:\Users\Rohit Rathod\Desktop\JsapProject\JSAPNEW\JSAPNEW.csproj]
C:\Users\Rohit Rathod\Desktop\JsapProject\JSAPNEW\Models\HierarchyModels.cs(521,23): warning CS8618: Non-nullable property 'SubDepartmentName' must contain a non-null value when exiting constructor. Consider adding the 'required' modifier or declaring the property as nullable. [C:\Users\Rohit Rathod\Desktop\JsapProject\JSAPNEW\JSAPNEW.csproj]
C:\Users\Rohit Rathod\Desktop\JsapProject\JSAPNEW\Models\HierarchyModels.cs(522,23): warning CS8618: Non-nullable property 'SubHodCode' must contain a non-null value when exiting constructor. Consider adding the 'required' modifier or declaring the property as nullable. [C:\Users\Rohit Rathod\Desktop\JsapProject\JSAPNEW\JSAPNEW.csproj]
C:\Users\Rohit Rathod\Desktop\JsapProject\JSAPNEW\Models\HierarchyModels.cs(523,23): warning CS8618: Non-nullable property 'SubHodName' must contain a non-null value when exiting constructor. Consider adding the 'required' modifier or declaring the property as nullable. [C:\Users\Rohit Rathod\Desktop\JsapProject\JSAPNEW\JSAPNEW.csproj]
C:\Users\Rohit Rathod\Desktop\JsapProject\JSAPNEW\Models\HierarchyModels.cs(524,23): warning CS8618: Non-nullable property 'SubHodDesignation' must contain a non-null value when exiting constructor. Consider adding the 'required' modifier or declaring the property as nullable. [C:\Users\Rohit Rathod\Desktop\JsapProject\JSAPNEW\JSAPNEW.csproj]
C:\Users\Rohit Rathod\Desktop\JsapProject\JSAPNEW\Models\HierarchyModels.cs(525,23): warning CS8618: Non-nullable property 'ExecCode' must contain a non-null value when exiting constructor. Consider adding the 'required' modifier or declaring the property as nullable. [C:\Users\Rohit Rathod\Desktop\JsapProject\JSAPNEW\JSAPNEW.csproj]
C:\Users\Rohit Rathod\Desktop\JsapProject\JSAPNEW\Models\HierarchyModels.cs(526,23): warning CS8618: Non-nullable property 'ExecName' must contain a non-null value when exiting constructor. Consider adding the 'required' modifier or declaring the property as nullable. [C:\Users\Rohit Rathod\Desktop\JsapProject\JSAPNEW\JSAPNEW.csproj]
C:\Users\Rohit Rathod\Desktop\JsapProject\JSAPNEW\Models\HierarchyModels.cs(527,23): warning CS8618: Non-nullable property 'ExecDesignation' must contain a non-null value when exiting constructor. Consider adding the 'required' modifier or declaring the property as nullable. [C:\Users\Rohit Rathod\Desktop\JsapProject\JSAPNEW\JSAPNEW.csproj]
C:\Users\Rohit Rathod\Desktop\JsapProject\JSAPNEW\Models\HierarchyModels.cs(843,23): warning CS8618: Non-nullable property 'Value' must contain a non-null value when exiting constructor. Consider adding the 'required' modifier or declaring the property as nullable. [C:\Users\Rohit Rathod\Desktop\JsapProject\JSAPNEW\JSAPNEW.csproj]
C:\Users\Rohit Rathod\Desktop\JsapProject\JSAPNEW\Models\HierarchyModels.cs(216,23): warning CS8618: Non-nullable property 'DepartmentName' must contain a non-null value when exiting constructor. Consider adding the 'required' modifier or declaring the property as nullable. [C:\Users\Rohit Rathod\Desktop\JsapProject\JSAPNEW\JSAPNEW.csproj]
C:\Users\Rohit Rathod\Desktop\JsapProject\JSAPNEW\Models\HierarchyModels.cs(356,23): warning CS8618: Non-nullable property 'EmployeeCode' must contain a non-null value when exiting constructor. Consider adding the 'required' modifier or declaring the property as nullable. [C:\Users\Rohit Rathod\Desktop\JsapProject\JSAPNEW\JSAPNEW.csproj]
C:\Users\Rohit Rathod\Desktop\JsapProject\JSAPNEW\Models\HierarchyModels.cs(357,23): warning CS8618: Non-nullable property 'EmployeeName' must contain a non-null value when exiting constructor. Consider adding the 'required' modifier or declaring the property as nullable. [C:\Users\Rohit Rathod\Desktop\JsapProject\JSAPNEW\JSAPNEW.csproj]
C:\Users\Rohit Rathod\Desktop\JsapProject\JSAPNEW\Models\HierarchyModels.cs(358,23): warning CS8618: Non-nullable property 'Designation' must contain a non-null value when exiting constructor. Consider adding the 'required' modifier or declaring the property as nullable. [C:\Users\Rohit Rathod\Desktop\JsapProject\JSAPNEW\JSAPNEW.csproj]
C:\Users\Rohit Rathod\Desktop\JsapProject\JSAPNEW\Models\HierarchyModels.cs(360,23): warning CS8618: Non-nullable property 'SikhNonSikh' must contain a non-null value when exiting constructor. Consider adding the 'required' modifier or declaring the property as nullable. [C:\Users\Rohit Rathod\Desktop\JsapProject\JSAPNEW\JSAPNEW.csproj]
C:\Users\Rohit Rathod\Desktop\JsapProject\JSAPNEW\Models\HierarchyModels.cs(361,23): warning CS8618: Non-nullable property 'DepartmentName' must contain a non-null value when exiting constructor. Consider adding the 'required' modifier or declaring the property as nullable. [C:\Users\Rohit Rathod\Desktop\JsapProject\JSAPNEW\JSAPNEW.csproj]
C:\Users\Rohit Rathod\Desktop\JsapProject\JSAPNEW\Models\HierarchyModels.cs(362,23): warning CS8618: Non-nullable property 'SubDepartmentName' must contain a non-null value when exiting constructor. Consider adding the 'required' modifier or declaring the property as nullable. [C:\Users\Rohit Rathod\Desktop\JsapProject\JSAPNEW\JSAPNEW.csproj]
C:\Users\Rohit Rathod\Desktop\JsapProject\JSAPNEW\Models\HierarchyModels.cs(364,23): warning CS8618: Non-nullable property 'Salary' must contain a non-null value when exiting constructor. Consider adding the 'required' modifier or declaring the property as nullable. [C:\Users\Rohit Rathod\Desktop\JsapProject\JSAPNEW\JSAPNEW.csproj]
C:\Users\Rohit Rathod\Desktop\JsapProject\JSAPNEW\Models\HierarchyModels.cs(365,23): warning CS8618: Non-nullable property 'ReportingTypeName' must contain a non-null value when exiting constructor. Consider adding the 'required' modifier or declaring the property as nullable. [C:\Users\Rohit Rathod\Desktop\JsapProject\JSAPNEW\JSAPNEW.csproj]
C:\Users\Rohit Rathod\Desktop\JsapProject\JSAPNEW\Models\HierarchyModels.cs(168,53): warning CS8618: Non-nullable property 'EmployeeName' must contain a non-null value when exiting constructor. Consider adding the 'required' modifier or declaring the property as nullable. [C:\Users\Rohit Rathod\Desktop\JsapProject\JSAPNEW\JSAPNEW.csproj]
C:\Users\Rohit Rathod\Desktop\JsapProject\JSAPNEW\Models\HierarchyModels.cs(169,43): warning CS8618: Non-nullable property 'Designation' must contain a non-null value when exiting constructor. Consider adding the 'required' modifier or declaring the property as nullable. [C:\Users\Rohit Rathod\Desktop\JsapProject\JSAPNEW\JSAPNEW.csproj]
C:\Users\Rohit Rathod\Desktop\JsapProject\JSAPNEW\Models\HierarchyModels.cs(370,23): warning CS8618: Non-nullable property 'EmployeeCode' must contain a non-null value when exiting constructor. Consider adding the 'required' modifier or declaring the property as nullable. [C:\Users\Rohit Rathod\Desktop\JsapProject\JSAPNEW\JSAPNEW.csproj]
C:\Users\Rohit Rathod\Desktop\JsapProject\JSAPNEW\Models\HierarchyModels.cs(371,23): warning CS8618: Non-nullable property 'EmployeeName' must contain a non-null value when exiting constructor. Consider adding the 'required' modifier or declaring the property as nullable. [C:\Users\Rohit Rathod\Desktop\JsapProject\JSAPNEW\JSAPNEW.csproj]
C:\Users\Rohit Rathod\Desktop\JsapProject\JSAPNEW\Models\HierarchyModels.cs(372,23): warning CS8618: Non-nullable property 'Designation' must contain a non-null value when exiting constructor. Consider adding the 'required' modifier or declaring the property as nullable. [C:\Users\Rohit Rathod\Desktop\JsapProject\JSAPNEW\JSAPNEW.csproj]
C:\Users\Rohit Rathod\Desktop\JsapProject\JSAPNEW\Models\HierarchyModels.cs(373,23): warning CS8618: Non-nullable property 'Role' must contain a non-null value when exiting constructor. Consider adding the 'required' modifier or declaring the property as nullable. [C:\Users\Rohit Rathod\Desktop\JsapProject\JSAPNEW\JSAPNEW.csproj]
C:\Users\Rohit Rathod\Desktop\JsapProject\JSAPNEW\Models\HierarchyModels.cs(374,23): warning CS8618: Non-nullable property 'Department' must contain a non-null value when exiting constructor. Consider adding the 'required' modifier or declaring the property as nullable. [C:\Users\Rohit Rathod\Desktop\JsapProject\JSAPNEW\JSAPNEW.csproj]
C:\Users\Rohit Rathod\Desktop\JsapProject\JSAPNEW\Models\HierarchyModels.cs(375,23): warning CS8618: Non-nullable property 'SubDepartment' must contain a non-null value when exiting constructor. Consider adding the 'required' modifier or declaring the property as nullable. [C:\Users\Rohit Rathod\Desktop\JsapProject\JSAPNEW\JSAPNEW.csproj]
C:\Users\Rohit Rathod\Desktop\JsapProject\JSAPNEW\Models\HierarchyModels.cs(376,23): warning CS8618: Non-nullable property 'ReportsTo' must contain a non-null value when exiting constructor. Consider adding the 'required' modifier or declaring the property as nullable. [C:\Users\Rohit Rathod\Desktop\JsapProject\JSAPNEW\JSAPNEW.csproj]
C:\Users\Rohit Rathod\Desktop\JsapProject\JSAPNEW\Models\HierarchyModels.cs(377,23): warning CS8618: Non-nullable property 'ReportsToRole' must contain a non-null value when exiting constructor. Consider adding the 'required' modifier or declaring the property as nullable. [C:\Users\Rohit Rathod\Desktop\JsapProject\JSAPNEW\JSAPNEW.csproj]
C:\Users\Rohit Rathod\Desktop\JsapProject\JSAPNEW\Models\HierarchyModels.cs(378,23): warning CS8618: Non-nullable property 'ReportingType' must contain a non-null value when exiting constructor. Consider adding the 'required' modifier or declaring the property as nullable. [C:\Users\Rohit Rathod\Desktop\JsapProject\JSAPNEW\JSAPNEW.csproj]
C:\Users\Rohit Rathod\Desktop\JsapProject\JSAPNEW\Models\HierarchyModels.cs(379,23): warning CS8618: Non-nullable property 'IsPrimary' must contain a non-null value when exiting constructor. Consider adding the 'required' modifier or declaring the property as nullable. [C:\Users\Rohit Rathod\Desktop\JsapProject\JSAPNEW\JSAPNEW.csproj]
C:\Users\Rohit Rathod\Desktop\JsapProject\JSAPNEW\Models\HierarchyModels.cs(380,23): warning CS8618: Non-nullable property 'Email' must contain a non-null value when exiting constructor. Consider adding the 'required' modifier or declaring the property as nullable. [C:\Users\Rohit Rathod\Desktop\JsapProject\JSAPNEW\JSAPNEW.csproj]
C:\Users\Rohit Rathod\Desktop\JsapProject\JSAPNEW\Models\HierarchyModels.cs(381,23): warning CS8618: Non-nullable property 'Phone' must contain a non-null value when exiting constructor. Consider adding the 'required' modifier or declaring the property as nullable. [C:\Users\Rohit Rathod\Desktop\JsapProject\JSAPNEW\JSAPNEW.csproj]
C:\Users\Rohit Rathod\Desktop\JsapProject\JSAPNEW\Models\HierarchyModels.cs(382,23): warning CS8618: Non-nullable property 'DateOfJoining' must contain a non-null value when exiting constructor. Consider adding the 'required' modifier or declaring the property as nullable. [C:\Users\Rohit Rathod\Desktop\JsapProject\JSAPNEW\JSAPNEW.csproj]
C:\Users\Rohit Rathod\Desktop\JsapProject\JSAPNEW\Models\HierarchyModels.cs(383,23): warning CS8618: Non-nullable property 'Status' must contain a non-null value when exiting constructor. Consider adding the 'required' modifier or declaring the property as nullable. [C:\Users\Rohit Rathod\Desktop\JsapProject\JSAPNEW\JSAPNEW.csproj]
C:\Users\Rohit Rathod\Desktop\JsapProject\JSAPNEW\Models\HierarchyModels.cs(131,23): warning CS8618: Non-nullable property 'Notes' must contain a non-null value when exiting constructor. Consider adding the 'required' modifier or declaring the property as nullable. [C:\Users\Rohit Rathod\Desktop\JsapProject\JSAPNEW\JSAPNEW.csproj]
C:\Users\Rohit Rathod\Desktop\JsapProject\JSAPNEW\Models\HierarchyModels.cs(48,49): warning CS8618: Non-nullable property 'ReportingTypeName' must contain a non-null value when exiting constructor. Consider adding the 'required' modifier or declaring the property as nullable. [C:\Users\Rohit Rathod\Desktop\JsapProject\JSAPNEW\JSAPNEW.csproj]
C:\Users\Rohit Rathod\Desktop\JsapProject\JSAPNEW\Models\HierarchyModels.cs(49,40): warning CS8618: Non-nullable property 'Description' must contain a non-null value when exiting constructor. Consider adding the 'required' modifier or declaring the property as nullable. [C:\Users\Rohit Rathod\Desktop\JsapProject\JSAPNEW\JSAPNEW.csproj]
C:\Users\Rohit Rathod\Desktop\JsapProject\JSAPNEW\Models\HierarchyModels.cs(321,23): warning CS8618: Non-nullable property 'EmployeeCode' must contain a non-null value when exiting constructor. Consider adding the 'required' modifier or declaring the property as nullable. [C:\Users\Rohit Rathod\Desktop\JsapProject\JSAPNEW\JSAPNEW.csproj]
C:\Users\Rohit Rathod\Desktop\JsapProject\JSAPNEW\Models\HierarchyModels.cs(322,23): warning CS8618: Non-nullable property 'EmployeeName' must contain a non-null value when exiting constructor. Consider adding the 'required' modifier or declaring the property as nullable. [C:\Users\Rohit Rathod\Desktop\JsapProject\JSAPNEW\JSAPNEW.csproj]
C:\Users\Rohit Rathod\Desktop\JsapProject\JSAPNEW\Models\HierarchyModels.cs(323,23): warning CS8618: Non-nullable property 'Designation' must contain a non-null value when exiting constructor. Consider adding the 'required' modifier or declaring the property as nullable. [C:\Users\Rohit Rathod\Desktop\JsapProject\JSAPNEW\JSAPNEW.csproj]
C:\Users\Rohit Rathod\Desktop\JsapProject\JSAPNEW\Models\HierarchyModels.cs(325,23): warning CS8618: Non-nullable property 'SikhNonSikh' must contain a non-null value when exiting constructor. Consider adding the 'required' modifier or declaring the property as nullable. [C:\Users\Rohit Rathod\Desktop\JsapProject\JSAPNEW\JSAPNEW.csproj]
C:\Users\Rohit Rathod\Desktop\JsapProject\JSAPNEW\Models\HierarchyModels.cs(326,23): warning CS8618: Non-nullable property 'Salary' must contain a non-null value when exiting constructor. Consider adding the 'required' modifier or declaring the property as nullable. [C:\Users\Rohit Rathod\Desktop\JsapProject\JSAPNEW\JSAPNEW.csproj]
C:\Users\Rohit Rathod\Desktop\JsapProject\JSAPNEW\Models\HierarchyModels.cs(296,23): warning CS8618: Non-nullable property 'EmployeeCode' must contain a non-null value when exiting constructor. Consider adding the 'required' modifier or declaring the property as nullable. [C:\Users\Rohit Rathod\Desktop\JsapProject\JSAPNEW\JSAPNEW.csproj]
C:\Users\Rohit Rathod\Desktop\JsapProject\JSAPNEW\Models\HierarchyModels.cs(297,23): warning CS8618: Non-nullable property 'EmployeeName' must contain a non-null value when exiting constructor. Consider adding the 'required' modifier or declaring the property as nullable. [C:\Users\Rohit Rathod\Desktop\JsapProject\JSAPNEW\JSAPNEW.csproj]
C:\Users\Rohit Rathod\Desktop\JsapProject\JSAPNEW\Models\HierarchyModels.cs(299,23): warning CS8618: Non-nullable property 'EmployeeRoleName' must contain a non-null value when exiting constructor. Consider adding the 'required' modifier or declaring the property as nullable. [C:\Users\Rohit Rathod\Desktop\JsapProject\JSAPNEW\JSAPNEW.csproj]
C:\Users\Rohit Rathod\Desktop\JsapProject\JSAPNEW\Models\HierarchyModels.cs(301,23): warning CS8618: Non-nullable property 'ManagerCode' must contain a non-null value when exiting constructor. Consider adding the 'required' modifier or declaring the property as nullable. [C:\Users\Rohit Rathod\Desktop\JsapProject\JSAPNEW\JSAPNEW.csproj]
C:\Users\Rohit Rathod\Desktop\JsapProject\JSAPNEW\Models\HierarchyModels.cs(302,23): warning CS8618: Non-nullable property 'ManagerName' must contain a non-null value when exiting constructor. Consider adding the 'required' modifier or declaring the property as nullable. [C:\Users\Rohit Rathod\Desktop\JsapProject\JSAPNEW\JSAPNEW.csproj]
C:\Users\Rohit Rathod\Desktop\JsapProject\JSAPNEW\Models\HierarchyModels.cs(304,23): warning CS8618: Non-nullable property 'ManagerRoleName' must contain a non-null value when exiting constructor. Consider adding the 'required' modifier or declaring the property as nullable. [C:\Users\Rohit Rathod\Desktop\JsapProject\JSAPNEW\JSAPNEW.csproj]
C:\Users\Rohit Rathod\Desktop\JsapProject\JSAPNEW\Models\HierarchyModels.cs(306,23): warning CS8618: Non-nullable property 'ReportingTypeName' must contain a non-null value when exiting constructor. Consider adding the 'required' modifier or declaring the property as nullable. [C:\Users\Rohit Rathod\Desktop\JsapProject\JSAPNEW\JSAPNEW.csproj]
C:\Users\Rohit Rathod\Desktop\JsapProject\JSAPNEW\Models\HierarchyModels.cs(308,23): warning CS8618: Non-nullable property 'DepartmentName' must contain a non-null value when exiting constructor. Consider adding the 'required' modifier or declaring the property as nullable. [C:\Users\Rohit Rathod\Desktop\JsapProject\JSAPNEW\JSAPNEW.csproj]
C:\Users\Rohit Rathod\Desktop\JsapProject\JSAPNEW\Models\HierarchyModels.cs(310,23): warning CS8618: Non-nullable property 'SubDepartmentName' must contain a non-null value when exiting constructor. Consider adding the 'required' modifier or declaring the property as nullable. [C:\Users\Rohit Rathod\Desktop\JsapProject\JSAPNEW\JSAPNEW.csproj]
C:\Users\Rohit Rathod\Desktop\JsapProject\JSAPNEW\Models\HierarchyModels.cs(314,23): warning CS8618: Non-nullable property 'Notes' must contain a non-null value when exiting constructor. Consider adding the 'required' modifier or declaring the property as nullable. [C:\Users\Rohit Rathod\Desktop\JsapProject\JSAPNEW\JSAPNEW.csproj]
C:\Users\Rohit Rathod\Desktop\JsapProject\JSAPNEW\Models\HierarchyModels.cs(424,23): warning CS8618: Non-nullable property 'RoleName' must contain a non-null value when exiting constructor. Consider adding the 'required' modifier or declaring the property as nullable. [C:\Users\Rohit Rathod\Desktop\JsapProject\JSAPNEW\JSAPNEW.csproj]
C:\Users\Rohit Rathod\Desktop\JsapProject\JSAPNEW\Models\HierarchyModels.cs(426,23): warning CS8618: Non-nullable property 'Description' must contain a non-null value when exiting constructor. Consider adding the 'required' modifier or declaring the property as nullable. [C:\Users\Rohit Rathod\Desktop\JsapProject\JSAPNEW\JSAPNEW.csproj]
C:\Users\Rohit Rathod\Desktop\JsapProject\JSAPNEW\Models\HierarchyModels.cs(182,23): warning CS8618: Non-nullable property 'Message' must contain a non-null value when exiting constructor. Consider adding the 'required' modifier or declaring the property as nullable. [C:\Users\Rohit Rathod\Desktop\JsapProject\JSAPNEW\JSAPNEW.csproj]
C:\Users\Rohit Rathod\Desktop\JsapProject\JSAPNEW\Models\HierarchyModels.cs(183,18): warning CS8618: Non-nullable property 'Data' must contain a non-null value when exiting constructor. Consider adding the 'required' modifier or declaring the property as nullable. [C:\Users\Rohit Rathod\Desktop\JsapProject\JSAPNEW\JSAPNEW.csproj]
C:\Users\Rohit Rathod\Desktop\JsapProject\JSAPNEW\Models\HierarchyModels.cs(406,23): warning CS8618: Non-nullable property 'DepartmentName' must contain a non-null value when exiting constructor. Consider adding the 'required' modifier or declaring the property as nullable. [C:\Users\Rohit Rathod\Desktop\JsapProject\JSAPNEW\JSAPNEW.csproj]
C:\Users\Rohit Rathod\Desktop\JsapProject\JSAPNEW\Models\HierarchyModels.cs(407,23): warning CS8618: Non-nullable property 'DepartmentCode' must contain a non-null value when exiting constructor. Consider adding the 'required' modifier or declaring the property as nullable. [C:\Users\Rohit Rathod\Desktop\JsapProject\JSAPNEW\JSAPNEW.csproj]
C:\Users\Rohit Rathod\Desktop\JsapProject\JSAPNEW\Models\HierarchyModels.cs(226,23): warning CS8618: Non-nullable property 'EmployeeCode' must contain a non-null value when exiting constructor. Consider adding the 'required' modifier or declaring the property as nullable. [C:\Users\Rohit Rathod\Desktop\JsapProject\JSAPNEW\JSAPNEW.csproj]
C:\Users\Rohit Rathod\Desktop\JsapProject\JSAPNEW\Models\HierarchyModels.cs(227,23): warning CS8618: Non-nullable property 'EmployeeName' must contain a non-null value when exiting constructor. Consider adding the 'required' modifier or declaring the property as nullable. [C:\Users\Rohit Rathod\Desktop\JsapProject\JSAPNEW\JSAPNEW.csproj]
C:\Users\Rohit Rathod\Desktop\JsapProject\JSAPNEW\Models\HierarchyModels.cs(230,23): warning CS8618: Non-nullable property 'Designation' must contain a non-null value when exiting constructor. Consider adding the 'required' modifier or declaring the property as nullable. [C:\Users\Rohit Rathod\Desktop\JsapProject\JSAPNEW\JSAPNEW.csproj]
C:\Users\Rohit Rathod\Desktop\JsapProject\JSAPNEW\Models\HierarchyModels.cs(232,23): warning CS8618: Non-nullable property 'RoleName' must contain a non-null value when exiting constructor. Consider adding the 'required' modifier or declaring the property as nullable. [C:\Users\Rohit Rathod\Desktop\JsapProject\JSAPNEW\JSAPNEW.csproj]
C:\Users\Rohit Rathod\Desktop\JsapProject\JSAPNEW\Models\HierarchyModels.cs(234,23): warning CS8618: Non-nullable property 'PrimaryDepartmentName' must contain a non-null value when exiting constructor. Consider adding the 'required' modifier or declaring the property as nullable. [C:\Users\Rohit Rathod\Desktop\JsapProject\JSAPNEW\JSAPNEW.csproj]
C:\Users\Rohit Rathod\Desktop\JsapProject\JSAPNEW\Models\HierarchyModels.cs(239,23): warning CS8618: Non-nullable property 'Salary' must contain a non-null value when exiting constructor. Consider adding the 'required' modifier or declaring the property as nullable. [C:\Users\Rohit Rathod\Desktop\JsapProject\JSAPNEW\JSAPNEW.csproj]
C:\Users\Rohit Rathod\Desktop\JsapProject\JSAPNEW\Models\HierarchyModels.cs(241,23): warning CS8618: Non-nullable property 'SikhNonSikh' must contain a non-null value when exiting constructor. Consider adding the 'required' modifier or declaring the property as nullable. [C:\Users\Rohit Rathod\Desktop\JsapProject\JSAPNEW\JSAPNEW.csproj]
C:\Users\Rohit Rathod\Desktop\JsapProject\JSAPNEW\Models\HierarchyModels.cs(137,96): warning CS8618: Non-nullable property 'EmployeeCode' must contain a non-null value when exiting constructor. Consider adding the 'required' modifier or declaring the property as nullable. [C:\Users\Rohit Rathod\Desktop\JsapProject\JSAPNEW\JSAPNEW.csproj]
C:\Users\Rohit Rathod\Desktop\JsapProject\JSAPNEW\Models\HierarchyModels.cs(138,97): warning CS8618: Non-nullable property 'EmployeeName' must contain a non-null value when exiting constructor. Consider adding the 'required' modifier or declaring the property as nullable. [C:\Users\Rohit Rathod\Desktop\JsapProject\JSAPNEW\JSAPNEW.csproj]
C:\Users\Rohit Rathod\Desktop\JsapProject\JSAPNEW\Models\HierarchyModels.cs(594,53): warning CS8618: Non-nullable property 'EmployeeName' must contain a non-null value when exiting constructor. Consider adding the 'required' modifier or declaring the property as nullable. [C:\Users\Rohit Rathod\Desktop\JsapProject\JSAPNEW\JSAPNEW.csproj]
C:\Users\Rohit Rathod\Desktop\JsapProject\JSAPNEW\Models\HierarchyModels.cs(595,52): warning CS8618: Non-nullable property 'EmployeeCode' must contain a non-null value when exiting constructor. Consider adding the 'required' modifier or declaring the property as nullable. [C:\Users\Rohit Rathod\Desktop\JsapProject\JSAPNEW\JSAPNEW.csproj]
C:\Users\Rohit Rathod\Desktop\JsapProject\JSAPNEW\Models\HierarchyModels.cs(453,23): warning CS8618: Non-nullable property 'HodCode' must contain a non-null value when exiting constructor. Consider adding the 'required' modifier or declaring the property as nullable. [C:\Users\Rohit Rathod\Desktop\JsapProject\JSAPNEW\JSAPNEW.csproj]
C:\Users\Rohit Rathod\Desktop\JsapProject\JSAPNEW\Models\HierarchyModels.cs(454,23): warning CS8618: Non-nullable property 'HodName' must contain a non-null value when exiting constructor. Consider adding the 'required' modifier or declaring the property as nullable. [C:\Users\Rohit Rathod\Desktop\JsapProject\JSAPNEW\JSAPNEW.csproj]
C:\Users\Rohit Rathod\Desktop\JsapProject\JSAPNEW\Models\HierarchyModels.cs(455,23): warning CS8618: Non-nullable property 'HodDesignation' must contain a non-null value when exiting constructor. Consider adding the 'required' modifier or declaring the property as nullable. [C:\Users\Rohit Rathod\Desktop\JsapProject\JSAPNEW\JSAPNEW.csproj]
C:\Users\Rohit Rathod\Desktop\JsapProject\JSAPNEW\Models\HierarchyModels.cs(456,23): warning CS8618: Non-nullable property 'HodSalary' must contain a non-null value when exiting constructor. Consider adding the 'required' modifier or declaring the property as nullable. [C:\Users\Rohit Rathod\Desktop\JsapProject\JSAPNEW\JSAPNEW.csproj]
C:\Users\Rohit Rathod\Desktop\JsapProject\JSAPNEW\Models\HierarchyModels.cs(458,23): warning CS8618: Non-nullable property 'DepartmentName' must contain a non-null value when exiting constructor. Consider adding the 'required' modifier or declaring the property as nullable. [C:\Users\Rohit Rathod\Desktop\JsapProject\JSAPNEW\JSAPNEW.csproj]
C:\Users\Rohit Rathod\Desktop\JsapProject\JSAPNEW\Models\HierarchyModels.cs(460,23): warning CS8618: Non-nullable property 'SubDepartmentName' must contain a non-null value when exiting constructor. Consider adding the 'required' modifier or declaring the property as nullable. [C:\Users\Rohit Rathod\Desktop\JsapProject\JSAPNEW\JSAPNEW.csproj]
C:\Users\Rohit Rathod\Desktop\JsapProject\JSAPNEW\Models\HierarchyModels.cs(462,23): warning CS8618: Non-nullable property 'SubHodCode' must contain a non-null value when exiting constructor. Consider adding the 'required' modifier or declaring the property as nullable. [C:\Users\Rohit Rathod\Desktop\JsapProject\JSAPNEW\JSAPNEW.csproj]
C:\Users\Rohit Rathod\Desktop\JsapProject\JSAPNEW\Models\HierarchyModels.cs(463,23): warning CS8618: Non-nullable property 'SubHodName' must contain a non-null value when exiting constructor. Consider adding the 'required' modifier or declaring the property as nullable. [C:\Users\Rohit Rathod\Desktop\JsapProject\JSAPNEW\JSAPNEW.csproj]
C:\Users\Rohit Rathod\Desktop\JsapProject\JSAPNEW\Models\HierarchyModels.cs(464,23): warning CS8618: Non-nullable property 'SubHodDesignation' must contain a non-null value when exiting constructor. Consider adding the 'required' modifier or declaring the property as nullable. [C:\Users\Rohit Rathod\Desktop\JsapProject\JSAPNEW\JSAPNEW.csproj]
C:\Users\Rohit Rathod\Desktop\JsapProject\JSAPNEW\Models\HierarchyModels.cs(465,23): warning CS8618: Non-nullable property 'SubHodSalary' must contain a non-null value when exiting constructor. Consider adding the 'required' modifier or declaring the property as nullable. [C:\Users\Rohit Rathod\Desktop\JsapProject\JSAPNEW\JSAPNEW.csproj]
C:\Users\Rohit Rathod\Desktop\JsapProject\JSAPNEW\Models\HierarchyModels.cs(467,23): warning CS8618: Non-nullable property 'ExecCode' must contain a non-null value when exiting constructor. Consider adding the 'required' modifier or declaring the property as nullable. [C:\Users\Rohit Rathod\Desktop\JsapProject\JSAPNEW\JSAPNEW.csproj]
C:\Users\Rohit Rathod\Desktop\JsapProject\JSAPNEW\Models\HierarchyModels.cs(468,23): warning CS8618: Non-nullable property 'ExecName' must contain a non-null value when exiting constructor. Consider adding the 'required' modifier or declaring the property as nullable. [C:\Users\Rohit Rathod\Desktop\JsapProject\JSAPNEW\JSAPNEW.csproj]
C:\Users\Rohit Rathod\Desktop\JsapProject\JSAPNEW\Models\HierarchyModels.cs(469,23): warning CS8618: Non-nullable property 'ExecDesignation' must contain a non-null value when exiting constructor. Consider adding the 'required' modifier or declaring the property as nullable. [C:\Users\Rohit Rathod\Desktop\JsapProject\JSAPNEW\JSAPNEW.csproj]
C:\Users\Rohit Rathod\Desktop\JsapProject\JSAPNEW\Models\HierarchyModels.cs(470,23): warning CS8618: Non-nullable property 'ExecSalary' must contain a non-null value when exiting constructor. Consider adding the 'required' modifier or declaring the property as nullable. [C:\Users\Rohit Rathod\Desktop\JsapProject\JSAPNEW\JSAPNEW.csproj]
C:\Users\Rohit Rathod\Desktop\JsapProject\JSAPNEW\Models\GIGOModels.cs(45,41): warning CS8618: Non-nullable property 'Items' must contain a non-null value when exiting constructor. Consider adding the 'required' modifier or declaring the property as nullable. [C:\Users\Rohit Rathod\Desktop\JsapProject\JSAPNEW\JSAPNEW.csproj]
C:\Users\Rohit Rathod\Desktop\JsapProject\JSAPNEW\Models\GIGOModels.cs(39,37): warning CS8618: Non-nullable property 'Attachments' must contain a non-null value when exiting constructor. Consider adding the 'required' modifier or declaring the property as nullable. [C:\Users\Rohit Rathod\Desktop\JsapProject\JSAPNEW\JSAPNEW.csproj]
C:\Users\Rohit Rathod\Desktop\JsapProject\JSAPNEW\Models\GIGOModels.cs(23,23): warning CS8618: Non-nullable property 'Message' must contain a non-null value when exiting constructor. Consider adding the 'required' modifier or declaring the property as nullable. [C:\Users\Rohit Rathod\Desktop\JsapProject\JSAPNEW\JSAPNEW.csproj]
C:\Users\Rohit Rathod\Desktop\JsapProject\JSAPNEW\Models\HierarchyModels.cs(338,23): warning CS8618: Non-nullable property 'EmployeeCode' must contain a non-null value when exiting constructor. Consider adding the 'required' modifier or declaring the property as nullable. [C:\Users\Rohit Rathod\Desktop\JsapProject\JSAPNEW\JSAPNEW.csproj]
C:\Users\Rohit Rathod\Desktop\JsapProject\JSAPNEW\Models\HierarchyModels.cs(339,23): warning CS8618: Non-nullable property 'EmployeeName' must contain a non-null value when exiting constructor. Consider adding the 'required' modifier or declaring the property as nullable. [C:\Users\Rohit Rathod\Desktop\JsapProject\JSAPNEW\JSAPNEW.csproj]
C:\Users\Rohit Rathod\Desktop\JsapProject\JSAPNEW\Models\HierarchyModels.cs(340,23): warning CS8618: Non-nullable property 'Designation' must contain a non-null value when exiting constructor. Consider adding the 'required' modifier or declaring the property as nullable. [C:\Users\Rohit Rathod\Desktop\JsapProject\JSAPNEW\JSAPNEW.csproj]
C:\Users\Rohit Rathod\Desktop\JsapProject\JSAPNEW\Models\HierarchyModels.cs(342,23): warning CS8618: Non-nullable property 'SikhNonSikh' must contain a non-null value when exiting constructor. Consider adding the 'required' modifier or declaring the property as nullable. [C:\Users\Rohit Rathod\Desktop\JsapProject\JSAPNEW\JSAPNEW.csproj]
C:\Users\Rohit Rathod\Desktop\JsapProject\JSAPNEW\Models\HierarchyModels.cs(343,23): warning CS8618: Non-nullable property 'DepartmentName' must contain a non-null value when exiting constructor. Consider adding the 'required' modifier or declaring the property as nullable. [C:\Users\Rohit Rathod\Desktop\JsapProject\JSAPNEW\JSAPNEW.csproj]
C:\Users\Rohit Rathod\Desktop\JsapProject\JSAPNEW\Models\HierarchyModels.cs(344,23): warning CS8618: Non-nullable property 'SubDepartmentName' must contain a non-null value when exiting constructor. Consider adding the 'required' modifier or declaring the property as nullable. [C:\Users\Rohit Rathod\Desktop\JsapProject\JSAPNEW\JSAPNEW.csproj]
C:\Users\Rohit Rathod\Desktop\JsapProject\JSAPNEW\Models\HierarchyModels.cs(348,23): warning CS8618: Non-nullable property 'Salary' must contain a non-null value when exiting constructor. Consider adding the 'required' modifier or declaring the property as nullable. [C:\Users\Rohit Rathod\Desktop\JsapProject\JSAPNEW\JSAPNEW.csproj]
C:\Users\Rohit Rathod\Desktop\JsapProject\JSAPNEW\Models\HierarchyModels.cs(349,23): warning CS8618: Non-nullable property 'ReportingTypeName' must contain a non-null value when exiting constructor. Consider adding the 'required' modifier or declaring the property as nullable. [C:\Users\Rohit Rathod\Desktop\JsapProject\JSAPNEW\JSAPNEW.csproj]
C:\Users\Rohit Rathod\Desktop\JsapProject\JSAPNEW\Models\HierarchyModels.cs(13,50): warning CS8618: Non-nullable property 'DepartmentName' must contain a non-null value when exiting constructor. Consider adding the 'required' modifier or declaring the property as nullable. [C:\Users\Rohit Rathod\Desktop\JsapProject\JSAPNEW\JSAPNEW.csproj]
C:\Users\Rohit Rathod\Desktop\JsapProject\JSAPNEW\Models\HierarchyModels.cs(14,39): warning CS8618: Non-nullable property 'DepartmentCode' must contain a non-null value when exiting constructor. Consider adding the 'required' modifier or declaring the property as nullable. [C:\Users\Rohit Rathod\Desktop\JsapProject\JSAPNEW\JSAPNEW.csproj]
C:\Users\Rohit Rathod\Desktop\JsapProject\JSAPNEW\Models\HierarchyModels.cs(18,51): warning CS8618: Non-nullable property 'SubDepartments' must contain a non-null value when exiting constructor. Consider adding the 'required' modifier or declaring the property as nullable. [C:\Users\Rohit Rathod\Desktop\JsapProject\JSAPNEW\JSAPNEW.csproj]
C:\Users\Rohit Rathod\Desktop\JsapProject\JSAPNEW\Models\HierarchyModels.cs(19,46): warning CS8618: Non-nullable property 'Employees' must contain a non-null value when exiting constructor. Consider adding the 'required' modifier or declaring the property as nullable. [C:\Users\Rohit Rathod\Desktop\JsapProject\JSAPNEW\JSAPNEW.csproj]
C:\Users\Rohit Rathod\Desktop\JsapProject\JSAPNEW\Models\HierarchyModels.cs(27,50): warning CS8618: Non-nullable property 'SubDepartmentName' must contain a non-null value when exiting constructor. Consider adding the 'required' modifier or declaring the property as nullable. [C:\Users\Rohit Rathod\Desktop\JsapProject\JSAPNEW\JSAPNEW.csproj]
C:\Users\Rohit Rathod\Desktop\JsapProject\JSAPNEW\Models\HierarchyModels.cs(28,39): warning CS8618: Non-nullable property 'SubDepartmentCode' must contain a non-null value when exiting constructor. Consider adding the 'required' modifier or declaring the property as nullable. [C:\Users\Rohit Rathod\Desktop\JsapProject\JSAPNEW\JSAPNEW.csproj]
C:\Users\Rohit Rathod\Desktop\JsapProject\JSAPNEW\Models\HierarchyModels.cs(32,64): warning CS8618: Non-nullable property 'Department' must contain a non-null value when exiting constructor. Consider adding the 'required' modifier or declaring the property as nullable. [C:\Users\Rohit Rathod\Desktop\JsapProject\JSAPNEW\JSAPNEW.csproj]
C:\Users\Rohit Rathod\Desktop\JsapProject\JSAPNEW\Models\HierarchyModels.cs(774,23): warning CS8618: Non-nullable property 'EmployeeCode' must contain a non-null value when exiting constructor. Consider adding the 'required' modifier or declaring the property as nullable. [C:\Users\Rohit Rathod\Desktop\JsapProject\JSAPNEW\JSAPNEW.csproj]
C:\Users\Rohit Rathod\Desktop\JsapProject\JSAPNEW\Models\HierarchyModels.cs(775,23): warning CS8618: Non-nullable property 'EmployeeName' must contain a non-null value when exiting constructor. Consider adding the 'required' modifier or declaring the property as nullable. [C:\Users\Rohit Rathod\Desktop\JsapProject\JSAPNEW\JSAPNEW.csproj]
C:\Users\Rohit Rathod\Desktop\JsapProject\JSAPNEW\Models\HierarchyModels.cs(776,23): warning CS8618: Non-nullable property 'Designation' must contain a non-null value when exiting constructor. Consider adding the 'required' modifier or declaring the property as nullable. [C:\Users\Rohit Rathod\Desktop\JsapProject\JSAPNEW\JSAPNEW.csproj]
C:\Users\Rohit Rathod\Desktop\JsapProject\JSAPNEW\Models\HierarchyModels.cs(778,23): warning CS8618: Non-nullable property 'RoleName' must contain a non-null value when exiting constructor. Consider adding the 'required' modifier or declaring the property as nullable. [C:\Users\Rohit Rathod\Desktop\JsapProject\JSAPNEW\JSAPNEW.csproj]
C:\Users\Rohit Rathod\Desktop\JsapProject\JSAPNEW\Models\HierarchyModels.cs(779,23): warning CS8618: Non-nullable property 'DepartmentName' must contain a non-null value when exiting constructor. Consider adding the 'required' modifier or declaring the property as nullable. [C:\Users\Rohit Rathod\Desktop\JsapProject\JSAPNEW\JSAPNEW.csproj]
C:\Users\Rohit Rathod\Desktop\JsapProject\JSAPNEW\Models\HierarchyModels.cs(780,23): warning CS8618: Non-nullable property 'SubDepartmentName' must contain a non-null value when exiting constructor. Consider adding the 'required' modifier or declaring the property as nullable. [C:\Users\Rohit Rathod\Desktop\JsapProject\JSAPNEW\JSAPNEW.csproj]
C:\Users\Rohit Rathod\Desktop\JsapProject\JSAPNEW\Models\DocumentDispatchModels.cs(66,23): warning CS8618: Non-nullable property 'bundleId' must contain a non-null value when exiting constructor. Consider adding the 'required' modifier or declaring the property as nullable. [C:\Users\Rohit Rathod\Desktop\JsapProject\JSAPNEW\JSAPNEW.csproj]
C:\Users\Rohit Rathod\Desktop\JsapProject\JSAPNEW\Models\DocumentDispatchModels.cs(67,23): warning CS8618: Non-nullable property 'status' must contain a non-null value when exiting constructor. Consider adding the 'required' modifier or declaring the property as nullable. [C:\Users\Rohit Rathod\Desktop\JsapProject\JSAPNEW\JSAPNEW.csproj]
C:\Users\Rohit Rathod\Desktop\JsapProject\JSAPNEW\Models\DocumentDispatchModels.cs(50,23): warning CS8618: Non-nullable property 'Message' must contain a non-null value when exiting constructor. Consider adding the 'required' modifier or declaring the property as nullable. [C:\Users\Rohit Rathod\Desktop\JsapProject\JSAPNEW\JSAPNEW.csproj]
C:\Users\Rohit Rathod\Desktop\JsapProject\JSAPNEW\Models\HierarchyModels.cs(483,23): warning CS8618: Non-nullable property 'HodCode' must contain a non-null value when exiting constructor. Consider adding the 'required' modifier or declaring the property as nullable. [C:\Users\Rohit Rathod\Desktop\JsapProject\JSAPNEW\JSAPNEW.csproj]
C:\Users\Rohit Rathod\Desktop\JsapProject\JSAPNEW\Models\HierarchyModels.cs(484,23): warning CS8618: Non-nullable property 'HodName' must contain a non-null value when exiting constructor. Consider adding the 'required' modifier or declaring the property as nullable. [C:\Users\Rohit Rathod\Desktop\JsapProject\JSAPNEW\JSAPNEW.csproj]
C:\Users\Rohit Rathod\Desktop\JsapProject\JSAPNEW\Models\HierarchyModels.cs(485,23): warning CS8618: Non-nullable property 'HodDesignation' must contain a non-null value when exiting constructor. Consider adding the 'required' modifier or declaring the property as nullable. [C:\Users\Rohit Rathod\Desktop\JsapProject\JSAPNEW\JSAPNEW.csproj]
C:\Users\Rohit Rathod\Desktop\JsapProject\JSAPNEW\Models\HierarchyModels.cs(491,23): warning CS8618: Non-nullable property 'DepartmentName' must contain a non-null value when exiting constructor. Consider adding the 'required' modifier or declaring the property as nullable. [C:\Users\Rohit Rathod\Desktop\JsapProject\JSAPNEW\JSAPNEW.csproj]
C:\Users\Rohit Rathod\Desktop\JsapProject\JSAPNEW\Models\HierarchyModels.cs(493,23): warning CS8618: Non-nullable property 'SubDepartmentName' must contain a non-null value when exiting constructor. Consider adding the 'required' modifier or declaring the property as nullable. [C:\Users\Rohit Rathod\Desktop\JsapProject\JSAPNEW\JSAPNEW.csproj]
C:\Users\Rohit Rathod\Desktop\JsapProject\JSAPNEW\Models\HierarchyModels.cs(496,23): warning CS8618: Non-nullable property 'SubHodCode' must contain a non-null value when exiting constructor. Consider adding the 'required' modifier or declaring the property as nullable. [C:\Users\Rohit Rathod\Desktop\JsapProject\JSAPNEW\JSAPNEW.csproj]
C:\Users\Rohit Rathod\Desktop\JsapProject\JSAPNEW\Models\HierarchyModels.cs(497,23): warning CS8618: Non-nullable property 'SubHodName' must contain a non-null value when exiting constructor. Consider adding the 'required' modifier or declaring the property as nullable. [C:\Users\Rohit Rathod\Desktop\JsapProject\JSAPNEW\JSAPNEW.csproj]
C:\Users\Rohit Rathod\Desktop\JsapProject\JSAPNEW\Models\HierarchyModels.cs(498,23): warning CS8618: Non-nullable property 'SubHodDesignation' must contain a non-null value when exiting constructor. Consider adding the 'required' modifier or declaring the property as nullable. [C:\Users\Rohit Rathod\Desktop\JsapProject\JSAPNEW\JSAPNEW.csproj]
C:\Users\Rohit Rathod\Desktop\JsapProject\JSAPNEW\Models\HierarchyModels.cs(505,23): warning CS8618: Non-nullable property 'ExecCode' must contain a non-null value when exiting constructor. Consider adding the 'required' modifier or declaring the property as nullable. [C:\Users\Rohit Rathod\Desktop\JsapProject\JSAPNEW\JSAPNEW.csproj]
C:\Users\Rohit Rathod\Desktop\JsapProject\JSAPNEW\Models\HierarchyModels.cs(506,23): warning CS8618: Non-nullable property 'ExecName' must contain a non-null value when exiting constructor. Consider adding the 'required' modifier or declaring the property as nullable. [C:\Users\Rohit Rathod\Desktop\JsapProject\JSAPNEW\JSAPNEW.csproj]
C:\Users\Rohit Rathod\Desktop\JsapProject\JSAPNEW\Models\HierarchyModels.cs(507,23): warning CS8618: Non-nullable property 'ExecDesignation' must contain a non-null value when exiting constructor. Consider adding the 'required' modifier or declaring the property as nullable. [C:\Users\Rohit Rathod\Desktop\JsapProject\JSAPNEW\JSAPNEW.csproj]
C:\Users\Rohit Rathod\Desktop\JsapProject\JSAPNEW\Models\HierarchyModels.cs(254,23): warning CS8618: Non-nullable property 'ManagerCode' must contain a non-null value when exiting constructor. Consider adding the 'required' modifier or declaring the property as nullable. [C:\Users\Rohit Rathod\Desktop\JsapProject\JSAPNEW\JSAPNEW.csproj]
C:\Users\Rohit Rathod\Desktop\JsapProject\JSAPNEW\Models\HierarchyModels.cs(255,23): warning CS8618: Non-nullable property 'ManagerName' must contain a non-null value when exiting constructor. Consider adding the 'required' modifier or declaring the property as nullable. [C:\Users\Rohit Rathod\Desktop\JsapProject\JSAPNEW\JSAPNEW.csproj]
C:\Users\Rohit Rathod\Desktop\JsapProject\JSAPNEW\Models\HierarchyModels.cs(256,23): warning CS8618: Non-nullable property 'ManagerRole' must contain a non-null value when exiting constructor. Consider adding the 'required' modifier or declaring the property as nullable. [C:\Users\Rohit Rathod\Desktop\JsapProject\JSAPNEW\JSAPNEW.csproj]
C:\Users\Rohit Rathod\Desktop\JsapProject\JSAPNEW\Models\HierarchyModels.cs(258,23): warning CS8618: Non-nullable property 'ReportingTypeName' must contain a non-null value when exiting constructor. Consider adding the 'required' modifier or declaring the property as nullable. [C:\Users\Rohit Rathod\Desktop\JsapProject\JSAPNEW\JSAPNEW.csproj]
C:\Users\Rohit Rathod\Desktop\JsapProject\JSAPNEW\Models\HierarchyModels.cs(260,23): warning CS8618: Non-nullable property 'DepartmentName' must contain a non-null value when exiting constructor. Consider adding the 'required' modifier or declaring the property as nullable. [C:\Users\Rohit Rathod\Desktop\JsapProject\JSAPNEW\JSAPNEW.csproj]
C:\Users\Rohit Rathod\Desktop\JsapProject\JSAPNEW\Models\HierarchyModels.cs(262,23): warning CS8618: Non-nullable property 'SubDepartmentName' must contain a non-null value when exiting constructor. Consider adding the 'required' modifier or declaring the property as nullable. [C:\Users\Rohit Rathod\Desktop\JsapProject\JSAPNEW\JSAPNEW.csproj]
C:\Users\Rohit Rathod\Desktop\JsapProject\JSAPNEW\Models\HierarchyModels.cs(266,23): warning CS8618: Non-nullable property 'Notes' must contain a non-null value when exiting constructor. Consider adding the 'required' modifier or declaring the property as nullable. [C:\Users\Rohit Rathod\Desktop\JsapProject\JSAPNEW\JSAPNEW.csproj]
C:\Users\Rohit Rathod\Desktop\JsapProject\JSAPNEW\Models\DocumentDispatchModels.cs(44,23): warning CS8618: Non-nullable property 'p_docId' must contain a non-null value when exiting constructor. Consider adding the 'required' modifier or declaring the property as nullable. [C:\Users\Rohit Rathod\Desktop\JsapProject\JSAPNEW\JSAPNEW.csproj]
C:\Users\Rohit Rathod\Desktop\JsapProject\JSAPNEW\Models\DocumentDispatchModels.cs(45,23): warning CS8618: Non-nullable property 'p_docType' must contain a non-null value when exiting constructor. Consider adding the 'required' modifier or declaring the property as nullable. [C:\Users\Rohit Rathod\Desktop\JsapProject\JSAPNEW\JSAPNEW.csproj]
C:\Users\Rohit Rathod\Desktop\JsapProject\JSAPNEW\Models\DocumentDispatchModels.cs(46,23): warning CS8618: Non-nullable property 'p_branch' must contain a non-null value when exiting constructor. Consider adding the 'required' modifier or declaring the property as nullable. [C:\Users\Rohit Rathod\Desktop\JsapProject\JSAPNEW\JSAPNEW.csproj]
C:\Users\Rohit Rathod\Desktop\JsapProject\JSAPNEW\Models\GIGOModels.cs(9,23): warning CS8618: Non-nullable property 'Message' must contain a non-null value when exiting constructor. Consider adding the 'required' modifier or declaring the property as nullable. [C:\Users\Rohit Rathod\Desktop\JsapProject\JSAPNEW\JSAPNEW.csproj]
C:\Users\Rohit Rathod\Desktop\JsapProject\JSAPNEW\Models\DocumentDispatchModels.cs(110,23): warning CS8618: Non-nullable property 'bundleId' must contain a non-null value when exiting constructor. Consider adding the 'required' modifier or declaring the property as nullable. [C:\Users\Rohit Rathod\Desktop\JsapProject\JSAPNEW\JSAPNEW.csproj]
C:\Users\Rohit Rathod\Desktop\JsapProject\JSAPNEW\Models\DocumentDispatchModels.cs(111,23): warning CS8618: Non-nullable property 'docId' must contain a non-null value when exiting constructor. Consider adding the 'required' modifier or declaring the property as nullable. [C:\Users\Rohit Rathod\Desktop\JsapProject\JSAPNEW\JSAPNEW.csproj]
C:\Users\Rohit Rathod\Desktop\JsapProject\JSAPNEW\Models\DocumentDispatchModels.cs(112,23): warning CS8618: Non-nullable property 'docType' must contain a non-null value when exiting constructor. Consider adding the 'required' modifier or declaring the property as nullable. [C:\Users\Rohit Rathod\Desktop\JsapProject\JSAPNEW\JSAPNEW.csproj]
C:\Users\Rohit Rathod\Desktop\JsapProject\JSAPNEW\Models\DocumentDispatchModels.cs(113,23): warning CS8618: Non-nullable property 'branch' must contain a non-null value when exiting constructor. Consider adding the 'required' modifier or declaring the property as nullable. [C:\Users\Rohit Rathod\Desktop\JsapProject\JSAPNEW\JSAPNEW.csproj]
C:\Users\Rohit Rathod\Desktop\JsapProject\JSAPNEW\Models\DocumentDispatchModels.cs(114,23): warning CS8618: Non-nullable property 'attachment' must contain a non-null value when exiting constructor. Consider adding the 'required' modifier or declaring the property as nullable. [C:\Users\Rohit Rathod\Desktop\JsapProject\JSAPNEW\JSAPNEW.csproj]
C:\Users\Rohit Rathod\Desktop\JsapProject\JSAPNEW\Models\DocumentDispatchModels.cs(115,23): warning CS8618: Non-nullable property 'status' must contain a non-null value when exiting constructor. Consider adding the 'required' modifier or declaring the property as nullable. [C:\Users\Rohit Rathod\Desktop\JsapProject\JSAPNEW\JSAPNEW.csproj]
C:\Users\Rohit Rathod\Desktop\JsapProject\JSAPNEW\Models\DocumentDispatchModels.cs(116,23): warning CS8618: Non-nullable property 'rejectedReason' must contain a non-null value when exiting constructor. Consider adding the 'required' modifier or declaring the property as nullable. [C:\Users\Rohit Rathod\Desktop\JsapProject\JSAPNEW\JSAPNEW.csproj]
C:\Users\Rohit Rathod\Desktop\JsapProject\JSAPNEW\Models\DocumentDispatchModels.cs(119,23): warning CS8618: Non-nullable property 'receivedBy' must contain a non-null value when exiting constructor. Consider adding the 'required' modifier or declaring the property as nullable. [C:\Users\Rohit Rathod\Desktop\JsapProject\JSAPNEW\JSAPNEW.csproj]
C:\Users\Rohit Rathod\Desktop\JsapProject\JSAPNEW\Models\DocumentDispatchModels.cs(121,23): warning CS8618: Non-nullable property 'ReceivedName' must contain a non-null value when exiting constructor. Consider adding the 'required' modifier or declaring the property as nullable. [C:\Users\Rohit Rathod\Desktop\JsapProject\JSAPNEW\JSAPNEW.csproj]
C:\Users\Rohit Rathod\Desktop\JsapProject\JSAPNEW\Models\DocumentDispatchModels.cs(57,23): warning CS8618: Non-nullable property 'status' must contain a non-null value when exiting constructor. Consider adding the 'required' modifier or declaring the property as nullable. [C:\Users\Rohit Rathod\Desktop\JsapProject\JSAPNEW\JSAPNEW.csproj]
C:\Users\Rohit Rathod\Desktop\JsapProject\JSAPNEW\Models\DocumentDispatchModels.cs(59,23): warning CS8618: Non-nullable property 'docId' must contain a non-null value when exiting constructor. Consider adding the 'required' modifier or declaring the property as nullable. [C:\Users\Rohit Rathod\Desktop\JsapProject\JSAPNEW\JSAPNEW.csproj]
C:\Users\Rohit Rathod\Desktop\JsapProject\JSAPNEW\Models\DashboardModels.cs(246,23): warning CS8618: Non-nullable property 'Budget' must contain a non-null value when exiting constructor. Consider adding the 'required' modifier or declaring the property as nullable. [C:\Users\Rohit Rathod\Desktop\JsapProject\JSAPNEW\JSAPNEW.csproj]
C:\Users\Rohit Rathod\Desktop\JsapProject\JSAPNEW\Models\DashboardModels.cs(230,23): warning CS8618: Non-nullable property 'status' must contain a non-null value when exiting constructor. Consider adding the 'required' modifier or declaring the property as nullable. [C:\Users\Rohit Rathod\Desktop\JsapProject\JSAPNEW\JSAPNEW.csproj]
C:\Users\Rohit Rathod\Desktop\JsapProject\JSAPNEW\Models\DashboardModels.cs(241,23): warning CS8618: Non-nullable property 'AcctName' must contain a non-null value when exiting constructor. Consider adding the 'required' modifier or declaring the property as nullable. [C:\Users\Rohit Rathod\Desktop\JsapProject\JSAPNEW\JSAPNEW.csproj]
C:\Users\Rohit Rathod\Desktop\JsapProject\JSAPNEW\Models\DashboardModels.cs(223,23): warning CS8618: Non-nullable property 'Message' must contain a non-null value when exiting constructor. Consider adding the 'required' modifier or declaring the property as nullable. [C:\Users\Rohit Rathod\Desktop\JsapProject\JSAPNEW\JSAPNEW.csproj]
C:\Users\Rohit Rathod\Desktop\JsapProject\JSAPNEW\Models\HierarchyModels.cs(274,23): warning CS8618: Non-nullable property 'EmployeeCode' must contain a non-null value when exiting constructor. Consider adding the 'required' modifier or declaring the property as nullable. [C:\Users\Rohit Rathod\Desktop\JsapProject\JSAPNEW\JSAPNEW.csproj]
C:\Users\Rohit Rathod\Desktop\JsapProject\JSAPNEW\Models\HierarchyModels.cs(275,23): warning CS8618: Non-nullable property 'EmployeeName' must contain a non-null value when exiting constructor. Consider adding the 'required' modifier or declaring the property as nullable. [C:\Users\Rohit Rathod\Desktop\JsapProject\JSAPNEW\JSAPNEW.csproj]
C:\Users\Rohit Rathod\Desktop\JsapProject\JSAPNEW\Models\HierarchyModels.cs(276,23): warning CS8618: Non-nullable property 'EmployeeRole' must contain a non-null value when exiting constructor. Consider adding the 'required' modifier or declaring the property as nullable. [C:\Users\Rohit Rathod\Desktop\JsapProject\JSAPNEW\JSAPNEW.csproj]
C:\Users\Rohit Rathod\Desktop\JsapProject\JSAPNEW\Models\HierarchyModels.cs(277,23): warning CS8618: Non-nullable property 'Designation' must contain a non-null value when exiting constructor. Consider adding the 'required' modifier or declaring the property as nullable. [C:\Users\Rohit Rathod\Desktop\JsapProject\JSAPNEW\JSAPNEW.csproj]
C:\Users\Rohit Rathod\Desktop\JsapProject\JSAPNEW\Models\HierarchyModels.cs(279,23): warning CS8618: Non-nullable property 'ReportingTypeName' must contain a non-null value when exiting constructor. Consider adding the 'required' modifier or declaring the property as nullable. [C:\Users\Rohit Rathod\Desktop\JsapProject\JSAPNEW\JSAPNEW.csproj]
C:\Users\Rohit Rathod\Desktop\JsapProject\JSAPNEW\Models\HierarchyModels.cs(281,23): warning CS8618: Non-nullable property 'DepartmentName' must contain a non-null value when exiting constructor. Consider adding the 'required' modifier or declaring the property as nullable. [C:\Users\Rohit Rathod\Desktop\JsapProject\JSAPNEW\JSAPNEW.csproj]
C:\Users\Rohit Rathod\Desktop\JsapProject\JSAPNEW\Models\HierarchyModels.cs(283,23): warning CS8618: Non-nullable property 'SubDepartmentName' must contain a non-null value when exiting constructor. Consider adding the 'required' modifier or declaring the property as nullable. [C:\Users\Rohit Rathod\Desktop\JsapProject\JSAPNEW\JSAPNEW.csproj]
C:\Users\Rohit Rathod\Desktop\JsapProject\JSAPNEW\Models\HierarchyModels.cs(287,23): warning CS8618: Non-nullable property 'Notes' must contain a non-null value when exiting constructor. Consider adding the 'required' modifier or declaring the property as nullable. [C:\Users\Rohit Rathod\Desktop\JsapProject\JSAPNEW\JSAPNEW.csproj]
C:\Users\Rohit Rathod\Desktop\JsapProject\JSAPNEW\Models\DashboardModels.cs(214,23): warning CS8618: Non-nullable property 'Attendees' must contain a non-null value when exiting constructor. Consider adding the 'required' modifier or declaring the property as nullable. [C:\Users\Rohit Rathod\Desktop\JsapProject\JSAPNEW\JSAPNEW.csproj]
C:\Users\Rohit Rathod\Desktop\JsapProject\JSAPNEW\Models\DashboardModels.cs(215,23): warning CS8618: Non-nullable property 'Agenda' must contain a non-null value when exiting constructor. Consider adding the 'required' modifier or declaring the property as nullable. [C:\Users\Rohit Rathod\Desktop\JsapProject\JSAPNEW\JSAPNEW.csproj]
C:\Users\Rohit Rathod\Desktop\JsapProject\JSAPNEW\Models\DashboardModels.cs(216,23): warning CS8618: Non-nullable property 'notes' must contain a non-null value when exiting constructor. Consider adding the 'required' modifier or declaring the property as nullable. [C:\Users\Rohit Rathod\Desktop\JsapProject\JSAPNEW\JSAPNEW.csproj]
C:\Users\Rohit Rathod\Desktop\JsapProject\JSAPNEW\Models\DashboardModels.cs(217,23): warning CS8618: Non-nullable property 'status' must contain a non-null value when exiting constructor. Consider adding the 'required' modifier or declaring the property as nullable. [C:\Users\Rohit Rathod\Desktop\JsapProject\JSAPNEW\JSAPNEW.csproj]
C:\Users\Rohit Rathod\Desktop\JsapProject\JSAPNEW\Models\HierarchyModels.cs(39,49): warning CS8618: Non-nullable property 'RoleName' must contain a non-null value when exiting constructor. Consider adding the 'required' modifier or declaring the property as nullable. [C:\Users\Rohit Rathod\Desktop\JsapProject\JSAPNEW\JSAPNEW.csproj]
C:\Users\Rohit Rathod\Desktop\JsapProject\JSAPNEW\Models\HierarchyModels.cs(41,40): warning CS8618: Non-nullable property 'Description' must contain a non-null value when exiting constructor. Consider adding the 'required' modifier or declaring the property as nullable. [C:\Users\Rohit Rathod\Desktop\JsapProject\JSAPNEW\JSAPNEW.csproj]
C:\Users\Rohit Rathod\Desktop\JsapProject\JSAPNEW\Models\DashboardModels.cs(179,23): warning CS8618: Non-nullable property 'Client' must contain a non-null value when exiting constructor. Consider adding the 'required' modifier or declaring the property as nullable. [C:\Users\Rohit Rathod\Desktop\JsapProject\JSAPNEW\JSAPNEW.csproj]
C:\Users\Rohit Rathod\Desktop\JsapProject\JSAPNEW\Models\DashboardModels.cs(189,23): warning CS8618: Non-nullable property 'ModuleName' must contain a non-null value when exiting constructor. Consider adding the 'required' modifier or declaring the property as nullable. [C:\Users\Rohit Rathod\Desktop\JsapProject\JSAPNEW\JSAPNEW.csproj]
C:\Users\Rohit Rathod\Desktop\JsapProject\JSAPNEW\Models\DashboardModels.cs(192,23): warning CS8618: Non-nullable property 'Priority' must contain a non-null value when exiting constructor. Consider adding the 'required' modifier or declaring the property as nullable. [C:\Users\Rohit Rathod\Desktop\JsapProject\JSAPNEW\JSAPNEW.csproj]
C:\Users\Rohit Rathod\Desktop\JsapProject\JSAPNEW\Models\DashboardModels.cs(193,23): warning CS8618: Non-nullable property 'Status' must contain a non-null value when exiting constructor. Consider adding the 'required' modifier or declaring the property as nullable. [C:\Users\Rohit Rathod\Desktop\JsapProject\JSAPNEW\JSAPNEW.csproj]
C:\Users\Rohit Rathod\Desktop\JsapProject\JSAPNEW\Models\HierarchyModels.cs(207,43): warning CS8618: Non-nullable property 'DepartmentSummary' must contain a non-null value when exiting constructor. Consider adding the 'required' modifier or declaring the property as nullable. [C:\Users\Rohit Rathod\Desktop\JsapProject\JSAPNEW\JSAPNEW.csproj]
C:\Users\Rohit Rathod\Desktop\JsapProject\JSAPNEW\Models\DocumentDispatchModels.cs(73,23): warning CS8618: Non-nullable property 'bundleId' must contain a non-null value when exiting constructor. Consider adding the 'required' modifier or declaring the property as nullable. [C:\Users\Rohit Rathod\Desktop\JsapProject\JSAPNEW\JSAPNEW.csproj]
C:\Users\Rohit Rathod\Desktop\JsapProject\JSAPNEW\Models\DocumentDispatchModels.cs(74,23): warning CS8618: Non-nullable property 'docId' must contain a non-null value when exiting constructor. Consider adding the 'required' modifier or declaring the property as nullable. [C:\Users\Rohit Rathod\Desktop\JsapProject\JSAPNEW\JSAPNEW.csproj]
C:\Users\Rohit Rathod\Desktop\JsapProject\JSAPNEW\Models\DocumentDispatchModels.cs(75,23): warning CS8618: Non-nullable property 'docType' must contain a non-null value when exiting constructor. Consider adding the 'required' modifier or declaring the property as nullable. [C:\Users\Rohit Rathod\Desktop\JsapProject\JSAPNEW\JSAPNEW.csproj]
C:\Users\Rohit Rathod\Desktop\JsapProject\JSAPNEW\Models\DocumentDispatchModels.cs(76,23): warning CS8618: Non-nullable property 'branch' must contain a non-null value when exiting constructor. Consider adding the 'required' modifier or declaring the property as nullable. [C:\Users\Rohit Rathod\Desktop\JsapProject\JSAPNEW\JSAPNEW.csproj]
C:\Users\Rohit Rathod\Desktop\JsapProject\JSAPNEW\Models\DocumentDispatchModels.cs(77,23): warning CS8618: Non-nullable property 'attachment' must contain a non-null value when exiting constructor. Consider adding the 'required' modifier or declaring the property as nullable. [C:\Users\Rohit Rathod\Desktop\JsapProject\JSAPNEW\JSAPNEW.csproj]
C:\Users\Rohit Rathod\Desktop\JsapProject\JSAPNEW\Models\DocumentDispatchModels.cs(78,23): warning CS8618: Non-nullable property 'status' must contain a non-null value when exiting constructor. Consider adding the 'required' modifier or declaring the property as nullable. [C:\Users\Rohit Rathod\Desktop\JsapProject\JSAPNEW\JSAPNEW.csproj]
C:\Users\Rohit Rathod\Desktop\JsapProject\JSAPNEW\Models\DocumentDispatchModels.cs(79,23): warning CS8618: Non-nullable property 'rejectedReason' must contain a non-null value when exiting constructor. Consider adding the 'required' modifier or declaring the property as nullable. [C:\Users\Rohit Rathod\Desktop\JsapProject\JSAPNEW\JSAPNEW.csproj]
C:\Users\Rohit Rathod\Desktop\JsapProject\JSAPNEW\Models\DocumentDispatchModels.cs(82,23): warning CS8618: Non-nullable property 'receivedBy' must contain a non-null value when exiting constructor. Consider adding the 'required' modifier or declaring the property as nullable. [C:\Users\Rohit Rathod\Desktop\JsapProject\JSAPNEW\JSAPNEW.csproj]
C:\Users\Rohit Rathod\Desktop\JsapProject\JSAPNEW\Models\DocumentDispatchModels.cs(84,23): warning CS8618: Non-nullable property 'createdByName' must contain a non-null value when exiting constructor. Consider adding the 'required' modifier or declaring the property as nullable. [C:\Users\Rohit Rathod\Desktop\JsapProject\JSAPNEW\JSAPNEW.csproj]
C:\Users\Rohit Rathod\Desktop\JsapProject\JSAPNEW\Models\DocumentDispatchModels.cs(85,23): warning CS8618: Non-nullable property 'receivedByName' must contain a non-null value when exiting constructor. Consider adding the 'required' modifier or declaring the property as nullable. [C:\Users\Rohit Rathod\Desktop\JsapProject\JSAPNEW\JSAPNEW.csproj]
C:\Users\Rohit Rathod\Desktop\JsapProject\JSAPNEW\Models\DashboardModels.cs(169,23): warning CS8618: Non-nullable property 'ProjectName' must contain a non-null value when exiting constructor. Consider adding the 'required' modifier or declaring the property as nullable. [C:\Users\Rohit Rathod\Desktop\JsapProject\JSAPNEW\JSAPNEW.csproj]
C:\Users\Rohit Rathod\Desktop\JsapProject\JSAPNEW\Models\DashboardModels.cs(170,23): warning CS8618: Non-nullable property 'Priority' must contain a non-null value when exiting constructor. Consider adding the 'required' modifier or declaring the property as nullable. [C:\Users\Rohit Rathod\Desktop\JsapProject\JSAPNEW\JSAPNEW.csproj]
C:\Users\Rohit Rathod\Desktop\JsapProject\JSAPNEW\Models\DashboardModels.cs(171,23): warning CS8618: Non-nullable property 'ProjectStatus' must contain a non-null value when exiting constructor. Consider adding the 'required' modifier or declaring the property as nullable. [C:\Users\Rohit Rathod\Desktop\JsapProject\JSAPNEW\JSAPNEW.csproj]
C:\Users\Rohit Rathod\Desktop\JsapProject\JSAPNEW\Models\DashboardModels.cs(235,23): warning CS8618: Non-nullable property 'status' must contain a non-null value when exiting constructor. Consider adding the 'required' modifier or declaring the property as nullable. [C:\Users\Rohit Rathod\Desktop\JsapProject\JSAPNEW\JSAPNEW.csproj]
C:\Users\Rohit Rathod\Desktop\JsapProject\JSAPNEW\Models\DashboardModels.cs(236,23): warning CS8618: Non-nullable property 'Message' must contain a non-null value when exiting constructor. Consider adding the 'required' modifier or declaring the property as nullable. [C:\Users\Rohit Rathod\Desktop\JsapProject\JSAPNEW\JSAPNEW.csproj]
C:\Users\Rohit Rathod\Desktop\JsapProject\JSAPNEW\Models\DashboardModels.cs(120,23): warning CS8618: Non-nullable property 'Project_Name' must contain a non-null value when exiting constructor. Consider adding the 'required' modifier or declaring the property as nullable. [C:\Users\Rohit Rathod\Desktop\JsapProject\JSAPNEW\JSAPNEW.csproj]
C:\Users\Rohit Rathod\Desktop\JsapProject\JSAPNEW\Models\DashboardModels.cs(130,23): warning CS8618: Non-nullable property 'ProjectName' must contain a non-null value when exiting constructor. Consider adding the 'required' modifier or declaring the property as nullable. [C:\Users\Rohit Rathod\Desktop\JsapProject\JSAPNEW\JSAPNEW.csproj]
C:\Users\Rohit Rathod\Desktop\JsapProject\JSAPNEW\Models\DashboardModels.cs(125,23): warning CS8618: Non-nullable property 'EmployeeName' must contain a non-null value when exiting constructor. Consider adding the 'required' modifier or declaring the property as nullable. [C:\Users\Rohit Rathod\Desktop\JsapProject\JSAPNEW\JSAPNEW.csproj]
C:\Users\Rohit Rathod\Desktop\JsapProject\JSAPNEW\Models\DashboardModels.cs(104,23): warning CS8618: Non-nullable property 'Priority' must contain a non-null value when exiting constructor. Consider adding the 'required' modifier or declaring the property as nullable. [C:\Users\Rohit Rathod\Desktop\JsapProject\JSAPNEW\JSAPNEW.csproj]
C:\Users\Rohit Rathod\Desktop\JsapProject\JSAPNEW\Models\DashboardModels.cs(99,23): warning CS8618: Non-nullable property 'Status' must contain a non-null value when exiting constructor. Consider adding the 'required' modifier or declaring the property as nullable. [C:\Users\Rohit Rathod\Desktop\JsapProject\JSAPNEW\JSAPNEW.csproj]
C:\Users\Rohit Rathod\Desktop\JsapProject\JSAPNEW\Models\DashboardModels.cs(110,23): warning CS8618: Non-nullable property 'EmployeeName' must contain a non-null value when exiting constructor. Consider adding the 'required' modifier or declaring the property as nullable. [C:\Users\Rohit Rathod\Desktop\JsapProject\JSAPNEW\JSAPNEW.csproj]
C:\Users\Rohit Rathod\Desktop\JsapProject\JSAPNEW\Models\DashboardModels.cs(64,23): warning CS8618: Non-nullable property 'group_name' must contain a non-null value when exiting constructor. Consider adding the 'required' modifier or declaring the property as nullable. [C:\Users\Rohit Rathod\Desktop\JsapProject\JSAPNEW\JSAPNEW.csproj]
C:\Users\Rohit Rathod\Desktop\JsapProject\JSAPNEW\Models\DashboardModels.cs(7,23): warning CS8618: Non-nullable property 'Message' must contain a non-null value when exiting constructor. Consider adding the 'required' modifier or declaring the property as nullable. [C:\Users\Rohit Rathod\Desktop\JsapProject\JSAPNEW\JSAPNEW.csproj]
C:\Users\Rohit Rathod\Desktop\JsapProject\JSAPNEW\Models\CreditLimitModels.cs(268,23): warning CS8618: Non-nullable property 'username' must contain a non-null value when exiting constructor. Consider adding the 'required' modifier or declaring the property as nullable. [C:\Users\Rohit Rathod\Desktop\JsapProject\JSAPNEW\JSAPNEW.csproj]
C:\Users\Rohit Rathod\Desktop\JsapProject\JSAPNEW\Models\CreditLimitModels.cs(255,42): warning CS8618: Non-nullable property 'Data' must contain a non-null value when exiting constructor. Consider adding the 'required' modifier or declaring the property as nullable. [C:\Users\Rohit Rathod\Desktop\JsapProject\JSAPNEW\JSAPNEW.csproj]
C:\Users\Rohit Rathod\Desktop\JsapProject\JSAPNEW\Models\CreditLimitModels.cs(250,23): warning CS8618: Non-nullable property 'hanaStatusText' must contain a non-null value when exiting constructor. Consider adding the 'required' modifier or declaring the property as nullable. [C:\Users\Rohit Rathod\Desktop\JsapProject\JSAPNEW\JSAPNEW.csproj]
C:\Users\Rohit Rathod\Desktop\JsapProject\JSAPNEW\Models\CreditLimitModels.cs(243,23): warning CS8618: Non-nullable property 'status' must contain a non-null value when exiting constructor. Consider adding the 'required' modifier or declaring the property as nullable. [C:\Users\Rohit Rathod\Desktop\JsapProject\JSAPNEW\JSAPNEW.csproj]
C:\Users\Rohit Rathod\Desktop\JsapProject\JSAPNEW\Models\CreditLimitModels.cs(230,23): warning CS8618: Non-nullable property 'Remarks' must contain a non-null value when exiting constructor. Consider adding the 'required' modifier or declaring the property as nullable. [C:\Users\Rohit Rathod\Desktop\JsapProject\JSAPNEW\JSAPNEW.csproj]
C:\Users\Rohit Rathod\Desktop\JsapProject\JSAPNEW\Models\CreditLimitModels.cs(203,23): warning CS8618: Non-nullable property 'createdBy' must contain a non-null value when exiting constructor. Consider adding the 'required' modifier or declaring the property as nullable. [C:\Users\Rohit Rathod\Desktop\JsapProject\JSAPNEW\JSAPNEW.csproj]
C:\Users\Rohit Rathod\Desktop\JsapProject\JSAPNEW\Models\CreditLimitModels.cs(204,23): warning CS8618: Non-nullable property 'monthYear' must contain a non-null value when exiting constructor. Consider adding the 'required' modifier or declaring the property as nullable. [C:\Users\Rohit Rathod\Desktop\JsapProject\JSAPNEW\JSAPNEW.csproj]
C:\Users\Rohit Rathod\Desktop\JsapProject\JSAPNEW\Models\CreditLimitModels.cs(205,23): warning CS8618: Non-nullable property 'status' must contain a non-null value when exiting constructor. Consider adding the 'required' modifier or declaring the property as nullable. [C:\Users\Rohit Rathod\Desktop\JsapProject\JSAPNEW\JSAPNEW.csproj]
C:\Users\Rohit Rathod\Desktop\JsapProject\JSAPNEW\Models\DashboardModels.cs(12,23): warning CS8618: Non-nullable property 'Category' must contain a non-null value when exiting constructor. Consider adding the 'required' modifier or declaring the property as nullable. [C:\Users\Rohit Rathod\Desktop\JsapProject\JSAPNEW\JSAPNEW.csproj]
C:\Users\Rohit Rathod\Desktop\JsapProject\JSAPNEW\Models\DashboardModels.cs(13,23): warning CS8618: Non-nullable property 'SubCategory' must contain a non-null value when exiting constructor. Consider adding the 'required' modifier or declaring the property as nullable. [C:\Users\Rohit Rathod\Desktop\JsapProject\JSAPNEW\JSAPNEW.csproj]
C:\Users\Rohit Rathod\Desktop\JsapProject\JSAPNEW\Models\DashboardModels.cs(14,23): warning CS8618: Non-nullable property 'Industry_Standard' must contain a non-null value when exiting constructor. Consider adding the 'required' modifier or declaring the property as nullable. [C:\Users\Rohit Rathod\Desktop\JsapProject\JSAPNEW\JSAPNEW.csproj]
C:\Users\Rohit Rathod\Desktop\JsapProject\JSAPNEW\Models\DashboardModels.cs(15,23): warning CS8618: Non-nullable property 'Current_State' must contain a non-null value when exiting constructor. Consider adding the 'required' modifier or declaring the property as nullable. [C:\Users\Rohit Rathod\Desktop\JsapProject\JSAPNEW\JSAPNEW.csproj]
C:\Users\Rohit Rathod\Desktop\JsapProject\JSAPNEW\Models\DashboardModels.cs(16,23): warning CS8618: Non-nullable property 'Gap_Level' must contain a non-null value when exiting constructor. Consider adding the 'required' modifier or declaring the property as nullable. [C:\Users\Rohit Rathod\Desktop\JsapProject\JSAPNEW\JSAPNEW.csproj]
C:\Users\Rohit Rathod\Desktop\JsapProject\JSAPNEW\Models\DashboardModels.cs(17,23): warning CS8618: Non-nullable property 'Risk_Level' must contain a non-null value when exiting constructor. Consider adding the 'required' modifier or declaring the property as nullable. [C:\Users\Rohit Rathod\Desktop\JsapProject\JSAPNEW\JSAPNEW.csproj]
C:\Users\Rohit Rathod\Desktop\JsapProject\JSAPNEW\Models\DashboardModels.cs(18,23): warning CS8618: Non-nullable property 'Required_Improvement' must contain a non-null value when exiting constructor. Consider adding the 'required' modifier or declaring the property as nullable. [C:\Users\Rohit Rathod\Desktop\JsapProject\JSAPNEW\JSAPNEW.csproj]
C:\Users\Rohit Rathod\Desktop\JsapProject\JSAPNEW\Models\DashboardModels.cs(19,23): warning CS8618: Non-nullable property 'Priority' must contain a non-null value when exiting constructor. Consider adding the 'required' modifier or declaring the property as nullable. [C:\Users\Rohit Rathod\Desktop\JsapProject\JSAPNEW\JSAPNEW.csproj]
C:\Users\Rohit Rathod\Desktop\JsapProject\JSAPNEW\Models\DashboardModels.cs(20,23): warning CS8618: Non-nullable property 'Owner' must contain a non-null value when exiting constructor. Consider adding the 'required' modifier or declaring the property as nullable. [C:\Users\Rohit Rathod\Desktop\JsapProject\JSAPNEW\JSAPNEW.csproj]
C:\Users\Rohit Rathod\Desktop\JsapProject\JSAPNEW\Models\DashboardModels.cs(21,23): warning CS8618: Non-nullable property 'Budget_Needed' must contain a non-null value when exiting constructor. Consider adding the 'required' modifier or declaring the property as nullable. [C:\Users\Rohit Rathod\Desktop\JsapProject\JSAPNEW\JSAPNEW.csproj]
C:\Users\Rohit Rathod\Desktop\JsapProject\JSAPNEW\Models\DashboardModels.cs(22,23): warning CS8618: Non-nullable property 'Timeline' must contain a non-null value when exiting constructor. Consider adding the 'required' modifier or declaring the property as nullable. [C:\Users\Rohit Rathod\Desktop\JsapProject\JSAPNEW\JSAPNEW.csproj]
C:\Users\Rohit Rathod\Desktop\JsapProject\JSAPNEW\Models\DashboardModels.cs(23,23): warning CS8618: Non-nullable property 'Tools_Recommended' must contain a non-null value when exiting constructor. Consider adding the 'required' modifier or declaring the property as nullable. [C:\Users\Rohit Rathod\Desktop\JsapProject\JSAPNEW\JSAPNEW.csproj]
C:\Users\Rohit Rathod\Desktop\JsapProject\JSAPNEW\Models\DashboardModels.cs(24,23): warning CS8618: Non-nullable property 'Notes' must contain a non-null value when exiting constructor. Consider adding the 'required' modifier or declaring the property as nullable. [C:\Users\Rohit Rathod\Desktop\JsapProject\JSAPNEW\JSAPNEW.csproj]
C:\Users\Rohit Rathod\Desktop\JsapProject\JSAPNEW\Models\CreditLimitModels.cs(261,23): warning CS8618: Non-nullable property 'BranchId' must contain a non-null value when exiting constructor. Consider adding the 'required' modifier or declaring the property as nullable. [C:\Users\Rohit Rathod\Desktop\JsapProject\JSAPNEW\JSAPNEW.csproj]
C:\Users\Rohit Rathod\Desktop\JsapProject\JSAPNEW\Models\CreditLimitModels.cs(262,23): warning CS8618: Non-nullable property 'CustomerCode' must contain a non-null value when exiting constructor. Consider adding the 'required' modifier or declaring the property as nullable. [C:\Users\Rohit Rathod\Desktop\JsapProject\JSAPNEW\JSAPNEW.csproj]
C:\Users\Rohit Rathod\Desktop\JsapProject\JSAPNEW\Models\DocumentDispatchModels.cs(92,23): warning CS8618: Non-nullable property 'bundleId' must contain a non-null value when exiting constructor. Consider adding the 'required' modifier or declaring the property as nullable. [C:\Users\Rohit Rathod\Desktop\JsapProject\JSAPNEW\JSAPNEW.csproj]
C:\Users\Rohit Rathod\Desktop\JsapProject\JSAPNEW\Models\DocumentDispatchModels.cs(93,23): warning CS8618: Non-nullable property 'docId' must contain a non-null value when exiting constructor. Consider adding the 'required' modifier or declaring the property as nullable. [C:\Users\Rohit Rathod\Desktop\JsapProject\JSAPNEW\JSAPNEW.csproj]
C:\Users\Rohit Rathod\Desktop\JsapProject\JSAPNEW\Models\DocumentDispatchModels.cs(94,23): warning CS8618: Non-nullable property 'docType' must contain a non-null value when exiting constructor. Consider adding the 'required' modifier or declaring the property as nullable. [C:\Users\Rohit Rathod\Desktop\JsapProject\JSAPNEW\JSAPNEW.csproj]
C:\Users\Rohit Rathod\Desktop\JsapProject\JSAPNEW\Models\DocumentDispatchModels.cs(95,23): warning CS8618: Non-nullable property 'branch' must contain a non-null value when exiting constructor. Consider adding the 'required' modifier or declaring the property as nullable. [C:\Users\Rohit Rathod\Desktop\JsapProject\JSAPNEW\JSAPNEW.csproj]
C:\Users\Rohit Rathod\Desktop\JsapProject\JSAPNEW\Models\DocumentDispatchModels.cs(96,23): warning CS8618: Non-nullable property 'attachment' must contain a non-null value when exiting constructor. Consider adding the 'required' modifier or declaring the property as nullable. [C:\Users\Rohit Rathod\Desktop\JsapProject\JSAPNEW\JSAPNEW.csproj]
C:\Users\Rohit Rathod\Desktop\JsapProject\JSAPNEW\Models\DocumentDispatchModels.cs(97,23): warning CS8618: Non-nullable property 'status' must contain a non-null value when exiting constructor. Consider adding the 'required' modifier or declaring the property as nullable. [C:\Users\Rohit Rathod\Desktop\JsapProject\JSAPNEW\JSAPNEW.csproj]
C:\Users\Rohit Rathod\Desktop\JsapProject\JSAPNEW\Models\DocumentDispatchModels.cs(98,23): warning CS8618: Non-nullable property 'rejectedReason' must contain a non-null value when exiting constructor. Consider adding the 'required' modifier or declaring the property as nullable. [C:\Users\Rohit Rathod\Desktop\JsapProject\JSAPNEW\JSAPNEW.csproj]
C:\Users\Rohit Rathod\Desktop\JsapProject\JSAPNEW\Models\DocumentDispatchModels.cs(101,23): warning CS8618: Non-nullable property 'receivedBy' must contain a non-null value when exiting constructor. Consider adding the 'required' modifier or declaring the property as nullable. [C:\Users\Rohit Rathod\Desktop\JsapProject\JSAPNEW\JSAPNEW.csproj]
C:\Users\Rohit Rathod\Desktop\JsapProject\JSAPNEW\Models\DocumentDispatchModels.cs(103,23): warning CS8618: Non-nullable property 'loginUser' must contain a non-null value when exiting constructor. Consider adding the 'required' modifier or declaring the property as nullable. [C:\Users\Rohit Rathod\Desktop\JsapProject\JSAPNEW\JSAPNEW.csproj]
C:\Users\Rohit Rathod\Desktop\JsapProject\JSAPNEW\Models\CreditLimitModels.cs(238,23): warning CS8618: Non-nullable property 'Remarks' must contain a non-null value when exiting constructor. Consider adding the 'required' modifier or declaring the property as nullable. [C:\Users\Rohit Rathod\Desktop\JsapProject\JSAPNEW\JSAPNEW.csproj]
C:\Users\Rohit Rathod\Desktop\JsapProject\JSAPNEW\Models\GIGOModels.cs(13,34): warning CS8618: Non-nullable property 'EntryType' must contain a non-null value when exiting constructor. Consider adding the 'required' modifier or declaring the property as nullable. [C:\Users\Rohit Rathod\Desktop\JsapProject\JSAPNEW\JSAPNEW.csproj]
C:\Users\Rohit Rathod\Desktop\JsapProject\JSAPNEW\Models\GIGOModels.cs(15,34): warning CS8618: Non-nullable property 'PartyID' must contain a non-null value when exiting constructor. Consider adding the 'required' modifier or declaring the property as nullable. [C:\Users\Rohit Rathod\Desktop\JsapProject\JSAPNEW\JSAPNEW.csproj]
C:\Users\Rohit Rathod\Desktop\JsapProject\JSAPNEW\Models\GIGOModels.cs(16,34): warning CS8618: Non-nullable property 'DocumentType' must contain a non-null value when exiting constructor. Consider adding the 'required' modifier or declaring the property as nullable. [C:\Users\Rohit Rathod\Desktop\JsapProject\JSAPNEW\JSAPNEW.csproj]
C:\Users\Rohit Rathod\Desktop\JsapProject\JSAPNEW\Models\GIGOModels.cs(17,34): warning CS8618: Non-nullable property 'Remarks' must contain a non-null value when exiting constructor. Consider adding the 'required' modifier or declaring the property as nullable. [C:\Users\Rohit Rathod\Desktop\JsapProject\JSAPNEW\JSAPNEW.csproj]
C:\Users\Rohit Rathod\Desktop\JsapProject\JSAPNEW\Models\CreditLimitModels.cs(84,23): warning CS8618: Non-nullable property 'month' must contain a non-null value when exiting constructor. Consider adding the 'required' modifier or declaring the property as nullable. [C:\Users\Rohit Rathod\Desktop\JsapProject\JSAPNEW\JSAPNEW.csproj]
C:\Users\Rohit Rathod\Desktop\JsapProject\JSAPNEW\Models\CreditLimitModels.cs(191,23): warning CS8618: Non-nullable property 'StageName' must contain a non-null value when exiting constructor. Consider adding the 'required' modifier or declaring the property as nullable. [C:\Users\Rohit Rathod\Desktop\JsapProject\JSAPNEW\JSAPNEW.csproj]
C:\Users\Rohit Rathod\Desktop\JsapProject\JSAPNEW\Models\CreditLimitModels.cs(193,23): warning CS8618: Non-nullable property 'AssignedTo' must contain a non-null value when exiting constructor. Consider adding the 'required' modifier or declaring the property as nullable. [C:\Users\Rohit Rathod\Desktop\JsapProject\JSAPNEW\JSAPNEW.csproj]
C:\Users\Rohit Rathod\Desktop\JsapProject\JSAPNEW\Models\CreditLimitModels.cs(194,23): warning CS8618: Non-nullable property 'ActionStatus' must contain a non-null value when exiting constructor. Consider adding the 'required' modifier or declaring the property as nullable. [C:\Users\Rohit Rathod\Desktop\JsapProject\JSAPNEW\JSAPNEW.csproj]
C:\Users\Rohit Rathod\Desktop\JsapProject\JSAPNEW\Models\CreditLimitModels.cs(196,23): warning CS8618: Non-nullable property 'Description' must contain a non-null value when exiting constructor. Consider adding the 'required' modifier or declaring the property as nullable. [C:\Users\Rohit Rathod\Desktop\JsapProject\JSAPNEW\JSAPNEW.csproj]
C:\Users\Rohit Rathod\Desktop\JsapProject\JSAPNEW\Models\CreditLimitModels.cs(211,23): warning CS8618: Non-nullable property 'CustomerCode' must contain a non-null value when exiting constructor. Consider adding the 'required' modifier or declaring the property as nullable. [C:\Users\Rohit Rathod\Desktop\JsapProject\JSAPNEW\JSAPNEW.csproj]
C:\Users\Rohit Rathod\Desktop\JsapProject\JSAPNEW\Models\CreditLimitModels.cs(212,23): warning CS8618: Non-nullable property 'CustomerName' must contain a non-null value when exiting constructor. Consider adding the 'required' modifier or declaring the property as nullable. [C:\Users\Rohit Rathod\Desktop\JsapProject\JSAPNEW\JSAPNEW.csproj]
C:\Users\Rohit Rathod\Desktop\JsapProject\JSAPNEW\Models\CreditLimitModels.cs(213,23): warning CS8618: Non-nullable property 'BranchId' must contain a non-null value when exiting constructor. Consider adding the 'required' modifier or declaring the property as nullable. [C:\Users\Rohit Rathod\Desktop\JsapProject\JSAPNEW\JSAPNEW.csproj]
C:\Users\Rohit Rathod\Desktop\JsapProject\JSAPNEW\Models\CreditLimitModels.cs(214,23): warning CS8618: Non-nullable property 'CustomerValue' must contain a non-null value when exiting constructor. Consider adding the 'required' modifier or declaring the property as nullable. [C:\Users\Rohit Rathod\Desktop\JsapProject\JSAPNEW\JSAPNEW.csproj]
C:\Users\Rohit Rathod\Desktop\JsapProject\JSAPNEW\Models\CreditLimitModels.cs(218,23): warning CS8618: Non-nullable property 'ValidTill' must contain a non-null value when exiting constructor. Consider adding the 'required' modifier or declaring the property as nullable. [C:\Users\Rohit Rathod\Desktop\JsapProject\JSAPNEW\JSAPNEW.csproj]
C:\Users\Rohit Rathod\Desktop\JsapProject\JSAPNEW\Models\CreditLimitModels.cs(220,23): warning CS8618: Non-nullable property 'CreatedBy' must contain a non-null value when exiting constructor. Consider adding the 'required' modifier or declaring the property as nullable. [C:\Users\Rohit Rathod\Desktop\JsapProject\JSAPNEW\JSAPNEW.csproj]
C:\Users\Rohit Rathod\Desktop\JsapProject\JSAPNEW\Models\CreditLimitModels.cs(222,23): warning CS8618: Non-nullable property 'Status' must contain a non-null value when exiting constructor. Consider adding the 'required' modifier or declaring the property as nullable. [C:\Users\Rohit Rathod\Desktop\JsapProject\JSAPNEW\JSAPNEW.csproj]
C:\Users\Rohit Rathod\Desktop\JsapProject\JSAPNEW\Models\CreditLimitModels.cs(77,23): warning CS8618: Non-nullable property 'Message' must contain a non-null value when exiting constructor. Consider adding the 'required' modifier or declaring the property as nullable. [C:\Users\Rohit Rathod\Desktop\JsapProject\JSAPNEW\JSAPNEW.csproj]
C:\Users\Rohit Rathod\Desktop\JsapProject\JSAPNEW\Models\DocumentDispatchModels.cs(30,23): warning CS8618: Non-nullable property 'BundleId' must contain a non-null value when exiting constructor. Consider adding the 'required' modifier or declaring the property as nullable. [C:\Users\Rohit Rathod\Desktop\JsapProject\JSAPNEW\JSAPNEW.csproj]
C:\Users\Rohit Rathod\Desktop\JsapProject\JSAPNEW\Models\DocumentDispatchModels.cs(31,23): warning CS8618: Non-nullable property 'Attachment' must contain a non-null value when exiting constructor. Consider adding the 'required' modifier or declaring the property as nullable. [C:\Users\Rohit Rathod\Desktop\JsapProject\JSAPNEW\JSAPNEW.csproj]
C:\Users\Rohit Rathod\Desktop\JsapProject\JSAPNEW\Models\DocumentDispatchModels.cs(32,23): warning CS8618: Non-nullable property 'DocId' must contain a non-null value when exiting constructor. Consider adding the 'required' modifier or declaring the property as nullable. [C:\Users\Rohit Rathod\Desktop\JsapProject\JSAPNEW\JSAPNEW.csproj]
C:\Users\Rohit Rathod\Desktop\JsapProject\JSAPNEW\Models\DocumentDispatchModels.cs(33,23): warning CS8618: Non-nullable property 'DocType' must contain a non-null value when exiting constructor. Consider adding the 'required' modifier or declaring the property as nullable. [C:\Users\Rohit Rathod\Desktop\JsapProject\JSAPNEW\JSAPNEW.csproj]
C:\Users\Rohit Rathod\Desktop\JsapProject\JSAPNEW\Models\DocumentDispatchModels.cs(34,23): warning CS8618: Non-nullable property 'Branch' must contain a non-null value when exiting constructor. Consider adding the 'required' modifier or declaring the property as nullable. [C:\Users\Rohit Rathod\Desktop\JsapProject\JSAPNEW\JSAPNEW.csproj]
C:\Users\Rohit Rathod\Desktop\JsapProject\JSAPNEW\Models\DocumentDispatchModels.cs(37,23): warning CS8618: Non-nullable property 'status' must contain a non-null value when exiting constructor. Consider adding the 'required' modifier or declaring the property as nullable. [C:\Users\Rohit Rathod\Desktop\JsapProject\JSAPNEW\JSAPNEW.csproj]
C:\Users\Rohit Rathod\Desktop\JsapProject\JSAPNEW\Models\DocumentDispatchModels.cs(38,23): warning CS8618: Non-nullable property 'createdByName' must contain a non-null value when exiting constructor. Consider adding the 'required' modifier or declaring the property as nullable. [C:\Users\Rohit Rathod\Desktop\JsapProject\JSAPNEW\JSAPNEW.csproj]
C:\Users\Rohit Rathod\Desktop\JsapProject\JSAPNEW\Models\DocumentDispatchModels.cs(39,23): warning CS8618: Non-nullable property 'receivedByName' must contain a non-null value when exiting constructor. Consider adding the 'required' modifier or declaring the property as nullable. [C:\Users\Rohit Rathod\Desktop\JsapProject\JSAPNEW\JSAPNEW.csproj]
C:\Users\Rohit Rathod\Desktop\JsapProject\JSAPNEW\Models\DocumentDispatchModels.cs(17,23): warning CS8618: Non-nullable property 'BundleId' must contain a non-null value when exiting constructor. Consider adding the 'required' modifier or declaring the property as nullable. [C:\Users\Rohit Rathod\Desktop\JsapProject\JSAPNEW\JSAPNEW.csproj]
C:\Users\Rohit Rathod\Desktop\JsapProject\JSAPNEW\Models\DocumentDispatchModels.cs(18,23): warning CS8618: Non-nullable property 'Attachment' must contain a non-null value when exiting constructor. Consider adding the 'required' modifier or declaring the property as nullable. [C:\Users\Rohit Rathod\Desktop\JsapProject\JSAPNEW\JSAPNEW.csproj]
C:\Users\Rohit Rathod\Desktop\JsapProject\JSAPNEW\Models\DocumentDispatchModels.cs(19,23): warning CS8618: Non-nullable property 'DocId' must contain a non-null value when exiting constructor. Consider adding the 'required' modifier or declaring the property as nullable. [C:\Users\Rohit Rathod\Desktop\JsapProject\JSAPNEW\JSAPNEW.csproj]
C:\Users\Rohit Rathod\Desktop\JsapProject\JSAPNEW\Models\DocumentDispatchModels.cs(20,23): warning CS8618: Non-nullable property 'DocType' must contain a non-null value when exiting constructor. Consider adding the 'required' modifier or declaring the property as nullable. [C:\Users\Rohit Rathod\Desktop\JsapProject\JSAPNEW\JSAPNEW.csproj]
C:\Users\Rohit Rathod\Desktop\JsapProject\JSAPNEW\Models\DocumentDispatchModels.cs(21,23): warning CS8618: Non-nullable property 'Branch' must contain a non-null value when exiting constructor. Consider adding the 'required' modifier or declaring the property as nullable. [C:\Users\Rohit Rathod\Desktop\JsapProject\JSAPNEW\JSAPNEW.csproj]
C:\Users\Rohit Rathod\Desktop\JsapProject\JSAPNEW\Models\DocumentDispatchModels.cs(24,23): warning CS8618: Non-nullable property 'Status' must contain a non-null value when exiting constructor. Consider adding the 'required' modifier or declaring the property as nullable. [C:\Users\Rohit Rathod\Desktop\JsapProject\JSAPNEW\JSAPNEW.csproj]
C:\Users\Rohit Rathod\Desktop\JsapProject\JSAPNEW\Models\CreditLimitModels.cs(71,23): warning CS8618: Non-nullable property 'Message' must contain a non-null value when exiting constructor. Consider adding the 'required' modifier or declaring the property as nullable. [C:\Users\Rohit Rathod\Desktop\JsapProject\JSAPNEW\JSAPNEW.csproj]
C:\Users\Rohit Rathod\Desktop\JsapProject\JSAPNEW\Models\HierarchyModels.cs(156,23): warning CS8618: Non-nullable property 'SearchTerm' must contain a non-null value when exiting constructor. Consider adding the 'required' modifier or declaring the property as nullable. [C:\Users\Rohit Rathod\Desktop\JsapProject\JSAPNEW\JSAPNEW.csproj]
C:\Users\Rohit Rathod\Desktop\JsapProject\JSAPNEW\Models\CreditLimitModels.cs(63,23): warning CS8618: Non-nullable property 'FileName' must contain a non-null value when exiting constructor. Consider adding the 'required' modifier or declaring the property as nullable. [C:\Users\Rohit Rathod\Desktop\JsapProject\JSAPNEW\JSAPNEW.csproj]
C:\Users\Rohit Rathod\Desktop\JsapProject\JSAPNEW\Models\CreditLimitModels.cs(64,23): warning CS8618: Non-nullable property 'Extension' must contain a non-null value when exiting constructor. Consider adding the 'required' modifier or declaring the property as nullable. [C:\Users\Rohit Rathod\Desktop\JsapProject\JSAPNEW\JSAPNEW.csproj]
C:\Users\Rohit Rathod\Desktop\JsapProject\JSAPNEW\Models\CreditLimitModels.cs(65,23): warning CS8618: Non-nullable property 'FilePath' must contain a non-null value when exiting constructor. Consider adding the 'required' modifier or declaring the property as nullable. [C:\Users\Rohit Rathod\Desktop\JsapProject\JSAPNEW\JSAPNEW.csproj]
C:\Users\Rohit Rathod\Desktop\JsapProject\JSAPNEW\Models\CreditLimitModels.cs(66,23): warning CS8618: Non-nullable property 'UploadedBy' must contain a non-null value when exiting constructor. Consider adding the 'required' modifier or declaring the property as nullable. [C:\Users\Rohit Rathod\Desktop\JsapProject\JSAPNEW\JSAPNEW.csproj]
C:\Users\Rohit Rathod\Desktop\JsapProject\JSAPNEW\Models\CreditLimitModels.cs(122,23): warning CS8618: Non-nullable property 'BranchId' must contain a non-null value when exiting constructor. Consider adding the 'required' modifier or declaring the property as nullable. [C:\Users\Rohit Rathod\Desktop\JsapProject\JSAPNEW\JSAPNEW.csproj]
C:\Users\Rohit Rathod\Desktop\JsapProject\JSAPNEW\Models\CreditLimitModels.cs(123,23): warning CS8618: Non-nullable property 'CustomerCode' must contain a non-null value when exiting constructor. Consider adding the 'required' modifier or declaring the property as nullable. [C:\Users\Rohit Rathod\Desktop\JsapProject\JSAPNEW\JSAPNEW.csproj]
C:\Users\Rohit Rathod\Desktop\JsapProject\JSAPNEW\Models\CreditLimitModels.cs(124,23): warning CS8618: Non-nullable property 'CustomerName' must contain a non-null value when exiting constructor. Consider adding the 'required' modifier or declaring the property as nullable. [C:\Users\Rohit Rathod\Desktop\JsapProject\JSAPNEW\JSAPNEW.csproj]
C:\Users\Rohit Rathod\Desktop\JsapProject\JSAPNEW\Models\CreditLimitModels.cs(125,23): warning CS8618: Non-nullable property 'CustomerValue' must contain a non-null value when exiting constructor. Consider adding the 'required' modifier or declaring the property as nullable. [C:\Users\Rohit Rathod\Desktop\JsapProject\JSAPNEW\JSAPNEW.csproj]
C:\Users\Rohit Rathod\Desktop\JsapProject\JSAPNEW\Models\CreditLimitModels.cs(129,23): warning CS8618: Non-nullable property 'ValidTill' must contain a non-null value when exiting constructor. Consider adding the 'required' modifier or declaring the property as nullable. [C:\Users\Rohit Rathod\Desktop\JsapProject\JSAPNEW\JSAPNEW.csproj]
C:\Users\Rohit Rathod\Desktop\JsapProject\JSAPNEW\Models\CreditLimitModels.cs(131,23): warning CS8618: Non-nullable property 'CreatedBy' must contain a non-null value when exiting constructor. Consider adding the 'required' modifier or declaring the property as nullable. [C:\Users\Rohit Rathod\Desktop\JsapProject\JSAPNEW\JSAPNEW.csproj]
C:\Users\Rohit Rathod\Desktop\JsapProject\JSAPNEW\Models\CreditLimitModels.cs(6,23): warning CS8618: Non-nullable property 'Message' must contain a non-null value when exiting constructor. Consider adding the 'required' modifier or declaring the property as nullable. [C:\Users\Rohit Rathod\Desktop\JsapProject\JSAPNEW\JSAPNEW.csproj]
C:\Users\Rohit Rathod\Desktop\JsapProject\JSAPNEW\Models\CreditLimitModels.cs(26,23): warning CS8618: Non-nullable property 'CardCode' must contain a non-null value when exiting constructor. Consider adding the 'required' modifier or declaring the property as nullable. [C:\Users\Rohit Rathod\Desktop\JsapProject\JSAPNEW\JSAPNEW.csproj]
C:\Users\Rohit Rathod\Desktop\JsapProject\JSAPNEW\Models\CreditLimitModels.cs(27,23): warning CS8618: Non-nullable property 'CardName' must contain a non-null value when exiting constructor. Consider adding the 'required' modifier or declaring the property as nullable. [C:\Users\Rohit Rathod\Desktop\JsapProject\JSAPNEW\JSAPNEW.csproj]
C:\Users\Rohit Rathod\Desktop\JsapProject\JSAPNEW\Models\CreditLimitModels.cs(28,23): warning CS8618: Non-nullable property 'CardType' must contain a non-null value when exiting constructor. Consider adding the 'required' modifier or declaring the property as nullable. [C:\Users\Rohit Rathod\Desktop\JsapProject\JSAPNEW\JSAPNEW.csproj]
C:\Users\Rohit Rathod\Desktop\JsapProject\JSAPNEW\Models\CreditLimitModels.cs(29,23): warning CS8618: Non-nullable property 'Balance' must contain a non-null value when exiting constructor. Consider adding the 'required' modifier or declaring the property as nullable. [C:\Users\Rohit Rathod\Desktop\JsapProject\JSAPNEW\JSAPNEW.csproj]
C:\Users\Rohit Rathod\Desktop\JsapProject\JSAPNEW\Models\CreditLimitModels.cs(30,23): warning CS8618: Non-nullable property 'DebtLine' must contain a non-null value when exiting constructor. Consider adding the 'required' modifier or declaring the property as nullable. [C:\Users\Rohit Rathod\Desktop\JsapProject\JSAPNEW\JSAPNEW.csproj]
C:\Users\Rohit Rathod\Desktop\JsapProject\JSAPNEW\Models\CreditLimitModels.cs(31,23): warning CS8618: Non-nullable property 'CreditLine' must contain a non-null value when exiting constructor. Consider adding the 'required' modifier or declaring the property as nullable. [C:\Users\Rohit Rathod\Desktop\JsapProject\JSAPNEW\JSAPNEW.csproj]
C:\Users\Rohit Rathod\Desktop\JsapProject\JSAPNEW\Models\CreditLimitModels.cs(35,23): warning CS8618: Non-nullable property 'BranchId' must contain a non-null value when exiting constructor. Consider adding the 'required' modifier or declaring the property as nullable. [C:\Users\Rohit Rathod\Desktop\JsapProject\JSAPNEW\JSAPNEW.csproj]
C:\Users\Rohit Rathod\Desktop\JsapProject\JSAPNEW\Models\CreditLimitModels.cs(36,23): warning CS8618: Non-nullable property 'CustomerCode' must contain a non-null value when exiting constructor. Consider adding the 'required' modifier or declaring the property as nullable. [C:\Users\Rohit Rathod\Desktop\JsapProject\JSAPNEW\JSAPNEW.csproj]
C:\Users\Rohit Rathod\Desktop\JsapProject\JSAPNEW\Models\CreditLimitModels.cs(37,23): warning CS8618: Non-nullable property 'CustomerValue' must contain a non-null value when exiting constructor. Consider adding the 'required' modifier or declaring the property as nullable. [C:\Users\Rohit Rathod\Desktop\JsapProject\JSAPNEW\JSAPNEW.csproj]
C:\Users\Rohit Rathod\Desktop\JsapProject\JSAPNEW\Models\CreditLimitModels.cs(41,23): warning CS8618: Non-nullable property 'ValidTill' must contain a non-null value when exiting constructor. Consider adding the 'required' modifier or declaring the property as nullable. [C:\Users\Rohit Rathod\Desktop\JsapProject\JSAPNEW\JSAPNEW.csproj]
C:\Users\Rohit Rathod\Desktop\JsapProject\JSAPNEW\Models\ChangePasswordRequest.cs(36,23): warning CS8618: Non-nullable property 'Message' must contain a non-null value when exiting constructor. Consider adding the 'required' modifier or declaring the property as nullable. [C:\Users\Rohit Rathod\Desktop\JsapProject\JSAPNEW\JSAPNEW.csproj]
C:\Users\Rohit Rathod\Desktop\JsapProject\JSAPNEW\Models\CreditLimitModels.cs(11,23): warning CS8618: Non-nullable property 'CardCode' must contain a non-null value when exiting constructor. Consider adding the 'required' modifier or declaring the property as nullable. [C:\Users\Rohit Rathod\Desktop\JsapProject\JSAPNEW\JSAPNEW.csproj]
C:\Users\Rohit Rathod\Desktop\JsapProject\JSAPNEW\Models\ChangePasswordRequest.cs(27,23): warning CS8618: Non-nullable property 'NewPassword' must contain a non-null value when exiting constructor. Consider adding the 'required' modifier or declaring the property as nullable. [C:\Users\Rohit Rathod\Desktop\JsapProject\JSAPNEW\JSAPNEW.csproj]
C:\Users\Rohit Rathod\Desktop\JsapProject\JSAPNEW\Models\ChangePasswordRequest.cs(45,23): warning CS8618: Non-nullable property 'CurrentPassword' must contain a non-null value when exiting constructor. Consider adding the 'required' modifier or declaring the property as nullable. [C:\Users\Rohit Rathod\Desktop\JsapProject\JSAPNEW\JSAPNEW.csproj]
C:\Users\Rohit Rathod\Desktop\JsapProject\JSAPNEW\Models\ChangePasswordRequest.cs(49,23): warning CS8618: Non-nullable property 'NewLoginUser' must contain a non-null value when exiting constructor. Consider adding the 'required' modifier or declaring the property as nullable. [C:\Users\Rohit Rathod\Desktop\JsapProject\JSAPNEW\JSAPNEW.csproj]
C:\Users\Rohit Rathod\Desktop\JsapProject\JSAPNEW\Models\CreditLimitModels.cs(47,23): warning CS8618: Non-nullable property 'BranchId' must contain a non-null value when exiting constructor. Consider adding the 'required' modifier or declaring the property as nullable. [C:\Users\Rohit Rathod\Desktop\JsapProject\JSAPNEW\JSAPNEW.csproj]
C:\Users\Rohit Rathod\Desktop\JsapProject\JSAPNEW\Models\CreditLimitModels.cs(48,23): warning CS8618: Non-nullable property 'CustomerCode' must contain a non-null value when exiting constructor. Consider adding the 'required' modifier or declaring the property as nullable. [C:\Users\Rohit Rathod\Desktop\JsapProject\JSAPNEW\JSAPNEW.csproj]
C:\Users\Rohit Rathod\Desktop\JsapProject\JSAPNEW\Models\CreditLimitModels.cs(49,23): warning CS8618: Non-nullable property 'CustomerValue' must contain a non-null value when exiting constructor. Consider adding the 'required' modifier or declaring the property as nullable. [C:\Users\Rohit Rathod\Desktop\JsapProject\JSAPNEW\JSAPNEW.csproj]
C:\Users\Rohit Rathod\Desktop\JsapProject\JSAPNEW\Models\CreditLimitModels.cs(53,23): warning CS8618: Non-nullable property 'ValidTill' must contain a non-null value when exiting constructor. Consider adding the 'required' modifier or declaring the property as nullable. [C:\Users\Rohit Rathod\Desktop\JsapProject\JSAPNEW\JSAPNEW.csproj]
C:\Users\Rohit Rathod\Desktop\JsapProject\JSAPNEW\Models\CreditLimitModels.cs(58,32): warning CS8618: Non-nullable property 'Attachments' must contain a non-null value when exiting constructor. Consider adding the 'required' modifier or declaring the property as nullable. [C:\Users\Rohit Rathod\Desktop\JsapProject\JSAPNEW\JSAPNEW.csproj]
C:\Users\Rohit Rathod\Desktop\JsapProject\JSAPNEW\Models\ChangePasswordRequest.cs(8,23): warning CS8618: Non-nullable property 'CurrentPassword' must contain a non-null value when exiting constructor. Consider adding the 'required' modifier or declaring the property as nullable. [C:\Users\Rohit Rathod\Desktop\JsapProject\JSAPNEW\JSAPNEW.csproj]
C:\Users\Rohit Rathod\Desktop\JsapProject\JSAPNEW\Models\ChangePasswordRequest.cs(14,23): warning CS8618: Non-nullable property 'NewPassword' must contain a non-null value when exiting constructor. Consider adding the 'required' modifier or declaring the property as nullable. [C:\Users\Rohit Rathod\Desktop\JsapProject\JSAPNEW\JSAPNEW.csproj]
C:\Users\Rohit Rathod\Desktop\JsapProject\JSAPNEW\Models\DocumentDispatchModels.cs(5,23): warning CS8618: Non-nullable property 'DatabaseName' must contain a non-null value when exiting constructor. Consider adding the 'required' modifier or declaring the property as nullable. [C:\Users\Rohit Rathod\Desktop\JsapProject\JSAPNEW\JSAPNEW.csproj]
C:\Users\Rohit Rathod\Desktop\JsapProject\JSAPNEW\Models\DocumentDispatchModels.cs(6,23): warning CS8618: Non-nullable property 'DocEntry' must contain a non-null value when exiting constructor. Consider adding the 'required' modifier or declaring the property as nullable. [C:\Users\Rohit Rathod\Desktop\JsapProject\JSAPNEW\JSAPNEW.csproj]
C:\Users\Rohit Rathod\Desktop\JsapProject\JSAPNEW\Models\DocumentDispatchModels.cs(7,23): warning CS8618: Non-nullable property 'DocNum' must contain a non-null value when exiting constructor. Consider adding the 'required' modifier or declaring the property as nullable. [C:\Users\Rohit Rathod\Desktop\JsapProject\JSAPNEW\JSAPNEW.csproj]
C:\Users\Rohit Rathod\Desktop\JsapProject\JSAPNEW\Models\DocumentDispatchModels.cs(8,23): warning CS8618: Non-nullable property 'DocDate' must contain a non-null value when exiting constructor. Consider adding the 'required' modifier or declaring the property as nullable. [C:\Users\Rohit Rathod\Desktop\JsapProject\JSAPNEW\JSAPNEW.csproj]
C:\Users\Rohit Rathod\Desktop\JsapProject\JSAPNEW\Models\DocumentDispatchModels.cs(9,23): warning CS8618: Non-nullable property 'CreateDate' must contain a non-null value when exiting constructor. Consider adding the 'required' modifier or declaring the property as nullable. [C:\Users\Rohit Rathod\Desktop\JsapProject\JSAPNEW\JSAPNEW.csproj]
C:\Users\Rohit Rathod\Desktop\JsapProject\JSAPNEW\Models\DocumentDispatchModels.cs(10,23): warning CS8618: Non-nullable property 'CardCode' must contain a non-null value when exiting constructor. Consider adding the 'required' modifier or declaring the property as nullable. [C:\Users\Rohit Rathod\Desktop\JsapProject\JSAPNEW\JSAPNEW.csproj]
C:\Users\Rohit Rathod\Desktop\JsapProject\JSAPNEW\Models\DocumentDispatchModels.cs(11,23): warning CS8618: Non-nullable property 'CardName' must contain a non-null value when exiting constructor. Consider adding the 'required' modifier or declaring the property as nullable. [C:\Users\Rohit Rathod\Desktop\JsapProject\JSAPNEW\JSAPNEW.csproj]
C:\Users\Rohit Rathod\Desktop\JsapProject\JSAPNEW\Models\DocumentDispatchModels.cs(12,23): warning CS8618: Non-nullable property 'DocTotal' must contain a non-null value when exiting constructor. Consider adding the 'required' modifier or declaring the property as nullable. [C:\Users\Rohit Rathod\Desktop\JsapProject\JSAPNEW\JSAPNEW.csproj]
C:\Users\Rohit Rathod\Desktop\JsapProject\JSAPNEW\Models\DocumentDispatchModels.cs(13,23): warning CS8618: Non-nullable property 'link' must contain a non-null value when exiting constructor. Consider adding the 'required' modifier or declaring the property as nullable. [C:\Users\Rohit Rathod\Desktop\JsapProject\JSAPNEW\JSAPNEW.csproj]
C:\Users\Rohit Rathod\Desktop\JsapProject\JSAPNEW\Models\GIGOModels.cs(29,23): warning CS8618: Non-nullable property 'FileName' must contain a non-null value when exiting constructor. Consider adding the 'required' modifier or declaring the property as nullable. [C:\Users\Rohit Rathod\Desktop\JsapProject\JSAPNEW\JSAPNEW.csproj]
C:\Users\Rohit Rathod\Desktop\JsapProject\JSAPNEW\Models\GIGOModels.cs(30,23): warning CS8618: Non-nullable property 'FileType' must contain a non-null value when exiting constructor. Consider adding the 'required' modifier or declaring the property as nullable. [C:\Users\Rohit Rathod\Desktop\JsapProject\JSAPNEW\JSAPNEW.csproj]
C:\Users\Rohit Rathod\Desktop\JsapProject\JSAPNEW\Models\HierarchyModels.cs(533,23): warning CS8618: Non-nullable property 'Status' must contain a non-null value when exiting constructor. Consider adding the 'required' modifier or declaring the property as nullable. [C:\Users\Rohit Rathod\Desktop\JsapProject\JSAPNEW\JSAPNEW.csproj]
C:\Users\Rohit Rathod\Desktop\JsapProject\JSAPNEW\Models\HierarchyModels.cs(534,23): warning CS8618: Non-nullable property 'HodAction' must contain a non-null value when exiting constructor. Consider adding the 'required' modifier or declaring the property as nullable. [C:\Users\Rohit Rathod\Desktop\JsapProject\JSAPNEW\JSAPNEW.csproj]
C:\Users\Rohit Rathod\Desktop\JsapProject\JSAPNEW\Models\HierarchyModels.cs(535,23): warning CS8618: Non-nullable property 'DeptAction' must contain a non-null value when exiting constructor. Consider adding the 'required' modifier or declaring the property as nullable. [C:\Users\Rohit Rathod\Desktop\JsapProject\JSAPNEW\JSAPNEW.csproj]
C:\Users\Rohit Rathod\Desktop\JsapProject\JSAPNEW\Models\HierarchyModels.cs(536,23): warning CS8618: Non-nullable property 'SubDeptAction' must contain a non-null value when exiting constructor. Consider adding the 'required' modifier or declaring the property as nullable. [C:\Users\Rohit Rathod\Desktop\JsapProject\JSAPNEW\JSAPNEW.csproj]
C:\Users\Rohit Rathod\Desktop\JsapProject\JSAPNEW\Models\HierarchyModels.cs(537,23): warning CS8618: Non-nullable property 'SubHodAction' must contain a non-null value when exiting constructor. Consider adding the 'required' modifier or declaring the property as nullable. [C:\Users\Rohit Rathod\Desktop\JsapProject\JSAPNEW\JSAPNEW.csproj]
C:\Users\Rohit Rathod\Desktop\JsapProject\JSAPNEW\Models\HierarchyModels.cs(538,23): warning CS8618: Non-nullable property 'ExecAction' must contain a non-null value when exiting constructor. Consider adding the 'required' modifier or declaring the property as nullable. [C:\Users\Rohit Rathod\Desktop\JsapProject\JSAPNEW\JSAPNEW.csproj]
C:\Users\Rohit Rathod\Desktop\JsapProject\JSAPNEW\Models\HierarchyModels.cs(539,23): warning CS8618: Non-nullable property 'ExecName' must contain a non-null value when exiting constructor. Consider adding the 'required' modifier or declaring the property as nullable. [C:\Users\Rohit Rathod\Desktop\JsapProject\JSAPNEW\JSAPNEW.csproj]
C:\Users\Rohit Rathod\Desktop\JsapProject\JSAPNEW\Models\HierarchyModels.cs(540,23): warning CS8618: Non-nullable property 'HodName' must contain a non-null value when exiting constructor. Consider adding the 'required' modifier or declaring the property as nullable. [C:\Users\Rohit Rathod\Desktop\JsapProject\JSAPNEW\JSAPNEW.csproj]
C:\Users\Rohit Rathod\Desktop\JsapProject\JSAPNEW\Models\HierarchyModels.cs(541,23): warning CS8618: Non-nullable property 'Message' must contain a non-null value when exiting constructor. Consider adding the 'required' modifier or declaring the property as nullable. [C:\Users\Rohit Rathod\Desktop\JsapProject\JSAPNEW\JSAPNEW.csproj]
C:\Users\Rohit Rathod\Desktop\JsapProject\JSAPNEW\Models\HierarchyModels.cs(56,39): warning CS8618: Non-nullable property 'EmployeeCode' must contain a non-null value when exiting constructor. Consider adding the 'required' modifier or declaring the property as nullable. [C:\Users\Rohit Rathod\Desktop\JsapProject\JSAPNEW\JSAPNEW.csproj]
C:\Users\Rohit Rathod\Desktop\JsapProject\JSAPNEW\Models\HierarchyModels.cs(57,50): warning CS8618: Non-nullable property 'EmployeeName' must contain a non-null value when exiting constructor. Consider adding the 'required' modifier or declaring the property as nullable. [C:\Users\Rohit Rathod\Desktop\JsapProject\JSAPNEW\JSAPNEW.csproj]
C:\Users\Rohit Rathod\Desktop\JsapProject\JSAPNEW\Models\HierarchyModels.cs(58,54): warning CS8618: Non-nullable property 'Email' must contain a non-null value when exiting constructor. Consider adding the 'required' modifier or declaring the property as nullable. [C:\Users\Rohit Rathod\Desktop\JsapProject\JSAPNEW\JSAPNEW.csproj]
C:\Users\Rohit Rathod\Desktop\JsapProject\JSAPNEW\Models\HierarchyModels.cs(59,46): warning CS8618: Non-nullable property 'Phone' must contain a non-null value when exiting constructor. Consider adding the 'required' modifier or declaring the property as nullable. [C:\Users\Rohit Rathod\Desktop\JsapProject\JSAPNEW\JSAPNEW.csproj]
C:\Users\Rohit Rathod\Desktop\JsapProject\JSAPNEW\Models\HierarchyModels.cs(60,40): warning CS8618: Non-nullable property 'Designation' must contain a non-null value when exiting constructor. Consider adding the 'required' modifier or declaring the property as nullable. [C:\Users\Rohit Rathod\Desktop\JsapProject\JSAPNEW\JSAPNEW.csproj]
C:\Users\Rohit Rathod\Desktop\JsapProject\JSAPNEW\Models\HierarchyModels.cs(68,60): warning CS8618: Non-nullable property 'RoleType' must contain a non-null value when exiting constructor. Consider adding the 'required' modifier or declaring the property as nullable. [C:\Users\Rohit Rathod\Desktop\JsapProject\JSAPNEW\JSAPNEW.csproj]
C:\Users\Rohit Rathod\Desktop\JsapProject\JSAPNEW\Models\HierarchyModels.cs(69,71): warning CS8618: Non-nullable property 'PrimaryDepartment' must contain a non-null value when exiting constructor. Consider adding the 'required' modifier or declaring the property as nullable. [C:\Users\Rohit Rathod\Desktop\JsapProject\JSAPNEW\JSAPNEW.csproj]
C:\Users\Rohit Rathod\Desktop\JsapProject\JSAPNEW\Models\HierarchyModels.cs(70,67): warning CS8618: Non-nullable property 'ReportingTo' must contain a non-null value when exiting constructor. Consider adding the 'required' modifier or declaring the property as nullable. [C:\Users\Rohit Rathod\Desktop\JsapProject\JSAPNEW\JSAPNEW.csproj]
C:\Users\Rohit Rathod\Desktop\JsapProject\JSAPNEW\Models\HierarchyModels.cs(71,67): warning CS8618: Non-nullable property 'DirectReports' must contain a non-null value when exiting constructor. Consider adding the 'required' modifier or declaring the property as nullable. [C:\Users\Rohit Rathod\Desktop\JsapProject\JSAPNEW\JSAPNEW.csproj]
C:\Users\Rohit Rathod\Desktop\JsapProject\JSAPNEW\Models\DashboardModels.cs(203,23): warning CS8618: Non-nullable property 'Attendees' must contain a non-null value when exiting constructor. Consider adding the 'required' modifier or declaring the property as nullable. [C:\Users\Rohit Rathod\Desktop\JsapProject\JSAPNEW\JSAPNEW.csproj]
C:\Users\Rohit Rathod\Desktop\JsapProject\JSAPNEW\Models\DashboardModels.cs(204,23): warning CS8618: Non-nullable property 'Agenda' must contain a non-null value when exiting constructor. Consider adding the 'required' modifier or declaring the property as nullable. [C:\Users\Rohit Rathod\Desktop\JsapProject\JSAPNEW\JSAPNEW.csproj]
C:\Users\Rohit Rathod\Desktop\JsapProject\JSAPNEW\Models\DashboardModels.cs(205,23): warning CS8618: Non-nullable property 'notes' must contain a non-null value when exiting constructor. Consider adding the 'required' modifier or declaring the property as nullable. [C:\Users\Rohit Rathod\Desktop\JsapProject\JSAPNEW\JSAPNEW.csproj]
C:\Users\Rohit Rathod\Desktop\JsapProject\JSAPNEW\Models\DashboardModels.cs(206,23): warning CS8618: Non-nullable property 'status' must contain a non-null value when exiting constructor. Consider adding the 'required' modifier or declaring the property as nullable. [C:\Users\Rohit Rathod\Desktop\JsapProject\JSAPNEW\JSAPNEW.csproj]
C:\Users\Rohit Rathod\Desktop\JsapProject\JSAPNEW\Models\CreditLimitModels.cs(89,23): warning CS8618: Non-nullable property 'BranchId' must contain a non-null value when exiting constructor. Consider adding the 'required' modifier or declaring the property as nullable. [C:\Users\Rohit Rathod\Desktop\JsapProject\JSAPNEW\JSAPNEW.csproj]
C:\Users\Rohit Rathod\Desktop\JsapProject\JSAPNEW\Models\CreditLimitModels.cs(90,23): warning CS8618: Non-nullable property 'CustomerCode' must contain a non-null value when exiting constructor. Consider adding the 'required' modifier or declaring the property as nullable. [C:\Users\Rohit Rathod\Desktop\JsapProject\JSAPNEW\JSAPNEW.csproj]
C:\Users\Rohit Rathod\Desktop\JsapProject\JSAPNEW\Models\CreditLimitModels.cs(91,23): warning CS8618: Non-nullable property 'CustomerName' must contain a non-null value when exiting constructor. Consider adding the 'required' modifier or declaring the property as nullable. [C:\Users\Rohit Rathod\Desktop\JsapProject\JSAPNEW\JSAPNEW.csproj]
C:\Users\Rohit Rathod\Desktop\JsapProject\JSAPNEW\Models\CreditLimitModels.cs(92,23): warning CS8618: Non-nullable property 'CustomerValue' must contain a non-null value when exiting constructor. Consider adding the 'required' modifier or declaring the property as nullable. [C:\Users\Rohit Rathod\Desktop\JsapProject\JSAPNEW\JSAPNEW.csproj]
C:\Users\Rohit Rathod\Desktop\JsapProject\JSAPNEW\Models\CreditLimitModels.cs(96,23): warning CS8618: Non-nullable property 'ValidTill' must contain a non-null value when exiting constructor. Consider adding the 'required' modifier or declaring the property as nullable. [C:\Users\Rohit Rathod\Desktop\JsapProject\JSAPNEW\JSAPNEW.csproj]
C:\Users\Rohit Rathod\Desktop\JsapProject\JSAPNEW\Models\CreditLimitModels.cs(98,23): warning CS8618: Non-nullable property 'CreatedBy' must contain a non-null value when exiting constructor. Consider adding the 'required' modifier or declaring the property as nullable. [C:\Users\Rohit Rathod\Desktop\JsapProject\JSAPNEW\JSAPNEW.csproj]
C:\Users\Rohit Rathod\Desktop\JsapProject\JSAPNEW\Models\CreditLimitModels.cs(101,23): warning CS8618: Non-nullable property 'hanaStatusText' must contain a non-null value when exiting constructor. Consider adding the 'required' modifier or declaring the property as nullable. [C:\Users\Rohit Rathod\Desktop\JsapProject\JSAPNEW\JSAPNEW.csproj]
C:\Users\Rohit Rathod\Desktop\JsapProject\JSAPNEW\Models\DashboardModels.cs(47,23): warning CS8618: Non-nullable property 'TaskId' must contain a non-null value when exiting constructor. Consider adding the 'required' modifier or declaring the property as nullable. [C:\Users\Rohit Rathod\Desktop\JsapProject\JSAPNEW\JSAPNEW.csproj]
C:\Users\Rohit Rathod\Desktop\JsapProject\JSAPNEW\Models\DashboardModels.cs(48,23): warning CS8618: Non-nullable property 'TaskName' must contain a non-null value when exiting constructor. Consider adding the 'required' modifier or declaring the property as nullable. [C:\Users\Rohit Rathod\Desktop\JsapProject\JSAPNEW\JSAPNEW.csproj]
C:\Users\Rohit Rathod\Desktop\JsapProject\JSAPNEW\Models\DashboardModels.cs(49,23): warning CS8618: Non-nullable property 'Description' must contain a non-null value when exiting constructor. Consider adding the 'required' modifier or declaring the property as nullable. [C:\Users\Rohit Rathod\Desktop\JsapProject\JSAPNEW\JSAPNEW.csproj]
C:\Users\Rohit Rathod\Desktop\JsapProject\JSAPNEW\Models\DashboardModels.cs(50,23): warning CS8618: Non-nullable property 'ProjectName' must contain a non-null value when exiting constructor. Consider adding the 'required' modifier or declaring the property as nullable. [C:\Users\Rohit Rathod\Desktop\JsapProject\JSAPNEW\JSAPNEW.csproj]
C:\Users\Rohit Rathod\Desktop\JsapProject\JSAPNEW\Models\DashboardModels.cs(51,23): warning CS8618: Non-nullable property 'ModuleName' must contain a non-null value when exiting constructor. Consider adding the 'required' modifier or declaring the property as nullable. [C:\Users\Rohit Rathod\Desktop\JsapProject\JSAPNEW\JSAPNEW.csproj]
C:\Users\Rohit Rathod\Desktop\JsapProject\JSAPNEW\Models\DashboardModels.cs(57,23): warning CS8618: Non-nullable property 'Status' must contain a non-null value when exiting constructor. Consider adding the 'required' modifier or declaring the property as nullable. [C:\Users\Rohit Rathod\Desktop\JsapProject\JSAPNEW\JSAPNEW.csproj]
C:\Users\Rohit Rathod\Desktop\JsapProject\JSAPNEW\Models\DashboardModels.cs(59,23): warning CS8618: Non-nullable property 'Priority' must contain a non-null value when exiting constructor. Consider adding the 'required' modifier or declaring the property as nullable. [C:\Users\Rohit Rathod\Desktop\JsapProject\JSAPNEW\JSAPNEW.csproj]
C:\Users\Rohit Rathod\Desktop\JsapProject\JSAPNEW\Models\DashboardModels.cs(75,23): warning CS8618: Non-nullable property 'Task_Id' must contain a non-null value when exiting constructor. Consider adding the 'required' modifier or declaring the property as nullable. [C:\Users\Rohit Rathod\Desktop\JsapProject\JSAPNEW\JSAPNEW.csproj]
C:\Users\Rohit Rathod\Desktop\JsapProject\JSAPNEW\Models\DashboardModels.cs(76,23): warning CS8618: Non-nullable property 'Task_Name' must contain a non-null value when exiting constructor. Consider adding the 'required' modifier or declaring the property as nullable. [C:\Users\Rohit Rathod\Desktop\JsapProject\JSAPNEW\JSAPNEW.csproj]
C:\Users\Rohit Rathod\Desktop\JsapProject\JSAPNEW\Models\DashboardModels.cs(77,23): warning CS8618: Non-nullable property 'Description' must contain a non-null value when exiting constructor. Consider adding the 'required' modifier or declaring the property as nullable. [C:\Users\Rohit Rathod\Desktop\JsapProject\JSAPNEW\JSAPNEW.csproj]
C:\Users\Rohit Rathod\Desktop\JsapProject\JSAPNEW\Models\DashboardModels.cs(78,23): warning CS8618: Non-nullable property 'Project_Name' must contain a non-null value when exiting constructor. Consider adding the 'required' modifier or declaring the property as nullable. [C:\Users\Rohit Rathod\Desktop\JsapProject\JSAPNEW\JSAPNEW.csproj]
C:\Users\Rohit Rathod\Desktop\JsapProject\JSAPNEW\Models\DashboardModels.cs(79,23): warning CS8618: Non-nullable property 'Module_Name' must contain a non-null value when exiting constructor. Consider adding the 'required' modifier or declaring the property as nullable. [C:\Users\Rohit Rathod\Desktop\JsapProject\JSAPNEW\JSAPNEW.csproj]
C:\Users\Rohit Rathod\Desktop\JsapProject\JSAPNEW\Models\DashboardModels.cs(81,23): warning CS8618: Non-nullable property 'assignedName' must contain a non-null value when exiting constructor. Consider adding the 'required' modifier or declaring the property as nullable. [C:\Users\Rohit Rathod\Desktop\JsapProject\JSAPNEW\JSAPNEW.csproj]
C:\Users\Rohit Rathod\Desktop\JsapProject\JSAPNEW\Models\DashboardModels.cs(87,23): warning CS8618: Non-nullable property 'Status' must contain a non-null value when exiting constructor. Consider adding the 'required' modifier or declaring the property as nullable. [C:\Users\Rohit Rathod\Desktop\JsapProject\JSAPNEW\JSAPNEW.csproj]
C:\Users\Rohit Rathod\Desktop\JsapProject\JSAPNEW\Models\DashboardModels.cs(91,23): warning CS8618: Non-nullable property 'Priority' must contain a non-null value when exiting constructor. Consider adding the 'required' modifier or declaring the property as nullable. [C:\Users\Rohit Rathod\Desktop\JsapProject\JSAPNEW\JSAPNEW.csproj]
C:\Users\Rohit Rathod\Desktop\JsapProject\JSAPNEW\Models\CreditLimitModels.cs(161,23): warning CS8618: Non-nullable property 'createdBy' must contain a non-null value when exiting constructor. Consider adding the 'required' modifier or declaring the property as nullable. [C:\Users\Rohit Rathod\Desktop\JsapProject\JSAPNEW\JSAPNEW.csproj]
C:\Users\Rohit Rathod\Desktop\JsapProject\JSAPNEW\Models\CreditLimitModels.cs(162,23): warning CS8618: Non-nullable property 'monthYear' must contain a non-null value when exiting constructor. Consider adding the 'required' modifier or declaring the property as nullable. [C:\Users\Rohit Rathod\Desktop\JsapProject\JSAPNEW\JSAPNEW.csproj]
C:\Users\Rohit Rathod\Desktop\JsapProject\JSAPNEW\Models\CreditLimitModels.cs(292,23): warning CS8618: Non-nullable property 'FilePath' must contain a non-null value when exiting constructor. Consider adding the 'required' modifier or declaring the property as nullable. [C:\Users\Rohit Rathod\Desktop\JsapProject\JSAPNEW\JSAPNEW.csproj]
C:\Users\Rohit Rathod\Desktop\JsapProject\JSAPNEW\Models\CreditLimitModels.cs(293,23): warning CS8618: Non-nullable property 'FileName' must contain a non-null value when exiting constructor. Consider adding the 'required' modifier or declaring the property as nullable. [C:\Users\Rohit Rathod\Desktop\JsapProject\JSAPNEW\JSAPNEW.csproj]
C:\Users\Rohit Rathod\Desktop\JsapProject\JSAPNEW\Models\CreditLimitModels.cs(294,23): warning CS8618: Non-nullable property 'FileExtension' must contain a non-null value when exiting constructor. Consider adding the 'required' modifier or declaring the property as nullable. [C:\Users\Rohit Rathod\Desktop\JsapProject\JSAPNEW\JSAPNEW.csproj]
C:\Users\Rohit Rathod\Desktop\JsapProject\JSAPNEW\Models\CreditLimitModels.cs(297,23): warning CS8618: Non-nullable property 'DownloadUrl' must contain a non-null value when exiting constructor. Consider adding the 'required' modifier or declaring the property as nullable. [C:\Users\Rohit Rathod\Desktop\JsapProject\JSAPNEW\JSAPNEW.csproj]
C:\Users\Rohit Rathod\Desktop\JsapProject\JSAPNEW\Models\CreditLimitModels.cs(275,23): warning CS8618: Non-nullable property 'CustomerCode' must contain a non-null value when exiting constructor. Consider adding the 'required' modifier or declaring the property as nullable. [C:\Users\Rohit Rathod\Desktop\JsapProject\JSAPNEW\JSAPNEW.csproj]
C:\Users\Rohit Rathod\Desktop\JsapProject\JSAPNEW\Models\CreditLimitModels.cs(276,23): warning CS8618: Non-nullable property 'CustomerValue' must contain a non-null value when exiting constructor. Consider adding the 'required' modifier or declaring the property as nullable. [C:\Users\Rohit Rathod\Desktop\JsapProject\JSAPNEW\JSAPNEW.csproj]
C:\Users\Rohit Rathod\Desktop\JsapProject\JSAPNEW\Models\CreditLimitModels.cs(282,23): warning CS8618: Non-nullable property 'CreatedByUser' must contain a non-null value when exiting constructor. Consider adding the 'required' modifier or declaring the property as nullable. [C:\Users\Rohit Rathod\Desktop\JsapProject\JSAPNEW\JSAPNEW.csproj]
C:\Users\Rohit Rathod\Desktop\JsapProject\JSAPNEW\Models\CreditLimitModels.cs(286,52): warning CS8618: Non-nullable property 'Attachments' must contain a non-null value when exiting constructor. Consider adding the 'required' modifier or declaring the property as nullable. [C:\Users\Rohit Rathod\Desktop\JsapProject\JSAPNEW\JSAPNEW.csproj]
C:\Users\Rohit Rathod\Desktop\JsapProject\JSAPNEW\Models\CreditLimitModels.cs(175,23): warning CS8618: Non-nullable property 'BranchId' must contain a non-null value when exiting constructor. Consider adding the 'required' modifier or declaring the property as nullable. [C:\Users\Rohit Rathod\Desktop\JsapProject\JSAPNEW\JSAPNEW.csproj]
C:\Users\Rohit Rathod\Desktop\JsapProject\JSAPNEW\Models\CreditLimitModels.cs(176,23): warning CS8618: Non-nullable property 'CustomerCode' must contain a non-null value when exiting constructor. Consider adding the 'required' modifier or declaring the property as nullable. [C:\Users\Rohit Rathod\Desktop\JsapProject\JSAPNEW\JSAPNEW.csproj]
C:\Users\Rohit Rathod\Desktop\JsapProject\JSAPNEW\Models\CreditLimitModels.cs(177,23): warning CS8618: Non-nullable property 'CustomerName' must contain a non-null value when exiting constructor. Consider adding the 'required' modifier or declaring the property as nullable. [C:\Users\Rohit Rathod\Desktop\JsapProject\JSAPNEW\JSAPNEW.csproj]
C:\Users\Rohit Rathod\Desktop\JsapProject\JSAPNEW\Models\CreditLimitModels.cs(178,23): warning CS8618: Non-nullable property 'CustomerValue' must contain a non-null value when exiting constructor. Consider adding the 'required' modifier or declaring the property as nullable. [C:\Users\Rohit Rathod\Desktop\JsapProject\JSAPNEW\JSAPNEW.csproj]
C:\Users\Rohit Rathod\Desktop\JsapProject\JSAPNEW\Models\CreditLimitModels.cs(182,23): warning CS8618: Non-nullable property 'ValidTill' must contain a non-null value when exiting constructor. Consider adding the 'required' modifier or declaring the property as nullable. [C:\Users\Rohit Rathod\Desktop\JsapProject\JSAPNEW\JSAPNEW.csproj]
C:\Users\Rohit Rathod\Desktop\JsapProject\JSAPNEW\Models\CreditLimitModels.cs(184,23): warning CS8618: Non-nullable property 'CreatedByUser' must contain a non-null value when exiting constructor. Consider adding the 'required' modifier or declaring the property as nullable. [C:\Users\Rohit Rathod\Desktop\JsapProject\JSAPNEW\JSAPNEW.csproj]
C:\Users\Rohit Rathod\Desktop\JsapProject\JSAPNEW\Models\CreditLimitModels.cs(106,23): warning CS8618: Non-nullable property 'BranchId' must contain a non-null value when exiting constructor. Consider adding the 'required' modifier or declaring the property as nullable. [C:\Users\Rohit Rathod\Desktop\JsapProject\JSAPNEW\JSAPNEW.csproj]
C:\Users\Rohit Rathod\Desktop\JsapProject\JSAPNEW\Models\CreditLimitModels.cs(107,23): warning CS8618: Non-nullable property 'CustomerCode' must contain a non-null value when exiting constructor. Consider adding the 'required' modifier or declaring the property as nullable. [C:\Users\Rohit Rathod\Desktop\JsapProject\JSAPNEW\JSAPNEW.csproj]
C:\Users\Rohit Rathod\Desktop\JsapProject\JSAPNEW\Models\CreditLimitModels.cs(108,23): warning CS8618: Non-nullable property 'CustomerName' must contain a non-null value when exiting constructor. Consider adding the 'required' modifier or declaring the property as nullable. [C:\Users\Rohit Rathod\Desktop\JsapProject\JSAPNEW\JSAPNEW.csproj]
C:\Users\Rohit Rathod\Desktop\JsapProject\JSAPNEW\Models\CreditLimitModels.cs(109,23): warning CS8618: Non-nullable property 'CustomerValue' must contain a non-null value when exiting constructor. Consider adding the 'required' modifier or declaring the property as nullable. [C:\Users\Rohit Rathod\Desktop\JsapProject\JSAPNEW\JSAPNEW.csproj]
C:\Users\Rohit Rathod\Desktop\JsapProject\JSAPNEW\Models\CreditLimitModels.cs(113,23): warning CS8618: Non-nullable property 'ValidTill' must contain a non-null value when exiting constructor. Consider adding the 'required' modifier or declaring the property as nullable. [C:\Users\Rohit Rathod\Desktop\JsapProject\JSAPNEW\JSAPNEW.csproj]
C:\Users\Rohit Rathod\Desktop\JsapProject\JSAPNEW\Models\CreditLimitModels.cs(115,23): warning CS8618: Non-nullable property 'CreatedBy' must contain a non-null value when exiting constructor. Consider adding the 'required' modifier or declaring the property as nullable. [C:\Users\Rohit Rathod\Desktop\JsapProject\JSAPNEW\JSAPNEW.csproj]
C:\Users\Rohit Rathod\Desktop\JsapProject\JSAPNEW\Models\CreditLimitModels.cs(138,23): warning CS8618: Non-nullable property 'BranchId' must contain a non-null value when exiting constructor. Consider adding the 'required' modifier or declaring the property as nullable. [C:\Users\Rohit Rathod\Desktop\JsapProject\JSAPNEW\JSAPNEW.csproj]
C:\Users\Rohit Rathod\Desktop\JsapProject\JSAPNEW\Models\CreditLimitModels.cs(139,23): warning CS8618: Non-nullable property 'CustomerCode' must contain a non-null value when exiting constructor. Consider adding the 'required' modifier or declaring the property as nullable. [C:\Users\Rohit Rathod\Desktop\JsapProject\JSAPNEW\JSAPNEW.csproj]
C:\Users\Rohit Rathod\Desktop\JsapProject\JSAPNEW\Models\CreditLimitModels.cs(140,23): warning CS8618: Non-nullable property 'CustomerName' must contain a non-null value when exiting constructor. Consider adding the 'required' modifier or declaring the property as nullable. [C:\Users\Rohit Rathod\Desktop\JsapProject\JSAPNEW\JSAPNEW.csproj]
C:\Users\Rohit Rathod\Desktop\JsapProject\JSAPNEW\Models\CreditLimitModels.cs(141,23): warning CS8618: Non-nullable property 'CustomerValue' must contain a non-null value when exiting constructor. Consider adding the 'required' modifier or declaring the property as nullable. [C:\Users\Rohit Rathod\Desktop\JsapProject\JSAPNEW\JSAPNEW.csproj]
C:\Users\Rohit Rathod\Desktop\JsapProject\JSAPNEW\Models\CreditLimitModels.cs(145,23): warning CS8618: Non-nullable property 'ValidTill' must contain a non-null value when exiting constructor. Consider adding the 'required' modifier or declaring the property as nullable. [C:\Users\Rohit Rathod\Desktop\JsapProject\JSAPNEW\JSAPNEW.csproj]
C:\Users\Rohit Rathod\Desktop\JsapProject\JSAPNEW\Models\CreditLimitModels.cs(147,23): warning CS8618: Non-nullable property 'CreatedBy' must contain a non-null value when exiting constructor. Consider adding the 'required' modifier or declaring the property as nullable. [C:\Users\Rohit Rathod\Desktop\JsapProject\JSAPNEW\JSAPNEW.csproj]
C:\Users\Rohit Rathod\Desktop\JsapProject\JSAPNEW\Models\CreditLimitModels.cs(150,23): warning CS8618: Non-nullable property 'Status' must contain a non-null value when exiting constructor. Consider adding the 'required' modifier or declaring the property as nullable. [C:\Users\Rohit Rathod\Desktop\JsapProject\JSAPNEW\JSAPNEW.csproj]
C:\Users\Rohit Rathod\Desktop\JsapProject\JSAPNEW\Models\HierarchyModels.cs(86,40): warning CS8618: Non-nullable property 'Notes' must contain a non-null value when exiting constructor. Consider adding the 'required' modifier or declaring the property as nullable. [C:\Users\Rohit Rathod\Desktop\JsapProject\JSAPNEW\JSAPNEW.csproj]
C:\Users\Rohit Rathod\Desktop\JsapProject\JSAPNEW\Models\HierarchyModels.cs(90,40): warning CS8618: Non-nullable property 'CreatedBy' must contain a non-null value when exiting constructor. Consider adding the 'required' modifier or declaring the property as nullable. [C:\Users\Rohit Rathod\Desktop\JsapProject\JSAPNEW\JSAPNEW.csproj]
C:\Users\Rohit Rathod\Desktop\JsapProject\JSAPNEW\Models\HierarchyModels.cs(91,60): warning CS8618: Non-nullable property 'Employee' must contain a non-null value when exiting constructor. Consider adding the 'required' modifier or declaring the property as nullable. [C:\Users\Rohit Rathod\Desktop\JsapProject\JSAPNEW\JSAPNEW.csproj]
C:\Users\Rohit Rathod\Desktop\JsapProject\JSAPNEW\Models\HierarchyModels.cs(92,69): warning CS8618: Non-nullable property 'Manager' must contain a non-null value when exiting constructor. Consider adding the 'required' modifier or declaring the property as nullable. [C:\Users\Rohit Rathod\Desktop\JsapProject\JSAPNEW\JSAPNEW.csproj]
C:\Users\Rohit Rathod\Desktop\JsapProject\JSAPNEW\Models\HierarchyModels.cs(93,70): warning CS8618: Non-nullable property 'ReportingType' must contain a non-null value when exiting constructor. Consider adding the 'required' modifier or declaring the property as nullable. [C:\Users\Rohit Rathod\Desktop\JsapProject\JSAPNEW\JSAPNEW.csproj]
C:\Users\Rohit Rathod\Desktop\JsapProject\JSAPNEW\Models\HierarchyModels.cs(94,64): warning CS8618: Non-nullable property 'Department' must contain a non-null value when exiting constructor. Consider adding the 'required' modifier or declaring the property as nullable. [C:\Users\Rohit Rathod\Desktop\JsapProject\JSAPNEW\JSAPNEW.csproj]
C:\Users\Rohit Rathod\Desktop\JsapProject\JSAPNEW\Models\HierarchyModels.cs(95,70): warning CS8618: Non-nullable property 'SubDepartment' must contain a non-null value when exiting constructor. Consider adding the 'required' modifier or declaring the property as nullable. [C:\Users\Rohit Rathod\Desktop\JsapProject\JSAPNEW\JSAPNEW.csproj]
C:\Users\Rohit Rathod\Desktop\JsapProject\JSAPNEW\Models\BomModels.cs(842,23): warning CS8618: Non-nullable property 'Message' must contain a non-null value when exiting constructor. Consider adding the 'required' modifier or declaring the property as nullable. [C:\Users\Rohit Rathod\Desktop\JsapProject\JSAPNEW\JSAPNEW.csproj]
C:\Users\Rohit Rathod\Desktop\JsapProject\JSAPNEW\Models\BomModels.cs(844,34): warning CS8618: Non-nullable property 'Header' must contain a non-null value when exiting constructor. Consider adding the 'required' modifier or declaring the property as nullable. [C:\Users\Rohit Rathod\Desktop\JsapProject\JSAPNEW\JSAPNEW.csproj]
C:\Users\Rohit Rathod\Desktop\JsapProject\JSAPNEW\Models\BomModels.cs(845,42): warning CS8618: Non-nullable property 'ItComponents' must contain a non-null value when exiting constructor. Consider adding the 'required' modifier or declaring the property as nullable. [C:\Users\Rohit Rathod\Desktop\JsapProject\JSAPNEW\JSAPNEW.csproj]
C:\Users\Rohit Rathod\Desktop\JsapProject\JSAPNEW\Models\BomModels.cs(846,42): warning CS8618: Non-nullable property 'RsComponents' must contain a non-null value when exiting constructor. Consider adding the 'required' modifier or declaring the property as nullable. [C:\Users\Rohit Rathod\Desktop\JsapProject\JSAPNEW\JSAPNEW.csproj]
C:\Users\Rohit Rathod\Desktop\JsapProject\JSAPNEW\Models\BomModels.cs(847,38): warning CS8618: Non-nullable property 'Files' must contain a non-null value when exiting constructor. Consider adding the 'required' modifier or declaring the property as nullable. [C:\Users\Rohit Rathod\Desktop\JsapProject\JSAPNEW\JSAPNEW.csproj]
C:\Users\Rohit Rathod\Desktop\JsapProject\JSAPNEW\Models\BomModels.cs(814,23): warning CS8618: Non-nullable property 'Type' must contain a non-null value when exiting constructor. Consider adding the 'required' modifier or declaring the property as nullable. [C:\Users\Rohit Rathod\Desktop\JsapProject\JSAPNEW\JSAPNEW.csproj]
C:\Users\Rohit Rathod\Desktop\JsapProject\JSAPNEW\Models\BomModels.cs(815,23): warning CS8618: Non-nullable property 'ComponentCode' must contain a non-null value when exiting constructor. Consider adding the 'required' modifier or declaring the property as nullable. [C:\Users\Rohit Rathod\Desktop\JsapProject\JSAPNEW\JSAPNEW.csproj]
C:\Users\Rohit Rathod\Desktop\JsapProject\JSAPNEW\Models\BomModels.cs(817,23): warning CS8618: Non-nullable property 'WareHouse' must contain a non-null value when exiting constructor. Consider adding the 'required' modifier or declaring the property as nullable. [C:\Users\Rohit Rathod\Desktop\JsapProject\JSAPNEW\JSAPNEW.csproj]
C:\Users\Rohit Rathod\Desktop\JsapProject\JSAPNEW\Models\BomModels.cs(820,23): warning CS8618: Non-nullable property 'ResCode' must contain a non-null value when exiting constructor. Consider adding the 'required' modifier or declaring the property as nullable. [C:\Users\Rohit Rathod\Desktop\JsapProject\JSAPNEW\JSAPNEW.csproj]
C:\Users\Rohit Rathod\Desktop\JsapProject\JSAPNEW\Models\BomModels.cs(821,23): warning CS8618: Non-nullable property 'ResName' must contain a non-null value when exiting constructor. Consider adding the 'required' modifier or declaring the property as nullable. [C:\Users\Rohit Rathod\Desktop\JsapProject\JSAPNEW\JSAPNEW.csproj]
C:\Users\Rohit Rathod\Desktop\JsapProject\JSAPNEW\Models\BomModels.cs(828,23): warning CS8618: Non-nullable property 'Path' must contain a non-null value when exiting constructor. Consider adding the 'required' modifier or declaring the property as nullable. [C:\Users\Rohit Rathod\Desktop\JsapProject\JSAPNEW\JSAPNEW.csproj]
C:\Users\Rohit Rathod\Desktop\JsapProject\JSAPNEW\Models\BomModels.cs(829,23): warning CS8618: Non-nullable property 'FileName' must contain a non-null value when exiting constructor. Consider adding the 'required' modifier or declaring the property as nullable. [C:\Users\Rohit Rathod\Desktop\JsapProject\JSAPNEW\JSAPNEW.csproj]
C:\Users\Rohit Rathod\Desktop\JsapProject\JSAPNEW\Models\BomModels.cs(830,23): warning CS8618: Non-nullable property 'FileExt' must contain a non-null value when exiting constructor. Consider adding the 'required' modifier or declaring the property as nullable. [C:\Users\Rohit Rathod\Desktop\JsapProject\JSAPNEW\JSAPNEW.csproj]
C:\Users\Rohit Rathod\Desktop\JsapProject\JSAPNEW\Models\BomModels.cs(832,23): warning CS8618: Non-nullable property 'Description' must contain a non-null value when exiting constructor. Consider adding the 'required' modifier or declaring the property as nullable. [C:\Users\Rohit Rathod\Desktop\JsapProject\JSAPNEW\JSAPNEW.csproj]
C:\Users\Rohit Rathod\Desktop\JsapProject\JSAPNEW\Models\BomModels.cs(695,23): warning CS8618: Non-nullable property 'Path' must contain a non-null value when exiting constructor. Consider adding the 'required' modifier or declaring the property as nullable. [C:\Users\Rohit Rathod\Desktop\JsapProject\JSAPNEW\JSAPNEW.csproj]
C:\Users\Rohit Rathod\Desktop\JsapProject\JSAPNEW\Models\BomModels.cs(696,23): warning CS8618: Non-nullable property 'FileName' must contain a non-null value when exiting constructor. Consider adding the 'required' modifier or declaring the property as nullable. [C:\Users\Rohit Rathod\Desktop\JsapProject\JSAPNEW\JSAPNEW.csproj]
C:\Users\Rohit Rathod\Desktop\JsapProject\JSAPNEW\Models\BomModels.cs(697,23): warning CS8618: Non-nullable property 'FileExt' must contain a non-null value when exiting constructor. Consider adding the 'required' modifier or declaring the property as nullable. [C:\Users\Rohit Rathod\Desktop\JsapProject\JSAPNEW\JSAPNEW.csproj]
C:\Users\Rohit Rathod\Desktop\JsapProject\JSAPNEW\Models\BomModels.cs(699,23): warning CS8618: Non-nullable property 'Description' must contain a non-null value when exiting constructor. Consider adding the 'required' modifier or declaring the property as nullable. [C:\Users\Rohit Rathod\Desktop\JsapProject\JSAPNEW\JSAPNEW.csproj]
C:\Users\Rohit Rathod\Desktop\JsapProject\JSAPNEW\Models\BomModels.cs(685,23): warning CS8618: Non-nullable property 'Type' must contain a non-null value when exiting constructor. Consider adding the 'required' modifier or declaring the property as nullable. [C:\Users\Rohit Rathod\Desktop\JsapProject\JSAPNEW\JSAPNEW.csproj]
C:\Users\Rohit Rathod\Desktop\JsapProject\JSAPNEW\Models\BomModels.cs(686,23): warning CS8618: Non-nullable property 'ComponentCode' must contain a non-null value when exiting constructor. Consider adding the 'required' modifier or declaring the property as nullable. [C:\Users\Rohit Rathod\Desktop\JsapProject\JSAPNEW\JSAPNEW.csproj]
C:\Users\Rohit Rathod\Desktop\JsapProject\JSAPNEW\Models\BomModels.cs(688,23): warning CS8618: Non-nullable property 'Uom' must contain a non-null value when exiting constructor. Consider adding the 'required' modifier or declaring the property as nullable. [C:\Users\Rohit Rathod\Desktop\JsapProject\JSAPNEW\JSAPNEW.csproj]
C:\Users\Rohit Rathod\Desktop\JsapProject\JSAPNEW\Models\BomModels.cs(690,23): warning CS8618: Non-nullable property 'WareHouse' must contain a non-null value when exiting constructor. Consider adding the 'required' modifier or declaring the property as nullable. [C:\Users\Rohit Rathod\Desktop\JsapProject\JSAPNEW\JSAPNEW.csproj]
C:\Users\Rohit Rathod\Desktop\JsapProject\JSAPNEW\Models\BomModels.cs(705,23): warning CS8618: Non-nullable property 'ParentCode' must contain a non-null value when exiting constructor. Consider adding the 'required' modifier or declaring the property as nullable. [C:\Users\Rohit Rathod\Desktop\JsapProject\JSAPNEW\JSAPNEW.csproj]
C:\Users\Rohit Rathod\Desktop\JsapProject\JSAPNEW\Models\BomModels.cs(706,23): warning CS8618: Non-nullable property 'Type' must contain a non-null value when exiting constructor. Consider adding the 'required' modifier or declaring the property as nullable. [C:\Users\Rohit Rathod\Desktop\JsapProject\JSAPNEW\JSAPNEW.csproj]
C:\Users\Rohit Rathod\Desktop\JsapProject\JSAPNEW\Models\BomModels.cs(714,23): warning CS8618: Non-nullable property 'WareHouse' must contain a non-null value when exiting constructor. Consider adding the 'required' modifier or declaring the property as nullable. [C:\Users\Rohit Rathod\Desktop\JsapProject\JSAPNEW\JSAPNEW.csproj]
C:\Users\Rohit Rathod\Desktop\JsapProject\JSAPNEW\Models\BomModels.cs(744,23): warning CS8618: Non-nullable property 'Action' must contain a non-null value when exiting constructor. Consider adding the 'required' modifier or declaring the property as nullable. [C:\Users\Rohit Rathod\Desktop\JsapProject\JSAPNEW\JSAPNEW.csproj]
C:\Users\Rohit Rathod\Desktop\JsapProject\JSAPNEW\Models\BomModels.cs(745,23): warning CS8618: Non-nullable property 'ParentCode' must contain a non-null value when exiting constructor. Consider adding the 'required' modifier or declaring the property as nullable. [C:\Users\Rohit Rathod\Desktop\JsapProject\JSAPNEW\JSAPNEW.csproj]
C:\Users\Rohit Rathod\Desktop\JsapProject\JSAPNEW\Models\BomModels.cs(746,23): warning CS8618: Non-nullable property 'Type' must contain a non-null value when exiting constructor. Consider adding the 'required' modifier or declaring the property as nullable. [C:\Users\Rohit Rathod\Desktop\JsapProject\JSAPNEW\JSAPNEW.csproj]
C:\Users\Rohit Rathod\Desktop\JsapProject\JSAPNEW\Models\BomModels.cs(750,23): warning CS8618: Non-nullable property 'WareHouseCode' must contain a non-null value when exiting constructor. Consider adding the 'required' modifier or declaring the property as nullable. [C:\Users\Rohit Rathod\Desktop\JsapProject\JSAPNEW\JSAPNEW.csproj]
C:\Users\Rohit Rathod\Desktop\JsapProject\JSAPNEW\Models\BomModels.cs(752,41): warning CS8618: Non-nullable property 'Components' must contain a non-null value when exiting constructor. Consider adding the 'required' modifier or declaring the property as nullable. [C:\Users\Rohit Rathod\Desktop\JsapProject\JSAPNEW\JSAPNEW.csproj]
C:\Users\Rohit Rathod\Desktop\JsapProject\JSAPNEW\Models\BomModels.cs(753,36): warning CS8618: Non-nullable property 'Files' must contain a non-null value when exiting constructor. Consider adding the 'required' modifier or declaring the property as nullable. [C:\Users\Rohit Rathod\Desktop\JsapProject\JSAPNEW\JSAPNEW.csproj]
C:\Users\Rohit Rathod\Desktop\JsapProject\JSAPNEW\Models\BomModels.cs(754,45): warning CS8618: Non-nullable property 'HistoryHeader' must contain a non-null value when exiting constructor. Consider adding the 'required' modifier or declaring the property as nullable. [C:\Users\Rohit Rathod\Desktop\JsapProject\JSAPNEW\JSAPNEW.csproj]
C:\Users\Rohit Rathod\Desktop\JsapProject\JSAPNEW\Models\BomModels.cs(755,48): warning CS8618: Non-nullable property 'HistoryComponents' must contain a non-null value when exiting constructor. Consider adding the 'required' modifier or declaring the property as nullable. [C:\Users\Rohit Rathod\Desktop\JsapProject\JSAPNEW\JSAPNEW.csproj]
C:\Users\Rohit Rathod\Desktop\JsapProject\JSAPNEW\Models\BomModels.cs(756,43): warning CS8618: Non-nullable property 'HistoryFiles' must contain a non-null value when exiting constructor. Consider adding the 'required' modifier or declaring the property as nullable. [C:\Users\Rohit Rathod\Desktop\JsapProject\JSAPNEW\JSAPNEW.csproj]
C:\Users\Rohit Rathod\Desktop\JsapProject\JSAPNEW\Models\BomModels.cs(612,23): warning CS8618: Non-nullable property 'TreeCode' must contain a non-null value when exiting constructor. Consider adding the 'required' modifier or declaring the property as nullable. [C:\Users\Rohit Rathod\Desktop\JsapProject\JSAPNEW\JSAPNEW.csproj]
C:\Users\Rohit Rathod\Desktop\JsapProject\JSAPNEW\Models\BomModels.cs(614,23): warning CS8618: Non-nullable property 'Message' must contain a non-null value when exiting constructor. Consider adding the 'required' modifier or declaring the property as nullable. [C:\Users\Rohit Rathod\Desktop\JsapProject\JSAPNEW\JSAPNEW.csproj]
C:\Users\Rohit Rathod\Desktop\JsapProject\JSAPNEW\Models\BomModels.cs(605,23): warning CS8618: Non-nullable property 'BomId' must contain a non-null value when exiting constructor. Consider adding the 'required' modifier or declaring the property as nullable. [C:\Users\Rohit Rathod\Desktop\JsapProject\JSAPNEW\JSAPNEW.csproj]
C:\Users\Rohit Rathod\Desktop\JsapProject\JSAPNEW\Models\BomModels.cs(606,23): warning CS8618: Non-nullable property 'ErrorMessage' must contain a non-null value when exiting constructor. Consider adding the 'required' modifier or declaring the property as nullable. [C:\Users\Rohit Rathod\Desktop\JsapProject\JSAPNEW\JSAPNEW.csproj]
C:\Users\Rohit Rathod\Desktop\JsapProject\JSAPNEW\Models\BomModels.cs(761,23): warning CS8618: Non-nullable property 'BOM_Code' must contain a non-null value when exiting constructor. Consider adding the 'required' modifier or declaring the property as nullable. [C:\Users\Rohit Rathod\Desktop\JsapProject\JSAPNEW\JSAPNEW.csproj]
C:\Users\Rohit Rathod\Desktop\JsapProject\JSAPNEW\Models\BomModels.cs(762,23): warning CS8618: Non-nullable property 'BOM_Name' must contain a non-null value when exiting constructor. Consider adding the 'required' modifier or declaring the property as nullable. [C:\Users\Rohit Rathod\Desktop\JsapProject\JSAPNEW\JSAPNEW.csproj]
C:\Users\Rohit Rathod\Desktop\JsapProject\JSAPNEW\Models\BomModels.cs(535,23): warning CS8618: Non-nullable property 'p_message' must contain a non-null value when exiting constructor. Consider adding the 'required' modifier or declaring the property as nullable. [C:\Users\Rohit Rathod\Desktop\JsapProject\JSAPNEW\JSAPNEW.csproj]
C:\Users\Rohit Rathod\Desktop\JsapProject\JSAPNEW\Models\BomModels.cs(585,23): warning CS8618: Non-nullable property 'ItemCode' must contain a non-null value when exiting constructor. Consider adding the 'required' modifier or declaring the property as nullable. [C:\Users\Rohit Rathod\Desktop\JsapProject\JSAPNEW\JSAPNEW.csproj]
C:\Users\Rohit Rathod\Desktop\JsapProject\JSAPNEW\Models\BomModels.cs(586,23): warning CS8618: Non-nullable property 'ItemName' must contain a non-null value when exiting constructor. Consider adding the 'required' modifier or declaring the property as nullable. [C:\Users\Rohit Rathod\Desktop\JsapProject\JSAPNEW\JSAPNEW.csproj]
C:\Users\Rohit Rathod\Desktop\JsapProject\JSAPNEW\Models\BomModels.cs(589,23): warning CS8618: Non-nullable property 'Warehouse' must contain a non-null value when exiting constructor. Consider adding the 'required' modifier or declaring the property as nullable. [C:\Users\Rohit Rathod\Desktop\JsapProject\JSAPNEW\JSAPNEW.csproj]
C:\Users\Rohit Rathod\Desktop\JsapProject\JSAPNEW\Models\BomModels.cs(592,23): warning CS8618: Non-nullable property 'ParentItem' must contain a non-null value when exiting constructor. Consider adding the 'required' modifier or declaring the property as nullable. [C:\Users\Rohit Rathod\Desktop\JsapProject\JSAPNEW\JSAPNEW.csproj]
C:\Users\Rohit Rathod\Desktop\JsapProject\JSAPNEW\Models\BomModels.cs(593,23): warning CS8618: Non-nullable property 'ItemType' must contain a non-null value when exiting constructor. Consider adding the 'required' modifier or declaring the property as nullable. [C:\Users\Rohit Rathod\Desktop\JsapProject\JSAPNEW\JSAPNEW.csproj]
C:\Users\Rohit Rathod\Desktop\JsapProject\JSAPNEW\Models\BomModels.cs(794,23): warning CS8618: Non-nullable property 'Type' must contain a non-null value when exiting constructor. Consider adding the 'required' modifier or declaring the property as nullable. [C:\Users\Rohit Rathod\Desktop\JsapProject\JSAPNEW\JSAPNEW.csproj]
C:\Users\Rohit Rathod\Desktop\JsapProject\JSAPNEW\Models\BomModels.cs(795,23): warning CS8618: Non-nullable property 'ComponentCode' must contain a non-null value when exiting constructor. Consider adding the 'required' modifier or declaring the property as nullable. [C:\Users\Rohit Rathod\Desktop\JsapProject\JSAPNEW\JSAPNEW.csproj]
C:\Users\Rohit Rathod\Desktop\JsapProject\JSAPNEW\Models\BomModels.cs(797,23): warning CS8618: Non-nullable property 'WareHouse' must contain a non-null value when exiting constructor. Consider adding the 'required' modifier or declaring the property as nullable. [C:\Users\Rohit Rathod\Desktop\JsapProject\JSAPNEW\JSAPNEW.csproj]
C:\Users\Rohit Rathod\Desktop\JsapProject\JSAPNEW\Models\BomModels.cs(800,23): warning CS8618: Non-nullable property 'ItemCode' must contain a non-null value when exiting constructor. Consider adding the 'required' modifier or declaring the property as nullable. [C:\Users\Rohit Rathod\Desktop\JsapProject\JSAPNEW\JSAPNEW.csproj]
C:\Users\Rohit Rathod\Desktop\JsapProject\JSAPNEW\Models\BomModels.cs(801,23): warning CS8618: Non-nullable property 'ItemName' must contain a non-null value when exiting constructor. Consider adding the 'required' modifier or declaring the property as nullable. [C:\Users\Rohit Rathod\Desktop\JsapProject\JSAPNEW\JSAPNEW.csproj]
C:\Users\Rohit Rathod\Desktop\JsapProject\JSAPNEW\Models\BomModels.cs(802,23): warning CS8618: Non-nullable property 'ItemGroup' must contain a non-null value when exiting constructor. Consider adding the 'required' modifier or declaring the property as nullable. [C:\Users\Rohit Rathod\Desktop\JsapProject\JSAPNEW\JSAPNEW.csproj]
C:\Users\Rohit Rathod\Desktop\JsapProject\JSAPNEW\Models\BomModels.cs(804,23): warning CS8618: Non-nullable property 'UOM' must contain a non-null value when exiting constructor. Consider adding the 'required' modifier or declaring the property as nullable. [C:\Users\Rohit Rathod\Desktop\JsapProject\JSAPNEW\JSAPNEW.csproj]
C:\Users\Rohit Rathod\Desktop\JsapProject\JSAPNEW\Models\BomModels.cs(806,23): warning CS8618: Non-nullable property 'SubGroup' must contain a non-null value when exiting constructor. Consider adding the 'required' modifier or declaring the property as nullable. [C:\Users\Rohit Rathod\Desktop\JsapProject\JSAPNEW\JSAPNEW.csproj]
C:\Users\Rohit Rathod\Desktop\JsapProject\JSAPNEW\Models\BomModels.cs(807,23): warning CS8618: Non-nullable property 'Unit' must contain a non-null value when exiting constructor. Consider adding the 'required' modifier or declaring the property as nullable. [C:\Users\Rohit Rathod\Desktop\JsapProject\JSAPNEW\JSAPNEW.csproj]
C:\Users\Rohit Rathod\Desktop\JsapProject\JSAPNEW\Models\BomModels.cs(808,23): warning CS8618: Non-nullable property 'IsLitre' must contain a non-null value when exiting constructor. Consider adding the 'required' modifier or declaring the property as nullable. [C:\Users\Rohit Rathod\Desktop\JsapProject\JSAPNEW\JSAPNEW.csproj]
C:\Users\Rohit Rathod\Desktop\JsapProject\JSAPNEW\Models\BomModels.cs(443,23): warning CS8618: Non-nullable property 'parentCode' must contain a non-null value when exiting constructor. Consider adding the 'required' modifier or declaring the property as nullable. [C:\Users\Rohit Rathod\Desktop\JsapProject\JSAPNEW\JSAPNEW.csproj]
C:\Users\Rohit Rathod\Desktop\JsapProject\JSAPNEW\Models\BomModels.cs(444,23): warning CS8618: Non-nullable property 'type' must contain a non-null value when exiting constructor. Consider adding the 'required' modifier or declaring the property as nullable. [C:\Users\Rohit Rathod\Desktop\JsapProject\JSAPNEW\JSAPNEW.csproj]
C:\Users\Rohit Rathod\Desktop\JsapProject\JSAPNEW\Models\BomModels.cs(448,23): warning CS8618: Non-nullable property 'wareHouse' must contain a non-null value when exiting constructor. Consider adding the 'required' modifier or declaring the property as nullable. [C:\Users\Rohit Rathod\Desktop\JsapProject\JSAPNEW\JSAPNEW.csproj]
C:\Users\Rohit Rathod\Desktop\JsapProject\JSAPNEW\Models\BomModels.cs(620,23): warning CS8618: Non-nullable property 'stageName' must contain a non-null value when exiting constructor. Consider adding the 'required' modifier or declaring the property as nullable. [C:\Users\Rohit Rathod\Desktop\JsapProject\JSAPNEW\JSAPNEW.csproj]
C:\Users\Rohit Rathod\Desktop\JsapProject\JSAPNEW\Models\BomModels.cs(622,23): warning CS8618: Non-nullable property 'assignedTo' must contain a non-null value when exiting constructor. Consider adding the 'required' modifier or declaring the property as nullable. [C:\Users\Rohit Rathod\Desktop\JsapProject\JSAPNEW\JSAPNEW.csproj]
C:\Users\Rohit Rathod\Desktop\JsapProject\JSAPNEW\Models\BomModels.cs(623,23): warning CS8618: Non-nullable property 'actionStatus' must contain a non-null value when exiting constructor. Consider adding the 'required' modifier or declaring the property as nullable. [C:\Users\Rohit Rathod\Desktop\JsapProject\JSAPNEW\JSAPNEW.csproj]
C:\Users\Rohit Rathod\Desktop\JsapProject\JSAPNEW\Models\BomModels.cs(625,23): warning CS8618: Non-nullable property 'description' must contain a non-null value when exiting constructor. Consider adding the 'required' modifier or declaring the property as nullable. [C:\Users\Rohit Rathod\Desktop\JsapProject\JSAPNEW\JSAPNEW.csproj]
C:\Users\Rohit Rathod\Desktop\JsapProject\JSAPNEW\Models\BomModels.cs(418,23): warning CS8618: Non-nullable property 'remarks' must contain a non-null value when exiting constructor. Consider adding the 'required' modifier or declaring the property as nullable. [C:\Users\Rohit Rathod\Desktop\JsapProject\JSAPNEW\JSAPNEW.csproj]
C:\Users\Rohit Rathod\Desktop\JsapProject\JSAPNEW\Models\BomModels.cs(419,23): warning CS8618: Non-nullable property 'action' must contain a non-null value when exiting constructor. Consider adding the 'required' modifier or declaring the property as nullable. [C:\Users\Rohit Rathod\Desktop\JsapProject\JSAPNEW\JSAPNEW.csproj]
C:\Users\Rohit Rathod\Desktop\JsapProject\JSAPNEW\Models\BomModels.cs(426,23): warning CS8618: Non-nullable property 'type' must contain a non-null value when exiting constructor. Consider adding the 'required' modifier or declaring the property as nullable. [C:\Users\Rohit Rathod\Desktop\JsapProject\JSAPNEW\JSAPNEW.csproj]
C:\Users\Rohit Rathod\Desktop\JsapProject\JSAPNEW\Models\BomModels.cs(428,23): warning CS8618: Non-nullable property 'componentCode' must contain a non-null value when exiting constructor. Consider adding the 'required' modifier or declaring the property as nullable. [C:\Users\Rohit Rathod\Desktop\JsapProject\JSAPNEW\JSAPNEW.csproj]
C:\Users\Rohit Rathod\Desktop\JsapProject\JSAPNEW\Models\BomModels.cs(434,23): warning CS8618: Non-nullable property 'wareHouse' must contain a non-null value when exiting constructor. Consider adding the 'required' modifier or declaring the property as nullable. [C:\Users\Rohit Rathod\Desktop\JsapProject\JSAPNEW\JSAPNEW.csproj]
C:\Users\Rohit Rathod\Desktop\JsapProject\JSAPNEW\Models\BomModels.cs(355,23): warning CS8618: Non-nullable property 'p_remarks' must contain a non-null value when exiting constructor. Consider adding the 'required' modifier or declaring the property as nullable. [C:\Users\Rohit Rathod\Desktop\JsapProject\JSAPNEW\JSAPNEW.csproj]
C:\Users\Rohit Rathod\Desktop\JsapProject\JSAPNEW\Models\BomModels.cs(356,23): warning CS8618: Non-nullable property 'p_action' must contain a non-null value when exiting constructor. Consider adding the 'required' modifier or declaring the property as nullable. [C:\Users\Rohit Rathod\Desktop\JsapProject\JSAPNEW\JSAPNEW.csproj]
C:\Users\Rohit Rathod\Desktop\JsapProject\JSAPNEW\Models\BomModels.cs(574,23): warning CS8618: Non-nullable property 'TreeCode' must contain a non-null value when exiting constructor. Consider adding the 'required' modifier or declaring the property as nullable. [C:\Users\Rohit Rathod\Desktop\JsapProject\JSAPNEW\JSAPNEW.csproj]
C:\Users\Rohit Rathod\Desktop\JsapProject\JSAPNEW\Models\BomModels.cs(575,23): warning CS8618: Non-nullable property 'TreeType' must contain a non-null value when exiting constructor. Consider adding the 'required' modifier or declaring the property as nullable. [C:\Users\Rohit Rathod\Desktop\JsapProject\JSAPNEW\JSAPNEW.csproj]
C:\Users\Rohit Rathod\Desktop\JsapProject\JSAPNEW\Models\BomModels.cs(577,23): warning CS8618: Non-nullable property 'Warehouse' must contain a non-null value when exiting constructor. Consider adding the 'required' modifier or declaring the property as nullable. [C:\Users\Rohit Rathod\Desktop\JsapProject\JSAPNEW\JSAPNEW.csproj]
C:\Users\Rohit Rathod\Desktop\JsapProject\JSAPNEW\Models\BomModels.cs(578,23): warning CS8618: Non-nullable property 'ProductDescription' must contain a non-null value when exiting constructor. Consider adding the 'required' modifier or declaring the property as nullable. [C:\Users\Rohit Rathod\Desktop\JsapProject\JSAPNEW\JSAPNEW.csproj]
C:\Users\Rohit Rathod\Desktop\JsapProject\JSAPNEW\Models\BomModels.cs(580,38): warning CS8618: Non-nullable property 'ProductTreeLines' must contain a non-null value when exiting constructor. Consider adding the 'required' modifier or declaring the property as nullable. [C:\Users\Rohit Rathod\Desktop\JsapProject\JSAPNEW\JSAPNEW.csproj]
C:\Users\Rohit Rathod\Desktop\JsapProject\JSAPNEW\Models\BomModels.cs(645,23): warning CS8618: Non-nullable property 'Company' must contain a non-null value when exiting constructor. Consider adding the 'required' modifier or declaring the property as nullable. [C:\Users\Rohit Rathod\Desktop\JsapProject\JSAPNEW\JSAPNEW.csproj]
C:\Users\Rohit Rathod\Desktop\JsapProject\JSAPNEW\Models\BomModels.cs(647,23): warning CS8618: Non-nullable property 'Type' must contain a non-null value when exiting constructor. Consider adding the 'required' modifier or declaring the property as nullable. [C:\Users\Rohit Rathod\Desktop\JsapProject\JSAPNEW\JSAPNEW.csproj]
C:\Users\Rohit Rathod\Desktop\JsapProject\JSAPNEW\Models\BomModels.cs(648,23): warning CS8618: Non-nullable property 'ParentCode' must contain a non-null value when exiting constructor. Consider adding the 'required' modifier or declaring the property as nullable. [C:\Users\Rohit Rathod\Desktop\JsapProject\JSAPNEW\JSAPNEW.csproj]
C:\Users\Rohit Rathod\Desktop\JsapProject\JSAPNEW\Models\BomModels.cs(649,23): warning CS8618: Non-nullable property 'parentName' must contain a non-null value when exiting constructor. Consider adding the 'required' modifier or declaring the property as nullable. [C:\Users\Rohit Rathod\Desktop\JsapProject\JSAPNEW\JSAPNEW.csproj]
C:\Users\Rohit Rathod\Desktop\JsapProject\JSAPNEW\Models\BomModels.cs(650,23): warning CS8618: Non-nullable property 'warehouse' must contain a non-null value when exiting constructor. Consider adding the 'required' modifier or declaring the property as nullable. [C:\Users\Rohit Rathod\Desktop\JsapProject\JSAPNEW\JSAPNEW.csproj]
C:\Users\Rohit Rathod\Desktop\JsapProject\JSAPNEW\Models\BomModels.cs(651,23): warning CS8618: Non-nullable property 'Qty' must contain a non-null value when exiting constructor. Consider adding the 'required' modifier or declaring the property as nullable. [C:\Users\Rohit Rathod\Desktop\JsapProject\JSAPNEW\JSAPNEW.csproj]
C:\Users\Rohit Rathod\Desktop\JsapProject\JSAPNEW\Models\BomModels.cs(652,23): warning CS8618: Non-nullable property 'CreatedByName' must contain a non-null value when exiting constructor. Consider adding the 'required' modifier or declaring the property as nullable. [C:\Users\Rohit Rathod\Desktop\JsapProject\JSAPNEW\JSAPNEW.csproj]
C:\Users\Rohit Rathod\Desktop\JsapProject\JSAPNEW\Models\BomModels.cs(655,23): warning CS8618: Non-nullable property 'UpdatedByName' must contain a non-null value when exiting constructor. Consider adding the 'required' modifier or declaring the property as nullable. [C:\Users\Rohit Rathod\Desktop\JsapProject\JSAPNEW\JSAPNEW.csproj]
C:\Users\Rohit Rathod\Desktop\JsapProject\JSAPNEW\Models\BomModels.cs(657,23): warning CS8618: Non-nullable property 'Status' must contain a non-null value when exiting constructor. Consider adding the 'required' modifier or declaring the property as nullable. [C:\Users\Rohit Rathod\Desktop\JsapProject\JSAPNEW\JSAPNEW.csproj]
C:\Users\Rohit Rathod\Desktop\JsapProject\JSAPNEW\Models\BomModels.cs(260,23): warning CS8618: Non-nullable property 'UserName' must contain a non-null value when exiting constructor. Consider adding the 'required' modifier or declaring the property as nullable. [C:\Users\Rohit Rathod\Desktop\JsapProject\JSAPNEW\JSAPNEW.csproj]
C:\Users\Rohit Rathod\Desktop\JsapProject\JSAPNEW\Models\BomModels.cs(261,23): warning CS8618: Non-nullable property 'Password' must contain a non-null value when exiting constructor. Consider adding the 'required' modifier or declaring the property as nullable. [C:\Users\Rohit Rathod\Desktop\JsapProject\JSAPNEW\JSAPNEW.csproj]
C:\Users\Rohit Rathod\Desktop\JsapProject\JSAPNEW\Models\BomModels.cs(262,23): warning CS8618: Non-nullable property 'CompanyDB' must contain a non-null value when exiting constructor. Consider adding the 'required' modifier or declaring the property as nullable. [C:\Users\Rohit Rathod\Desktop\JsapProject\JSAPNEW\JSAPNEW.csproj]
C:\Users\Rohit Rathod\Desktop\JsapProject\JSAPNEW\Models\BomModels.cs(247,23): warning CS8618: Non-nullable property 'Message' must contain a non-null value when exiting constructor. Consider adding the 'required' modifier or declaring the property as nullable. [C:\Users\Rohit Rathod\Desktop\JsapProject\JSAPNEW\JSAPNEW.csproj]
C:\Users\Rohit Rathod\Desktop\JsapProject\JSAPNEW\Models\BomModels.cs(267,23): warning CS8618: Non-nullable property 'parentCode' must contain a non-null value when exiting constructor. Consider adding the 'required' modifier or declaring the property as nullable. [C:\Users\Rohit Rathod\Desktop\JsapProject\JSAPNEW\JSAPNEW.csproj]
C:\Users\Rohit Rathod\Desktop\JsapProject\JSAPNEW\Models\BomModels.cs(269,23): warning CS8618: Non-nullable property 'type' must contain a non-null value when exiting constructor. Consider adding the 'required' modifier or declaring the property as nullable. [C:\Users\Rohit Rathod\Desktop\JsapProject\JSAPNEW\JSAPNEW.csproj]
C:\Users\Rohit Rathod\Desktop\JsapProject\JSAPNEW\Models\BomModels.cs(277,23): warning CS8618: Non-nullable property 'wareHouse' must contain a non-null value when exiting constructor. Consider adding the 'required' modifier or declaring the property as nullable. [C:\Users\Rohit Rathod\Desktop\JsapProject\JSAPNEW\JSAPNEW.csproj]
C:\Users\Rohit Rathod\Desktop\JsapProject\JSAPNEW\Models\BomModels.cs(253,23): warning CS8618: Non-nullable property 'SessionId' must contain a non-null value when exiting constructor. Consider adding the 'required' modifier or declaring the property as nullable. [C:\Users\Rohit Rathod\Desktop\JsapProject\JSAPNEW\JSAPNEW.csproj]
C:\Users\Rohit Rathod\Desktop\JsapProject\JSAPNEW\Models\BomModels.cs(254,23): warning CS8618: Non-nullable property 'RouteId' must contain a non-null value when exiting constructor. Consider adding the 'required' modifier or declaring the property as nullable. [C:\Users\Rohit Rathod\Desktop\JsapProject\JSAPNEW\JSAPNEW.csproj]
C:\Users\Rohit Rathod\Desktop\JsapProject\JSAPNEW\Models\BomModels.cs(255,23): warning CS8618: Non-nullable property 'B1Session' must contain a non-null value when exiting constructor. Consider adding the 'required' modifier or declaring the property as nullable. [C:\Users\Rohit Rathod\Desktop\JsapProject\JSAPNEW\JSAPNEW.csproj]
C:\Users\Rohit Rathod\Desktop\JsapProject\JSAPNEW\Models\BomModels.cs(291,23): warning CS8618: Non-nullable property 'path' must contain a non-null value when exiting constructor. Consider adding the 'required' modifier or declaring the property as nullable. [C:\Users\Rohit Rathod\Desktop\JsapProject\JSAPNEW\JSAPNEW.csproj]
C:\Users\Rohit Rathod\Desktop\JsapProject\JSAPNEW\Models\BomModels.cs(292,23): warning CS8618: Non-nullable property 'fileName' must contain a non-null value when exiting constructor. Consider adding the 'required' modifier or declaring the property as nullable. [C:\Users\Rohit Rathod\Desktop\JsapProject\JSAPNEW\JSAPNEW.csproj]
C:\Users\Rohit Rathod\Desktop\JsapProject\JSAPNEW\Models\BomModels.cs(293,23): warning CS8618: Non-nullable property 'fileExt' must contain a non-null value when exiting constructor. Consider adding the 'required' modifier or declaring the property as nullable. [C:\Users\Rohit Rathod\Desktop\JsapProject\JSAPNEW\JSAPNEW.csproj]
C:\Users\Rohit Rathod\Desktop\JsapProject\JSAPNEW\Models\BomModels.cs(294,23): warning CS8618: Non-nullable property 'createdOn' must contain a non-null value when exiting constructor. Consider adding the 'required' modifier or declaring the property as nullable. [C:\Users\Rohit Rathod\Desktop\JsapProject\JSAPNEW\JSAPNEW.csproj]
C:\Users\Rohit Rathod\Desktop\JsapProject\JSAPNEW\Models\BomModels.cs(299,23): warning CS8618: Non-nullable property 'fileSize' must contain a non-null value when exiting constructor. Consider adding the 'required' modifier or declaring the property as nullable. [C:\Users\Rohit Rathod\Desktop\JsapProject\JSAPNEW\JSAPNEW.csproj]
C:\Users\Rohit Rathod\Desktop\JsapProject\JSAPNEW\Models\BomModels.cs(300,23): warning CS8618: Non-nullable property 'description' must contain a non-null value when exiting constructor. Consider adding the 'required' modifier or declaring the property as nullable. [C:\Users\Rohit Rathod\Desktop\JsapProject\JSAPNEW\JSAPNEW.csproj]
C:\Users\Rohit Rathod\Desktop\JsapProject\JSAPNEW\Models\BomModels.cs(301,23): warning CS8618: Non-nullable property 'DownloadUrl' must contain a non-null value when exiting constructor. Consider adding the 'required' modifier or declaring the property as nullable. [C:\Users\Rohit Rathod\Desktop\JsapProject\JSAPNEW\JSAPNEW.csproj]
C:\Users\Rohit Rathod\Desktop\JsapProject\JSAPNEW\Models\BomModels.cs(516,23): warning CS8618: Non-nullable property 'parentCode' must contain a non-null value when exiting constructor. Consider adding the 'required' modifier or declaring the property as nullable. [C:\Users\Rohit Rathod\Desktop\JsapProject\JSAPNEW\JSAPNEW.csproj]
C:\Users\Rohit Rathod\Desktop\JsapProject\JSAPNEW\Models\BomModels.cs(517,23): warning CS8618: Non-nullable property 'type' must contain a non-null value when exiting constructor. Consider adding the 'required' modifier or declaring the property as nullable. [C:\Users\Rohit Rathod\Desktop\JsapProject\JSAPNEW\JSAPNEW.csproj]
C:\Users\Rohit Rathod\Desktop\JsapProject\JSAPNEW\Models\BomModels.cs(521,23): warning CS8618: Non-nullable property 'wareHouse' must contain a non-null value when exiting constructor. Consider adding the 'required' modifier or declaring the property as nullable. [C:\Users\Rohit Rathod\Desktop\JsapProject\JSAPNEW\JSAPNEW.csproj]
C:\Users\Rohit Rathod\Desktop\JsapProject\JSAPNEW\Models\BomModels.cs(522,23): warning CS8618: Non-nullable property 'itmsGrpNam' must contain a non-null value when exiting constructor. Consider adding the 'required' modifier or declaring the property as nullable. [C:\Users\Rohit Rathod\Desktop\JsapProject\JSAPNEW\JSAPNEW.csproj]
C:\Users\Rohit Rathod\Desktop\JsapProject\JSAPNEW\Models\BomModels.cs(523,23): warning CS8618: Non-nullable property 'itmsGrpCod' must contain a non-null value when exiting constructor. Consider adding the 'required' modifier or declaring the property as nullable. [C:\Users\Rohit Rathod\Desktop\JsapProject\JSAPNEW\JSAPNEW.csproj]
C:\Users\Rohit Rathod\Desktop\JsapProject\JSAPNEW\Models\BomModels.cs(524,23): warning CS8618: Non-nullable property 'itemName' must contain a non-null value when exiting constructor. Consider adding the 'required' modifier or declaring the property as nullable. [C:\Users\Rohit Rathod\Desktop\JsapProject\JSAPNEW\JSAPNEW.csproj]
C:\Users\Rohit Rathod\Desktop\JsapProject\JSAPNEW\Models\BomModels.cs(525,23): warning CS8618: Non-nullable property 'invntryUom' must contain a non-null value when exiting constructor. Consider adding the 'required' modifier or declaring the property as nullable. [C:\Users\Rohit Rathod\Desktop\JsapProject\JSAPNEW\JSAPNEW.csproj]
C:\Users\Rohit Rathod\Desktop\JsapProject\JSAPNEW\Models\BomModels.cs(527,23): warning CS8618: Non-nullable property 'itemType' must contain a non-null value when exiting constructor. Consider adding the 'required' modifier or declaring the property as nullable. [C:\Users\Rohit Rathod\Desktop\JsapProject\JSAPNEW\JSAPNEW.csproj]
C:\Users\Rohit Rathod\Desktop\JsapProject\JSAPNEW\Models\BomModels.cs(528,23): warning CS8618: Non-nullable property 'createdDate' must contain a non-null value when exiting constructor. Consider adding the 'required' modifier or declaring the property as nullable. [C:\Users\Rohit Rathod\Desktop\JsapProject\JSAPNEW\JSAPNEW.csproj]
C:\Users\Rohit Rathod\Desktop\JsapProject\JSAPNEW\Models\BomModels.cs(529,23): warning CS8618: Non-nullable property 'createdByName' must contain a non-null value when exiting constructor. Consider adding the 'required' modifier or declaring the property as nullable. [C:\Users\Rohit Rathod\Desktop\JsapProject\JSAPNEW\JSAPNEW.csproj]
C:\Users\Rohit Rathod\Desktop\JsapProject\JSAPNEW\Models\BomModels.cs(530,23): warning CS8618: Non-nullable property 'flag' must contain a non-null value when exiting constructor. Consider adding the 'required' modifier or declaring the property as nullable. [C:\Users\Rohit Rathod\Desktop\JsapProject\JSAPNEW\JSAPNEW.csproj]
C:\Users\Rohit Rathod\Desktop\JsapProject\JSAPNEW\Models\BomModels.cs(531,23): warning CS8618: Non-nullable property 'status' must contain a non-null value when exiting constructor. Consider adding the 'required' modifier or declaring the property as nullable. [C:\Users\Rohit Rathod\Desktop\JsapProject\JSAPNEW\JSAPNEW.csproj]
C:\Users\Rohit Rathod\Desktop\JsapProject\JSAPNEW\Models\BomModels.cs(184,23): warning CS8618: Non-nullable property 'Path' must contain a non-null value when exiting constructor. Consider adding the 'required' modifier or declaring the property as nullable. [C:\Users\Rohit Rathod\Desktop\JsapProject\JSAPNEW\JSAPNEW.csproj]
C:\Users\Rohit Rathod\Desktop\JsapProject\JSAPNEW\Models\BomModels.cs(185,23): warning CS8618: Non-nullable property 'FileName' must contain a non-null value when exiting constructor. Consider adding the 'required' modifier or declaring the property as nullable. [C:\Users\Rohit Rathod\Desktop\JsapProject\JSAPNEW\JSAPNEW.csproj]
C:\Users\Rohit Rathod\Desktop\JsapProject\JSAPNEW\Models\BomModels.cs(186,23): warning CS8618: Non-nullable property 'FileExt' must contain a non-null value when exiting constructor. Consider adding the 'required' modifier or declaring the property as nullable. [C:\Users\Rohit Rathod\Desktop\JsapProject\JSAPNEW\JSAPNEW.csproj]
C:\Users\Rohit Rathod\Desktop\JsapProject\JSAPNEW\Models\BomModels.cs(188,23): warning CS8618: Non-nullable property 'Description' must contain a non-null value when exiting constructor. Consider adding the 'required' modifier or declaring the property as nullable. [C:\Users\Rohit Rathod\Desktop\JsapProject\JSAPNEW\JSAPNEW.csproj]
C:\Users\Rohit Rathod\Desktop\JsapProject\JSAPNEW\Models\BomModels.cs(497,23): warning CS8618: Non-nullable property 'parentCode' must contain a non-null value when exiting constructor. Consider adding the 'required' modifier or declaring the property as nullable. [C:\Users\Rohit Rathod\Desktop\JsapProject\JSAPNEW\JSAPNEW.csproj]
C:\Users\Rohit Rathod\Desktop\JsapProject\JSAPNEW\Models\BomModels.cs(498,23): warning CS8618: Non-nullable property 'type' must contain a non-null value when exiting constructor. Consider adding the 'required' modifier or declaring the property as nullable. [C:\Users\Rohit Rathod\Desktop\JsapProject\JSAPNEW\JSAPNEW.csproj]
C:\Users\Rohit Rathod\Desktop\JsapProject\JSAPNEW\Models\BomModels.cs(502,23): warning CS8618: Non-nullable property 'wareHouse' must contain a non-null value when exiting constructor. Consider adding the 'required' modifier or declaring the property as nullable. [C:\Users\Rohit Rathod\Desktop\JsapProject\JSAPNEW\JSAPNEW.csproj]
C:\Users\Rohit Rathod\Desktop\JsapProject\JSAPNEW\Models\BomModels.cs(503,23): warning CS8618: Non-nullable property 'itmsGrpNam' must contain a non-null value when exiting constructor. Consider adding the 'required' modifier or declaring the property as nullable. [C:\Users\Rohit Rathod\Desktop\JsapProject\JSAPNEW\JSAPNEW.csproj]
C:\Users\Rohit Rathod\Desktop\JsapProject\JSAPNEW\Models\BomModels.cs(504,23): warning CS8618: Non-nullable property 'itmsGrpCod' must contain a non-null value when exiting constructor. Consider adding the 'required' modifier or declaring the property as nullable. [C:\Users\Rohit Rathod\Desktop\JsapProject\JSAPNEW\JSAPNEW.csproj]
C:\Users\Rohit Rathod\Desktop\JsapProject\JSAPNEW\Models\BomModels.cs(505,23): warning CS8618: Non-nullable property 'itemName' must contain a non-null value when exiting constructor. Consider adding the 'required' modifier or declaring the property as nullable. [C:\Users\Rohit Rathod\Desktop\JsapProject\JSAPNEW\JSAPNEW.csproj]
C:\Users\Rohit Rathod\Desktop\JsapProject\JSAPNEW\Models\BomModels.cs(506,23): warning CS8618: Non-nullable property 'invntryUom' must contain a non-null value when exiting constructor. Consider adding the 'required' modifier or declaring the property as nullable. [C:\Users\Rohit Rathod\Desktop\JsapProject\JSAPNEW\JSAPNEW.csproj]
C:\Users\Rohit Rathod\Desktop\JsapProject\JSAPNEW\Models\BomModels.cs(508,23): warning CS8618: Non-nullable property 'itemType' must contain a non-null value when exiting constructor. Consider adding the 'required' modifier or declaring the property as nullable. [C:\Users\Rohit Rathod\Desktop\JsapProject\JSAPNEW\JSAPNEW.csproj]
C:\Users\Rohit Rathod\Desktop\JsapProject\JSAPNEW\Models\BomModels.cs(509,23): warning CS8618: Non-nullable property 'createdDate' must contain a non-null value when exiting constructor. Consider adding the 'required' modifier or declaring the property as nullable. [C:\Users\Rohit Rathod\Desktop\JsapProject\JSAPNEW\JSAPNEW.csproj]
C:\Users\Rohit Rathod\Desktop\JsapProject\JSAPNEW\Models\BomModels.cs(510,23): warning CS8618: Non-nullable property 'createdByName' must contain a non-null value when exiting constructor. Consider adding the 'required' modifier or declaring the property as nullable. [C:\Users\Rohit Rathod\Desktop\JsapProject\JSAPNEW\JSAPNEW.csproj]
C:\Users\Rohit Rathod\Desktop\JsapProject\JSAPNEW\Models\BomModels.cs(511,23): warning CS8618: Non-nullable property 'flag' must contain a non-null value when exiting constructor. Consider adding the 'required' modifier or declaring the property as nullable. [C:\Users\Rohit Rathod\Desktop\JsapProject\JSAPNEW\JSAPNEW.csproj]
C:\Users\Rohit Rathod\Desktop\JsapProject\JSAPNEW\Models\BomModels.cs(174,23): warning CS8618: Non-nullable property 'Type' must contain a non-null value when exiting constructor. Consider adding the 'required' modifier or declaring the property as nullable. [C:\Users\Rohit Rathod\Desktop\JsapProject\JSAPNEW\JSAPNEW.csproj]
C:\Users\Rohit Rathod\Desktop\JsapProject\JSAPNEW\Models\BomModels.cs(175,23): warning CS8618: Non-nullable property 'ComponentCode' must contain a non-null value when exiting constructor. Consider adding the 'required' modifier or declaring the property as nullable. [C:\Users\Rohit Rathod\Desktop\JsapProject\JSAPNEW\JSAPNEW.csproj]
C:\Users\Rohit Rathod\Desktop\JsapProject\JSAPNEW\Models\BomModels.cs(177,23): warning CS8618: Non-nullable property 'Uom' must contain a non-null value when exiting constructor. Consider adding the 'required' modifier or declaring the property as nullable. [C:\Users\Rohit Rathod\Desktop\JsapProject\JSAPNEW\JSAPNEW.csproj]
C:\Users\Rohit Rathod\Desktop\JsapProject\JSAPNEW\Models\BomModels.cs(179,23): warning CS8618: Non-nullable property 'WareHouse' must contain a non-null value when exiting constructor. Consider adding the 'required' modifier or declaring the property as nullable. [C:\Users\Rohit Rathod\Desktop\JsapProject\JSAPNEW\JSAPNEW.csproj]
C:\Users\Rohit Rathod\Desktop\JsapProject\JSAPNEW\Models\BomModels.cs(162,23): warning CS8618: Non-nullable property 'ParentCode' must contain a non-null value when exiting constructor. Consider adding the 'required' modifier or declaring the property as nullable. [C:\Users\Rohit Rathod\Desktop\JsapProject\JSAPNEW\JSAPNEW.csproj]
C:\Users\Rohit Rathod\Desktop\JsapProject\JSAPNEW\Models\BomModels.cs(163,23): warning CS8618: Non-nullable property 'Type' must contain a non-null value when exiting constructor. Consider adding the 'required' modifier or declaring the property as nullable. [C:\Users\Rohit Rathod\Desktop\JsapProject\JSAPNEW\JSAPNEW.csproj]
C:\Users\Rohit Rathod\Desktop\JsapProject\JSAPNEW\Models\BomModels.cs(167,23): warning CS8618: Non-nullable property 'WareHouseCode' must contain a non-null value when exiting constructor. Consider adding the 'required' modifier or declaring the property as nullable. [C:\Users\Rohit Rathod\Desktop\JsapProject\JSAPNEW\JSAPNEW.csproj]
C:\Users\Rohit Rathod\Desktop\JsapProject\JSAPNEW\Models\BomModels.cs(333,23): warning CS8618: Non-nullable property 'parentCode' must contain a non-null value when exiting constructor. Consider adding the 'required' modifier or declaring the property as nullable. [C:\Users\Rohit Rathod\Desktop\JsapProject\JSAPNEW\JSAPNEW.csproj]
C:\Users\Rohit Rathod\Desktop\JsapProject\JSAPNEW\Models\BomModels.cs(334,23): warning CS8618: Non-nullable property 'type' must contain a non-null value when exiting constructor. Consider adding the 'required' modifier or declaring the property as nullable. [C:\Users\Rohit Rathod\Desktop\JsapProject\JSAPNEW\JSAPNEW.csproj]
C:\Users\Rohit Rathod\Desktop\JsapProject\JSAPNEW\Models\BomModels.cs(338,23): warning CS8618: Non-nullable property 'createdBy' must contain a non-null value when exiting constructor. Consider adding the 'required' modifier or declaring the property as nullable. [C:\Users\Rohit Rathod\Desktop\JsapProject\JSAPNEW\JSAPNEW.csproj]
C:\Users\Rohit Rathod\Desktop\JsapProject\JSAPNEW\Models\BomModels.cs(339,23): warning CS8618: Non-nullable property 'updatedBy' must contain a non-null value when exiting constructor. Consider adding the 'required' modifier or declaring the property as nullable. [C:\Users\Rohit Rathod\Desktop\JsapProject\JSAPNEW\JSAPNEW.csproj]
C:\Users\Rohit Rathod\Desktop\JsapProject\JSAPNEW\Models\BomModels.cs(340,23): warning CS8618: Non-nullable property 'createdDate' must contain a non-null value when exiting constructor. Consider adding the 'required' modifier or declaring the property as nullable. [C:\Users\Rohit Rathod\Desktop\JsapProject\JSAPNEW\JSAPNEW.csproj]
C:\Users\Rohit Rathod\Desktop\JsapProject\JSAPNEW\Models\BomModels.cs(341,23): warning CS8618: Non-nullable property 'updatedDate' must contain a non-null value when exiting constructor. Consider adding the 'required' modifier or declaring the property as nullable. [C:\Users\Rohit Rathod\Desktop\JsapProject\JSAPNEW\JSAPNEW.csproj]
C:\Users\Rohit Rathod\Desktop\JsapProject\JSAPNEW\Models\BomModels.cs(342,23): warning CS8618: Non-nullable property 'wareHouse' must contain a non-null value when exiting constructor. Consider adding the 'required' modifier or declaring the property as nullable. [C:\Users\Rohit Rathod\Desktop\JsapProject\JSAPNEW\JSAPNEW.csproj]
C:\Users\Rohit Rathod\Desktop\JsapProject\JSAPNEW\Models\BomModels.cs(343,23): warning CS8618: Non-nullable property 'itemGroup' must contain a non-null value when exiting constructor. Consider adding the 'required' modifier or declaring the property as nullable. [C:\Users\Rohit Rathod\Desktop\JsapProject\JSAPNEW\JSAPNEW.csproj]
C:\Users\Rohit Rathod\Desktop\JsapProject\JSAPNEW\Models\BomModels.cs(345,23): warning CS8618: Non-nullable property 'itemName' must contain a non-null value when exiting constructor. Consider adding the 'required' modifier or declaring the property as nullable. [C:\Users\Rohit Rathod\Desktop\JsapProject\JSAPNEW\JSAPNEW.csproj]
C:\Users\Rohit Rathod\Desktop\JsapProject\JSAPNEW\Models\BomModels.cs(346,23): warning CS8618: Non-nullable property 'uom' must contain a non-null value when exiting constructor. Consider adding the 'required' modifier or declaring the property as nullable. [C:\Users\Rohit Rathod\Desktop\JsapProject\JSAPNEW\JSAPNEW.csproj]
C:\Users\Rohit Rathod\Desktop\JsapProject\JSAPNEW\Models\BomModels.cs(347,23): warning CS8618: Non-nullable property 'typeName' must contain a non-null value when exiting constructor. Consider adding the 'required' modifier or declaring the property as nullable. [C:\Users\Rohit Rathod\Desktop\JsapProject\JSAPNEW\JSAPNEW.csproj]
C:\Users\Rohit Rathod\Desktop\JsapProject\JSAPNEW\Models\BomModels.cs(50,23): warning CS8618: Non-nullable property 'type' must contain a non-null value when exiting constructor. Consider adding the 'required' modifier or declaring the property as nullable. [C:\Users\Rohit Rathod\Desktop\JsapProject\JSAPNEW\JSAPNEW.csproj]
C:\Users\Rohit Rathod\Desktop\JsapProject\JSAPNEW\Models\BomModels.cs(52,23): warning CS8618: Non-nullable property 'componentCode' must contain a non-null value when exiting constructor. Consider adding the 'required' modifier or declaring the property as nullable. [C:\Users\Rohit Rathod\Desktop\JsapProject\JSAPNEW\JSAPNEW.csproj]
C:\Users\Rohit Rathod\Desktop\JsapProject\JSAPNEW\Models\BomModels.cs(58,23): warning CS8618: Non-nullable property 'wareHouse' must contain a non-null value when exiting constructor. Consider adding the 'required' modifier or declaring the property as nullable. [C:\Users\Rohit Rathod\Desktop\JsapProject\JSAPNEW\JSAPNEW.csproj]
C:\Users\Rohit Rathod\Desktop\JsapProject\JSAPNEW\Models\BomModels.cs(768,23): warning CS8618: Non-nullable property 'ParentCode' must contain a non-null value when exiting constructor. Consider adding the 'required' modifier or declaring the property as nullable. [C:\Users\Rohit Rathod\Desktop\JsapProject\JSAPNEW\JSAPNEW.csproj]
C:\Users\Rohit Rathod\Desktop\JsapProject\JSAPNEW\Models\BomModels.cs(769,23): warning CS8618: Non-nullable property 'Type' must contain a non-null value when exiting constructor. Consider adding the 'required' modifier or declaring the property as nullable. [C:\Users\Rohit Rathod\Desktop\JsapProject\JSAPNEW\JSAPNEW.csproj]
C:\Users\Rohit Rathod\Desktop\JsapProject\JSAPNEW\Models\BomModels.cs(776,23): warning CS8618: Non-nullable property 'WareHouse' must contain a non-null value when exiting constructor. Consider adding the 'required' modifier or declaring the property as nullable. [C:\Users\Rohit Rathod\Desktop\JsapProject\JSAPNEW\JSAPNEW.csproj]
C:\Users\Rohit Rathod\Desktop\JsapProject\JSAPNEW\Models\BomModels.cs(779,23): warning CS8618: Non-nullable property 'ItemCode' must contain a non-null value when exiting constructor. Consider adding the 'required' modifier or declaring the property as nullable. [C:\Users\Rohit Rathod\Desktop\JsapProject\JSAPNEW\JSAPNEW.csproj]
C:\Users\Rohit Rathod\Desktop\JsapProject\JSAPNEW\Models\BomModels.cs(780,23): warning CS8618: Non-nullable property 'ItemName' must contain a non-null value when exiting constructor. Consider adding the 'required' modifier or declaring the property as nullable. [C:\Users\Rohit Rathod\Desktop\JsapProject\JSAPNEW\JSAPNEW.csproj]
C:\Users\Rohit Rathod\Desktop\JsapProject\JSAPNEW\Models\BomModels.cs(781,23): warning CS8618: Non-nullable property 'ItemGroup' must contain a non-null value when exiting constructor. Consider adding the 'required' modifier or declaring the property as nullable. [C:\Users\Rohit Rathod\Desktop\JsapProject\JSAPNEW\JSAPNEW.csproj]
C:\Users\Rohit Rathod\Desktop\JsapProject\JSAPNEW\Models\BomModels.cs(783,23): warning CS8618: Non-nullable property 'UOM' must contain a non-null value when exiting constructor. Consider adding the 'required' modifier or declaring the property as nullable. [C:\Users\Rohit Rathod\Desktop\JsapProject\JSAPNEW\JSAPNEW.csproj]
C:\Users\Rohit Rathod\Desktop\JsapProject\JSAPNEW\Models\BomModels.cs(785,23): warning CS8618: Non-nullable property 'SubGroup' must contain a non-null value when exiting constructor. Consider adding the 'required' modifier or declaring the property as nullable. [C:\Users\Rohit Rathod\Desktop\JsapProject\JSAPNEW\JSAPNEW.csproj]
C:\Users\Rohit Rathod\Desktop\JsapProject\JSAPNEW\Models\BomModels.cs(786,23): warning CS8618: Non-nullable property 'Unit' must contain a non-null value when exiting constructor. Consider adding the 'required' modifier or declaring the property as nullable. [C:\Users\Rohit Rathod\Desktop\JsapProject\JSAPNEW\JSAPNEW.csproj]
C:\Users\Rohit Rathod\Desktop\JsapProject\JSAPNEW\Models\BomModels.cs(787,23): warning CS8618: Non-nullable property 'IsLitre' must contain a non-null value when exiting constructor. Consider adding the 'required' modifier or declaring the property as nullable. [C:\Users\Rohit Rathod\Desktop\JsapProject\JSAPNEW\JSAPNEW.csproj]
C:\Users\Rohit Rathod\Desktop\JsapProject\JSAPNEW\Models\BomModels.cs(599,23): warning CS8618: Non-nullable property 'Message' must contain a non-null value when exiting constructor. Consider adding the 'required' modifier or declaring the property as nullable. [C:\Users\Rohit Rathod\Desktop\JsapProject\JSAPNEW\JSAPNEW.csproj]
C:\Users\Rohit Rathod\Desktop\JsapProject\JSAPNEW\Models\BomModels.cs(600,26): warning CS8618: Non-nullable property 'ProcessedBomIds' must contain a non-null value when exiting constructor. Consider adding the 'required' modifier or declaring the property as nullable. [C:\Users\Rohit Rathod\Desktop\JsapProject\JSAPNEW\JSAPNEW.csproj]
C:\Users\Rohit Rathod\Desktop\JsapProject\JSAPNEW\Models\BomModels.cs(720,23): warning CS8618: Non-nullable property 'Type' must contain a non-null value when exiting constructor. Consider adding the 'required' modifier or declaring the property as nullable. [C:\Users\Rohit Rathod\Desktop\JsapProject\JSAPNEW\JSAPNEW.csproj]
C:\Users\Rohit Rathod\Desktop\JsapProject\JSAPNEW\Models\BomModels.cs(721,23): warning CS8618: Non-nullable property 'ComponentCode' must contain a non-null value when exiting constructor. Consider adding the 'required' modifier or declaring the property as nullable. [C:\Users\Rohit Rathod\Desktop\JsapProject\JSAPNEW\JSAPNEW.csproj]
C:\Users\Rohit Rathod\Desktop\JsapProject\JSAPNEW\Models\BomModels.cs(724,23): warning CS8618: Non-nullable property 'WareHouse' must contain a non-null value when exiting constructor. Consider adding the 'required' modifier or declaring the property as nullable. [C:\Users\Rohit Rathod\Desktop\JsapProject\JSAPNEW\JSAPNEW.csproj]
C:\Users\Rohit Rathod\Desktop\JsapProject\JSAPNEW\Models\BomModels.cs(725,23): warning CS8618: Non-nullable property 'Uom' must contain a non-null value when exiting constructor. Consider adding the 'required' modifier or declaring the property as nullable. [C:\Users\Rohit Rathod\Desktop\JsapProject\JSAPNEW\JSAPNEW.csproj]
C:\Users\Rohit Rathod\Desktop\JsapProject\JSAPNEW\Models\BomModels.cs(731,23): warning CS8618: Non-nullable property 'Path' must contain a non-null value when exiting constructor. Consider adding the 'required' modifier or declaring the property as nullable. [C:\Users\Rohit Rathod\Desktop\JsapProject\JSAPNEW\JSAPNEW.csproj]
C:\Users\Rohit Rathod\Desktop\JsapProject\JSAPNEW\Models\BomModels.cs(732,23): warning CS8618: Non-nullable property 'FileName' must contain a non-null value when exiting constructor. Consider adding the 'required' modifier or declaring the property as nullable. [C:\Users\Rohit Rathod\Desktop\JsapProject\JSAPNEW\JSAPNEW.csproj]
C:\Users\Rohit Rathod\Desktop\JsapProject\JSAPNEW\Models\BomModels.cs(733,23): warning CS8618: Non-nullable property 'FileExt' must contain a non-null value when exiting constructor. Consider adding the 'required' modifier or declaring the property as nullable. [C:\Users\Rohit Rathod\Desktop\JsapProject\JSAPNEW\JSAPNEW.csproj]
C:\Users\Rohit Rathod\Desktop\JsapProject\JSAPNEW\Models\BomModels.cs(735,23): warning CS8618: Non-nullable property 'Description' must contain a non-null value when exiting constructor. Consider adding the 'required' modifier or declaring the property as nullable. [C:\Users\Rohit Rathod\Desktop\JsapProject\JSAPNEW\JSAPNEW.csproj]
C:\Users\Rohit Rathod\Desktop\JsapProject\JSAPNEW\Models\BomModels.cs(16,23): warning CS8618: Non-nullable property 'id' must contain a non-null value when exiting constructor. Consider adding the 'required' modifier or declaring the property as nullable. [C:\Users\Rohit Rathod\Desktop\JsapProject\JSAPNEW\JSAPNEW.csproj]
C:\Users\Rohit Rathod\Desktop\JsapProject\JSAPNEW\Models\BomModels.cs(17,23): warning CS8618: Non-nullable property 'type' must contain a non-null value when exiting constructor. Consider adding the 'required' modifier or declaring the property as nullable. [C:\Users\Rohit Rathod\Desktop\JsapProject\JSAPNEW\JSAPNEW.csproj]
C:\Users\Rohit Rathod\Desktop\JsapProject\JSAPNEW\Models\BomModels.cs(10,23): warning CS8618: Non-nullable property 'whsCode' must contain a non-null value when exiting constructor. Consider adding the 'required' modifier or declaring the property as nullable. [C:\Users\Rohit Rathod\Desktop\JsapProject\JSAPNEW\JSAPNEW.csproj]
C:\Users\Rohit Rathod\Desktop\JsapProject\JSAPNEW\Models\BomModels.cs(11,23): warning CS8618: Non-nullable property 'whsName' must contain a non-null value when exiting constructor. Consider adding the 'required' modifier or declaring the property as nullable. [C:\Users\Rohit Rathod\Desktop\JsapProject\JSAPNEW\JSAPNEW.csproj]
C:\Users\Rohit Rathod\Desktop\JsapProject\JSAPNEW\Models\BomModels.cs(202,23): warning CS8618: Non-nullable property 'parentCode' must contain a non-null value when exiting constructor. Consider adding the 'required' modifier or declaring the property as nullable. [C:\Users\Rohit Rathod\Desktop\JsapProject\JSAPNEW\JSAPNEW.csproj]
C:\Users\Rohit Rathod\Desktop\JsapProject\JSAPNEW\Models\BomModels.cs(203,23): warning CS8618: Non-nullable property 'type' must contain a non-null value when exiting constructor. Consider adding the 'required' modifier or declaring the property as nullable. [C:\Users\Rohit Rathod\Desktop\JsapProject\JSAPNEW\JSAPNEW.csproj]
C:\Users\Rohit Rathod\Desktop\JsapProject\JSAPNEW\Models\BomModels.cs(209,23): warning CS8618: Non-nullable property 'createdDate' must contain a non-null value when exiting constructor. Consider adding the 'required' modifier or declaring the property as nullable. [C:\Users\Rohit Rathod\Desktop\JsapProject\JSAPNEW\JSAPNEW.csproj]
C:\Users\Rohit Rathod\Desktop\JsapProject\JSAPNEW\Models\BomModels.cs(210,23): warning CS8618: Non-nullable property 'updatedDate' must contain a non-null value when exiting constructor. Consider adding the 'required' modifier or declaring the property as nullable. [C:\Users\Rohit Rathod\Desktop\JsapProject\JSAPNEW\JSAPNEW.csproj]
C:\Users\Rohit Rathod\Desktop\JsapProject\JSAPNEW\Models\BomModels.cs(211,23): warning CS8618: Non-nullable property 'wareHouse' must contain a non-null value when exiting constructor. Consider adding the 'required' modifier or declaring the property as nullable. [C:\Users\Rohit Rathod\Desktop\JsapProject\JSAPNEW\JSAPNEW.csproj]
C:\Users\Rohit Rathod\Desktop\JsapProject\JSAPNEW\Models\BomModels.cs(212,23): warning CS8618: Non-nullable property 'itemName' must contain a non-null value when exiting constructor. Consider adding the 'required' modifier or declaring the property as nullable. [C:\Users\Rohit Rathod\Desktop\JsapProject\JSAPNEW\JSAPNEW.csproj]
C:\Users\Rohit Rathod\Desktop\JsapProject\JSAPNEW\Models\BomModels.cs(214,23): warning CS8618: Non-nullable property 'uom' must contain a non-null value when exiting constructor. Consider adding the 'required' modifier or declaring the property as nullable. [C:\Users\Rohit Rathod\Desktop\JsapProject\JSAPNEW\JSAPNEW.csproj]
C:\Users\Rohit Rathod\Desktop\JsapProject\JSAPNEW\Models\BomModels.cs(215,23): warning CS8618: Non-nullable property 'typeName' must contain a non-null value when exiting constructor. Consider adding the 'required' modifier or declaring the property as nullable. [C:\Users\Rohit Rathod\Desktop\JsapProject\JSAPNEW\JSAPNEW.csproj]
C:\Users\Rohit Rathod\Desktop\JsapProject\JSAPNEW\Models\BomModels.cs(216,23): warning CS8618: Non-nullable property 'whsName' must contain a non-null value when exiting constructor. Consider adding the 'required' modifier or declaring the property as nullable. [C:\Users\Rohit Rathod\Desktop\JsapProject\JSAPNEW\JSAPNEW.csproj]
C:\Users\Rohit Rathod\Desktop\JsapProject\JSAPNEW\Models\BomModels.cs(218,23): warning CS8618: Non-nullable property 'flag' must contain a non-null value when exiting constructor. Consider adding the 'required' modifier or declaring the property as nullable. [C:\Users\Rohit Rathod\Desktop\JsapProject\JSAPNEW\JSAPNEW.csproj]
C:\Users\Rohit Rathod\Desktop\JsapProject\JSAPNEW\Models\BomModels.cs(219,23): warning CS8618: Non-nullable property 'Action' must contain a non-null value when exiting constructor. Consider adding the 'required' modifier or declaring the property as nullable. [C:\Users\Rohit Rathod\Desktop\JsapProject\JSAPNEW\JSAPNEW.csproj]
C:\Users\Rohit Rathod\Desktop\JsapProject\JSAPNEW\Models\BomModels.cs(108,23): warning CS8618: Non-nullable property 'type' must contain a non-null value when exiting constructor. Consider adding the 'required' modifier or declaring the property as nullable. [C:\Users\Rohit Rathod\Desktop\JsapProject\JSAPNEW\JSAPNEW.csproj]
C:\Users\Rohit Rathod\Desktop\JsapProject\JSAPNEW\Models\BomModels.cs(110,23): warning CS8618: Non-nullable property 'componentCode' must contain a non-null value when exiting constructor. Consider adding the 'required' modifier or declaring the property as nullable. [C:\Users\Rohit Rathod\Desktop\JsapProject\JSAPNEW\JSAPNEW.csproj]
C:\Users\Rohit Rathod\Desktop\JsapProject\JSAPNEW\Models\BomModels.cs(113,23): warning CS8618: Non-nullable property 'wareHouse' must contain a non-null value when exiting constructor. Consider adding the 'required' modifier or declaring the property as nullable. [C:\Users\Rohit Rathod\Desktop\JsapProject\JSAPNEW\JSAPNEW.csproj]
C:\Users\Rohit Rathod\Desktop\JsapProject\JSAPNEW\Models\BomModels.cs(114,23): warning CS8618: Non-nullable property 'itemGroup' must contain a non-null value when exiting constructor. Consider adding the 'required' modifier or declaring the property as nullable. [C:\Users\Rohit Rathod\Desktop\JsapProject\JSAPNEW\JSAPNEW.csproj]
C:\Users\Rohit Rathod\Desktop\JsapProject\JSAPNEW\Models\BomModels.cs(115,23): warning CS8618: Non-nullable property 'itemGroupCode' must contain a non-null value when exiting constructor. Consider adding the 'required' modifier or declaring the property as nullable. [C:\Users\Rohit Rathod\Desktop\JsapProject\JSAPNEW\JSAPNEW.csproj]
C:\Users\Rohit Rathod\Desktop\JsapProject\JSAPNEW\Models\BomModels.cs(116,23): warning CS8618: Non-nullable property 'itemName' must contain a non-null value when exiting constructor. Consider adding the 'required' modifier or declaring the property as nullable. [C:\Users\Rohit Rathod\Desktop\JsapProject\JSAPNEW\JSAPNEW.csproj]
C:\Users\Rohit Rathod\Desktop\JsapProject\JSAPNEW\Models\BomModels.cs(117,23): warning CS8618: Non-nullable property 'uom' must contain a non-null value when exiting constructor. Consider adding the 'required' modifier or declaring the property as nullable. [C:\Users\Rohit Rathod\Desktop\JsapProject\JSAPNEW\JSAPNEW.csproj]
C:\Users\Rohit Rathod\Desktop\JsapProject\JSAPNEW\Models\BomModels.cs(118,23): warning CS8618: Non-nullable property 'whsName' must contain a non-null value when exiting constructor. Consider adding the 'required' modifier or declaring the property as nullable. [C:\Users\Rohit Rathod\Desktop\JsapProject\JSAPNEW\JSAPNEW.csproj]
C:\Users\Rohit Rathod\Desktop\JsapProject\JSAPNEW\Models\BomModels.cs(633,23): warning CS8618: Non-nullable property 'stageName' must contain a non-null value when exiting constructor. Consider adding the 'required' modifier or declaring the property as nullable. [C:\Users\Rohit Rathod\Desktop\JsapProject\JSAPNEW\JSAPNEW.csproj]
C:\Users\Rohit Rathod\Desktop\JsapProject\JSAPNEW\Models\BomModels.cs(635,23): warning CS8618: Non-nullable property 'assignedTo' must contain a non-null value when exiting constructor. Consider adding the 'required' modifier or declaring the property as nullable. [C:\Users\Rohit Rathod\Desktop\JsapProject\JSAPNEW\JSAPNEW.csproj]
C:\Users\Rohit Rathod\Desktop\JsapProject\JSAPNEW\Models\BomModels.cs(636,23): warning CS8618: Non-nullable property 'actionStatus' must contain a non-null value when exiting constructor. Consider adding the 'required' modifier or declaring the property as nullable. [C:\Users\Rohit Rathod\Desktop\JsapProject\JSAPNEW\JSAPNEW.csproj]
C:\Users\Rohit Rathod\Desktop\JsapProject\JSAPNEW\Models\BomModels.cs(638,23): warning CS8618: Non-nullable property 'description' must contain a non-null value when exiting constructor. Consider adding the 'required' modifier or declaring the property as nullable. [C:\Users\Rohit Rathod\Desktop\JsapProject\JSAPNEW\JSAPNEW.csproj]
C:\Users\Rohit Rathod\Desktop\JsapProject\JSAPNEW\Models\BomModels.cs(123,23): warning CS8618: Non-nullable property 'type' must contain a non-null value when exiting constructor. Consider adding the 'required' modifier or declaring the property as nullable. [C:\Users\Rohit Rathod\Desktop\JsapProject\JSAPNEW\JSAPNEW.csproj]
C:\Users\Rohit Rathod\Desktop\JsapProject\JSAPNEW\Models\BomModels.cs(125,23): warning CS8618: Non-nullable property 'componentCode' must contain a non-null value when exiting constructor. Consider adding the 'required' modifier or declaring the property as nullable. [C:\Users\Rohit Rathod\Desktop\JsapProject\JSAPNEW\JSAPNEW.csproj]
C:\Users\Rohit Rathod\Desktop\JsapProject\JSAPNEW\Models\BomModels.cs(128,23): warning CS8618: Non-nullable property 'wareHouse' must contain a non-null value when exiting constructor. Consider adding the 'required' modifier or declaring the property as nullable. [C:\Users\Rohit Rathod\Desktop\JsapProject\JSAPNEW\JSAPNEW.csproj]
C:\Users\Rohit Rathod\Desktop\JsapProject\JSAPNEW\Models\BomModels.cs(129,23): warning CS8618: Non-nullable property 'resName' must contain a non-null value when exiting constructor. Consider adding the 'required' modifier or declaring the property as nullable. [C:\Users\Rohit Rathod\Desktop\JsapProject\JSAPNEW\JSAPNEW.csproj]
C:\Users\Rohit Rathod\Desktop\JsapProject\JSAPNEW\Models\BomModels.cs(130,23): warning CS8618: Non-nullable property 'whsName' must contain a non-null value when exiting constructor. Consider adding the 'required' modifier or declaring the property as nullable. [C:\Users\Rohit Rathod\Desktop\JsapProject\JSAPNEW\JSAPNEW.csproj]
C:\Users\Rohit Rathod\Desktop\JsapProject\JSAPNEW\Models\BomModels.cs(663,23): warning CS8618: Non-nullable property 'BOM_Code' must contain a non-null value when exiting constructor. Consider adding the 'required' modifier or declaring the property as nullable. [C:\Users\Rohit Rathod\Desktop\JsapProject\JSAPNEW\JSAPNEW.csproj]
C:\Users\Rohit Rathod\Desktop\JsapProject\JSAPNEW\Models\BomModels.cs(664,23): warning CS8618: Non-nullable property 'TreeType' must contain a non-null value when exiting constructor. Consider adding the 'required' modifier or declaring the property as nullable. [C:\Users\Rohit Rathod\Desktop\JsapProject\JSAPNEW\JSAPNEW.csproj]
C:\Users\Rohit Rathod\Desktop\JsapProject\JSAPNEW\Models\BomModels.cs(665,23): warning CS8618: Non-nullable property 'HeaderPriceList' must contain a non-null value when exiting constructor. Consider adding the 'required' modifier or declaring the property as nullable. [C:\Users\Rohit Rathod\Desktop\JsapProject\JSAPNEW\JSAPNEW.csproj]
C:\Users\Rohit Rathod\Desktop\JsapProject\JSAPNEW\Models\BomModels.cs(666,23): warning CS8618: Non-nullable property 'BOM_Quantity' must contain a non-null value when exiting constructor. Consider adding the 'required' modifier or declaring the property as nullable. [C:\Users\Rohit Rathod\Desktop\JsapProject\JSAPNEW\JSAPNEW.csproj]
C:\Users\Rohit Rathod\Desktop\JsapProject\JSAPNEW\Models\BomModels.cs(667,23): warning CS8618: Non-nullable property 'BOM_Name' must contain a non-null value when exiting constructor. Consider adding the 'required' modifier or declaring the property as nullable. [C:\Users\Rohit Rathod\Desktop\JsapProject\JSAPNEW\JSAPNEW.csproj]
C:\Users\Rohit Rathod\Desktop\JsapProject\JSAPNEW\Models\BomModels.cs(674,23): warning CS8618: Non-nullable property 'ItemCode' must contain a non-null value when exiting constructor. Consider adding the 'required' modifier or declaring the property as nullable. [C:\Users\Rohit Rathod\Desktop\JsapProject\JSAPNEW\JSAPNEW.csproj]
C:\Users\Rohit Rathod\Desktop\JsapProject\JSAPNEW\Models\BomModels.cs(675,23): warning CS8618: Non-nullable property 'ItemQuantity' must contain a non-null value when exiting constructor. Consider adding the 'required' modifier or declaring the property as nullable. [C:\Users\Rohit Rathod\Desktop\JsapProject\JSAPNEW\JSAPNEW.csproj]
C:\Users\Rohit Rathod\Desktop\JsapProject\JSAPNEW\Models\BomModels.cs(676,23): warning CS8618: Non-nullable property 'Warehouse' must contain a non-null value when exiting constructor. Consider adding the 'required' modifier or declaring the property as nullable. [C:\Users\Rohit Rathod\Desktop\JsapProject\JSAPNEW\JSAPNEW.csproj]
C:\Users\Rohit Rathod\Desktop\JsapProject\JSAPNEW\Models\BomModels.cs(677,23): warning CS8618: Non-nullable property 'Uom' must contain a non-null value when exiting constructor. Consider adding the 'required' modifier or declaring the property as nullable. [C:\Users\Rohit Rathod\Desktop\JsapProject\JSAPNEW\JSAPNEW.csproj]
C:\Users\Rohit Rathod\Desktop\JsapProject\JSAPNEW\Models\BomModels.cs(678,23): warning CS8618: Non-nullable property 'ItemName' must contain a non-null value when exiting constructor. Consider adding the 'required' modifier or declaring the property as nullable. [C:\Users\Rohit Rathod\Desktop\JsapProject\JSAPNEW\JSAPNEW.csproj]
C:\Users\Rohit Rathod\Desktop\JsapProject\JSAPNEW\Models\BomModels.cs(679,23): warning CS8618: Non-nullable property 'LineComment' must contain a non-null value when exiting constructor. Consider adding the 'required' modifier or declaring the property as nullable. [C:\Users\Rohit Rathod\Desktop\JsapProject\JSAPNEW\JSAPNEW.csproj]
C:\Users\Rohit Rathod\Desktop\JsapProject\JSAPNEW\Models\BomModels.cs(681,23): warning CS8618: Non-nullable property 'ChildType' must contain a non-null value when exiting constructor. Consider adding the 'required' modifier or declaring the property as nullable. [C:\Users\Rohit Rathod\Desktop\JsapProject\JSAPNEW\JSAPNEW.csproj]
C:\Users\Rohit Rathod\Desktop\JsapProject\JSAPNEW\Models\BomModels.cs(467,23): warning CS8618: Non-nullable property 'path' must contain a non-null value when exiting constructor. Consider adding the 'required' modifier or declaring the property as nullable. [C:\Users\Rohit Rathod\Desktop\JsapProject\JSAPNEW\JSAPNEW.csproj]
C:\Users\Rohit Rathod\Desktop\JsapProject\JSAPNEW\Models\BomModels.cs(468,23): warning CS8618: Non-nullable property 'fileName' must contain a non-null value when exiting constructor. Consider adding the 'required' modifier or declaring the property as nullable. [C:\Users\Rohit Rathod\Desktop\JsapProject\JSAPNEW\JSAPNEW.csproj]
C:\Users\Rohit Rathod\Desktop\JsapProject\JSAPNEW\Models\BomModels.cs(469,23): warning CS8618: Non-nullable property 'fileExt' must contain a non-null value when exiting constructor. Consider adding the 'required' modifier or declaring the property as nullable. [C:\Users\Rohit Rathod\Desktop\JsapProject\JSAPNEW\JSAPNEW.csproj]
C:\Users\Rohit Rathod\Desktop\JsapProject\JSAPNEW\Models\BomModels.cs(474,23): warning CS8618: Non-nullable property 'description' must contain a non-null value when exiting constructor. Consider adding the 'required' modifier or declaring the property as nullable. [C:\Users\Rohit Rathod\Desktop\JsapProject\JSAPNEW\JSAPNEW.csproj]
C:\Users\Rohit Rathod\Desktop\JsapProject\JSAPNEW\Models\BillVerificationModels.cs(169,23): warning CS8618: Non-nullable property 'Message' must contain a non-null value when exiting constructor. Consider adding the 'required' modifier or declaring the property as nullable. [C:\Users\Rohit Rathod\Desktop\JsapProject\JSAPNEW\JSAPNEW.csproj]
C:\Users\Rohit Rathod\Desktop\JsapProject\JSAPNEW\Models\BomModels.cs(392,23): warning CS8618: Non-nullable property 'status' must contain a non-null value when exiting constructor. Consider adding the 'required' modifier or declaring the property as nullable. [C:\Users\Rohit Rathod\Desktop\JsapProject\JSAPNEW\JSAPNEW.csproj]
C:\Users\Rohit Rathod\Desktop\JsapProject\JSAPNEW\Models\BomModels.cs(393,23): warning CS8618: Non-nullable property 'createdOn' must contain a non-null value when exiting constructor. Consider adding the 'required' modifier or declaring the property as nullable. [C:\Users\Rohit Rathod\Desktop\JsapProject\JSAPNEW\JSAPNEW.csproj]
C:\Users\Rohit Rathod\Desktop\JsapProject\JSAPNEW\Models\BomModels.cs(395,23): warning CS8618: Non-nullable property 'parentCode' must contain a non-null value when exiting constructor. Consider adding the 'required' modifier or declaring the property as nullable. [C:\Users\Rohit Rathod\Desktop\JsapProject\JSAPNEW\JSAPNEW.csproj]
C:\Users\Rohit Rathod\Desktop\JsapProject\JSAPNEW\Models\BomModels.cs(396,23): warning CS8618: Non-nullable property 'type' must contain a non-null value when exiting constructor. Consider adding the 'required' modifier or declaring the property as nullable. [C:\Users\Rohit Rathod\Desktop\JsapProject\JSAPNEW\JSAPNEW.csproj]
C:\Users\Rohit Rathod\Desktop\JsapProject\JSAPNEW\Models\BomModels.cs(400,23): warning CS8618: Non-nullable property 'createdBy' must contain a non-null value when exiting constructor. Consider adding the 'required' modifier or declaring the property as nullable. [C:\Users\Rohit Rathod\Desktop\JsapProject\JSAPNEW\JSAPNEW.csproj]
C:\Users\Rohit Rathod\Desktop\JsapProject\JSAPNEW\Models\BomModels.cs(401,23): warning CS8618: Non-nullable property 'updatedBy' must contain a non-null value when exiting constructor. Consider adding the 'required' modifier or declaring the property as nullable. [C:\Users\Rohit Rathod\Desktop\JsapProject\JSAPNEW\JSAPNEW.csproj]
C:\Users\Rohit Rathod\Desktop\JsapProject\JSAPNEW\Models\BomModels.cs(402,23): warning CS8618: Non-nullable property 'createdDate' must contain a non-null value when exiting constructor. Consider adding the 'required' modifier or declaring the property as nullable. [C:\Users\Rohit Rathod\Desktop\JsapProject\JSAPNEW\JSAPNEW.csproj]
C:\Users\Rohit Rathod\Desktop\JsapProject\JSAPNEW\Models\BomModels.cs(403,23): warning CS8618: Non-nullable property 'updatedDate' must contain a non-null value when exiting constructor. Consider adding the 'required' modifier or declaring the property as nullable. [C:\Users\Rohit Rathod\Desktop\JsapProject\JSAPNEW\JSAPNEW.csproj]
C:\Users\Rohit Rathod\Desktop\JsapProject\JSAPNEW\Models\BomModels.cs(404,23): warning CS8618: Non-nullable property 'wareHouse' must contain a non-null value when exiting constructor. Consider adding the 'required' modifier or declaring the property as nullable. [C:\Users\Rohit Rathod\Desktop\JsapProject\JSAPNEW\JSAPNEW.csproj]
C:\Users\Rohit Rathod\Desktop\JsapProject\JSAPNEW\Models\BomModels.cs(405,23): warning CS8618: Non-nullable property 'itmsGrpNam' must contain a non-null value when exiting constructor. Consider adding the 'required' modifier or declaring the property as nullable. [C:\Users\Rohit Rathod\Desktop\JsapProject\JSAPNEW\JSAPNEW.csproj]
C:\Users\Rohit Rathod\Desktop\JsapProject\JSAPNEW\Models\BomModels.cs(406,23): warning CS8618: Non-nullable property 'itmsGrpCod' must contain a non-null value when exiting constructor. Consider adding the 'required' modifier or declaring the property as nullable. [C:\Users\Rohit Rathod\Desktop\JsapProject\JSAPNEW\JSAPNEW.csproj]
C:\Users\Rohit Rathod\Desktop\JsapProject\JSAPNEW\Models\BomModels.cs(407,23): warning CS8618: Non-nullable property 'itemName' must contain a non-null value when exiting constructor. Consider adding the 'required' modifier or declaring the property as nullable. [C:\Users\Rohit Rathod\Desktop\JsapProject\JSAPNEW\JSAPNEW.csproj]
C:\Users\Rohit Rathod\Desktop\JsapProject\JSAPNEW\Models\BomModels.cs(408,23): warning CS8618: Non-nullable property 'invntryUom' must contain a non-null value when exiting constructor. Consider adding the 'required' modifier or declaring the property as nullable. [C:\Users\Rohit Rathod\Desktop\JsapProject\JSAPNEW\JSAPNEW.csproj]
C:\Users\Rohit Rathod\Desktop\JsapProject\JSAPNEW\Models\BomModels.cs(409,23): warning CS8618: Non-nullable property 'itemType' must contain a non-null value when exiting constructor. Consider adding the 'required' modifier or declaring the property as nullable. [C:\Users\Rohit Rathod\Desktop\JsapProject\JSAPNEW\JSAPNEW.csproj]
C:\Users\Rohit Rathod\Desktop\JsapProject\JSAPNEW\Models\BomModels.cs(410,23): warning CS8618: Non-nullable property 'createdByName' must contain a non-null value when exiting constructor. Consider adding the 'required' modifier or declaring the property as nullable. [C:\Users\Rohit Rathod\Desktop\JsapProject\JSAPNEW\JSAPNEW.csproj]
C:\Users\Rohit Rathod\Desktop\JsapProject\JSAPNEW\Models\BomModels.cs(411,23): warning CS8618: Non-nullable property 'flag' must contain a non-null value when exiting constructor. Consider adding the 'required' modifier or declaring the property as nullable. [C:\Users\Rohit Rathod\Desktop\JsapProject\JSAPNEW\JSAPNEW.csproj]
C:\Users\Rohit Rathod\Desktop\JsapProject\JSAPNEW\Models\BomModels.cs(366,23): warning CS8618: Non-nullable property 'status' must contain a non-null value when exiting constructor. Consider adding the 'required' modifier or declaring the property as nullable. [C:\Users\Rohit Rathod\Desktop\JsapProject\JSAPNEW\JSAPNEW.csproj]
C:\Users\Rohit Rathod\Desktop\JsapProject\JSAPNEW\Models\BomModels.cs(367,23): warning CS8618: Non-nullable property 'createdOn' must contain a non-null value when exiting constructor. Consider adding the 'required' modifier or declaring the property as nullable. [C:\Users\Rohit Rathod\Desktop\JsapProject\JSAPNEW\JSAPNEW.csproj]
C:\Users\Rohit Rathod\Desktop\JsapProject\JSAPNEW\Models\BomModels.cs(369,23): warning CS8618: Non-nullable property 'parentCode' must contain a non-null value when exiting constructor. Consider adding the 'required' modifier or declaring the property as nullable. [C:\Users\Rohit Rathod\Desktop\JsapProject\JSAPNEW\JSAPNEW.csproj]
C:\Users\Rohit Rathod\Desktop\JsapProject\JSAPNEW\Models\BomModels.cs(370,23): warning CS8618: Non-nullable property 'type' must contain a non-null value when exiting constructor. Consider adding the 'required' modifier or declaring the property as nullable. [C:\Users\Rohit Rathod\Desktop\JsapProject\JSAPNEW\JSAPNEW.csproj]
C:\Users\Rohit Rathod\Desktop\JsapProject\JSAPNEW\Models\BomModels.cs(374,23): warning CS8618: Non-nullable property 'createdBy' must contain a non-null value when exiting constructor. Consider adding the 'required' modifier or declaring the property as nullable. [C:\Users\Rohit Rathod\Desktop\JsapProject\JSAPNEW\JSAPNEW.csproj]
C:\Users\Rohit Rathod\Desktop\JsapProject\JSAPNEW\Models\BomModels.cs(375,23): warning CS8618: Non-nullable property 'updatedBy' must contain a non-null value when exiting constructor. Consider adding the 'required' modifier or declaring the property as nullable. [C:\Users\Rohit Rathod\Desktop\JsapProject\JSAPNEW\JSAPNEW.csproj]
C:\Users\Rohit Rathod\Desktop\JsapProject\JSAPNEW\Models\BomModels.cs(376,23): warning CS8618: Non-nullable property 'createdDate' must contain a non-null value when exiting constructor. Consider adding the 'required' modifier or declaring the property as nullable. [C:\Users\Rohit Rathod\Desktop\JsapProject\JSAPNEW\JSAPNEW.csproj]
C:\Users\Rohit Rathod\Desktop\JsapProject\JSAPNEW\Models\BomModels.cs(377,23): warning CS8618: Non-nullable property 'updatedDate' must contain a non-null value when exiting constructor. Consider adding the 'required' modifier or declaring the property as nullable. [C:\Users\Rohit Rathod\Desktop\JsapProject\JSAPNEW\JSAPNEW.csproj]
C:\Users\Rohit Rathod\Desktop\JsapProject\JSAPNEW\Models\BomModels.cs(378,23): warning CS8618: Non-nullable property 'wareHouse' must contain a non-null value when exiting constructor. Consider adding the 'required' modifier or declaring the property as nullable. [C:\Users\Rohit Rathod\Desktop\JsapProject\JSAPNEW\JSAPNEW.csproj]
C:\Users\Rohit Rathod\Desktop\JsapProject\JSAPNEW\Models\BomModels.cs(379,23): warning CS8618: Non-nullable property 'itmsGrpNam' must contain a non-null value when exiting constructor. Consider adding the 'required' modifier or declaring the property as nullable. [C:\Users\Rohit Rathod\Desktop\JsapProject\JSAPNEW\JSAPNEW.csproj]
C:\Users\Rohit Rathod\Desktop\JsapProject\JSAPNEW\Models\BomModels.cs(380,23): warning CS8618: Non-nullable property 'itmsGrpCod' must contain a non-null value when exiting constructor. Consider adding the 'required' modifier or declaring the property as nullable. [C:\Users\Rohit Rathod\Desktop\JsapProject\JSAPNEW\JSAPNEW.csproj]
C:\Users\Rohit Rathod\Desktop\JsapProject\JSAPNEW\Models\BomModels.cs(381,23): warning CS8618: Non-nullable property 'itemName' must contain a non-null value when exiting constructor. Consider adding the 'required' modifier or declaring the property as nullable. [C:\Users\Rohit Rathod\Desktop\JsapProject\JSAPNEW\JSAPNEW.csproj]
C:\Users\Rohit Rathod\Desktop\JsapProject\JSAPNEW\Models\BomModels.cs(382,23): warning CS8618: Non-nullable property 'invntryUom' must contain a non-null value when exiting constructor. Consider adding the 'required' modifier or declaring the property as nullable. [C:\Users\Rohit Rathod\Desktop\JsapProject\JSAPNEW\JSAPNEW.csproj]
C:\Users\Rohit Rathod\Desktop\JsapProject\JSAPNEW\Models\BomModels.cs(383,23): warning CS8618: Non-nullable property 'itemType' must contain a non-null value when exiting constructor. Consider adding the 'required' modifier or declaring the property as nullable. [C:\Users\Rohit Rathod\Desktop\JsapProject\JSAPNEW\JSAPNEW.csproj]
C:\Users\Rohit Rathod\Desktop\JsapProject\JSAPNEW\Models\BomModels.cs(384,23): warning CS8618: Non-nullable property 'createdByName' must contain a non-null value when exiting constructor. Consider adding the 'required' modifier or declaring the property as nullable. [C:\Users\Rohit Rathod\Desktop\JsapProject\JSAPNEW\JSAPNEW.csproj]
C:\Users\Rohit Rathod\Desktop\JsapProject\JSAPNEW\Models\BomModels.cs(456,23): warning CS8618: Non-nullable property 'type' must contain a non-null value when exiting constructor. Consider adding the 'required' modifier or declaring the property as nullable. [C:\Users\Rohit Rathod\Desktop\JsapProject\JSAPNEW\JSAPNEW.csproj]
C:\Users\Rohit Rathod\Desktop\JsapProject\JSAPNEW\Models\BomModels.cs(457,23): warning CS8618: Non-nullable property 'componentCode' must contain a non-null value when exiting constructor. Consider adding the 'required' modifier or declaring the property as nullable. [C:\Users\Rohit Rathod\Desktop\JsapProject\JSAPNEW\JSAPNEW.csproj]
C:\Users\Rohit Rathod\Desktop\JsapProject\JSAPNEW\Models\BomModels.cs(460,23): warning CS8618: Non-nullable property 'wareHouse' must contain a non-null value when exiting constructor. Consider adding the 'required' modifier or declaring the property as nullable. [C:\Users\Rohit Rathod\Desktop\JsapProject\JSAPNEW\JSAPNEW.csproj]
C:\Users\Rohit Rathod\Desktop\JsapProject\JSAPNEW\Models\BomModels.cs(480,23): warning CS8618: Non-nullable property 'parentCode' must contain a non-null value when exiting constructor. Consider adding the 'required' modifier or declaring the property as nullable. [C:\Users\Rohit Rathod\Desktop\JsapProject\JSAPNEW\JSAPNEW.csproj]
C:\Users\Rohit Rathod\Desktop\JsapProject\JSAPNEW\Models\BomModels.cs(481,23): warning CS8618: Non-nullable property 'type' must contain a non-null value when exiting constructor. Consider adding the 'required' modifier or declaring the property as nullable. [C:\Users\Rohit Rathod\Desktop\JsapProject\JSAPNEW\JSAPNEW.csproj]
C:\Users\Rohit Rathod\Desktop\JsapProject\JSAPNEW\Models\BomModels.cs(485,23): warning CS8618: Non-nullable property 'wareHouse' must contain a non-null value when exiting constructor. Consider adding the 'required' modifier or declaring the property as nullable. [C:\Users\Rohit Rathod\Desktop\JsapProject\JSAPNEW\JSAPNEW.csproj]
C:\Users\Rohit Rathod\Desktop\JsapProject\JSAPNEW\Models\BomModels.cs(486,23): warning CS8618: Non-nullable property 'itmsGrpNam' must contain a non-null value when exiting constructor. Consider adding the 'required' modifier or declaring the property as nullable. [C:\Users\Rohit Rathod\Desktop\JsapProject\JSAPNEW\JSAPNEW.csproj]
C:\Users\Rohit Rathod\Desktop\JsapProject\JSAPNEW\Models\BomModels.cs(487,23): warning CS8618: Non-nullable property 'itmsGrpCod' must contain a non-null value when exiting constructor. Consider adding the 'required' modifier or declaring the property as nullable. [C:\Users\Rohit Rathod\Desktop\JsapProject\JSAPNEW\JSAPNEW.csproj]
C:\Users\Rohit Rathod\Desktop\JsapProject\JSAPNEW\Models\BomModels.cs(488,23): warning CS8618: Non-nullable property 'itemName' must contain a non-null value when exiting constructor. Consider adding the 'required' modifier or declaring the property as nullable. [C:\Users\Rohit Rathod\Desktop\JsapProject\JSAPNEW\JSAPNEW.csproj]
C:\Users\Rohit Rathod\Desktop\JsapProject\JSAPNEW\Models\BomModels.cs(489,23): warning CS8618: Non-nullable property 'invntryUom' must contain a non-null value when exiting constructor. Consider adding the 'required' modifier or declaring the property as nullable. [C:\Users\Rohit Rathod\Desktop\JsapProject\JSAPNEW\JSAPNEW.csproj]
C:\Users\Rohit Rathod\Desktop\JsapProject\JSAPNEW\Models\BomModels.cs(490,23): warning CS8618: Non-nullable property 'typeName' must contain a non-null value when exiting constructor. Consider adding the 'required' modifier or declaring the property as nullable. [C:\Users\Rohit Rathod\Desktop\JsapProject\JSAPNEW\JSAPNEW.csproj]
C:\Users\Rohit Rathod\Desktop\JsapProject\JSAPNEW\Models\BomModels.cs(491,23): warning CS8618: Non-nullable property 'createdDate' must contain a non-null value when exiting constructor. Consider adding the 'required' modifier or declaring the property as nullable. [C:\Users\Rohit Rathod\Desktop\JsapProject\JSAPNEW\JSAPNEW.csproj]
C:\Users\Rohit Rathod\Desktop\JsapProject\JSAPNEW\Models\BillVerificationModels.cs(93,23): warning CS8618: Non-nullable property 'FolderName' must contain a non-null value when exiting constructor. Consider adding the 'required' modifier or declaring the property as nullable. [C:\Users\Rohit Rathod\Desktop\JsapProject\JSAPNEW\JSAPNEW.csproj]
C:\Users\Rohit Rathod\Desktop\JsapProject\JSAPNEW\Models\BomModels.cs(307,23): warning CS8618: Non-nullable property 'path' must contain a non-null value when exiting constructor. Consider adding the 'required' modifier or declaring the property as nullable. [C:\Users\Rohit Rathod\Desktop\JsapProject\JSAPNEW\JSAPNEW.csproj]
C:\Users\Rohit Rathod\Desktop\JsapProject\JSAPNEW\Models\BomModels.cs(310,23): warning CS8618: Non-nullable property 'fileName' must contain a non-null value when exiting constructor. Consider adding the 'required' modifier or declaring the property as nullable. [C:\Users\Rohit Rathod\Desktop\JsapProject\JSAPNEW\JSAPNEW.csproj]
C:\Users\Rohit Rathod\Desktop\JsapProject\JSAPNEW\Models\BomModels.cs(313,23): warning CS8618: Non-nullable property 'fileExt' must contain a non-null value when exiting constructor. Consider adding the 'required' modifier or declaring the property as nullable. [C:\Users\Rohit Rathod\Desktop\JsapProject\JSAPNEW\JSAPNEW.csproj]
C:\Users\Rohit Rathod\Desktop\JsapProject\JSAPNEW\Models\BomModels.cs(327,23): warning CS8618: Non-nullable property 'description' must contain a non-null value when exiting constructor. Consider adding the 'required' modifier or declaring the property as nullable. [C:\Users\Rohit Rathod\Desktop\JsapProject\JSAPNEW\JSAPNEW.csproj]
C:\Users\Rohit Rathod\Desktop\JsapProject\JSAPNEW\Models\AuthModels.cs(991,32): warning CS8618: Non-nullable property 'SelectedUser' must contain a non-null value when exiting constructor. Consider adding the 'required' modifier or declaring the property as nullable. [C:\Users\Rohit Rathod\Desktop\JsapProject\JSAPNEW\JSAPNEW.csproj]
C:\Users\Rohit Rathod\Desktop\JsapProject\JSAPNEW\Models\AuthModels.cs(992,24): warning CS8618: Non-nullable property 'Permissions' must contain a non-null value when exiting constructor. Consider adding the 'required' modifier or declaring the property as nullable. [C:\Users\Rohit Rathod\Desktop\JsapProject\JSAPNEW\JSAPNEW.csproj]
C:\Users\Rohit Rathod\Desktop\JsapProject\JSAPNEW\Models\AuthModels.cs(867,52): warning CS8618: Non-nullable property 'BudgetData' must contain a non-null value when exiting constructor. Consider adding the 'required' modifier or declaring the property as nullable. [C:\Users\Rohit Rathod\Desktop\JsapProject\JSAPNEW\JSAPNEW.csproj]
C:\Users\Rohit Rathod\Desktop\JsapProject\JSAPNEW\Models\AuthModels.cs(868,49): warning CS8618: Non-nullable property 'BudgetDetails' must contain a non-null value when exiting constructor. Consider adding the 'required' modifier or declaring the property as nullable. [C:\Users\Rohit Rathod\Desktop\JsapProject\JSAPNEW\JSAPNEW.csproj]
C:\Users\Rohit Rathod\Desktop\JsapProject\JSAPNEW\Models\AuthModels.cs(873,32): warning CS8618: Non-nullable property 'BudgetHeader' must contain a non-null value when exiting constructor. Consider adding the 'required' modifier or declaring the property as nullable. [C:\Users\Rohit Rathod\Desktop\JsapProject\JSAPNEW\JSAPNEW.csproj]
C:\Users\Rohit Rathod\Desktop\JsapProject\JSAPNEW\Models\AuthModels.cs(874,42): warning CS8618: Non-nullable property 'BudgetLines' must contain a non-null value when exiting constructor. Consider adding the 'required' modifier or declaring the property as nullable. [C:\Users\Rohit Rathod\Desktop\JsapProject\JSAPNEW\JSAPNEW.csproj]
C:\Users\Rohit Rathod\Desktop\JsapProject\JSAPNEW\Models\BomModels.cs(21,23): warning CS8618: Non-nullable property 'itemCode' must contain a non-null value when exiting constructor. Consider adding the 'required' modifier or declaring the property as nullable. [C:\Users\Rohit Rathod\Desktop\JsapProject\JSAPNEW\JSAPNEW.csproj]
C:\Users\Rohit Rathod\Desktop\JsapProject\JSAPNEW\Models\BomModels.cs(22,23): warning CS8618: Non-nullable property 'itemName' must contain a non-null value when exiting constructor. Consider adding the 'required' modifier or declaring the property as nullable. [C:\Users\Rohit Rathod\Desktop\JsapProject\JSAPNEW\JSAPNEW.csproj]
C:\Users\Rohit Rathod\Desktop\JsapProject\JSAPNEW\Models\BomModels.cs(23,23): warning CS8618: Non-nullable property 'itemGroup' must contain a non-null value when exiting constructor. Consider adding the 'required' modifier or declaring the property as nullable. [C:\Users\Rohit Rathod\Desktop\JsapProject\JSAPNEW\JSAPNEW.csproj]
C:\Users\Rohit Rathod\Desktop\JsapProject\JSAPNEW\Models\BomModels.cs(25,23): warning CS8618: Non-nullable property 'uom' must contain a non-null value when exiting constructor. Consider adding the 'required' modifier or declaring the property as nullable. [C:\Users\Rohit Rathod\Desktop\JsapProject\JSAPNEW\JSAPNEW.csproj]
C:\Users\Rohit Rathod\Desktop\JsapProject\JSAPNEW\Models\BomModels.cs(27,23): warning CS8618: Non-nullable property 'subGroup' must contain a non-null value when exiting constructor. Consider adding the 'required' modifier or declaring the property as nullable. [C:\Users\Rohit Rathod\Desktop\JsapProject\JSAPNEW\JSAPNEW.csproj]
C:\Users\Rohit Rathod\Desktop\JsapProject\JSAPNEW\Models\BomModels.cs(28,23): warning CS8618: Non-nullable property 'unit' must contain a non-null value when exiting constructor. Consider adding the 'required' modifier or declaring the property as nullable. [C:\Users\Rohit Rathod\Desktop\JsapProject\JSAPNEW\JSAPNEW.csproj]
C:\Users\Rohit Rathod\Desktop\JsapProject\JSAPNEW\Models\BomModels.cs(29,23): warning CS8618: Non-nullable property 'isLitre' must contain a non-null value when exiting constructor. Consider adding the 'required' modifier or declaring the property as nullable. [C:\Users\Rohit Rathod\Desktop\JsapProject\JSAPNEW\JSAPNEW.csproj]
C:\Users\Rohit Rathod\Desktop\JsapProject\JSAPNEW\Models\BomModels.cs(225,23): warning CS8618: Non-nullable property 'parentCode' must contain a non-null value when exiting constructor. Consider adding the 'required' modifier or declaring the property as nullable. [C:\Users\Rohit Rathod\Desktop\JsapProject\JSAPNEW\JSAPNEW.csproj]
C:\Users\Rohit Rathod\Desktop\JsapProject\JSAPNEW\Models\BomModels.cs(226,23): warning CS8618: Non-nullable property 'type' must contain a non-null value when exiting constructor. Consider adding the 'required' modifier or declaring the property as nullable. [C:\Users\Rohit Rathod\Desktop\JsapProject\JSAPNEW\JSAPNEW.csproj]
C:\Users\Rohit Rathod\Desktop\JsapProject\JSAPNEW\Models\BomModels.cs(232,23): warning CS8618: Non-nullable property 'createdDate' must contain a non-null value when exiting constructor. Consider adding the 'required' modifier or declaring the property as nullable. [C:\Users\Rohit Rathod\Desktop\JsapProject\JSAPNEW\JSAPNEW.csproj]
C:\Users\Rohit Rathod\Desktop\JsapProject\JSAPNEW\Models\BomModels.cs(233,23): warning CS8618: Non-nullable property 'updatedDate' must contain a non-null value when exiting constructor. Consider adding the 'required' modifier or declaring the property as nullable. [C:\Users\Rohit Rathod\Desktop\JsapProject\JSAPNEW\JSAPNEW.csproj]
C:\Users\Rohit Rathod\Desktop\JsapProject\JSAPNEW\Models\BomModels.cs(234,23): warning CS8618: Non-nullable property 'wareHouse' must contain a non-null value when exiting constructor. Consider adding the 'required' modifier or declaring the property as nullable. [C:\Users\Rohit Rathod\Desktop\JsapProject\JSAPNEW\JSAPNEW.csproj]
C:\Users\Rohit Rathod\Desktop\JsapProject\JSAPNEW\Models\BomModels.cs(235,23): warning CS8618: Non-nullable property 'itemGroup' must contain a non-null value when exiting constructor. Consider adding the 'required' modifier or declaring the property as nullable. [C:\Users\Rohit Rathod\Desktop\JsapProject\JSAPNEW\JSAPNEW.csproj]
C:\Users\Rohit Rathod\Desktop\JsapProject\JSAPNEW\Models\BomModels.cs(237,23): warning CS8618: Non-nullable property 'itemName' must contain a non-null value when exiting constructor. Consider adding the 'required' modifier or declaring the property as nullable. [C:\Users\Rohit Rathod\Desktop\JsapProject\JSAPNEW\JSAPNEW.csproj]
C:\Users\Rohit Rathod\Desktop\JsapProject\JSAPNEW\Models\BomModels.cs(238,23): warning CS8618: Non-nullable property 'uom' must contain a non-null value when exiting constructor. Consider adding the 'required' modifier or declaring the property as nullable. [C:\Users\Rohit Rathod\Desktop\JsapProject\JSAPNEW\JSAPNEW.csproj]
C:\Users\Rohit Rathod\Desktop\JsapProject\JSAPNEW\Models\BomModels.cs(239,23): warning CS8618: Non-nullable property 'itemType' must contain a non-null value when exiting constructor. Consider adding the 'required' modifier or declaring the property as nullable. [C:\Users\Rohit Rathod\Desktop\JsapProject\JSAPNEW\JSAPNEW.csproj]
C:\Users\Rohit Rathod\Desktop\JsapProject\JSAPNEW\Models\BomModels.cs(240,23): warning CS8618: Non-nullable property 'createdByName' must contain a non-null value when exiting constructor. Consider adding the 'required' modifier or declaring the property as nullable. [C:\Users\Rohit Rathod\Desktop\JsapProject\JSAPNEW\JSAPNEW.csproj]
C:\Users\Rohit Rathod\Desktop\JsapProject\JSAPNEW\Models\BomModels.cs(241,23): warning CS8618: Non-nullable property 'flag' must contain a non-null value when exiting constructor. Consider adding the 'required' modifier or declaring the property as nullable. [C:\Users\Rohit Rathod\Desktop\JsapProject\JSAPNEW\JSAPNEW.csproj]
C:\Users\Rohit Rathod\Desktop\JsapProject\JSAPNEW\Models\BomModels.cs(242,23): warning CS8618: Non-nullable property 'Status' must contain a non-null value when exiting constructor. Consider adding the 'required' modifier or declaring the property as nullable. [C:\Users\Rohit Rathod\Desktop\JsapProject\JSAPNEW\JSAPNEW.csproj]
C:\Users\Rohit Rathod\Desktop\JsapProject\JSAPNEW\Models\AuthModels.cs(852,23): warning CS8618: Non-nullable property 'sBudgetId' must contain a non-null value when exiting constructor. Consider adding the 'required' modifier or declaring the property as nullable. [C:\Users\Rohit Rathod\Desktop\JsapProject\JSAPNEW\JSAPNEW.csproj]
C:\Users\Rohit Rathod\Desktop\JsapProject\JSAPNEW\Models\AuthModels.cs(843,23): warning CS8618: Non-nullable property 'userIdsToApprove' must contain a non-null value when exiting constructor. Consider adding the 'required' modifier or declaring the property as nullable. [C:\Users\Rohit Rathod\Desktop\JsapProject\JSAPNEW\JSAPNEW.csproj]
C:\Users\Rohit Rathod\Desktop\JsapProject\JSAPNEW\Models\BomModels.cs(72,23): warning CS8618: Non-nullable property 'parentCode' must contain a non-null value when exiting constructor. Consider adding the 'required' modifier or declaring the property as nullable. [C:\Users\Rohit Rathod\Desktop\JsapProject\JSAPNEW\JSAPNEW.csproj]
C:\Users\Rohit Rathod\Desktop\JsapProject\JSAPNEW\Models\BomModels.cs(74,23): warning CS8618: Non-nullable property 'type' must contain a non-null value when exiting constructor. Consider adding the 'required' modifier or declaring the property as nullable. [C:\Users\Rohit Rathod\Desktop\JsapProject\JSAPNEW\JSAPNEW.csproj]
C:\Users\Rohit Rathod\Desktop\JsapProject\JSAPNEW\Models\BomModels.cs(33,23): warning CS8618: Non-nullable property 'itemCode' must contain a non-null value when exiting constructor. Consider adding the 'required' modifier or declaring the property as nullable. [C:\Users\Rohit Rathod\Desktop\JsapProject\JSAPNEW\JSAPNEW.csproj]
C:\Users\Rohit Rathod\Desktop\JsapProject\JSAPNEW\Models\BomModels.cs(34,23): warning CS8618: Non-nullable property 'itemName' must contain a non-null value when exiting constructor. Consider adding the 'required' modifier or declaring the property as nullable. [C:\Users\Rohit Rathod\Desktop\JsapProject\JSAPNEW\JSAPNEW.csproj]
C:\Users\Rohit Rathod\Desktop\JsapProject\JSAPNEW\Models\BomModels.cs(36,23): warning CS8618: Non-nullable property 'salFactor2' must contain a non-null value when exiting constructor. Consider adding the 'required' modifier or declaring the property as nullable. [C:\Users\Rohit Rathod\Desktop\JsapProject\JSAPNEW\JSAPNEW.csproj]
C:\Users\Rohit Rathod\Desktop\JsapProject\JSAPNEW\Models\AuthModels.cs(856,23): warning CS8618: Non-nullable property 'TotalBudget' must contain a non-null value when exiting constructor. Consider adding the 'required' modifier or declaring the property as nullable. [C:\Users\Rohit Rathod\Desktop\JsapProject\JSAPNEW\JSAPNEW.csproj]
C:\Users\Rohit Rathod\Desktop\JsapProject\JSAPNEW\Models\AuthModels.cs(857,23): warning CS8618: Non-nullable property 'ApprovedAmount' must contain a non-null value when exiting constructor. Consider adding the 'required' modifier or declaring the property as nullable. [C:\Users\Rohit Rathod\Desktop\JsapProject\JSAPNEW\JSAPNEW.csproj]
C:\Users\Rohit Rathod\Desktop\JsapProject\JSAPNEW\Models\AuthModels.cs(858,23): warning CS8618: Non-nullable property 'RejectedAmount' must contain a non-null value when exiting constructor. Consider adding the 'required' modifier or declaring the property as nullable. [C:\Users\Rohit Rathod\Desktop\JsapProject\JSAPNEW\JSAPNEW.csproj]
C:\Users\Rohit Rathod\Desktop\JsapProject\JSAPNEW\Models\AuthModels.cs(859,23): warning CS8618: Non-nullable property 'PendingAmount' must contain a non-null value when exiting constructor. Consider adding the 'required' modifier or declaring the property as nullable. [C:\Users\Rohit Rathod\Desktop\JsapProject\JSAPNEW\JSAPNEW.csproj]
C:\Users\Rohit Rathod\Desktop\JsapProject\JSAPNEW\Models\AuthModels.cs(821,23): warning CS8618: Non-nullable property 'tempname' must contain a non-null value when exiting constructor. Consider adding the 'required' modifier or declaring the property as nullable. [C:\Users\Rohit Rathod\Desktop\JsapProject\JSAPNEW\JSAPNEW.csproj]
C:\Users\Rohit Rathod\Desktop\JsapProject\JSAPNEW\Models\AuthModels.cs(823,23): warning CS8618: Non-nullable property 'createdOn' must contain a non-null value when exiting constructor. Consider adding the 'required' modifier or declaring the property as nullable. [C:\Users\Rohit Rathod\Desktop\JsapProject\JSAPNEW\JSAPNEW.csproj]
C:\Users\Rohit Rathod\Desktop\JsapProject\JSAPNEW\Models\AuthModels.cs(824,23): warning CS8618: Non-nullable property 'userName' must contain a non-null value when exiting constructor. Consider adding the 'required' modifier or declaring the property as nullable. [C:\Users\Rohit Rathod\Desktop\JsapProject\JSAPNEW\JSAPNEW.csproj]
C:\Users\Rohit Rathod\Desktop\JsapProject\JSAPNEW\Models\AuthModels.cs(825,23): warning CS8618: Non-nullable property 'userEmail' must contain a non-null value when exiting constructor. Consider adding the 'required' modifier or declaring the property as nullable. [C:\Users\Rohit Rathod\Desktop\JsapProject\JSAPNEW\JSAPNEW.csproj]
C:\Users\Rohit Rathod\Desktop\JsapProject\JSAPNEW\Models\AuthModels.cs(802,23): warning CS8618: Non-nullable property 'newStartDate' must contain a non-null value when exiting constructor. Consider adding the 'required' modifier or declaring the property as nullable. [C:\Users\Rohit Rathod\Desktop\JsapProject\JSAPNEW\JSAPNEW.csproj]
C:\Users\Rohit Rathod\Desktop\JsapProject\JSAPNEW\Models\AuthModels.cs(804,23): warning CS8618: Non-nullable property 'newEndDate' must contain a non-null value when exiting constructor. Consider adding the 'required' modifier or declaring the property as nullable. [C:\Users\Rohit Rathod\Desktop\JsapProject\JSAPNEW\JSAPNEW.csproj]
C:\Users\Rohit Rathod\Desktop\JsapProject\JSAPNEW\Models\AuthModels.cs(737,23): warning CS8618: Non-nullable property 'budgetId' must contain a non-null value when exiting constructor. Consider adding the 'required' modifier or declaring the property as nullable. [C:\Users\Rohit Rathod\Desktop\JsapProject\JSAPNEW\JSAPNEW.csproj]
C:\Users\Rohit Rathod\Desktop\JsapProject\JSAPNEW\Models\AuthModels.cs(782,23): warning CS8618: Non-nullable property 'stageName' must contain a non-null value when exiting constructor. Consider adding the 'required' modifier or declaring the property as nullable. [C:\Users\Rohit Rathod\Desktop\JsapProject\JSAPNEW\JSAPNEW.csproj]
C:\Users\Rohit Rathod\Desktop\JsapProject\JSAPNEW\Models\AuthModels.cs(784,23): warning CS8618: Non-nullable property 'DelegatedByUserName' must contain a non-null value when exiting constructor. Consider adding the 'required' modifier or declaring the property as nullable. [C:\Users\Rohit Rathod\Desktop\JsapProject\JSAPNEW\JSAPNEW.csproj]
C:\Users\Rohit Rathod\Desktop\JsapProject\JSAPNEW\Models\AuthModels.cs(786,23): warning CS8618: Non-nullable property 'DelegatedToUserName' must contain a non-null value when exiting constructor. Consider adding the 'required' modifier or declaring the property as nullable. [C:\Users\Rohit Rathod\Desktop\JsapProject\JSAPNEW\JSAPNEW.csproj]
C:\Users\Rohit Rathod\Desktop\JsapProject\JSAPNEW\Models\AuthModels.cs(788,23): warning CS8618: Non-nullable property 'tempName' must contain a non-null value when exiting constructor. Consider adding the 'required' modifier or declaring the property as nullable. [C:\Users\Rohit Rathod\Desktop\JsapProject\JSAPNEW\JSAPNEW.csproj]
C:\Users\Rohit Rathod\Desktop\JsapProject\JSAPNEW\Models\AuthModels.cs(789,23): warning CS8618: Non-nullable property 'startDate' must contain a non-null value when exiting constructor. Consider adding the 'required' modifier or declaring the property as nullable. [C:\Users\Rohit Rathod\Desktop\JsapProject\JSAPNEW\JSAPNEW.csproj]
C:\Users\Rohit Rathod\Desktop\JsapProject\JSAPNEW\Models\AuthModels.cs(790,23): warning CS8618: Non-nullable property 'endDate' must contain a non-null value when exiting constructor. Consider adding the 'required' modifier or declaring the property as nullable. [C:\Users\Rohit Rathod\Desktop\JsapProject\JSAPNEW\JSAPNEW.csproj]
C:\Users\Rohit Rathod\Desktop\JsapProject\JSAPNEW\Models\AuthModels.cs(756,23): warning CS8618: Non-nullable property 'stageName' must contain a non-null value when exiting constructor. Consider adding the 'required' modifier or declaring the property as nullable. [C:\Users\Rohit Rathod\Desktop\JsapProject\JSAPNEW\JSAPNEW.csproj]
C:\Users\Rohit Rathod\Desktop\JsapProject\JSAPNEW\Models\AuthModels.cs(758,23): warning CS8618: Non-nullable property 'assignedTo' must contain a non-null value when exiting constructor. Consider adding the 'required' modifier or declaring the property as nullable. [C:\Users\Rohit Rathod\Desktop\JsapProject\JSAPNEW\JSAPNEW.csproj]
C:\Users\Rohit Rathod\Desktop\JsapProject\JSAPNEW\Models\AuthModels.cs(759,23): warning CS8618: Non-nullable property 'actionStatus' must contain a non-null value when exiting constructor. Consider adding the 'required' modifier or declaring the property as nullable. [C:\Users\Rohit Rathod\Desktop\JsapProject\JSAPNEW\JSAPNEW.csproj]
C:\Users\Rohit Rathod\Desktop\JsapProject\JSAPNEW\Models\AuthModels.cs(760,23): warning CS8618: Non-nullable property 'actionDate' must contain a non-null value when exiting constructor. Consider adding the 'required' modifier or declaring the property as nullable. [C:\Users\Rohit Rathod\Desktop\JsapProject\JSAPNEW\JSAPNEW.csproj]
C:\Users\Rohit Rathod\Desktop\JsapProject\JSAPNEW\Models\AuthModels.cs(761,23): warning CS8618: Non-nullable property 'description' must contain a non-null value when exiting constructor. Consider adding the 'required' modifier or declaring the property as nullable. [C:\Users\Rohit Rathod\Desktop\JsapProject\JSAPNEW\JSAPNEW.csproj]
C:\Users\Rohit Rathod\Desktop\JsapProject\JSAPNEW\Models\AuthModels.cs(721,23): warning CS8618: Non-nullable property 'LoginUser' must contain a non-null value when exiting constructor. Consider adding the 'required' modifier or declaring the property as nullable. [C:\Users\Rohit Rathod\Desktop\JsapProject\JSAPNEW\JSAPNEW.csproj]
C:\Users\Rohit Rathod\Desktop\JsapProject\JSAPNEW\Models\AuthModels.cs(956,23): warning CS8618: Non-nullable property 'Branch' must contain a non-null value when exiting constructor. Consider adding the 'required' modifier or declaring the property as nullable. [C:\Users\Rohit Rathod\Desktop\JsapProject\JSAPNEW\JSAPNEW.csproj]
C:\Users\Rohit Rathod\Desktop\JsapProject\JSAPNEW\Models\AuthModels.cs(958,23): warning CS8618: Non-nullable property 'RejectorName' must contain a non-null value when exiting constructor. Consider adding the 'required' modifier or declaring the property as nullable. [C:\Users\Rohit Rathod\Desktop\JsapProject\JSAPNEW\JSAPNEW.csproj]
C:\Users\Rohit Rathod\Desktop\JsapProject\JSAPNEW\Models\AuthModels.cs(959,23): warning CS8618: Non-nullable property 'ObjectName' must contain a non-null value when exiting constructor. Consider adding the 'required' modifier or declaring the property as nullable. [C:\Users\Rohit Rathod\Desktop\JsapProject\JSAPNEW\JSAPNEW.csproj]
C:\Users\Rohit Rathod\Desktop\JsapProject\JSAPNEW\Models\AuthModels.cs(960,23): warning CS8618: Non-nullable property 'CardCode' must contain a non-null value when exiting constructor. Consider adding the 'required' modifier or declaring the property as nullable. [C:\Users\Rohit Rathod\Desktop\JsapProject\JSAPNEW\JSAPNEW.csproj]
C:\Users\Rohit Rathod\Desktop\JsapProject\JSAPNEW\Models\AuthModels.cs(961,23): warning CS8618: Non-nullable property 'CardName' must contain a non-null value when exiting constructor. Consider adding the 'required' modifier or declaring the property as nullable. [C:\Users\Rohit Rathod\Desktop\JsapProject\JSAPNEW\JSAPNEW.csproj]
C:\Users\Rohit Rathod\Desktop\JsapProject\JSAPNEW\Models\AuthModels.cs(963,23): warning CS8618: Non-nullable property 'AcctCode' must contain a non-null value when exiting constructor. Consider adding the 'required' modifier or declaring the property as nullable. [C:\Users\Rohit Rathod\Desktop\JsapProject\JSAPNEW\JSAPNEW.csproj]
C:\Users\Rohit Rathod\Desktop\JsapProject\JSAPNEW\Models\AuthModels.cs(964,23): warning CS8618: Non-nullable property 'AcctName' must contain a non-null value when exiting constructor. Consider adding the 'required' modifier or declaring the property as nullable. [C:\Users\Rohit Rathod\Desktop\JsapProject\JSAPNEW\JSAPNEW.csproj]
C:\Users\Rohit Rathod\Desktop\JsapProject\JSAPNEW\Models\AuthModels.cs(967,23): warning CS8618: Non-nullable property 'BUDGET' must contain a non-null value when exiting constructor. Consider adding the 'required' modifier or declaring the property as nullable. [C:\Users\Rohit Rathod\Desktop\JsapProject\JSAPNEW\JSAPNEW.csproj]
C:\Users\Rohit Rathod\Desktop\JsapProject\JSAPNEW\Models\AuthModels.cs(968,23): warning CS8618: Non-nullable property 'SUB_BUDGET' must contain a non-null value when exiting constructor. Consider adding the 'required' modifier or declaring the property as nullable. [C:\Users\Rohit Rathod\Desktop\JsapProject\JSAPNEW\JSAPNEW.csproj]
C:\Users\Rohit Rathod\Desktop\JsapProject\JSAPNEW\Models\AuthModels.cs(969,23): warning CS8618: Non-nullable property 'STATE' must contain a non-null value when exiting constructor. Consider adding the 'required' modifier or declaring the property as nullable. [C:\Users\Rohit Rathod\Desktop\JsapProject\JSAPNEW\JSAPNEW.csproj]
C:\Users\Rohit Rathod\Desktop\JsapProject\JSAPNEW\Models\AuthModels.cs(970,23): warning CS8618: Non-nullable property 'Budget_Owner' must contain a non-null value when exiting constructor. Consider adding the 'required' modifier or declaring the property as nullable. [C:\Users\Rohit Rathod\Desktop\JsapProject\JSAPNEW\JSAPNEW.csproj]
C:\Users\Rohit Rathod\Desktop\JsapProject\JSAPNEW\Models\AuthModels.cs(971,23): warning CS8618: Non-nullable property 'OwnerCode' must contain a non-null value when exiting constructor. Consider adding the 'required' modifier or declaring the property as nullable. [C:\Users\Rohit Rathod\Desktop\JsapProject\JSAPNEW\JSAPNEW.csproj]
C:\Users\Rohit Rathod\Desktop\JsapProject\JSAPNEW\Models\AuthModels.cs(972,23): warning CS8618: Non-nullable property 'OriginalApproverName' must contain a non-null value when exiting constructor. Consider adding the 'required' modifier or declaring the property as nullable. [C:\Users\Rohit Rathod\Desktop\JsapProject\JSAPNEW\JSAPNEW.csproj]
C:\Users\Rohit Rathod\Desktop\JsapProject\JSAPNEW\Models\AuthModels.cs(973,23): warning CS8618: Non-nullable property 'ApprovalCode' must contain a non-null value when exiting constructor. Consider adding the 'required' modifier or declaring the property as nullable. [C:\Users\Rohit Rathod\Desktop\JsapProject\JSAPNEW\JSAPNEW.csproj]
C:\Users\Rohit Rathod\Desktop\JsapProject\JSAPNEW\Models\AuthModels.cs(978,23): warning CS8618: Non-nullable property 'RejectionStatus' must contain a non-null value when exiting constructor. Consider adding the 'required' modifier or declaring the property as nullable. [C:\Users\Rohit Rathod\Desktop\JsapProject\JSAPNEW\JSAPNEW.csproj]
C:\Users\Rohit Rathod\Desktop\JsapProject\JSAPNEW\Models\AuthModels.cs(979,23): warning CS8618: Non-nullable property 'RejectionStatusText' must contain a non-null value when exiting constructor. Consider adding the 'required' modifier or declaring the property as nullable. [C:\Users\Rohit Rathod\Desktop\JsapProject\JSAPNEW\JSAPNEW.csproj]
C:\Users\Rohit Rathod\Desktop\JsapProject\JSAPNEW\Models\AuthModels.cs(981,23): warning CS8618: Non-nullable property 'RejectionReason' must contain a non-null value when exiting constructor. Consider adding the 'required' modifier or declaring the property as nullable. [C:\Users\Rohit Rathod\Desktop\JsapProject\JSAPNEW\JSAPNEW.csproj]
C:\Users\Rohit Rathod\Desktop\JsapProject\JSAPNEW\Models\AuthModels.cs(982,23): warning CS8618: Non-nullable property 'LineRemarks' must contain a non-null value when exiting constructor. Consider adding the 'required' modifier or declaring the property as nullable. [C:\Users\Rohit Rathod\Desktop\JsapProject\JSAPNEW\JSAPNEW.csproj]
C:\Users\Rohit Rathod\Desktop\JsapProject\JSAPNEW\Models\AuthModels.cs(983,23): warning CS8618: Non-nullable property 'Comments' must contain a non-null value when exiting constructor. Consider adding the 'required' modifier or declaring the property as nullable. [C:\Users\Rohit Rathod\Desktop\JsapProject\JSAPNEW\JSAPNEW.csproj]
C:\Users\Rohit Rathod\Desktop\JsapProject\JSAPNEW\Models\AuthModels.cs(984,23): warning CS8618: Non-nullable property 'ApproverComment' must contain a non-null value when exiting constructor. Consider adding the 'required' modifier or declaring the property as nullable. [C:\Users\Rohit Rathod\Desktop\JsapProject\JSAPNEW\JSAPNEW.csproj]
C:\Users\Rohit Rathod\Desktop\JsapProject\JSAPNEW\Models\AuthModels.cs(985,23): warning CS8618: Non-nullable property 'VerifierComment' must contain a non-null value when exiting constructor. Consider adding the 'required' modifier or declaring the property as nullable. [C:\Users\Rohit Rathod\Desktop\JsapProject\JSAPNEW\JSAPNEW.csproj]
C:\Users\Rohit Rathod\Desktop\JsapProject\JSAPNEW\Models\AuthModels.cs(986,23): warning CS8618: Non-nullable property 'VerifiedStatus' must contain a non-null value when exiting constructor. Consider adding the 'required' modifier or declaring the property as nullable. [C:\Users\Rohit Rathod\Desktop\JsapProject\JSAPNEW\JSAPNEW.csproj]
C:\Users\Rohit Rathod\Desktop\JsapProject\JSAPNEW\Models\AuthModels.cs(987,23): warning CS8618: Non-nullable property 'ApprovedStatus' must contain a non-null value when exiting constructor. Consider adding the 'required' modifier or declaring the property as nullable. [C:\Users\Rohit Rathod\Desktop\JsapProject\JSAPNEW\JSAPNEW.csproj]
C:\Users\Rohit Rathod\Desktop\JsapProject\JSAPNEW\Models\AuthModels.cs(725,23): warning CS8618: Non-nullable property 'Branch' must contain a non-null value when exiting constructor. Consider adding the 'required' modifier or declaring the property as nullable. [C:\Users\Rohit Rathod\Desktop\JsapProject\JSAPNEW\JSAPNEW.csproj]
C:\Users\Rohit Rathod\Desktop\JsapProject\JSAPNEW\Models\AuthModels.cs(727,23): warning CS8618: Non-nullable property 'ObjectName' must contain a non-null value when exiting constructor. Consider adding the 'required' modifier or declaring the property as nullable. [C:\Users\Rohit Rathod\Desktop\JsapProject\JSAPNEW\JSAPNEW.csproj]
C:\Users\Rohit Rathod\Desktop\JsapProject\JSAPNEW\Models\AuthModels.cs(729,23): warning CS8618: Non-nullable property 'trgtPath' must contain a non-null value when exiting constructor. Consider adding the 'required' modifier or declaring the property as nullable. [C:\Users\Rohit Rathod\Desktop\JsapProject\JSAPNEW\JSAPNEW.csproj]
C:\Users\Rohit Rathod\Desktop\JsapProject\JSAPNEW\Models\AuthModels.cs(730,23): warning CS8618: Non-nullable property 'FileName' must contain a non-null value when exiting constructor. Consider adding the 'required' modifier or declaring the property as nullable. [C:\Users\Rohit Rathod\Desktop\JsapProject\JSAPNEW\JSAPNEW.csproj]
C:\Users\Rohit Rathod\Desktop\JsapProject\JSAPNEW\Models\AuthModels.cs(731,23): warning CS8618: Non-nullable property 'FileExt' must contain a non-null value when exiting constructor. Consider adding the 'required' modifier or declaring the property as nullable. [C:\Users\Rohit Rathod\Desktop\JsapProject\JSAPNEW\JSAPNEW.csproj]
C:\Users\Rohit Rathod\Desktop\JsapProject\JSAPNEW\Models\AuthModels.cs(732,23): warning CS8618: Non-nullable property 'AtcEntry' must contain a non-null value when exiting constructor. Consider adding the 'required' modifier or declaring the property as nullable. [C:\Users\Rohit Rathod\Desktop\JsapProject\JSAPNEW\JSAPNEW.csproj]
C:\Users\Rohit Rathod\Desktop\JsapProject\JSAPNEW\Models\AuthModels.cs(733,23): warning CS8618: Non-nullable property 'DownloadUrl' must contain a non-null value when exiting constructor. Consider adding the 'required' modifier or declaring the property as nullable. [C:\Users\Rohit Rathod\Desktop\JsapProject\JSAPNEW\JSAPNEW.csproj]
C:\Users\Rohit Rathod\Desktop\JsapProject\JSAPNEW\Models\BomModels.cs(138,23): warning CS8618: Non-nullable property 'status' must contain a non-null value when exiting constructor. Consider adding the 'required' modifier or declaring the property as nullable. [C:\Users\Rohit Rathod\Desktop\JsapProject\JSAPNEW\JSAPNEW.csproj]
C:\Users\Rohit Rathod\Desktop\JsapProject\JSAPNEW\Models\BomModels.cs(139,23): warning CS8618: Non-nullable property 'createdOn' must contain a non-null value when exiting constructor. Consider adding the 'required' modifier or declaring the property as nullable. [C:\Users\Rohit Rathod\Desktop\JsapProject\JSAPNEW\JSAPNEW.csproj]
C:\Users\Rohit Rathod\Desktop\JsapProject\JSAPNEW\Models\BomModels.cs(141,23): warning CS8618: Non-nullable property 'parentCode' must contain a non-null value when exiting constructor. Consider adding the 'required' modifier or declaring the property as nullable. [C:\Users\Rohit Rathod\Desktop\JsapProject\JSAPNEW\JSAPNEW.csproj]
C:\Users\Rohit Rathod\Desktop\JsapProject\JSAPNEW\Models\BomModels.cs(142,23): warning CS8618: Non-nullable property 'type' must contain a non-null value when exiting constructor. Consider adding the 'required' modifier or declaring the property as nullable. [C:\Users\Rohit Rathod\Desktop\JsapProject\JSAPNEW\JSAPNEW.csproj]
C:\Users\Rohit Rathod\Desktop\JsapProject\JSAPNEW\Models\BomModels.cs(146,23): warning CS8618: Non-nullable property 'createdBy' must contain a non-null value when exiting constructor. Consider adding the 'required' modifier or declaring the property as nullable. [C:\Users\Rohit Rathod\Desktop\JsapProject\JSAPNEW\JSAPNEW.csproj]
C:\Users\Rohit Rathod\Desktop\JsapProject\JSAPNEW\Models\BomModels.cs(147,23): warning CS8618: Non-nullable property 'updatedBy' must contain a non-null value when exiting constructor. Consider adding the 'required' modifier or declaring the property as nullable. [C:\Users\Rohit Rathod\Desktop\JsapProject\JSAPNEW\JSAPNEW.csproj]
C:\Users\Rohit Rathod\Desktop\JsapProject\JSAPNEW\Models\BomModels.cs(148,23): warning CS8618: Non-nullable property 'createdDate' must contain a non-null value when exiting constructor. Consider adding the 'required' modifier or declaring the property as nullable. [C:\Users\Rohit Rathod\Desktop\JsapProject\JSAPNEW\JSAPNEW.csproj]
C:\Users\Rohit Rathod\Desktop\JsapProject\JSAPNEW\Models\BomModels.cs(149,23): warning CS8618: Non-nullable property 'updatedDate' must contain a non-null value when exiting constructor. Consider adding the 'required' modifier or declaring the property as nullable. [C:\Users\Rohit Rathod\Desktop\JsapProject\JSAPNEW\JSAPNEW.csproj]
C:\Users\Rohit Rathod\Desktop\JsapProject\JSAPNEW\Models\BomModels.cs(150,23): warning CS8618: Non-nullable property 'itemGroup' must contain a non-null value when exiting constructor. Consider adding the 'required' modifier or declaring the property as nullable. [C:\Users\Rohit Rathod\Desktop\JsapProject\JSAPNEW\JSAPNEW.csproj]
C:\Users\Rohit Rathod\Desktop\JsapProject\JSAPNEW\Models\BomModels.cs(152,23): warning CS8618: Non-nullable property 'itemName' must contain a non-null value when exiting constructor. Consider adding the 'required' modifier or declaring the property as nullable. [C:\Users\Rohit Rathod\Desktop\JsapProject\JSAPNEW\JSAPNEW.csproj]
C:\Users\Rohit Rathod\Desktop\JsapProject\JSAPNEW\Models\BomModels.cs(153,23): warning CS8618: Non-nullable property 'uom' must contain a non-null value when exiting constructor. Consider adding the 'required' modifier or declaring the property as nullable. [C:\Users\Rohit Rathod\Desktop\JsapProject\JSAPNEW\JSAPNEW.csproj]
C:\Users\Rohit Rathod\Desktop\JsapProject\JSAPNEW\Models\BomModels.cs(154,23): warning CS8618: Non-nullable property 'itemType' must contain a non-null value when exiting constructor. Consider adding the 'required' modifier or declaring the property as nullable. [C:\Users\Rohit Rathod\Desktop\JsapProject\JSAPNEW\JSAPNEW.csproj]
C:\Users\Rohit Rathod\Desktop\JsapProject\JSAPNEW\Models\BomModels.cs(155,23): warning CS8618: Non-nullable property 'createdByName' must contain a non-null value when exiting constructor. Consider adding the 'required' modifier or declaring the property as nullable. [C:\Users\Rohit Rathod\Desktop\JsapProject\JSAPNEW\JSAPNEW.csproj]
C:\Users\Rohit Rathod\Desktop\JsapProject\JSAPNEW\Models\BomModels.cs(156,23): warning CS8618: Non-nullable property 'flag' must contain a non-null value when exiting constructor. Consider adding the 'required' modifier or declaring the property as nullable. [C:\Users\Rohit Rathod\Desktop\JsapProject\JSAPNEW\JSAPNEW.csproj]
C:\Users\Rohit Rathod\Desktop\JsapProject\JSAPNEW\Models\BomModels.cs(157,23): warning CS8618: Non-nullable property 'APIRESPONSE' must contain a non-null value when exiting constructor. Consider adding the 'required' modifier or declaring the property as nullable. [C:\Users\Rohit Rathod\Desktop\JsapProject\JSAPNEW\JSAPNEW.csproj]
C:\Users\Rohit Rathod\Desktop\JsapProject\JSAPNEW\Models\BomModels.cs(158,23): warning CS8618: Non-nullable property 'tag' must contain a non-null value when exiting constructor. Consider adding the 'required' modifier or declaring the property as nullable. [C:\Users\Rohit Rathod\Desktop\JsapProject\JSAPNEW\JSAPNEW.csproj]
C:\Users\Rohit Rathod\Desktop\JsapProject\JSAPNEW\Models\BomModels.cs(40,23): warning CS8618: Non-nullable property 'resCode' must contain a non-null value when exiting constructor. Consider adding the 'required' modifier or declaring the property as nullable. [C:\Users\Rohit Rathod\Desktop\JsapProject\JSAPNEW\JSAPNEW.csproj]
C:\Users\Rohit Rathod\Desktop\JsapProject\JSAPNEW\Models\BomModels.cs(41,23): warning CS8618: Non-nullable property 'resName' must contain a non-null value when exiting constructor. Consider adding the 'required' modifier or declaring the property as nullable. [C:\Users\Rohit Rathod\Desktop\JsapProject\JSAPNEW\JSAPNEW.csproj]
C:\Users\Rohit Rathod\Desktop\JsapProject\JSAPNEW\Models\BillVerificationModels.cs(182,23): warning CS8618: Non-nullable property 'UploadedBy' must contain a non-null value when exiting constructor. Consider adding the 'required' modifier or declaring the property as nullable. [C:\Users\Rohit Rathod\Desktop\JsapProject\JSAPNEW\JSAPNEW.csproj]
C:\Users\Rohit Rathod\Desktop\JsapProject\JSAPNEW\Models\AuthModels.cs(832,23): warning CS8618: Non-nullable property 'company' must contain a non-null value when exiting constructor. Consider adding the 'required' modifier or declaring the property as nullable. [C:\Users\Rohit Rathod\Desktop\JsapProject\JSAPNEW\JSAPNEW.csproj]
C:\Users\Rohit Rathod\Desktop\JsapProject\JSAPNEW\Models\AuthModels.cs(834,23): warning CS8618: Non-nullable property 'ObjectName' must contain a non-null value when exiting constructor. Consider adding the 'required' modifier or declaring the property as nullable. [C:\Users\Rohit Rathod\Desktop\JsapProject\JSAPNEW\JSAPNEW.csproj]
C:\Users\Rohit Rathod\Desktop\JsapProject\JSAPNEW\Models\AuthModels.cs(835,23): warning CS8618: Non-nullable property 'CardCode' must contain a non-null value when exiting constructor. Consider adding the 'required' modifier or declaring the property as nullable. [C:\Users\Rohit Rathod\Desktop\JsapProject\JSAPNEW\JSAPNEW.csproj]
C:\Users\Rohit Rathod\Desktop\JsapProject\JSAPNEW\Models\AuthModels.cs(836,23): warning CS8618: Non-nullable property 'CardName' must contain a non-null value when exiting constructor. Consider adding the 'required' modifier or declaring the property as nullable. [C:\Users\Rohit Rathod\Desktop\JsapProject\JSAPNEW\JSAPNEW.csproj]
C:\Users\Rohit Rathod\Desktop\JsapProject\JSAPNEW\Models\AuthModels.cs(837,23): warning CS8618: Non-nullable property 'DocDate' must contain a non-null value when exiting constructor. Consider adding the 'required' modifier or declaring the property as nullable. [C:\Users\Rohit Rathod\Desktop\JsapProject\JSAPNEW\JSAPNEW.csproj]
C:\Users\Rohit Rathod\Desktop\JsapProject\JSAPNEW\Models\AuthModels.cs(838,23): warning CS8618: Non-nullable property 'TotalAmount' must contain a non-null value when exiting constructor. Consider adding the 'required' modifier or declaring the property as nullable. [C:\Users\Rohit Rathod\Desktop\JsapProject\JSAPNEW\JSAPNEW.csproj]
C:\Users\Rohit Rathod\Desktop\JsapProject\JSAPNEW\Models\AuthModels.cs(839,23): warning CS8618: Non-nullable property 'CURRENTMONTH' must contain a non-null value when exiting constructor. Consider adding the 'required' modifier or declaring the property as nullable. [C:\Users\Rohit Rathod\Desktop\JsapProject\JSAPNEW\JSAPNEW.csproj]
C:\Users\Rohit Rathod\Desktop\JsapProject\JSAPNEW\Models\AuthModels.cs(920,23): warning CS8618: Non-nullable property 'ObjectType' must contain a non-null value when exiting constructor. Consider adding the 'required' modifier or declaring the property as nullable. [C:\Users\Rohit Rathod\Desktop\JsapProject\JSAPNEW\JSAPNEW.csproj]
C:\Users\Rohit Rathod\Desktop\JsapProject\JSAPNEW\Models\AuthModels.cs(921,23): warning CS8618: Non-nullable property 'Branch' must contain a non-null value when exiting constructor. Consider adding the 'required' modifier or declaring the property as nullable. [C:\Users\Rohit Rathod\Desktop\JsapProject\JSAPNEW\JSAPNEW.csproj]
C:\Users\Rohit Rathod\Desktop\JsapProject\JSAPNEW\Models\AuthModels.cs(923,23): warning CS8618: Non-nullable property 'AssignedToUser' must contain a non-null value when exiting constructor. Consider adding the 'required' modifier or declaring the property as nullable. [C:\Users\Rohit Rathod\Desktop\JsapProject\JSAPNEW\JSAPNEW.csproj]
C:\Users\Rohit Rathod\Desktop\JsapProject\JSAPNEW\Models\AuthModels.cs(924,23): warning CS8618: Non-nullable property 'ObjectName' must contain a non-null value when exiting constructor. Consider adding the 'required' modifier or declaring the property as nullable. [C:\Users\Rohit Rathod\Desktop\JsapProject\JSAPNEW\JSAPNEW.csproj]
C:\Users\Rohit Rathod\Desktop\JsapProject\JSAPNEW\Models\AuthModels.cs(925,23): warning CS8618: Non-nullable property 'CardCode' must contain a non-null value when exiting constructor. Consider adding the 'required' modifier or declaring the property as nullable. [C:\Users\Rohit Rathod\Desktop\JsapProject\JSAPNEW\JSAPNEW.csproj]
C:\Users\Rohit Rathod\Desktop\JsapProject\JSAPNEW\Models\AuthModels.cs(926,23): warning CS8618: Non-nullable property 'CardName' must contain a non-null value when exiting constructor. Consider adding the 'required' modifier or declaring the property as nullable. [C:\Users\Rohit Rathod\Desktop\JsapProject\JSAPNEW\JSAPNEW.csproj]
C:\Users\Rohit Rathod\Desktop\JsapProject\JSAPNEW\Models\AuthModels.cs(928,23): warning CS8618: Non-nullable property 'AcctCode' must contain a non-null value when exiting constructor. Consider adding the 'required' modifier or declaring the property as nullable. [C:\Users\Rohit Rathod\Desktop\JsapProject\JSAPNEW\JSAPNEW.csproj]
C:\Users\Rohit Rathod\Desktop\JsapProject\JSAPNEW\Models\AuthModels.cs(929,23): warning CS8618: Non-nullable property 'AcctName' must contain a non-null value when exiting constructor. Consider adding the 'required' modifier or declaring the property as nullable. [C:\Users\Rohit Rathod\Desktop\JsapProject\JSAPNEW\JSAPNEW.csproj]
C:\Users\Rohit Rathod\Desktop\JsapProject\JSAPNEW\Models\AuthModels.cs(932,23): warning CS8618: Non-nullable property 'BUDGET' must contain a non-null value when exiting constructor. Consider adding the 'required' modifier or declaring the property as nullable. [C:\Users\Rohit Rathod\Desktop\JsapProject\JSAPNEW\JSAPNEW.csproj]
C:\Users\Rohit Rathod\Desktop\JsapProject\JSAPNEW\Models\AuthModels.cs(933,23): warning CS8618: Non-nullable property 'SUB_BUDGET' must contain a non-null value when exiting constructor. Consider adding the 'required' modifier or declaring the property as nullable. [C:\Users\Rohit Rathod\Desktop\JsapProject\JSAPNEW\JSAPNEW.csproj]
C:\Users\Rohit Rathod\Desktop\JsapProject\JSAPNEW\Models\AuthModels.cs(934,23): warning CS8618: Non-nullable property 'STATE' must contain a non-null value when exiting constructor. Consider adding the 'required' modifier or declaring the property as nullable. [C:\Users\Rohit Rathod\Desktop\JsapProject\JSAPNEW\JSAPNEW.csproj]
C:\Users\Rohit Rathod\Desktop\JsapProject\JSAPNEW\Models\AuthModels.cs(935,23): warning CS8618: Non-nullable property 'Budget_Owner' must contain a non-null value when exiting constructor. Consider adding the 'required' modifier or declaring the property as nullable. [C:\Users\Rohit Rathod\Desktop\JsapProject\JSAPNEW\JSAPNEW.csproj]
C:\Users\Rohit Rathod\Desktop\JsapProject\JSAPNEW\Models\AuthModels.cs(936,23): warning CS8618: Non-nullable property 'OwnerCode' must contain a non-null value when exiting constructor. Consider adding the 'required' modifier or declaring the property as nullable. [C:\Users\Rohit Rathod\Desktop\JsapProject\JSAPNEW\JSAPNEW.csproj]
C:\Users\Rohit Rathod\Desktop\JsapProject\JSAPNEW\Models\AuthModels.cs(937,23): warning CS8618: Non-nullable property 'ApproverName' must contain a non-null value when exiting constructor. Consider adding the 'required' modifier or declaring the property as nullable. [C:\Users\Rohit Rathod\Desktop\JsapProject\JSAPNEW\JSAPNEW.csproj]
C:\Users\Rohit Rathod\Desktop\JsapProject\JSAPNEW\Models\AuthModels.cs(938,23): warning CS8618: Non-nullable property 'ApprovalCode' must contain a non-null value when exiting constructor. Consider adding the 'required' modifier or declaring the property as nullable. [C:\Users\Rohit Rathod\Desktop\JsapProject\JSAPNEW\JSAPNEW.csproj]
C:\Users\Rohit Rathod\Desktop\JsapProject\JSAPNEW\Models\AuthModels.cs(942,23): warning CS8618: Non-nullable property 'LineRemarks' must contain a non-null value when exiting constructor. Consider adding the 'required' modifier or declaring the property as nullable. [C:\Users\Rohit Rathod\Desktop\JsapProject\JSAPNEW\JSAPNEW.csproj]
C:\Users\Rohit Rathod\Desktop\JsapProject\JSAPNEW\Models\AuthModels.cs(943,23): warning CS8618: Non-nullable property 'Comments' must contain a non-null value when exiting constructor. Consider adding the 'required' modifier or declaring the property as nullable. [C:\Users\Rohit Rathod\Desktop\JsapProject\JSAPNEW\JSAPNEW.csproj]
C:\Users\Rohit Rathod\Desktop\JsapProject\JSAPNEW\Models\AuthModels.cs(944,23): warning CS8618: Non-nullable property 'ApproverComment' must contain a non-null value when exiting constructor. Consider adding the 'required' modifier or declaring the property as nullable. [C:\Users\Rohit Rathod\Desktop\JsapProject\JSAPNEW\JSAPNEW.csproj]
C:\Users\Rohit Rathod\Desktop\JsapProject\JSAPNEW\Models\AuthModels.cs(945,23): warning CS8618: Non-nullable property 'VerifierComment' must contain a non-null value when exiting constructor. Consider adding the 'required' modifier or declaring the property as nullable. [C:\Users\Rohit Rathod\Desktop\JsapProject\JSAPNEW\JSAPNEW.csproj]
C:\Users\Rohit Rathod\Desktop\JsapProject\JSAPNEW\Models\AuthModels.cs(946,23): warning CS8618: Non-nullable property 'VerifiedStatus' must contain a non-null value when exiting constructor. Consider adding the 'required' modifier or declaring the property as nullable. [C:\Users\Rohit Rathod\Desktop\JsapProject\JSAPNEW\JSAPNEW.csproj]
C:\Users\Rohit Rathod\Desktop\JsapProject\JSAPNEW\Models\AuthModels.cs(947,23): warning CS8618: Non-nullable property 'ApprovedStatus' must contain a non-null value when exiting constructor. Consider adding the 'required' modifier or declaring the property as nullable. [C:\Users\Rohit Rathod\Desktop\JsapProject\JSAPNEW\JSAPNEW.csproj]
C:\Users\Rohit Rathod\Desktop\JsapProject\JSAPNEW\Models\AuthModels.cs(948,23): warning CS8618: Non-nullable property 'CURRENTMONTH' must contain a non-null value when exiting constructor. Consider adding the 'required' modifier or declaring the property as nullable. [C:\Users\Rohit Rathod\Desktop\JsapProject\JSAPNEW\JSAPNEW.csproj]
C:\Users\Rohit Rathod\Desktop\JsapProject\JSAPNEW\Models\AuthModels.cs(643,23): warning CS8618: Non-nullable property 'CurrentStatus' must contain a non-null value when exiting constructor. Consider adding the 'required' modifier or declaring the property as nullable. [C:\Users\Rohit Rathod\Desktop\JsapProject\JSAPNEW\JSAPNEW.csproj]
C:\Users\Rohit Rathod\Desktop\JsapProject\JSAPNEW\Models\AuthModels.cs(772,23): warning CS8618: Non-nullable property 'stages' must contain a non-null value when exiting constructor. Consider adding the 'required' modifier or declaring the property as nullable. [C:\Users\Rohit Rathod\Desktop\JsapProject\JSAPNEW\JSAPNEW.csproj]
C:\Users\Rohit Rathod\Desktop\JsapProject\JSAPNEW\Models\AuthModels.cs(774,23): warning CS8618: Non-nullable property 'startDate' must contain a non-null value when exiting constructor. Consider adding the 'required' modifier or declaring the property as nullable. [C:\Users\Rohit Rathod\Desktop\JsapProject\JSAPNEW\JSAPNEW.csproj]
C:\Users\Rohit Rathod\Desktop\JsapProject\JSAPNEW\Models\AuthModels.cs(776,23): warning CS8618: Non-nullable property 'endDate' must contain a non-null value when exiting constructor. Consider adding the 'required' modifier or declaring the property as nullable. [C:\Users\Rohit Rathod\Desktop\JsapProject\JSAPNEW\JSAPNEW.csproj]
C:\Users\Rohit Rathod\Desktop\JsapProject\JSAPNEW\Models\AuthModels.cs(628,23): warning CS8618: Non-nullable property 'budget' must contain a non-null value when exiting constructor. Consider adding the 'required' modifier or declaring the property as nullable. [C:\Users\Rohit Rathod\Desktop\JsapProject\JSAPNEW\JSAPNEW.csproj]
C:\Users\Rohit Rathod\Desktop\JsapProject\JSAPNEW\Models\AuthModels.cs(629,23): warning CS8618: Non-nullable property 'totalAmount' must contain a non-null value when exiting constructor. Consider adding the 'required' modifier or declaring the property as nullable. [C:\Users\Rohit Rathod\Desktop\JsapProject\JSAPNEW\JSAPNEW.csproj]
C:\Users\Rohit Rathod\Desktop\JsapProject\JSAPNEW\Models\AuthModels.cs(630,23): warning CS8618: Non-nullable property 'usedAmount' must contain a non-null value when exiting constructor. Consider adding the 'required' modifier or declaring the property as nullable. [C:\Users\Rohit Rathod\Desktop\JsapProject\JSAPNEW\JSAPNEW.csproj]
C:\Users\Rohit Rathod\Desktop\JsapProject\JSAPNEW\Models\AuthModels.cs(631,23): warning CS8618: Non-nullable property 'rejectedAmount' must contain a non-null value when exiting constructor. Consider adding the 'required' modifier or declaring the property as nullable. [C:\Users\Rohit Rathod\Desktop\JsapProject\JSAPNEW\JSAPNEW.csproj]
C:\Users\Rohit Rathod\Desktop\JsapProject\JSAPNEW\Models\AuthModels.cs(632,23): warning CS8618: Non-nullable property 'remaining' must contain a non-null value when exiting constructor. Consider adding the 'required' modifier or declaring the property as nullable. [C:\Users\Rohit Rathod\Desktop\JsapProject\JSAPNEW\JSAPNEW.csproj]
C:\Users\Rohit Rathod\Desktop\JsapProject\JSAPNEW\Models\AuthModels.cs(633,23): warning CS8618: Non-nullable property 'usagePercent' must contain a non-null value when exiting constructor. Consider adding the 'required' modifier or declaring the property as nullable. [C:\Users\Rohit Rathod\Desktop\JsapProject\JSAPNEW\JSAPNEW.csproj]
C:\Users\Rohit Rathod\Desktop\JsapProject\JSAPNEW\Models\BomModels.cs(85,23): warning CS8618: Non-nullable property 'parentCode' must contain a non-null value when exiting constructor. Consider adding the 'required' modifier or declaring the property as nullable. [C:\Users\Rohit Rathod\Desktop\JsapProject\JSAPNEW\JSAPNEW.csproj]
C:\Users\Rohit Rathod\Desktop\JsapProject\JSAPNEW\Models\BomModels.cs(86,23): warning CS8618: Non-nullable property 'type' must contain a non-null value when exiting constructor. Consider adding the 'required' modifier or declaring the property as nullable. [C:\Users\Rohit Rathod\Desktop\JsapProject\JSAPNEW\JSAPNEW.csproj]
C:\Users\Rohit Rathod\Desktop\JsapProject\JSAPNEW\Models\BomModels.cs(92,23): warning CS8618: Non-nullable property 'createdDate' must contain a non-null value when exiting constructor. Consider adding the 'required' modifier or declaring the property as nullable. [C:\Users\Rohit Rathod\Desktop\JsapProject\JSAPNEW\JSAPNEW.csproj]
C:\Users\Rohit Rathod\Desktop\JsapProject\JSAPNEW\Models\BomModels.cs(93,23): warning CS8618: Non-nullable property 'updatedDate' must contain a non-null value when exiting constructor. Consider adding the 'required' modifier or declaring the property as nullable. [C:\Users\Rohit Rathod\Desktop\JsapProject\JSAPNEW\JSAPNEW.csproj]
C:\Users\Rohit Rathod\Desktop\JsapProject\JSAPNEW\Models\BomModels.cs(94,23): warning CS8618: Non-nullable property 'wareHouse' must contain a non-null value when exiting constructor. Consider adding the 'required' modifier or declaring the property as nullable. [C:\Users\Rohit Rathod\Desktop\JsapProject\JSAPNEW\JSAPNEW.csproj]
C:\Users\Rohit Rathod\Desktop\JsapProject\JSAPNEW\Models\BomModels.cs(95,23): warning CS8618: Non-nullable property 'itemGroup' must contain a non-null value when exiting constructor. Consider adding the 'required' modifier or declaring the property as nullable. [C:\Users\Rohit Rathod\Desktop\JsapProject\JSAPNEW\JSAPNEW.csproj]
C:\Users\Rohit Rathod\Desktop\JsapProject\JSAPNEW\Models\BomModels.cs(97,23): warning CS8618: Non-nullable property 'itemName' must contain a non-null value when exiting constructor. Consider adding the 'required' modifier or declaring the property as nullable. [C:\Users\Rohit Rathod\Desktop\JsapProject\JSAPNEW\JSAPNEW.csproj]
C:\Users\Rohit Rathod\Desktop\JsapProject\JSAPNEW\Models\BomModels.cs(98,23): warning CS8618: Non-nullable property 'uom' must contain a non-null value when exiting constructor. Consider adding the 'required' modifier or declaring the property as nullable. [C:\Users\Rohit Rathod\Desktop\JsapProject\JSAPNEW\JSAPNEW.csproj]
C:\Users\Rohit Rathod\Desktop\JsapProject\JSAPNEW\Models\BomModels.cs(99,23): warning CS8618: Non-nullable property 'itemType' must contain a non-null value when exiting constructor. Consider adding the 'required' modifier or declaring the property as nullable. [C:\Users\Rohit Rathod\Desktop\JsapProject\JSAPNEW\JSAPNEW.csproj]
C:\Users\Rohit Rathod\Desktop\JsapProject\JSAPNEW\Models\BomModels.cs(100,23): warning CS8618: Non-nullable property 'createdByName' must contain a non-null value when exiting constructor. Consider adding the 'required' modifier or declaring the property as nullable. [C:\Users\Rohit Rathod\Desktop\JsapProject\JSAPNEW\JSAPNEW.csproj]
C:\Users\Rohit Rathod\Desktop\JsapProject\JSAPNEW\Models\BomModels.cs(101,23): warning CS8618: Non-nullable property 'flag' must contain a non-null value when exiting constructor. Consider adding the 'required' modifier or declaring the property as nullable. [C:\Users\Rohit Rathod\Desktop\JsapProject\JSAPNEW\JSAPNEW.csproj]
C:\Users\Rohit Rathod\Desktop\JsapProject\JSAPNEW\Models\BomModels.cs(102,23): warning CS8618: Non-nullable property 'Action' must contain a non-null value when exiting constructor. Consider adding the 'required' modifier or declaring the property as nullable. [C:\Users\Rohit Rathod\Desktop\JsapProject\JSAPNEW\JSAPNEW.csproj]
C:\Users\Rohit Rathod\Desktop\JsapProject\JSAPNEW\Models\AuthModels.cs(588,23): warning CS8618: Non-nullable property 'docIds' must contain a non-null value when exiting constructor. Consider adding the 'required' modifier or declaring the property as nullable. [C:\Users\Rohit Rathod\Desktop\JsapProject\JSAPNEW\JSAPNEW.csproj]
C:\Users\Rohit Rathod\Desktop\JsapProject\JSAPNEW\Models\BillVerificationModels.cs(9,23): warning CS8618: Non-nullable property 'AccountName' must contain a non-null value when exiting constructor. Consider adding the 'required' modifier or declaring the property as nullable. [C:\Users\Rohit Rathod\Desktop\JsapProject\JSAPNEW\JSAPNEW.csproj]
C:\Users\Rohit Rathod\Desktop\JsapProject\JSAPNEW\Models\BillVerificationModels.cs(10,23): warning CS8618: Non-nullable property 'VchNumber' must contain a non-null value when exiting constructor. Consider adding the 'required' modifier or declaring the property as nullable. [C:\Users\Rohit Rathod\Desktop\JsapProject\JSAPNEW\JSAPNEW.csproj]
C:\Users\Rohit Rathod\Desktop\JsapProject\JSAPNEW\Models\BillVerificationModels.cs(11,23): warning CS8618: Non-nullable property 'VoucherDate' must contain a non-null value when exiting constructor. Consider adding the 'required' modifier or declaring the property as nullable. [C:\Users\Rohit Rathod\Desktop\JsapProject\JSAPNEW\JSAPNEW.csproj]
C:\Users\Rohit Rathod\Desktop\JsapProject\JSAPNEW\Models\BillVerificationModels.cs(12,23): warning CS8618: Non-nullable property 'BillAmount' must contain a non-null value when exiting constructor. Consider adding the 'required' modifier or declaring the property as nullable. [C:\Users\Rohit Rathod\Desktop\JsapProject\JSAPNEW\JSAPNEW.csproj]
C:\Users\Rohit Rathod\Desktop\JsapProject\JSAPNEW\Models\BillVerificationModels.cs(13,23): warning CS8618: Non-nullable property 'SupplierRef' must contain a non-null value when exiting constructor. Consider adding the 'required' modifier or declaring the property as nullable. [C:\Users\Rohit Rathod\Desktop\JsapProject\JSAPNEW\JSAPNEW.csproj]
C:\Users\Rohit Rathod\Desktop\JsapProject\JSAPNEW\Models\BillVerificationModels.cs(14,23): warning CS8618: Non-nullable property 'SupplierRefDate' must contain a non-null value when exiting constructor. Consider adding the 'required' modifier or declaring the property as nullable. [C:\Users\Rohit Rathod\Desktop\JsapProject\JSAPNEW\JSAPNEW.csproj]
C:\Users\Rohit Rathod\Desktop\JsapProject\JSAPNEW\Models\BillVerificationModels.cs(15,23): warning CS8618: Non-nullable property 'DueDate' must contain a non-null value when exiting constructor. Consider adding the 'required' modifier or declaring the property as nullable. [C:\Users\Rohit Rathod\Desktop\JsapProject\JSAPNEW\JSAPNEW.csproj]
C:\Users\Rohit Rathod\Desktop\JsapProject\JSAPNEW\Models\BillVerificationModels.cs(16,23): warning CS8618: Non-nullable property 'PaymentDate' must contain a non-null value when exiting constructor. Consider adding the 'required' modifier or declaring the property as nullable. [C:\Users\Rohit Rathod\Desktop\JsapProject\JSAPNEW\JSAPNEW.csproj]
C:\Users\Rohit Rathod\Desktop\JsapProject\JSAPNEW\Models\BillVerificationModels.cs(17,23): warning CS8618: Non-nullable property 'AttachmentPath' must contain a non-null value when exiting constructor. Consider adding the 'required' modifier or declaring the property as nullable. [C:\Users\Rohit Rathod\Desktop\JsapProject\JSAPNEW\JSAPNEW.csproj]
C:\Users\Rohit Rathod\Desktop\JsapProject\JSAPNEW\Models\BillVerificationModels.cs(18,23): warning CS8618: Non-nullable property 'Attachment' must contain a non-null value when exiting constructor. Consider adding the 'required' modifier or declaring the property as nullable. [C:\Users\Rohit Rathod\Desktop\JsapProject\JSAPNEW\JSAPNEW.csproj]
C:\Users\Rohit Rathod\Desktop\JsapProject\JSAPNEW\Models\BillVerificationModels.cs(19,23): warning CS8618: Non-nullable property 'MakerRemark' must contain a non-null value when exiting constructor. Consider adding the 'required' modifier or declaring the property as nullable. [C:\Users\Rohit Rathod\Desktop\JsapProject\JSAPNEW\JSAPNEW.csproj]
C:\Users\Rohit Rathod\Desktop\JsapProject\JSAPNEW\Models\BillVerificationModels.cs(20,23): warning CS8618: Non-nullable property 'CheckerRemark' must contain a non-null value when exiting constructor. Consider adding the 'required' modifier or declaring the property as nullable. [C:\Users\Rohit Rathod\Desktop\JsapProject\JSAPNEW\JSAPNEW.csproj]
C:\Users\Rohit Rathod\Desktop\JsapProject\JSAPNEW\Models\BillVerificationModels.cs(21,23): warning CS8618: Non-nullable property 'CheckerStatus' must contain a non-null value when exiting constructor. Consider adding the 'required' modifier or declaring the property as nullable. [C:\Users\Rohit Rathod\Desktop\JsapProject\JSAPNEW\JSAPNEW.csproj]
C:\Users\Rohit Rathod\Desktop\JsapProject\JSAPNEW\Models\BillVerificationModels.cs(22,23): warning CS8618: Non-nullable property 'MakerStatus' must contain a non-null value when exiting constructor. Consider adding the 'required' modifier or declaring the property as nullable. [C:\Users\Rohit Rathod\Desktop\JsapProject\JSAPNEW\JSAPNEW.csproj]
C:\Users\Rohit Rathod\Desktop\JsapProject\JSAPNEW\Models\BillVerificationModels.cs(23,23): warning CS8618: Non-nullable property 'PaymentStatus' must contain a non-null value when exiting constructor. Consider adding the 'required' modifier or declaring the property as nullable. [C:\Users\Rohit Rathod\Desktop\JsapProject\JSAPNEW\JSAPNEW.csproj]
C:\Users\Rohit Rathod\Desktop\JsapProject\JSAPNEW\Models\BillVerificationModels.cs(24,23): warning CS8618: Non-nullable property 'SerialNumber' must contain a non-null value when exiting constructor. Consider adding the 'required' modifier or declaring the property as nullable. [C:\Users\Rohit Rathod\Desktop\JsapProject\JSAPNEW\JSAPNEW.csproj]
C:\Users\Rohit Rathod\Desktop\JsapProject\JSAPNEW\Models\BillVerificationModels.cs(25,23): warning CS8618: Non-nullable property 'TotalQuantity' must contain a non-null value when exiting constructor. Consider adding the 'required' modifier or declaring the property as nullable. [C:\Users\Rohit Rathod\Desktop\JsapProject\JSAPNEW\JSAPNEW.csproj]
C:\Users\Rohit Rathod\Desktop\JsapProject\JSAPNEW\Models\BillVerificationModels.cs(26,23): warning CS8618: Non-nullable property 'TotalItemValue' must contain a non-null value when exiting constructor. Consider adding the 'required' modifier or declaring the property as nullable. [C:\Users\Rohit Rathod\Desktop\JsapProject\JSAPNEW\JSAPNEW.csproj]
C:\Users\Rohit Rathod\Desktop\JsapProject\JSAPNEW\Models\BillVerificationModels.cs(27,23): warning CS8618: Non-nullable property 'TotalItems' must contain a non-null value when exiting constructor. Consider adding the 'required' modifier or declaring the property as nullable. [C:\Users\Rohit Rathod\Desktop\JsapProject\JSAPNEW\JSAPNEW.csproj]
C:\Users\Rohit Rathod\Desktop\JsapProject\JSAPNEW\Models\AuthModels.cs(999,23): warning CS8618: Non-nullable property 'UserPhoneNumber' must contain a non-null value when exiting constructor. Consider adding the 'required' modifier or declaring the property as nullable. [C:\Users\Rohit Rathod\Desktop\JsapProject\JSAPNEW\JSAPNEW.csproj]
C:\Users\Rohit Rathod\Desktop\JsapProject\JSAPNEW\Models\AuthModels.cs(1000,23): warning CS8618: Non-nullable property 'UserEmail' must contain a non-null value when exiting constructor. Consider adding the 'required' modifier or declaring the property as nullable. [C:\Users\Rohit Rathod\Desktop\JsapProject\JSAPNEW\JSAPNEW.csproj]
C:\Users\Rohit Rathod\Desktop\JsapProject\JSAPNEW\Models\AuthModels.cs(1001,23): warning CS8618: Non-nullable property 'FirstName' must contain a non-null value when exiting constructor. Consider adding the 'required' modifier or declaring the property as nullable. [C:\Users\Rohit Rathod\Desktop\JsapProject\JSAPNEW\JSAPNEW.csproj]
C:\Users\Rohit Rathod\Desktop\JsapProject\JSAPNEW\Models\AuthModels.cs(1002,23): warning CS8618: Non-nullable property 'LastName' must contain a non-null value when exiting constructor. Consider adding the 'required' modifier or declaring the property as nullable. [C:\Users\Rohit Rathod\Desktop\JsapProject\JSAPNEW\JSAPNEW.csproj]
C:\Users\Rohit Rathod\Desktop\JsapProject\JSAPNEW\Models\AuthModels.cs(1003,23): warning CS8618: Non-nullable property 'EmpId' must contain a non-null value when exiting constructor. Consider adding the 'required' modifier or declaring the property as nullable. [C:\Users\Rohit Rathod\Desktop\JsapProject\JSAPNEW\JSAPNEW.csproj]
C:\Users\Rohit Rathod\Desktop\JsapProject\JSAPNEW\Models\AuthModels.cs(1004,23): warning CS8618: Non-nullable property 'DeptIds' must contain a non-null value when exiting constructor. Consider adding the 'required' modifier or declaring the property as nullable. [C:\Users\Rohit Rathod\Desktop\JsapProject\JSAPNEW\JSAPNEW.csproj]
C:\Users\Rohit Rathod\Desktop\JsapProject\JSAPNEW\Models\AuthModels.cs(679,23): warning CS8618: Non-nullable property 'budget' must contain a non-null value when exiting constructor. Consider adding the 'required' modifier or declaring the property as nullable. [C:\Users\Rohit Rathod\Desktop\JsapProject\JSAPNEW\JSAPNEW.csproj]
C:\Users\Rohit Rathod\Desktop\JsapProject\JSAPNEW\Models\AuthModels.cs(680,23): warning CS8618: Non-nullable property 'month' must contain a non-null value when exiting constructor. Consider adding the 'required' modifier or declaring the property as nullable. [C:\Users\Rohit Rathod\Desktop\JsapProject\JSAPNEW\JSAPNEW.csproj]
C:\Users\Rohit Rathod\Desktop\JsapProject\JSAPNEW\Models\AuthModels.cs(681,23): warning CS8618: Non-nullable property 'totalAmount' must contain a non-null value when exiting constructor. Consider adding the 'required' modifier or declaring the property as nullable. [C:\Users\Rohit Rathod\Desktop\JsapProject\JSAPNEW\JSAPNEW.csproj]
C:\Users\Rohit Rathod\Desktop\JsapProject\JSAPNEW\Models\AuthModels.cs(682,23): warning CS8618: Non-nullable property 'usedAmount' must contain a non-null value when exiting constructor. Consider adding the 'required' modifier or declaring the property as nullable. [C:\Users\Rohit Rathod\Desktop\JsapProject\JSAPNEW\JSAPNEW.csproj]
C:\Users\Rohit Rathod\Desktop\JsapProject\JSAPNEW\Models\AuthModels.cs(683,23): warning CS8618: Non-nullable property 'rejectedAmount' must contain a non-null value when exiting constructor. Consider adding the 'required' modifier or declaring the property as nullable. [C:\Users\Rohit Rathod\Desktop\JsapProject\JSAPNEW\JSAPNEW.csproj]
C:\Users\Rohit Rathod\Desktop\JsapProject\JSAPNEW\Models\AuthModels.cs(684,23): warning CS8618: Non-nullable property 'timestamp' must contain a non-null value when exiting constructor. Consider adding the 'required' modifier or declaring the property as nullable. [C:\Users\Rohit Rathod\Desktop\JsapProject\JSAPNEW\JSAPNEW.csproj]
C:\Users\Rohit Rathod\Desktop\JsapProject\JSAPNEW\Models\AuthModels.cs(492,23): warning CS8618: Non-nullable property 'Message' must contain a non-null value when exiting constructor. Consider adding the 'required' modifier or declaring the property as nullable. [C:\Users\Rohit Rathod\Desktop\JsapProject\JSAPNEW\JSAPNEW.csproj]
C:\Users\Rohit Rathod\Desktop\JsapProject\JSAPNEW\Models\AuthModels.cs(559,23): warning CS8618: Non-nullable property 'startDate' must contain a non-null value when exiting constructor. Consider adding the 'required' modifier or declaring the property as nullable. [C:\Users\Rohit Rathod\Desktop\JsapProject\JSAPNEW\JSAPNEW.csproj]
C:\Users\Rohit Rathod\Desktop\JsapProject\JSAPNEW\Models\AuthModels.cs(560,23): warning CS8618: Non-nullable property 'endDate' must contain a non-null value when exiting constructor. Consider adding the 'required' modifier or declaring the property as nullable. [C:\Users\Rohit Rathod\Desktop\JsapProject\JSAPNEW\JSAPNEW.csproj]
C:\Users\Rohit Rathod\Desktop\JsapProject\JSAPNEW\Models\AuthModels.cs(561,23): warning CS8618: Non-nullable property 'createdOn' must contain a non-null value when exiting constructor. Consider adding the 'required' modifier or declaring the property as nullable. [C:\Users\Rohit Rathod\Desktop\JsapProject\JSAPNEW\JSAPNEW.csproj]
C:\Users\Rohit Rathod\Desktop\JsapProject\JSAPNEW\Models\AuthModels.cs(562,23): warning CS8618: Non-nullable property 'userName' must contain a non-null value when exiting constructor. Consider adding the 'required' modifier or declaring the property as nullable. [C:\Users\Rohit Rathod\Desktop\JsapProject\JSAPNEW\JSAPNEW.csproj]
C:\Users\Rohit Rathod\Desktop\JsapProject\JSAPNEW\Models\AuthModels.cs(563,23): warning CS8618: Non-nullable property 'alternativeUserName' must contain a non-null value when exiting constructor. Consider adding the 'required' modifier or declaring the property as nullable. [C:\Users\Rohit Rathod\Desktop\JsapProject\JSAPNEW\JSAPNEW.csproj]
C:\Users\Rohit Rathod\Desktop\JsapProject\JSAPNEW\Models\AuthModels.cs(565,23): warning CS8618: Non-nullable property 'tempName' must contain a non-null value when exiting constructor. Consider adding the 'required' modifier or declaring the property as nullable. [C:\Users\Rohit Rathod\Desktop\JsapProject\JSAPNEW\JSAPNEW.csproj]
C:\Users\Rohit Rathod\Desktop\JsapProject\JSAPNEW\Models\AuthModels.cs(502,23): warning CS8618: Non-nullable property 'startDate' must contain a non-null value when exiting constructor. Consider adding the 'required' modifier or declaring the property as nullable. [C:\Users\Rohit Rathod\Desktop\JsapProject\JSAPNEW\JSAPNEW.csproj]
C:\Users\Rohit Rathod\Desktop\JsapProject\JSAPNEW\Models\AuthModels.cs(504,23): warning CS8618: Non-nullable property 'endDate' must contain a non-null value when exiting constructor. Consider adding the 'required' modifier or declaring the property as nullable. [C:\Users\Rohit Rathod\Desktop\JsapProject\JSAPNEW\JSAPNEW.csproj]
C:\Users\Rohit Rathod\Desktop\JsapProject\JSAPNEW\Models\AuthModels.cs(506,23): warning CS8618: Non-nullable property 'stages' must contain a non-null value when exiting constructor. Consider adding the 'required' modifier or declaring the property as nullable. [C:\Users\Rohit Rathod\Desktop\JsapProject\JSAPNEW\JSAPNEW.csproj]
C:\Users\Rohit Rathod\Desktop\JsapProject\JSAPNEW\Models\AuthModels.cs(485,23): warning CS8618: Non-nullable property 'status' must contain a non-null value when exiting constructor. Consider adding the 'required' modifier or declaring the property as nullable. [C:\Users\Rohit Rathod\Desktop\JsapProject\JSAPNEW\JSAPNEW.csproj]
C:\Users\Rohit Rathod\Desktop\JsapProject\JSAPNEW\Models\AuthModels.cs(486,23): warning CS8618: Non-nullable property 'remark' must contain a non-null value when exiting constructor. Consider adding the 'required' modifier or declaring the property as nullable. [C:\Users\Rohit Rathod\Desktop\JsapProject\JSAPNEW\JSAPNEW.csproj]
C:\Users\Rohit Rathod\Desktop\JsapProject\JSAPNEW\Models\AuthModels.cs(487,23): warning CS8618: Non-nullable property 'createdAt' must contain a non-null value when exiting constructor. Consider adding the 'required' modifier or declaring the property as nullable. [C:\Users\Rohit Rathod\Desktop\JsapProject\JSAPNEW\JSAPNEW.csproj]
C:\Users\Rohit Rathod\Desktop\JsapProject\JSAPNEW\Models\AuthModels.cs(488,23): warning CS8618: Non-nullable property 'loginUser' must contain a non-null value when exiting constructor. Consider adding the 'required' modifier or declaring the property as nullable. [C:\Users\Rohit Rathod\Desktop\JsapProject\JSAPNEW\JSAPNEW.csproj]
C:\Users\Rohit Rathod\Desktop\JsapProject\JSAPNEW\Models\AuthModels.cs(598,23): warning CS8618: Non-nullable property 'budgetCategory' must contain a non-null value when exiting constructor. Consider adding the 'required' modifier or declaring the property as nullable. [C:\Users\Rohit Rathod\Desktop\JsapProject\JSAPNEW\JSAPNEW.csproj]
C:\Users\Rohit Rathod\Desktop\JsapProject\JSAPNEW\Models\AuthModels.cs(600,23): warning CS8618: Non-nullable property 'subBudget' must contain a non-null value when exiting constructor. Consider adding the 'required' modifier or declaring the property as nullable. [C:\Users\Rohit Rathod\Desktop\JsapProject\JSAPNEW\JSAPNEW.csproj]
C:\Users\Rohit Rathod\Desktop\JsapProject\JSAPNEW\Models\AuthModels.cs(602,23): warning CS8618: Non-nullable property 'month' must contain a non-null value when exiting constructor. Consider adding the 'required' modifier or declaring the property as nullable. [C:\Users\Rohit Rathod\Desktop\JsapProject\JSAPNEW\JSAPNEW.csproj]
C:\Users\Rohit Rathod\Desktop\JsapProject\JSAPNEW\Models\AuthModels.cs(471,23): warning CS8618: Non-nullable property 'stage' must contain a non-null value when exiting constructor. Consider adding the 'required' modifier or declaring the property as nullable. [C:\Users\Rohit Rathod\Desktop\JsapProject\JSAPNEW\JSAPNEW.csproj]
C:\Users\Rohit Rathod\Desktop\JsapProject\JSAPNEW\Models\AuthModels.cs(472,23): warning CS8618: Non-nullable property 'createdOn' must contain a non-null value when exiting constructor. Consider adding the 'required' modifier or declaring the property as nullable. [C:\Users\Rohit Rathod\Desktop\JsapProject\JSAPNEW\JSAPNEW.csproj]
C:\Users\Rohit Rathod\Desktop\JsapProject\JSAPNEW\Models\AuthModels.cs(473,23): warning CS8618: Non-nullable property 'description' must contain a non-null value when exiting constructor. Consider adding the 'required' modifier or declaring the property as nullable. [C:\Users\Rohit Rathod\Desktop\JsapProject\JSAPNEW\JSAPNEW.csproj]
C:\Users\Rohit Rathod\Desktop\JsapProject\JSAPNEW\Models\AuthModels.cs(474,23): warning CS8618: Non-nullable property 'createdBy' must contain a non-null value when exiting constructor. Consider adding the 'required' modifier or declaring the property as nullable. [C:\Users\Rohit Rathod\Desktop\JsapProject\JSAPNEW\JSAPNEW.csproj]
C:\Users\Rohit Rathod\Desktop\JsapProject\JSAPNEW\Models\AuthModels.cs(477,23): warning CS8618: Non-nullable property 'company' must contain a non-null value when exiting constructor. Consider adding the 'required' modifier or declaring the property as nullable. [C:\Users\Rohit Rathod\Desktop\JsapProject\JSAPNEW\JSAPNEW.csproj]
C:\Users\Rohit Rathod\Desktop\JsapProject\JSAPNEW\Models\AuthModels.cs(478,23): warning CS8618: Non-nullable property 'userInStage' must contain a non-null value when exiting constructor. Consider adding the 'required' modifier or declaring the property as nullable. [C:\Users\Rohit Rathod\Desktop\JsapProject\JSAPNEW\JSAPNEW.csproj]
C:\Users\Rohit Rathod\Desktop\JsapProject\JSAPNEW\Models\BomModels.cs(542,23): warning CS8618: Non-nullable property 'templateId' must contain a non-null value when exiting constructor. Consider adding the 'required' modifier or declaring the property as nullable. [C:\Users\Rohit Rathod\Desktop\JsapProject\JSAPNEW\JSAPNEW.csproj]
C:\Users\Rohit Rathod\Desktop\JsapProject\JSAPNEW\Models\BomModels.cs(544,23): warning CS8618: Non-nullable property 'currentStageId' must contain a non-null value when exiting constructor. Consider adding the 'required' modifier or declaring the property as nullable. [C:\Users\Rohit Rathod\Desktop\JsapProject\JSAPNEW\JSAPNEW.csproj]
C:\Users\Rohit Rathod\Desktop\JsapProject\JSAPNEW\Models\BomModels.cs(545,23): warning CS8618: Non-nullable property 'currentStage' must contain a non-null value when exiting constructor. Consider adding the 'required' modifier or declaring the property as nullable. [C:\Users\Rohit Rathod\Desktop\JsapProject\JSAPNEW\JSAPNEW.csproj]
C:\Users\Rohit Rathod\Desktop\JsapProject\JSAPNEW\Models\BomModels.cs(546,23): warning CS8618: Non-nullable property 'finalStatus' must contain a non-null value when exiting constructor. Consider adding the 'required' modifier or declaring the property as nullable. [C:\Users\Rohit Rathod\Desktop\JsapProject\JSAPNEW\JSAPNEW.csproj]
C:\Users\Rohit Rathod\Desktop\JsapProject\JSAPNEW\Models\BomModels.cs(552,23): warning CS8618: Non-nullable property 'parentCode' must contain a non-null value when exiting constructor. Consider adding the 'required' modifier or declaring the property as nullable. [C:\Users\Rohit Rathod\Desktop\JsapProject\JSAPNEW\JSAPNEW.csproj]
C:\Users\Rohit Rathod\Desktop\JsapProject\JSAPNEW\Models\BomModels.cs(553,23): warning CS8618: Non-nullable property 'parentName' must contain a non-null value when exiting constructor. Consider adding the 'required' modifier or declaring the property as nullable. [C:\Users\Rohit Rathod\Desktop\JsapProject\JSAPNEW\JSAPNEW.csproj]
C:\Users\Rohit Rathod\Desktop\JsapProject\JSAPNEW\Models\BomModels.cs(554,23): warning CS8618: Non-nullable property 'bomType' must contain a non-null value when exiting constructor. Consider adding the 'required' modifier or declaring the property as nullable. [C:\Users\Rohit Rathod\Desktop\JsapProject\JSAPNEW\JSAPNEW.csproj]
C:\Users\Rohit Rathod\Desktop\JsapProject\JSAPNEW\Models\BomModels.cs(561,23): warning CS8618: Non-nullable property 'headerWareHouse' must contain a non-null value when exiting constructor. Consider adding the 'required' modifier or declaring the property as nullable. [C:\Users\Rohit Rathod\Desktop\JsapProject\JSAPNEW\JSAPNEW.csproj]
C:\Users\Rohit Rathod\Desktop\JsapProject\JSAPNEW\Models\BomModels.cs(565,23): warning CS8618: Non-nullable property 'componentType' must contain a non-null value when exiting constructor. Consider adding the 'required' modifier or declaring the property as nullable. [C:\Users\Rohit Rathod\Desktop\JsapProject\JSAPNEW\JSAPNEW.csproj]
C:\Users\Rohit Rathod\Desktop\JsapProject\JSAPNEW\Models\BomModels.cs(566,23): warning CS8618: Non-nullable property 'componentCode' must contain a non-null value when exiting constructor. Consider adding the 'required' modifier or declaring the property as nullable. [C:\Users\Rohit Rathod\Desktop\JsapProject\JSAPNEW\JSAPNEW.csproj]
C:\Users\Rohit Rathod\Desktop\JsapProject\JSAPNEW\Models\BomModels.cs(569,23): warning CS8618: Non-nullable property 'componentWareHouse' must contain a non-null value when exiting constructor. Consider adding the 'required' modifier or declaring the property as nullable. [C:\Users\Rohit Rathod\Desktop\JsapProject\JSAPNEW\JSAPNEW.csproj]
C:\Users\Rohit Rathod\Desktop\JsapProject\JSAPNEW\Models\BomModels.cs(570,23): warning CS8618: Non-nullable property 'componentName' must contain a non-null value when exiting constructor. Consider adding the 'required' modifier or declaring the property as nullable. [C:\Users\Rohit Rathod\Desktop\JsapProject\JSAPNEW\JSAPNEW.csproj]
C:\Users\Rohit Rathod\Desktop\JsapProject\JSAPNEW\Models\AuthModels.cs(430,23): warning CS8618: Non-nullable property 'newPassword' must contain a non-null value when exiting constructor. Consider adding the 'required' modifier or declaring the property as nullable. [C:\Users\Rohit Rathod\Desktop\JsapProject\JSAPNEW\JSAPNEW.csproj]
C:\Users\Rohit Rathod\Desktop\JsapProject\JSAPNEW\Models\BillVerificationModels.cs(195,23): warning CS8618: Non-nullable property 'UserName' must contain a non-null value when exiting constructor. Consider adding the 'required' modifier or declaring the property as nullable. [C:\Users\Rohit Rathod\Desktop\JsapProject\JSAPNEW\JSAPNEW.csproj]
C:\Users\Rohit Rathod\Desktop\JsapProject\JSAPNEW\Models\BillVerificationModels.cs(196,23): warning CS8618: Non-nullable property 'Action' must contain a non-null value when exiting constructor. Consider adding the 'required' modifier or declaring the property as nullable. [C:\Users\Rohit Rathod\Desktop\JsapProject\JSAPNEW\JSAPNEW.csproj]
C:\Users\Rohit Rathod\Desktop\JsapProject\JSAPNEW\Models\BillVerificationModels.cs(197,23): warning CS8618: Non-nullable property 'Details' must contain a non-null value when exiting constructor. Consider adding the 'required' modifier or declaring the property as nullable. [C:\Users\Rohit Rathod\Desktop\JsapProject\JSAPNEW\JSAPNEW.csproj]
C:\Users\Rohit Rathod\Desktop\JsapProject\JSAPNEW\Models\AuthModels.cs(413,23): warning CS8618: Non-nullable property 'query' must contain a non-null value when exiting constructor. Consider adding the 'required' modifier or declaring the property as nullable. [C:\Users\Rohit Rathod\Desktop\JsapProject\JSAPNEW\JSAPNEW.csproj]
C:\Users\Rohit Rathod\Desktop\JsapProject\JSAPNEW\Models\AuthModels.cs(401,23): warning CS8618: Non-nullable property 'Query' must contain a non-null value when exiting constructor. Consider adding the 'required' modifier or declaring the property as nullable. [C:\Users\Rohit Rathod\Desktop\JsapProject\JSAPNEW\JSAPNEW.csproj]
C:\Users\Rohit Rathod\Desktop\JsapProject\JSAPNEW\Models\AuthModels.cs(611,23): warning CS8618: Non-nullable property 'budget' must contain a non-null value when exiting constructor. Consider adding the 'required' modifier or declaring the property as nullable. [C:\Users\Rohit Rathod\Desktop\JsapProject\JSAPNEW\JSAPNEW.csproj]
C:\Users\Rohit Rathod\Desktop\JsapProject\JSAPNEW\Models\AuthModels.cs(613,23): warning CS8618: Non-nullable property 'company' must contain a non-null value when exiting constructor. Consider adding the 'required' modifier or declaring the property as nullable. [C:\Users\Rohit Rathod\Desktop\JsapProject\JSAPNEW\JSAPNEW.csproj]
C:\Users\Rohit Rathod\Desktop\JsapProject\JSAPNEW\Models\AuthModels.cs(614,23): warning CS8618: Non-nullable property 'DocEntry' must contain a non-null value when exiting constructor. Consider adding the 'required' modifier or declaring the property as nullable. [C:\Users\Rohit Rathod\Desktop\JsapProject\JSAPNEW\JSAPNEW.csproj]
C:\Users\Rohit Rathod\Desktop\JsapProject\JSAPNEW\Models\AuthModels.cs(615,23): warning CS8618: Non-nullable property 'ObjectName' must contain a non-null value when exiting constructor. Consider adding the 'required' modifier or declaring the property as nullable. [C:\Users\Rohit Rathod\Desktop\JsapProject\JSAPNEW\JSAPNEW.csproj]
C:\Users\Rohit Rathod\Desktop\JsapProject\JSAPNEW\Models\AuthModels.cs(616,23): warning CS8618: Non-nullable property 'CardCode' must contain a non-null value when exiting constructor. Consider adding the 'required' modifier or declaring the property as nullable. [C:\Users\Rohit Rathod\Desktop\JsapProject\JSAPNEW\JSAPNEW.csproj]
C:\Users\Rohit Rathod\Desktop\JsapProject\JSAPNEW\Models\AuthModels.cs(617,23): warning CS8618: Non-nullable property 'CardName' must contain a non-null value when exiting constructor. Consider adding the 'required' modifier or declaring the property as nullable. [C:\Users\Rohit Rathod\Desktop\JsapProject\JSAPNEW\JSAPNEW.csproj]
C:\Users\Rohit Rathod\Desktop\JsapProject\JSAPNEW\Models\AuthModels.cs(618,23): warning CS8618: Non-nullable property 'DocDate' must contain a non-null value when exiting constructor. Consider adding the 'required' modifier or declaring the property as nullable. [C:\Users\Rohit Rathod\Desktop\JsapProject\JSAPNEW\JSAPNEW.csproj]
C:\Users\Rohit Rathod\Desktop\JsapProject\JSAPNEW\Models\AuthModels.cs(619,23): warning CS8618: Non-nullable property 'TotalAmount' must contain a non-null value when exiting constructor. Consider adding the 'required' modifier or declaring the property as nullable. [C:\Users\Rohit Rathod\Desktop\JsapProject\JSAPNEW\JSAPNEW.csproj]
C:\Users\Rohit Rathod\Desktop\JsapProject\JSAPNEW\Models\AuthModels.cs(620,23): warning CS8618: Non-nullable property 'ApprovalStatus' must contain a non-null value when exiting constructor. Consider adding the 'required' modifier or declaring the property as nullable. [C:\Users\Rohit Rathod\Desktop\JsapProject\JSAPNEW\JSAPNEW.csproj]
C:\Users\Rohit Rathod\Desktop\JsapProject\JSAPNEW\Models\AuthModels.cs(621,23): warning CS8618: Non-nullable property 'ApprovalDate' must contain a non-null value when exiting constructor. Consider adding the 'required' modifier or declaring the property as nullable. [C:\Users\Rohit Rathod\Desktop\JsapProject\JSAPNEW\JSAPNEW.csproj]
C:\Users\Rohit Rathod\Desktop\JsapProject\JSAPNEW\Models\AuthModels.cs(622,23): warning CS8618: Non-nullable property 'Description' must contain a non-null value when exiting constructor. Consider adding the 'required' modifier or declaring the property as nullable. [C:\Users\Rohit Rathod\Desktop\JsapProject\JSAPNEW\JSAPNEW.csproj]
C:\Users\Rohit Rathod\Desktop\JsapProject\JSAPNEW\Models\AuthModels.cs(624,47): warning CS8618: Non-nullable property 'NextApprover' must contain a non-null value when exiting constructor. Consider adding the 'required' modifier or declaring the property as nullable. [C:\Users\Rohit Rathod\Desktop\JsapProject\JSAPNEW\JSAPNEW.csproj]
C:\Users\Rohit Rathod\Desktop\JsapProject\JSAPNEW\Models\AuthModels.cs(405,23): warning CS8618: Non-nullable property 'query' must contain a non-null value when exiting constructor. Consider adding the 'required' modifier or declaring the property as nullable. [C:\Users\Rohit Rathod\Desktop\JsapProject\JSAPNEW\JSAPNEW.csproj]
C:\Users\Rohit Rathod\Desktop\JsapProject\JSAPNEW\Models\AuthModels.cs(406,23): warning CS8618: Non-nullable property 'queryName' must contain a non-null value when exiting constructor. Consider adding the 'required' modifier or declaring the property as nullable. [C:\Users\Rohit Rathod\Desktop\JsapProject\JSAPNEW\JSAPNEW.csproj]
C:\Users\Rohit Rathod\Desktop\JsapProject\JSAPNEW\Models\AuthModels.cs(331,23): warning CS8618: Non-nullable property 'name' must contain a non-null value when exiting constructor. Consider adding the 'required' modifier or declaring the property as nullable. [C:\Users\Rohit Rathod\Desktop\JsapProject\JSAPNEW\JSAPNEW.csproj]
C:\Users\Rohit Rathod\Desktop\JsapProject\JSAPNEW\Models\AuthModels.cs(346,23): warning CS8618: Non-nullable property 'BudgetType' must contain a non-null value when exiting constructor. Consider adding the 'required' modifier or declaring the property as nullable. [C:\Users\Rohit Rathod\Desktop\JsapProject\JSAPNEW\JSAPNEW.csproj]
C:\Users\Rohit Rathod\Desktop\JsapProject\JSAPNEW\Models\AuthModels.cs(347,23): warning CS8618: Non-nullable property 'TotalBudget' must contain a non-null value when exiting constructor. Consider adding the 'required' modifier or declaring the property as nullable. [C:\Users\Rohit Rathod\Desktop\JsapProject\JSAPNEW\JSAPNEW.csproj]
C:\Users\Rohit Rathod\Desktop\JsapProject\JSAPNEW\Models\AuthModels.cs(348,23): warning CS8618: Non-nullable property 'ApprovedAmount' must contain a non-null value when exiting constructor. Consider adding the 'required' modifier or declaring the property as nullable. [C:\Users\Rohit Rathod\Desktop\JsapProject\JSAPNEW\JSAPNEW.csproj]
C:\Users\Rohit Rathod\Desktop\JsapProject\JSAPNEW\Models\AuthModels.cs(349,23): warning CS8618: Non-nullable property 'PendingAmount' must contain a non-null value when exiting constructor. Consider adding the 'required' modifier or declaring the property as nullable. [C:\Users\Rohit Rathod\Desktop\JsapProject\JSAPNEW\JSAPNEW.csproj]
C:\Users\Rohit Rathod\Desktop\JsapProject\JSAPNEW\Models\AuthModels.cs(350,23): warning CS8618: Non-nullable property 'RejectedAmount' must contain a non-null value when exiting constructor. Consider adding the 'required' modifier or declaring the property as nullable. [C:\Users\Rohit Rathod\Desktop\JsapProject\JSAPNEW\JSAPNEW.csproj]
C:\Users\Rohit Rathod\Desktop\JsapProject\JSAPNEW\Models\AuthModels.cs(517,23): warning CS8618: Non-nullable property 'stageName' must contain a non-null value when exiting constructor. Consider adding the 'required' modifier or declaring the property as nullable. [C:\Users\Rohit Rathod\Desktop\JsapProject\JSAPNEW\JSAPNEW.csproj]
C:\Users\Rohit Rathod\Desktop\JsapProject\JSAPNEW\Models\AuthModels.cs(519,23): warning CS8618: Non-nullable property 'DelegatedByUserName' must contain a non-null value when exiting constructor. Consider adding the 'required' modifier or declaring the property as nullable. [C:\Users\Rohit Rathod\Desktop\JsapProject\JSAPNEW\JSAPNEW.csproj]
C:\Users\Rohit Rathod\Desktop\JsapProject\JSAPNEW\Models\AuthModels.cs(522,23): warning CS8618: Non-nullable property 'DelegatedToUserName' must contain a non-null value when exiting constructor. Consider adding the 'required' modifier or declaring the property as nullable. [C:\Users\Rohit Rathod\Desktop\JsapProject\JSAPNEW\JSAPNEW.csproj]
C:\Users\Rohit Rathod\Desktop\JsapProject\JSAPNEW\Models\AuthModels.cs(524,23): warning CS8618: Non-nullable property 'tempName' must contain a non-null value when exiting constructor. Consider adding the 'required' modifier or declaring the property as nullable. [C:\Users\Rohit Rathod\Desktop\JsapProject\JSAPNEW\JSAPNEW.csproj]
C:\Users\Rohit Rathod\Desktop\JsapProject\JSAPNEW\Models\AuthModels.cs(528,23): warning CS8618: Non-nullable property 'startDate' must contain a non-null value when exiting constructor. Consider adding the 'required' modifier or declaring the property as nullable. [C:\Users\Rohit Rathod\Desktop\JsapProject\JSAPNEW\JSAPNEW.csproj]
C:\Users\Rohit Rathod\Desktop\JsapProject\JSAPNEW\Models\AuthModels.cs(529,23): warning CS8618: Non-nullable property 'endDate' must contain a non-null value when exiting constructor. Consider adding the 'required' modifier or declaring the property as nullable. [C:\Users\Rohit Rathod\Desktop\JsapProject\JSAPNEW\JSAPNEW.csproj]
C:\Users\Rohit Rathod\Desktop\JsapProject\JSAPNEW\Models\AuthModels.cs(1011,23): warning CS8618: Non-nullable property 'Message' must contain a non-null value when exiting constructor. Consider adding the 'required' modifier or declaring the property as nullable. [C:\Users\Rohit Rathod\Desktop\JsapProject\JSAPNEW\JSAPNEW.csproj]
C:\Users\Rohit Rathod\Desktop\JsapProject\JSAPNEW\Models\BillVerificationModels.cs(44,23): warning CS8618: Non-nullable property 'SerialNumber' must contain a non-null value when exiting constructor. Consider adding the 'required' modifier or declaring the property as nullable. [C:\Users\Rohit Rathod\Desktop\JsapProject\JSAPNEW\JSAPNEW.csproj]
C:\Users\Rohit Rathod\Desktop\JsapProject\JSAPNEW\Models\BillVerificationModels.cs(46,23): warning CS8618: Non-nullable property 'ProductName' must contain a non-null value when exiting constructor. Consider adding the 'required' modifier or declaring the property as nullable. [C:\Users\Rohit Rathod\Desktop\JsapProject\JSAPNEW\JSAPNEW.csproj]
C:\Users\Rohit Rathod\Desktop\JsapProject\JSAPNEW\Models\BillVerificationModels.cs(48,23): warning CS8618: Non-nullable property 'HSNSACID' must contain a non-null value when exiting constructor. Consider adding the 'required' modifier or declaring the property as nullable. [C:\Users\Rohit Rathod\Desktop\JsapProject\JSAPNEW\JSAPNEW.csproj]
C:\Users\Rohit Rathod\Desktop\JsapProject\JSAPNEW\Models\BillVerificationModels.cs(50,23): warning CS8618: Non-nullable property 'Quantity' must contain a non-null value when exiting constructor. Consider adding the 'required' modifier or declaring the property as nullable. [C:\Users\Rohit Rathod\Desktop\JsapProject\JSAPNEW\JSAPNEW.csproj]
C:\Users\Rohit Rathod\Desktop\JsapProject\JSAPNEW\Models\BillVerificationModels.cs(52,23): warning CS8618: Non-nullable property 'PurchaseRate' must contain a non-null value when exiting constructor. Consider adding the 'required' modifier or declaring the property as nullable. [C:\Users\Rohit Rathod\Desktop\JsapProject\JSAPNEW\JSAPNEW.csproj]
C:\Users\Rohit Rathod\Desktop\JsapProject\JSAPNEW\Models\BillVerificationModels.cs(54,23): warning CS8618: Non-nullable property 'DiscountPercent' must contain a non-null value when exiting constructor. Consider adding the 'required' modifier or declaring the property as nullable. [C:\Users\Rohit Rathod\Desktop\JsapProject\JSAPNEW\JSAPNEW.csproj]
C:\Users\Rohit Rathod\Desktop\JsapProject\JSAPNEW\Models\BillVerificationModels.cs(56,23): warning CS8618: Non-nullable property 'DiscountAmount' must contain a non-null value when exiting constructor. Consider adding the 'required' modifier or declaring the property as nullable. [C:\Users\Rohit Rathod\Desktop\JsapProject\JSAPNEW\JSAPNEW.csproj]
C:\Users\Rohit Rathod\Desktop\JsapProject\JSAPNEW\Models\BillVerificationModels.cs(58,23): warning CS8618: Non-nullable property 'Margin' must contain a non-null value when exiting constructor. Consider adding the 'required' modifier or declaring the property as nullable. [C:\Users\Rohit Rathod\Desktop\JsapProject\JSAPNEW\JSAPNEW.csproj]
C:\Users\Rohit Rathod\Desktop\JsapProject\JSAPNEW\Models\BillVerificationModels.cs(60,23): warning CS8618: Non-nullable property 'MRP' must contain a non-null value when exiting constructor. Consider adding the 'required' modifier or declaring the property as nullable. [C:\Users\Rohit Rathod\Desktop\JsapProject\JSAPNEW\JSAPNEW.csproj]
C:\Users\Rohit Rathod\Desktop\JsapProject\JSAPNEW\Models\BillVerificationModels.cs(63,23): warning CS8618: Non-nullable property 'TaxRate' must contain a non-null value when exiting constructor. Consider adding the 'required' modifier or declaring the property as nullable. [C:\Users\Rohit Rathod\Desktop\JsapProject\JSAPNEW\JSAPNEW.csproj]
C:\Users\Rohit Rathod\Desktop\JsapProject\JSAPNEW\Models\BillVerificationModels.cs(65,23): warning CS8618: Non-nullable property 'TaxAmount' must contain a non-null value when exiting constructor. Consider adding the 'required' modifier or declaring the property as nullable. [C:\Users\Rohit Rathod\Desktop\JsapProject\JSAPNEW\JSAPNEW.csproj]
C:\Users\Rohit Rathod\Desktop\JsapProject\JSAPNEW\Models\BillVerificationModels.cs(67,23): warning CS8618: Non-nullable property 'Tax' must contain a non-null value when exiting constructor. Consider adding the 'required' modifier or declaring the property as nullable. [C:\Users\Rohit Rathod\Desktop\JsapProject\JSAPNEW\JSAPNEW.csproj]
C:\Users\Rohit Rathod\Desktop\JsapProject\JSAPNEW\Models\BillVerificationModels.cs(69,23): warning CS8618: Non-nullable property 'Amount' must contain a non-null value when exiting constructor. Consider adding the 'required' modifier or declaring the property as nullable. [C:\Users\Rohit Rathod\Desktop\JsapProject\JSAPNEW\JSAPNEW.csproj]
C:\Users\Rohit Rathod\Desktop\JsapProject\JSAPNEW\Models\BillVerificationModels.cs(71,23): warning CS8618: Non-nullable property 'WarehouseName' must contain a non-null value when exiting constructor. Consider adding the 'required' modifier or declaring the property as nullable. [C:\Users\Rohit Rathod\Desktop\JsapProject\JSAPNEW\JSAPNEW.csproj]
C:\Users\Rohit Rathod\Desktop\JsapProject\JSAPNEW\Models\BillVerificationModels.cs(73,23): warning CS8618: Non-nullable property 'TaxName' must contain a non-null value when exiting constructor. Consider adding the 'required' modifier or declaring the property as nullable. [C:\Users\Rohit Rathod\Desktop\JsapProject\JSAPNEW\JSAPNEW.csproj]
C:\Users\Rohit Rathod\Desktop\JsapProject\JSAPNEW\Models\BillVerificationModels.cs(75,23): warning CS8618: Non-nullable property 'ItemValue' must contain a non-null value when exiting constructor. Consider adding the 'required' modifier or declaring the property as nullable. [C:\Users\Rohit Rathod\Desktop\JsapProject\JSAPNEW\JSAPNEW.csproj]
C:\Users\Rohit Rathod\Desktop\JsapProject\JSAPNEW\Models\AuthModels.cs(302,23): warning CS8618: Non-nullable property 'pageName' must contain a non-null value when exiting constructor. Consider adding the 'required' modifier or declaring the property as nullable. [C:\Users\Rohit Rathod\Desktop\JsapProject\JSAPNEW\JSAPNEW.csproj]
C:\Users\Rohit Rathod\Desktop\JsapProject\JSAPNEW\Models\AuthModels.cs(304,23): warning CS8618: Non-nullable property 'pageUrl' must contain a non-null value when exiting constructor. Consider adding the 'required' modifier or declaring the property as nullable. [C:\Users\Rohit Rathod\Desktop\JsapProject\JSAPNEW\JSAPNEW.csproj]
C:\Users\Rohit Rathod\Desktop\JsapProject\JSAPNEW\Models\AuthModels.cs(436,23): warning CS8618: Non-nullable property 'name' must contain a non-null value when exiting constructor. Consider adding the 'required' modifier or declaring the property as nullable. [C:\Users\Rohit Rathod\Desktop\JsapProject\JSAPNEW\JSAPNEW.csproj]
C:\Users\Rohit Rathod\Desktop\JsapProject\JSAPNEW\Models\AuthModels.cs(437,23): warning CS8618: Non-nullable property 'description' must contain a non-null value when exiting constructor. Consider adding the 'required' modifier or declaring the property as nullable. [C:\Users\Rohit Rathod\Desktop\JsapProject\JSAPNEW\JSAPNEW.csproj]
C:\Users\Rohit Rathod\Desktop\JsapProject\JSAPNEW\Models\AuthModels.cs(439,23): warning CS8618: Non-nullable property 'createdOn' must contain a non-null value when exiting constructor. Consider adding the 'required' modifier or declaring the property as nullable. [C:\Users\Rohit Rathod\Desktop\JsapProject\JSAPNEW\JSAPNEW.csproj]
C:\Users\Rohit Rathod\Desktop\JsapProject\JSAPNEW\Models\AuthModels.cs(440,23): warning CS8618: Non-nullable property 'createdBy' must contain a non-null value when exiting constructor. Consider adding the 'required' modifier or declaring the property as nullable. [C:\Users\Rohit Rathod\Desktop\JsapProject\JSAPNEW\JSAPNEW.csproj]
C:\Users\Rohit Rathod\Desktop\JsapProject\JSAPNEW\Models\AuthModels.cs(244,23): warning CS8618: Non-nullable property 'stage' must contain a non-null value when exiting constructor. Consider adding the 'required' modifier or declaring the property as nullable. [C:\Users\Rohit Rathod\Desktop\JsapProject\JSAPNEW\JSAPNEW.csproj]
C:\Users\Rohit Rathod\Desktop\JsapProject\JSAPNEW\Models\AuthModels.cs(285,23): warning CS8618: Non-nullable property 'template' must contain a non-null value when exiting constructor. Consider adding the 'required' modifier or declaring the property as nullable. [C:\Users\Rohit Rathod\Desktop\JsapProject\JSAPNEW\JSAPNEW.csproj]
C:\Users\Rohit Rathod\Desktop\JsapProject\JSAPNEW\Models\AuthModels.cs(289,23): warning CS8618: Non-nullable property 'stageIds' must contain a non-null value when exiting constructor. Consider adding the 'required' modifier or declaring the property as nullable. [C:\Users\Rohit Rathod\Desktop\JsapProject\JSAPNEW\JSAPNEW.csproj]
C:\Users\Rohit Rathod\Desktop\JsapProject\JSAPNEW\Models\AuthModels.cs(291,23): warning CS8618: Non-nullable property 'priority' must contain a non-null value when exiting constructor. Consider adding the 'required' modifier or declaring the property as nullable. [C:\Users\Rohit Rathod\Desktop\JsapProject\JSAPNEW\JSAPNEW.csproj]
C:\Users\Rohit Rathod\Desktop\JsapProject\JSAPNEW\Models\AuthModels.cs(293,23): warning CS8618: Non-nullable property 'approvalIds' must contain a non-null value when exiting constructor. Consider adding the 'required' modifier or declaring the property as nullable. [C:\Users\Rohit Rathod\Desktop\JsapProject\JSAPNEW\JSAPNEW.csproj]
C:\Users\Rohit Rathod\Desktop\JsapProject\JSAPNEW\Models\AuthModels.cs(297,23): warning CS8618: Non-nullable property 'queries' must contain a non-null value when exiting constructor. Consider adding the 'required' modifier or declaring the property as nullable. [C:\Users\Rohit Rathod\Desktop\JsapProject\JSAPNEW\JSAPNEW.csproj]
C:\Users\Rohit Rathod\Desktop\JsapProject\JSAPNEW\Models\AuthModels.cs(200,23): warning CS8618: Non-nullable property 'company' must contain a non-null value when exiting constructor. Consider adding the 'required' modifier or declaring the property as nullable. [C:\Users\Rohit Rathod\Desktop\JsapProject\JSAPNEW\JSAPNEW.csproj]
C:\Users\Rohit Rathod\Desktop\JsapProject\JSAPNEW\Models\AuthModels.cs(204,23): warning CS8618: Non-nullable property 'stage' must contain a non-null value when exiting constructor. Consider adding the 'required' modifier or declaring the property as nullable. [C:\Users\Rohit Rathod\Desktop\JsapProject\JSAPNEW\JSAPNEW.csproj]
C:\Users\Rohit Rathod\Desktop\JsapProject\JSAPNEW\Models\AuthModels.cs(207,23): warning CS8618: Non-nullable property 'userIds' must contain a non-null value when exiting constructor. Consider adding the 'required' modifier or declaring the property as nullable. [C:\Users\Rohit Rathod\Desktop\JsapProject\JSAPNEW\JSAPNEW.csproj]
C:\Users\Rohit Rathod\Desktop\JsapProject\JSAPNEW\Models\AuthModels.cs(210,23): warning CS8618: Non-nullable property 'description' must contain a non-null value when exiting constructor. Consider adding the 'required' modifier or declaring the property as nullable. [C:\Users\Rohit Rathod\Desktop\JsapProject\JSAPNEW\JSAPNEW.csproj]
C:\Users\Rohit Rathod\Desktop\JsapProject\JSAPNEW\Models\AuthModels.cs(215,23): warning CS8618: Non-nullable property 'branchIds' must contain a non-null value when exiting constructor. Consider adding the 'required' modifier or declaring the property as nullable. [C:\Users\Rohit Rathod\Desktop\JsapProject\JSAPNEW\JSAPNEW.csproj]
C:\Users\Rohit Rathod\Desktop\JsapProject\JSAPNEW\Models\AuthModels.cs(217,23): warning CS8618: Non-nullable property 'varietyIds' must contain a non-null value when exiting constructor. Consider adding the 'required' modifier or declaring the property as nullable. [C:\Users\Rohit Rathod\Desktop\JsapProject\JSAPNEW\JSAPNEW.csproj]
C:\Users\Rohit Rathod\Desktop\JsapProject\JSAPNEW\Models\AuthModels.cs(219,23): warning CS8618: Non-nullable property 'budgetIds' must contain a non-null value when exiting constructor. Consider adding the 'required' modifier or declaring the property as nullable. [C:\Users\Rohit Rathod\Desktop\JsapProject\JSAPNEW\JSAPNEW.csproj]
C:\Users\Rohit Rathod\Desktop\JsapProject\JSAPNEW\Models\AuthModels.cs(221,23): warning CS8618: Non-nullable property 'sBudgetIds' must contain a non-null value when exiting constructor. Consider adding the 'required' modifier or declaring the property as nullable. [C:\Users\Rohit Rathod\Desktop\JsapProject\JSAPNEW\JSAPNEW.csproj]
C:\Users\Rohit Rathod\Desktop\JsapProject\JSAPNEW\Models\AuthModels.cs(223,23): warning CS8618: Non-nullable property 'stateIds' must contain a non-null value when exiting constructor. Consider adding the 'required' modifier or declaring the property as nullable. [C:\Users\Rohit Rathod\Desktop\JsapProject\JSAPNEW\JSAPNEW.csproj]
C:\Users\Rohit Rathod\Desktop\JsapProject\JSAPNEW\Models\AuthModels.cs(225,23): warning CS8618: Non-nullable property 'reportIds' must contain a non-null value when exiting constructor. Consider adding the 'required' modifier or declaring the property as nullable. [C:\Users\Rohit Rathod\Desktop\JsapProject\JSAPNEW\JSAPNEW.csproj]
C:\Users\Rohit Rathod\Desktop\JsapProject\JSAPNEW\Models\AuthModels.cs(227,23): warning CS8618: Non-nullable property 'approvalIds' must contain a non-null value when exiting constructor. Consider adding the 'required' modifier or declaring the property as nullable. [C:\Users\Rohit Rathod\Desktop\JsapProject\JSAPNEW\JSAPNEW.csproj]
C:\Users\Rohit Rathod\Desktop\JsapProject\JSAPNEW\Models\AuthModels.cs(229,23): warning CS8618: Non-nullable property 'fromDate' must contain a non-null value when exiting constructor. Consider adding the 'required' modifier or declaring the property as nullable. [C:\Users\Rohit Rathod\Desktop\JsapProject\JSAPNEW\JSAPNEW.csproj]
C:\Users\Rohit Rathod\Desktop\JsapProject\JSAPNEW\Models\AuthModels.cs(231,23): warning CS8618: Non-nullable property 'toDate' must contain a non-null value when exiting constructor. Consider adding the 'required' modifier or declaring the property as nullable. [C:\Users\Rohit Rathod\Desktop\JsapProject\JSAPNEW\JSAPNEW.csproj]
C:\Users\Rohit Rathod\Desktop\JsapProject\JSAPNEW\Models\AuthModels.cs(173,23): warning CS8618: Non-nullable property 'deptName' must contain a non-null value when exiting constructor. Consider adding the 'required' modifier or declaring the property as nullable. [C:\Users\Rohit Rathod\Desktop\JsapProject\JSAPNEW\JSAPNEW.csproj]
C:\Users\Rohit Rathod\Desktop\JsapProject\JSAPNEW\Models\BillVerificationModels.cs(209,23): warning CS8618: Non-nullable property 'RoleName' must contain a non-null value when exiting constructor. Consider adding the 'required' modifier or declaring the property as nullable. [C:\Users\Rohit Rathod\Desktop\JsapProject\JSAPNEW\JSAPNEW.csproj]
C:\Users\Rohit Rathod\Desktop\JsapProject\JSAPNEW\Models\AuthModels.cs(143,23): warning CS8618: Non-nullable property 'branchName' must contain a non-null value when exiting constructor. Consider adding the 'required' modifier or declaring the property as nullable. [C:\Users\Rohit Rathod\Desktop\JsapProject\JSAPNEW\JSAPNEW.csproj]
C:\Users\Rohit Rathod\Desktop\JsapProject\JSAPNEW\Models\AuthModels.cs(149,23): warning CS8618: Non-nullable property 'budgetName' must contain a non-null value when exiting constructor. Consider adding the 'required' modifier or declaring the property as nullable. [C:\Users\Rohit Rathod\Desktop\JsapProject\JSAPNEW\JSAPNEW.csproj]
C:\Users\Rohit Rathod\Desktop\JsapProject\JSAPNEW\Models\AuthModels.cs(150,23): warning CS8618: Non-nullable property 'subBudgetName' must contain a non-null value when exiting constructor. Consider adding the 'required' modifier or declaring the property as nullable. [C:\Users\Rohit Rathod\Desktop\JsapProject\JSAPNEW\JSAPNEW.csproj]
C:\Users\Rohit Rathod\Desktop\JsapProject\JSAPNEW\Models\AuthModels.cs(151,23): warning CS8618: Non-nullable property 'AllocatedAmount' must contain a non-null value when exiting constructor. Consider adding the 'required' modifier or declaring the property as nullable. [C:\Users\Rohit Rathod\Desktop\JsapProject\JSAPNEW\JSAPNEW.csproj]
C:\Users\Rohit Rathod\Desktop\JsapProject\JSAPNEW\Models\AuthModels.cs(135,23): warning CS8618: Non-nullable property 'roleName' must contain a non-null value when exiting constructor. Consider adding the 'required' modifier or declaring the property as nullable. [C:\Users\Rohit Rathod\Desktop\JsapProject\JSAPNEW\JSAPNEW.csproj]
C:\Users\Rohit Rathod\Desktop\JsapProject\JSAPNEW\Models\AuthModels.cs(136,23): warning CS8618: Non-nullable property 'description' must contain a non-null value when exiting constructor. Consider adding the 'required' modifier or declaring the property as nullable. [C:\Users\Rohit Rathod\Desktop\JsapProject\JSAPNEW\JSAPNEW.csproj]
C:\Users\Rohit Rathod\Desktop\JsapProject\JSAPNEW\Models\AuthModels.cs(127,23): warning CS8618: Non-nullable property 'StateId' must contain a non-null value when exiting constructor. Consider adding the 'required' modifier or declaring the property as nullable. [C:\Users\Rohit Rathod\Desktop\JsapProject\JSAPNEW\JSAPNEW.csproj]
C:\Users\Rohit Rathod\Desktop\JsapProject\JSAPNEW\Models\AuthModels.cs(128,23): warning CS8618: Non-nullable property 'StateName' must contain a non-null value when exiting constructor. Consider adding the 'required' modifier or declaring the property as nullable. [C:\Users\Rohit Rathod\Desktop\JsapProject\JSAPNEW\JSAPNEW.csproj]
C:\Users\Rohit Rathod\Desktop\JsapProject\JSAPNEW\Models\AuthModels.cs(130,34): warning CS8618: Non-nullable property 'Data' must contain a non-null value when exiting constructor. Consider adding the 'required' modifier or declaring the property as nullable. [C:\Users\Rohit Rathod\Desktop\JsapProject\JSAPNEW\JSAPNEW.csproj]
C:\Users\Rohit Rathod\Desktop\JsapProject\JSAPNEW\Models\AuthModels.cs(120,23): warning CS8618: Non-nullable property 'budgetId' must contain a non-null value when exiting constructor. Consider adding the 'required' modifier or declaring the property as nullable. [C:\Users\Rohit Rathod\Desktop\JsapProject\JSAPNEW\JSAPNEW.csproj]
C:\Users\Rohit Rathod\Desktop\JsapProject\JSAPNEW\Models\AuthModels.cs(121,23): warning CS8618: Non-nullable property 'budgetName' must contain a non-null value when exiting constructor. Consider adding the 'required' modifier or declaring the property as nullable. [C:\Users\Rohit Rathod\Desktop\JsapProject\JSAPNEW\JSAPNEW.csproj]
C:\Users\Rohit Rathod\Desktop\JsapProject\JSAPNEW\Models\AuthModels.cs(123,34): warning CS8618: Non-nullable property 'Data' must contain a non-null value when exiting constructor. Consider adding the 'required' modifier or declaring the property as nullable. [C:\Users\Rohit Rathod\Desktop\JsapProject\JSAPNEW\JSAPNEW.csproj]
C:\Users\Rohit Rathod\Desktop\JsapProject\JSAPNEW\Models\AuthModels.cs(106,23): warning CS8618: Non-nullable property 'varietyId' must contain a non-null value when exiting constructor. Consider adding the 'required' modifier or declaring the property as nullable. [C:\Users\Rohit Rathod\Desktop\JsapProject\JSAPNEW\JSAPNEW.csproj]
C:\Users\Rohit Rathod\Desktop\JsapProject\JSAPNEW\Models\AuthModels.cs(107,23): warning CS8618: Non-nullable property 'varietyName' must contain a non-null value when exiting constructor. Consider adding the 'required' modifier or declaring the property as nullable. [C:\Users\Rohit Rathod\Desktop\JsapProject\JSAPNEW\JSAPNEW.csproj]
C:\Users\Rohit Rathod\Desktop\JsapProject\JSAPNEW\Models\AuthModels.cs(109,34): warning CS8618: Non-nullable property 'Data' must contain a non-null value when exiting constructor. Consider adding the 'required' modifier or declaring the property as nullable. [C:\Users\Rohit Rathod\Desktop\JsapProject\JSAPNEW\JSAPNEW.csproj]
C:\Users\Rohit Rathod\Desktop\JsapProject\JSAPNEW\Models\AuthModels.cs(189,23): warning CS8618: Non-nullable property 'approvalName' must contain a non-null value when exiting constructor. Consider adding the 'required' modifier or declaring the property as nullable. [C:\Users\Rohit Rathod\Desktop\JsapProject\JSAPNEW\JSAPNEW.csproj]
C:\Users\Rohit Rathod\Desktop\JsapProject\JSAPNEW\Models\AuthModels.cs(164,23): warning CS8618: Non-nullable property 'validFrom' must contain a non-null value when exiting constructor. Consider adding the 'required' modifier or declaring the property as nullable. [C:\Users\Rohit Rathod\Desktop\JsapProject\JSAPNEW\JSAPNEW.csproj]
C:\Users\Rohit Rathod\Desktop\JsapProject\JSAPNEW\Models\AuthModels.cs(165,23): warning CS8618: Non-nullable property 'validTo' must contain a non-null value when exiting constructor. Consider adding the 'required' modifier or declaring the property as nullable. [C:\Users\Rohit Rathod\Desktop\JsapProject\JSAPNEW\JSAPNEW.csproj]
C:\Users\Rohit Rathod\Desktop\JsapProject\JSAPNEW\Models\AuthModels.cs(166,23): warning CS8618: Non-nullable property 'active' must contain a non-null value when exiting constructor. Consider adding the 'required' modifier or declaring the property as nullable. [C:\Users\Rohit Rathod\Desktop\JsapProject\JSAPNEW\JSAPNEW.csproj]
C:\Users\Rohit Rathod\Desktop\JsapProject\JSAPNEW\Models\AuthModels.cs(167,23): warning CS8618: Non-nullable property 'cCOwner' must contain a non-null value when exiting constructor. Consider adding the 'required' modifier or declaring the property as nullable. [C:\Users\Rohit Rathod\Desktop\JsapProject\JSAPNEW\JSAPNEW.csproj]
C:\Users\Rohit Rathod\Desktop\JsapProject\JSAPNEW\Models\AuthModels.cs(168,23): warning CS8618: Non-nullable property 'uCoOwner' must contain a non-null value when exiting constructor. Consider adding the 'required' modifier or declaring the property as nullable. [C:\Users\Rohit Rathod\Desktop\JsapProject\JSAPNEW\JSAPNEW.csproj]
C:\Users\Rohit Rathod\Desktop\JsapProject\JSAPNEW\Models\AuthModels.cs(33,23): warning CS8618: Non-nullable property 'Message' must contain a non-null value when exiting constructor. Consider adding the 'required' modifier or declaring the property as nullable. [C:\Users\Rohit Rathod\Desktop\JsapProject\JSAPNEW\JSAPNEW.csproj]
C:\Users\Rohit Rathod\Desktop\JsapProject\JSAPNEW\Models\AuthModels.cs(34,23): warning CS8618: Non-nullable property 'AccessToken' must contain a non-null value when exiting constructor. Consider adding the 'required' modifier or declaring the property as nullable. [C:\Users\Rohit Rathod\Desktop\JsapProject\JSAPNEW\JSAPNEW.csproj]
C:\Users\Rohit Rathod\Desktop\JsapProject\JSAPNEW\Models\AuthModels.cs(35,23): warning CS8618: Non-nullable property 'RefreshToken' must contain a non-null value when exiting constructor. Consider adding the 'required' modifier or declaring the property as nullable. [C:\Users\Rohit Rathod\Desktop\JsapProject\JSAPNEW\JSAPNEW.csproj]
C:\Users\Rohit Rathod\Desktop\JsapProject\JSAPNEW\Models\AuthModels.cs(113,23): warning CS8618: Non-nullable property 'exEffMonthId' must contain a non-null value when exiting constructor. Consider adding the 'required' modifier or declaring the property as nullable. [C:\Users\Rohit Rathod\Desktop\JsapProject\JSAPNEW\JSAPNEW.csproj]
C:\Users\Rohit Rathod\Desktop\JsapProject\JSAPNEW\Models\AuthModels.cs(114,23): warning CS8618: Non-nullable property 'exEffMonthName' must contain a non-null value when exiting constructor. Consider adding the 'required' modifier or declaring the property as nullable. [C:\Users\Rohit Rathod\Desktop\JsapProject\JSAPNEW\JSAPNEW.csproj]
C:\Users\Rohit Rathod\Desktop\JsapProject\JSAPNEW\Models\AuthModels.cs(116,34): warning CS8618: Non-nullable property 'Data' must contain a non-null value when exiting constructor. Consider adding the 'required' modifier or declaring the property as nullable. [C:\Users\Rohit Rathod\Desktop\JsapProject\JSAPNEW\JSAPNEW.csproj]
C:\Users\Rohit Rathod\Desktop\JsapProject\JSAPNEW\Models\AuthModels.cs(27,23): warning CS8618: Non-nullable property 'Message' must contain a non-null value when exiting constructor. Consider adding the 'required' modifier or declaring the property as nullable. [C:\Users\Rohit Rathod\Desktop\JsapProject\JSAPNEW\JSAPNEW.csproj]
C:\Users\Rohit Rathod\Desktop\JsapProject\JSAPNEW\Models\AuthModels.cs(10,23): warning CS8618: Non-nullable property 'loginUser' must contain a non-null value when exiting constructor. Consider adding the 'required' modifier or declaring the property as nullable. [C:\Users\Rohit Rathod\Desktop\JsapProject\JSAPNEW\JSAPNEW.csproj]
C:\Users\Rohit Rathod\Desktop\JsapProject\JSAPNEW\Models\AuthModels.cs(13,23): warning CS8618: Non-nullable property 'password' must contain a non-null value when exiting constructor. Consider adding the 'required' modifier or declaring the property as nullable. [C:\Users\Rohit Rathod\Desktop\JsapProject\JSAPNEW\JSAPNEW.csproj]
C:\Users\Rohit Rathod\Desktop\JsapProject\JSAPNEW\Models\AuthModels.cs(21,23): warning CS8618: Non-nullable property 'Message' must contain a non-null value when exiting constructor. Consider adding the 'required' modifier or declaring the property as nullable. [C:\Users\Rohit Rathod\Desktop\JsapProject\JSAPNEW\JSAPNEW.csproj]
C:\Users\Rohit Rathod\Desktop\JsapProject\JSAPNEW\Models\AuthModels.cs(22,24): warning CS8618: Non-nullable property 'User' must contain a non-null value when exiting constructor. Consider adding the 'required' modifier or declaring the property as nullable. [C:\Users\Rohit Rathod\Desktop\JsapProject\JSAPNEW\JSAPNEW.csproj]
C:\Users\Rohit Rathod\Desktop\JsapProject\JSAPNEW\Models\AuthModels.cs(672,32): warning CS8618: Non-nullable property 'BudgetHeader' must contain a non-null value when exiting constructor. Consider adding the 'required' modifier or declaring the property as nullable. [C:\Users\Rohit Rathod\Desktop\JsapProject\JSAPNEW\JSAPNEW.csproj]
C:\Users\Rohit Rathod\Desktop\JsapProject\JSAPNEW\Models\AuthModels.cs(673,42): warning CS8618: Non-nullable property 'BudgetLines' must contain a non-null value when exiting constructor. Consider adding the 'required' modifier or declaring the property as nullable. [C:\Users\Rohit Rathod\Desktop\JsapProject\JSAPNEW\JSAPNEW.csproj]
C:\Users\Rohit Rathod\Desktop\JsapProject\JSAPNEW\Models\AuthModels.cs(674,45): warning CS8618: Non-nullable property 'Attachments' must contain a non-null value when exiting constructor. Consider adding the 'required' modifier or declaring the property as nullable. [C:\Users\Rohit Rathod\Desktop\JsapProject\JSAPNEW\JSAPNEW.csproj]
C:\Users\Rohit Rathod\Desktop\JsapProject\JSAPNEW\Models\AuthModels.cs(43,23): warning CS8618: Non-nullable property 'Message' must contain a non-null value when exiting constructor. Consider adding the 'required' modifier or declaring the property as nullable. [C:\Users\Rohit Rathod\Desktop\JsapProject\JSAPNEW\JSAPNEW.csproj]
C:\Users\Rohit Rathod\Desktop\JsapProject\JSAPNEW\Models\Auth2Models.cs(492,46): warning CS8618: Non-nullable property 'RequestDetail' must contain a non-null value when exiting constructor. Consider adding the 'required' modifier or declaring the property as nullable. [C:\Users\Rohit Rathod\Desktop\JsapProject\JSAPNEW\JSAPNEW.csproj]
C:\Users\Rohit Rathod\Desktop\JsapProject\JSAPNEW\Models\Auth2Models.cs(493,37): warning CS8618: Non-nullable property 'ApprovalHistory' must contain a non-null value when exiting constructor. Consider adding the 'required' modifier or declaring the property as nullable. [C:\Users\Rohit Rathod\Desktop\JsapProject\JSAPNEW\JSAPNEW.csproj]
C:\Users\Rohit Rathod\Desktop\JsapProject\JSAPNEW\Models\AuthModels.cs(82,23): warning CS8618: Non-nullable property 'userName' must contain a non-null value when exiting constructor. Consider adding the 'required' modifier or declaring the property as nullable. [C:\Users\Rohit Rathod\Desktop\JsapProject\JSAPNEW\JSAPNEW.csproj]
C:\Users\Rohit Rathod\Desktop\JsapProject\JSAPNEW\Models\AuthModels.cs(83,23): warning CS8618: Non-nullable property 'userPhoneNumber' must contain a non-null value when exiting constructor. Consider adding the 'required' modifier or declaring the property as nullable. [C:\Users\Rohit Rathod\Desktop\JsapProject\JSAPNEW\JSAPNEW.csproj]
C:\Users\Rohit Rathod\Desktop\JsapProject\JSAPNEW\Models\AuthModels.cs(84,23): warning CS8618: Non-nullable property 'userEmail' must contain a non-null value when exiting constructor. Consider adding the 'required' modifier or declaring the property as nullable. [C:\Users\Rohit Rathod\Desktop\JsapProject\JSAPNEW\JSAPNEW.csproj]
C:\Users\Rohit Rathod\Desktop\JsapProject\JSAPNEW\Models\AuthModels.cs(85,23): warning CS8618: Non-nullable property 'password' must contain a non-null value when exiting constructor. Consider adding the 'required' modifier or declaring the property as nullable. [C:\Users\Rohit Rathod\Desktop\JsapProject\JSAPNEW\JSAPNEW.csproj]
C:\Users\Rohit Rathod\Desktop\JsapProject\JSAPNEW\Models\AuthModels.cs(87,23): warning CS8618: Non-nullable property 'isActiveBy' must contain a non-null value when exiting constructor. Consider adding the 'required' modifier or declaring the property as nullable. [C:\Users\Rohit Rathod\Desktop\JsapProject\JSAPNEW\JSAPNEW.csproj]
C:\Users\Rohit Rathod\Desktop\JsapProject\JSAPNEW\Models\AuthModels.cs(89,23): warning CS8618: Non-nullable property 'loginUser' must contain a non-null value when exiting constructor. Consider adding the 'required' modifier or declaring the property as nullable. [C:\Users\Rohit Rathod\Desktop\JsapProject\JSAPNEW\JSAPNEW.csproj]
C:\Users\Rohit Rathod\Desktop\JsapProject\JSAPNEW\Models\AuthModels.cs(91,23): warning CS8618: Non-nullable property 'createdBy' must contain a non-null value when exiting constructor. Consider adding the 'required' modifier or declaring the property as nullable. [C:\Users\Rohit Rathod\Desktop\JsapProject\JSAPNEW\JSAPNEW.csproj]
C:\Users\Rohit Rathod\Desktop\JsapProject\JSAPNEW\Models\AuthModels.cs(92,23): warning CS8618: Non-nullable property 'Comment' must contain a non-null value when exiting constructor. Consider adding the 'required' modifier or declaring the property as nullable. [C:\Users\Rohit Rathod\Desktop\JsapProject\JSAPNEW\JSAPNEW.csproj]
C:\Users\Rohit Rathod\Desktop\JsapProject\JSAPNEW\Models\AuthModels.cs(93,23): warning CS8618: Non-nullable property 'firstName' must contain a non-null value when exiting constructor. Consider adding the 'required' modifier or declaring the property as nullable. [C:\Users\Rohit Rathod\Desktop\JsapProject\JSAPNEW\JSAPNEW.csproj]
C:\Users\Rohit Rathod\Desktop\JsapProject\JSAPNEW\Models\AuthModels.cs(94,23): warning CS8618: Non-nullable property 'lastName' must contain a non-null value when exiting constructor. Consider adding the 'required' modifier or declaring the property as nullable. [C:\Users\Rohit Rathod\Desktop\JsapProject\JSAPNEW\JSAPNEW.csproj]
C:\Users\Rohit Rathod\Desktop\JsapProject\JSAPNEW\Models\AuthModels.cs(743,23): warning CS8618: Non-nullable property 'company' must contain a non-null value when exiting constructor. Consider adding the 'required' modifier or declaring the property as nullable. [C:\Users\Rohit Rathod\Desktop\JsapProject\JSAPNEW\JSAPNEW.csproj]
C:\Users\Rohit Rathod\Desktop\JsapProject\JSAPNEW\Models\AuthModels.cs(744,23): warning CS8618: Non-nullable property 'DocEntry' must contain a non-null value when exiting constructor. Consider adding the 'required' modifier or declaring the property as nullable. [C:\Users\Rohit Rathod\Desktop\JsapProject\JSAPNEW\JSAPNEW.csproj]
C:\Users\Rohit Rathod\Desktop\JsapProject\JSAPNEW\Models\AuthModels.cs(745,23): warning CS8618: Non-nullable property 'ObjectName' must contain a non-null value when exiting constructor. Consider adding the 'required' modifier or declaring the property as nullable. [C:\Users\Rohit Rathod\Desktop\JsapProject\JSAPNEW\JSAPNEW.csproj]
C:\Users\Rohit Rathod\Desktop\JsapProject\JSAPNEW\Models\AuthModels.cs(746,23): warning CS8618: Non-nullable property 'CardCode' must contain a non-null value when exiting constructor. Consider adding the 'required' modifier or declaring the property as nullable. [C:\Users\Rohit Rathod\Desktop\JsapProject\JSAPNEW\JSAPNEW.csproj]
C:\Users\Rohit Rathod\Desktop\JsapProject\JSAPNEW\Models\AuthModels.cs(747,23): warning CS8618: Non-nullable property 'CardName' must contain a non-null value when exiting constructor. Consider adding the 'required' modifier or declaring the property as nullable. [C:\Users\Rohit Rathod\Desktop\JsapProject\JSAPNEW\JSAPNEW.csproj]
C:\Users\Rohit Rathod\Desktop\JsapProject\JSAPNEW\Models\AuthModels.cs(748,23): warning CS8618: Non-nullable property 'DocDate' must contain a non-null value when exiting constructor. Consider adding the 'required' modifier or declaring the property as nullable. [C:\Users\Rohit Rathod\Desktop\JsapProject\JSAPNEW\JSAPNEW.csproj]
C:\Users\Rohit Rathod\Desktop\JsapProject\JSAPNEW\Models\AuthModels.cs(749,23): warning CS8618: Non-nullable property 'TotalAmount' must contain a non-null value when exiting constructor. Consider adding the 'required' modifier or declaring the property as nullable. [C:\Users\Rohit Rathod\Desktop\JsapProject\JSAPNEW\JSAPNEW.csproj]
C:\Users\Rohit Rathod\Desktop\JsapProject\JSAPNEW\Models\AuthModels.cs(750,23): warning CS8618: Non-nullable property 'Status' must contain a non-null value when exiting constructor. Consider adding the 'required' modifier or declaring the property as nullable. [C:\Users\Rohit Rathod\Desktop\JsapProject\JSAPNEW\JSAPNEW.csproj]
C:\Users\Rohit Rathod\Desktop\JsapProject\JSAPNEW\Models\AuthModels.cs(751,47): warning CS8618: Non-nullable property 'NextApprover' must contain a non-null value when exiting constructor. Consider adding the 'required' modifier or declaring the property as nullable. [C:\Users\Rohit Rathod\Desktop\JsapProject\JSAPNEW\JSAPNEW.csproj]
C:\Users\Rohit Rathod\Desktop\JsapProject\JSAPNEW\Models\Auth2Models.cs(483,23): warning CS8618: Non-nullable property 'UserName' must contain a non-null value when exiting constructor. Consider adding the 'required' modifier or declaring the property as nullable. [C:\Users\Rohit Rathod\Desktop\JsapProject\JSAPNEW\JSAPNEW.csproj]
C:\Users\Rohit Rathod\Desktop\JsapProject\JSAPNEW\Models\Auth2Models.cs(484,23): warning CS8618: Non-nullable property 'Status' must contain a non-null value when exiting constructor. Consider adding the 'required' modifier or declaring the property as nullable. [C:\Users\Rohit Rathod\Desktop\JsapProject\JSAPNEW\JSAPNEW.csproj]
C:\Users\Rohit Rathod\Desktop\JsapProject\JSAPNEW\Models\Auth2Models.cs(485,23): warning CS8618: Non-nullable property 'StatusText' must contain a non-null value when exiting constructor. Consider adding the 'required' modifier or declaring the property as nullable. [C:\Users\Rohit Rathod\Desktop\JsapProject\JSAPNEW\JSAPNEW.csproj]
C:\Users\Rohit Rathod\Desktop\JsapProject\JSAPNEW\Models\Auth2Models.cs(486,23): warning CS8618: Non-nullable property 'Remarks' must contain a non-null value when exiting constructor. Consider adding the 'required' modifier or declaring the property as nullable. [C:\Users\Rohit Rathod\Desktop\JsapProject\JSAPNEW\JSAPNEW.csproj]
C:\Users\Rohit Rathod\Desktop\JsapProject\JSAPNEW\Models\Auth2Models.cs(432,23): warning CS8618: Non-nullable property 'Remarks' must contain a non-null value when exiting constructor. Consider adding the 'required' modifier or declaring the property as nullable. [C:\Users\Rohit Rathod\Desktop\JsapProject\JSAPNEW\JSAPNEW.csproj]
C:\Users\Rohit Rathod\Desktop\JsapProject\JSAPNEW\Models\AuthModels.cs(705,23): warning CS8618: Non-nullable property 'company' must contain a non-null value when exiting constructor. Consider adding the 'required' modifier or declaring the property as nullable. [C:\Users\Rohit Rathod\Desktop\JsapProject\JSAPNEW\JSAPNEW.csproj]
C:\Users\Rohit Rathod\Desktop\JsapProject\JSAPNEW\Models\AuthModels.cs(706,23): warning CS8618: Non-nullable property 'DocEntry' must contain a non-null value when exiting constructor. Consider adding the 'required' modifier or declaring the property as nullable. [C:\Users\Rohit Rathod\Desktop\JsapProject\JSAPNEW\JSAPNEW.csproj]
C:\Users\Rohit Rathod\Desktop\JsapProject\JSAPNEW\Models\AuthModels.cs(707,23): warning CS8618: Non-nullable property 'ObjectName' must contain a non-null value when exiting constructor. Consider adding the 'required' modifier or declaring the property as nullable. [C:\Users\Rohit Rathod\Desktop\JsapProject\JSAPNEW\JSAPNEW.csproj]
C:\Users\Rohit Rathod\Desktop\JsapProject\JSAPNEW\Models\AuthModels.cs(708,23): warning CS8618: Non-nullable property 'CardCode' must contain a non-null value when exiting constructor. Consider adding the 'required' modifier or declaring the property as nullable. [C:\Users\Rohit Rathod\Desktop\JsapProject\JSAPNEW\JSAPNEW.csproj]
C:\Users\Rohit Rathod\Desktop\JsapProject\JSAPNEW\Models\AuthModels.cs(709,23): warning CS8618: Non-nullable property 'CardName' must contain a non-null value when exiting constructor. Consider adding the 'required' modifier or declaring the property as nullable. [C:\Users\Rohit Rathod\Desktop\JsapProject\JSAPNEW\JSAPNEW.csproj]
C:\Users\Rohit Rathod\Desktop\JsapProject\JSAPNEW\Models\AuthModels.cs(710,23): warning CS8618: Non-nullable property 'DocDate' must contain a non-null value when exiting constructor. Consider adding the 'required' modifier or declaring the property as nullable. [C:\Users\Rohit Rathod\Desktop\JsapProject\JSAPNEW\JSAPNEW.csproj]
C:\Users\Rohit Rathod\Desktop\JsapProject\JSAPNEW\Models\AuthModels.cs(711,23): warning CS8618: Non-nullable property 'TotalAmount' must contain a non-null value when exiting constructor. Consider adding the 'required' modifier or declaring the property as nullable. [C:\Users\Rohit Rathod\Desktop\JsapProject\JSAPNEW\JSAPNEW.csproj]
C:\Users\Rohit Rathod\Desktop\JsapProject\JSAPNEW\Models\AuthModels.cs(712,23): warning CS8618: Non-nullable property 'RejectionStatus' must contain a non-null value when exiting constructor. Consider adding the 'required' modifier or declaring the property as nullable. [C:\Users\Rohit Rathod\Desktop\JsapProject\JSAPNEW\JSAPNEW.csproj]
C:\Users\Rohit Rathod\Desktop\JsapProject\JSAPNEW\Models\AuthModels.cs(713,23): warning CS8618: Non-nullable property 'RejectedOn' must contain a non-null value when exiting constructor. Consider adding the 'required' modifier or declaring the property as nullable. [C:\Users\Rohit Rathod\Desktop\JsapProject\JSAPNEW\JSAPNEW.csproj]
C:\Users\Rohit Rathod\Desktop\JsapProject\JSAPNEW\Models\AuthModels.cs(714,23): warning CS8618: Non-nullable property 'description' must contain a non-null value when exiting constructor. Consider adding the 'required' modifier or declaring the property as nullable. [C:\Users\Rohit Rathod\Desktop\JsapProject\JSAPNEW\JSAPNEW.csproj]
C:\Users\Rohit Rathod\Desktop\JsapProject\JSAPNEW\Models\AuthModels.cs(716,47): warning CS8618: Non-nullable property 'NextApprover' must contain a non-null value when exiting constructor. Consider adding the 'required' modifier or declaring the property as nullable. [C:\Users\Rohit Rathod\Desktop\JsapProject\JSAPNEW\JSAPNEW.csproj]
C:\Users\Rohit Rathod\Desktop\JsapProject\JSAPNEW\Models\AuthModels.cs(689,23): warning CS8618: Non-nullable property 'budget' must contain a non-null value when exiting constructor. Consider adding the 'required' modifier or declaring the property as nullable. [C:\Users\Rohit Rathod\Desktop\JsapProject\JSAPNEW\JSAPNEW.csproj]
C:\Users\Rohit Rathod\Desktop\JsapProject\JSAPNEW\Models\AuthModels.cs(691,23): warning CS8618: Non-nullable property 'company' must contain a non-null value when exiting constructor. Consider adding the 'required' modifier or declaring the property as nullable. [C:\Users\Rohit Rathod\Desktop\JsapProject\JSAPNEW\JSAPNEW.csproj]
C:\Users\Rohit Rathod\Desktop\JsapProject\JSAPNEW\Models\AuthModels.cs(692,23): warning CS8618: Non-nullable property 'DocEntry' must contain a non-null value when exiting constructor. Consider adding the 'required' modifier or declaring the property as nullable. [C:\Users\Rohit Rathod\Desktop\JsapProject\JSAPNEW\JSAPNEW.csproj]
C:\Users\Rohit Rathod\Desktop\JsapProject\JSAPNEW\Models\AuthModels.cs(693,23): warning CS8618: Non-nullable property 'ObjectName' must contain a non-null value when exiting constructor. Consider adding the 'required' modifier or declaring the property as nullable. [C:\Users\Rohit Rathod\Desktop\JsapProject\JSAPNEW\JSAPNEW.csproj]
C:\Users\Rohit Rathod\Desktop\JsapProject\JSAPNEW\Models\AuthModels.cs(694,23): warning CS8618: Non-nullable property 'CardCode' must contain a non-null value when exiting constructor. Consider adding the 'required' modifier or declaring the property as nullable. [C:\Users\Rohit Rathod\Desktop\JsapProject\JSAPNEW\JSAPNEW.csproj]
C:\Users\Rohit Rathod\Desktop\JsapProject\JSAPNEW\Models\AuthModels.cs(695,23): warning CS8618: Non-nullable property 'CardName' must contain a non-null value when exiting constructor. Consider adding the 'required' modifier or declaring the property as nullable. [C:\Users\Rohit Rathod\Desktop\JsapProject\JSAPNEW\JSAPNEW.csproj]
C:\Users\Rohit Rathod\Desktop\JsapProject\JSAPNEW\Models\AuthModels.cs(696,23): warning CS8618: Non-nullable property 'DocDate' must contain a non-null value when exiting constructor. Consider adding the 'required' modifier or declaring the property as nullable. [C:\Users\Rohit Rathod\Desktop\JsapProject\JSAPNEW\JSAPNEW.csproj]
C:\Users\Rohit Rathod\Desktop\JsapProject\JSAPNEW\Models\AuthModels.cs(697,23): warning CS8618: Non-nullable property 'TotalAmount' must contain a non-null value when exiting constructor. Consider adding the 'required' modifier or declaring the property as nullable. [C:\Users\Rohit Rathod\Desktop\JsapProject\JSAPNEW\JSAPNEW.csproj]
C:\Users\Rohit Rathod\Desktop\JsapProject\JSAPNEW\Models\AuthModels.cs(699,47): warning CS8618: Non-nullable property 'NextApprover' must contain a non-null value when exiting constructor. Consider adding the 'required' modifier or declaring the property as nullable. [C:\Users\Rohit Rathod\Desktop\JsapProject\JSAPNEW\JSAPNEW.csproj]
C:\Users\Rohit Rathod\Desktop\JsapProject\JSAPNEW\Models\Auth2Models.cs(338,23): warning CS8618: Non-nullable property 'Sub_Budget' must contain a non-null value when exiting constructor. Consider adding the 'required' modifier or declaring the property as nullable. [C:\Users\Rohit Rathod\Desktop\JsapProject\JSAPNEW\JSAPNEW.csproj]
C:\Users\Rohit Rathod\Desktop\JsapProject\JSAPNEW\Models\Auth2Models.cs(334,23): warning CS8618: Non-nullable property 'budget' must contain a non-null value when exiting constructor. Consider adding the 'required' modifier or declaring the property as nullable. [C:\Users\Rohit Rathod\Desktop\JsapProject\JSAPNEW\JSAPNEW.csproj]
C:\Users\Rohit Rathod\Desktop\JsapProject\JSAPNEW\Models\AuthModels.cs(537,23): warning CS8618: Non-nullable property 'UserName' must contain a non-null value when exiting constructor. Consider adding the 'required' modifier or declaring the property as nullable. [C:\Users\Rohit Rathod\Desktop\JsapProject\JSAPNEW\JSAPNEW.csproj]
C:\Users\Rohit Rathod\Desktop\JsapProject\JSAPNEW\Models\AuthModels.cs(541,23): warning CS8618: Non-nullable property 'Type' must contain a non-null value when exiting constructor. Consider adding the 'required' modifier or declaring the property as nullable. [C:\Users\Rohit Rathod\Desktop\JsapProject\JSAPNEW\JSAPNEW.csproj]
C:\Users\Rohit Rathod\Desktop\JsapProject\JSAPNEW\Models\Auth2Models.cs(529,23): warning CS8618: Non-nullable property 'stageName' must contain a non-null value when exiting constructor. Consider adding the 'required' modifier or declaring the property as nullable. [C:\Users\Rohit Rathod\Desktop\JsapProject\JSAPNEW\JSAPNEW.csproj]
C:\Users\Rohit Rathod\Desktop\JsapProject\JSAPNEW\Models\Auth2Models.cs(531,23): warning CS8618: Non-nullable property 'assignedTo' must contain a non-null value when exiting constructor. Consider adding the 'required' modifier or declaring the property as nullable. [C:\Users\Rohit Rathod\Desktop\JsapProject\JSAPNEW\JSAPNEW.csproj]
C:\Users\Rohit Rathod\Desktop\JsapProject\JSAPNEW\Models\Auth2Models.cs(532,23): warning CS8618: Non-nullable property 'actionStatus' must contain a non-null value when exiting constructor. Consider adding the 'required' modifier or declaring the property as nullable. [C:\Users\Rohit Rathod\Desktop\JsapProject\JSAPNEW\JSAPNEW.csproj]
C:\Users\Rohit Rathod\Desktop\JsapProject\JSAPNEW\Models\Auth2Models.cs(534,23): warning CS8618: Non-nullable property 'description' must contain a non-null value when exiting constructor. Consider adding the 'required' modifier or declaring the property as nullable. [C:\Users\Rohit Rathod\Desktop\JsapProject\JSAPNEW\JSAPNEW.csproj]
C:\Users\Rohit Rathod\Desktop\JsapProject\JSAPNEW\Models\AuthModels.cs(648,23): warning CS8618: Non-nullable property 'Company' must contain a non-null value when exiting constructor. Consider adding the 'required' modifier or declaring the property as nullable. [C:\Users\Rohit Rathod\Desktop\JsapProject\JSAPNEW\JSAPNEW.csproj]
C:\Users\Rohit Rathod\Desktop\JsapProject\JSAPNEW\Models\AuthModels.cs(652,23): warning CS8618: Non-nullable property 'objectName' must contain a non-null value when exiting constructor. Consider adding the 'required' modifier or declaring the property as nullable. [C:\Users\Rohit Rathod\Desktop\JsapProject\JSAPNEW\JSAPNEW.csproj]
C:\Users\Rohit Rathod\Desktop\JsapProject\JSAPNEW\Models\AuthModels.cs(653,23): warning CS8618: Non-nullable property 'AcctCode' must contain a non-null value when exiting constructor. Consider adding the 'required' modifier or declaring the property as nullable. [C:\Users\Rohit Rathod\Desktop\JsapProject\JSAPNEW\JSAPNEW.csproj]
C:\Users\Rohit Rathod\Desktop\JsapProject\JSAPNEW\Models\AuthModels.cs(654,23): warning CS8618: Non-nullable property 'AcctName' must contain a non-null value when exiting constructor. Consider adding the 'required' modifier or declaring the property as nullable. [C:\Users\Rohit Rathod\Desktop\JsapProject\JSAPNEW\JSAPNEW.csproj]
C:\Users\Rohit Rathod\Desktop\JsapProject\JSAPNEW\Models\AuthModels.cs(655,23): warning CS8618: Non-nullable property 'CardCode' must contain a non-null value when exiting constructor. Consider adding the 'required' modifier or declaring the property as nullable. [C:\Users\Rohit Rathod\Desktop\JsapProject\JSAPNEW\JSAPNEW.csproj]
C:\Users\Rohit Rathod\Desktop\JsapProject\JSAPNEW\Models\AuthModels.cs(656,23): warning CS8618: Non-nullable property 'CardName' must contain a non-null value when exiting constructor. Consider adding the 'required' modifier or declaring the property as nullable. [C:\Users\Rohit Rathod\Desktop\JsapProject\JSAPNEW\JSAPNEW.csproj]
C:\Users\Rohit Rathod\Desktop\JsapProject\JSAPNEW\Models\AuthModels.cs(659,23): warning CS8618: Non-nullable property 'EffectMonth' must contain a non-null value when exiting constructor. Consider adding the 'required' modifier or declaring the property as nullable. [C:\Users\Rohit Rathod\Desktop\JsapProject\JSAPNEW\JSAPNEW.csproj]
C:\Users\Rohit Rathod\Desktop\JsapProject\JSAPNEW\Models\AuthModels.cs(660,23): warning CS8618: Non-nullable property 'BudgetOwner' must contain a non-null value when exiting constructor. Consider adding the 'required' modifier or declaring the property as nullable. [C:\Users\Rohit Rathod\Desktop\JsapProject\JSAPNEW\JSAPNEW.csproj]
C:\Users\Rohit Rathod\Desktop\JsapProject\JSAPNEW\Models\AuthModels.cs(663,23): warning CS8618: Non-nullable property 'LineRemarks' must contain a non-null value when exiting constructor. Consider adding the 'required' modifier or declaring the property as nullable. [C:\Users\Rohit Rathod\Desktop\JsapProject\JSAPNEW\JSAPNEW.csproj]
C:\Users\Rohit Rathod\Desktop\JsapProject\JSAPNEW\Models\AuthModels.cs(664,23): warning CS8618: Non-nullable property 'State' must contain a non-null value when exiting constructor. Consider adding the 'required' modifier or declaring the property as nullable. [C:\Users\Rohit Rathod\Desktop\JsapProject\JSAPNEW\JSAPNEW.csproj]
C:\Users\Rohit Rathod\Desktop\JsapProject\JSAPNEW\Models\AuthModels.cs(665,23): warning CS8618: Non-nullable property 'Budget' must contain a non-null value when exiting constructor. Consider adding the 'required' modifier or declaring the property as nullable. [C:\Users\Rohit Rathod\Desktop\JsapProject\JSAPNEW\JSAPNEW.csproj]
C:\Users\Rohit Rathod\Desktop\JsapProject\JSAPNEW\Models\AuthModels.cs(666,23): warning CS8618: Non-nullable property 'SubBudget' must contain a non-null value when exiting constructor. Consider adding the 'required' modifier or declaring the property as nullable. [C:\Users\Rohit Rathod\Desktop\JsapProject\JSAPNEW\JSAPNEW.csproj]
C:\Users\Rohit Rathod\Desktop\JsapProject\JSAPNEW\Models\AuthModels.cs(667,23): warning CS8618: Non-nullable property 'variety' must contain a non-null value when exiting constructor. Consider adding the 'required' modifier or declaring the property as nullable. [C:\Users\Rohit Rathod\Desktop\JsapProject\JSAPNEW\JSAPNEW.csproj]
C:\Users\Rohit Rathod\Desktop\JsapProject\JSAPNEW\Models\AuthModels.cs(668,23): warning CS8618: Non-nullable property 'Comments' must contain a non-null value when exiting constructor. Consider adding the 'required' modifier or declaring the property as nullable. [C:\Users\Rohit Rathod\Desktop\JsapProject\JSAPNEW\JSAPNEW.csproj]
C:\Users\Rohit Rathod\Desktop\JsapProject\JSAPNEW\Models\AuthModels.cs(547,23): warning CS8618: Non-nullable property 'loginUser' must contain a non-null value when exiting constructor. Consider adding the 'required' modifier or declaring the property as nullable. [C:\Users\Rohit Rathod\Desktop\JsapProject\JSAPNEW\JSAPNEW.csproj]
C:\Users\Rohit Rathod\Desktop\JsapProject\JSAPNEW\Models\AuthModels.cs(550,23): warning CS8618: Non-nullable property 'status' must contain a non-null value when exiting constructor. Consider adding the 'required' modifier or declaring the property as nullable. [C:\Users\Rohit Rathod\Desktop\JsapProject\JSAPNEW\JSAPNEW.csproj]
C:\Users\Rohit Rathod\Desktop\JsapProject\JSAPNEW\Models\AuthModels.cs(551,23): warning CS8618: Non-nullable property 'remark' must contain a non-null value when exiting constructor. Consider adding the 'required' modifier or declaring the property as nullable. [C:\Users\Rohit Rathod\Desktop\JsapProject\JSAPNEW\JSAPNEW.csproj]
C:\Users\Rohit Rathod\Desktop\JsapProject\JSAPNEW\Models\AuthModels.cs(552,23): warning CS8618: Non-nullable property 'createdAt' must contain a non-null value when exiting constructor. Consider adding the 'required' modifier or declaring the property as nullable. [C:\Users\Rohit Rathod\Desktop\JsapProject\JSAPNEW\JSAPNEW.csproj]
C:\Users\Rohit Rathod\Desktop\JsapProject\JSAPNEW\Models\Auth2Models.cs(319,23): warning CS8618: Non-nullable property 'SubBudgetName' must contain a non-null value when exiting constructor. Consider adding the 'required' modifier or declaring the property as nullable. [C:\Users\Rohit Rathod\Desktop\JsapProject\JSAPNEW\JSAPNEW.csproj]
C:\Users\Rohit Rathod\Desktop\JsapProject\JSAPNEW\Models\Auth2Models.cs(324,23): warning CS8618: Non-nullable property 'AllocationStatus' must contain a non-null value when exiting constructor. Consider adding the 'required' modifier or declaring the property as nullable. [C:\Users\Rohit Rathod\Desktop\JsapProject\JSAPNEW\JSAPNEW.csproj]
C:\Users\Rohit Rathod\Desktop\JsapProject\JSAPNEW\Models\AuthModels.cs(571,23): warning CS8618: Non-nullable property 'stageName' must contain a non-null value when exiting constructor. Consider adding the 'required' modifier or declaring the property as nullable. [C:\Users\Rohit Rathod\Desktop\JsapProject\JSAPNEW\JSAPNEW.csproj]
C:\Users\Rohit Rathod\Desktop\JsapProject\JSAPNEW\Models\AuthModels.cs(572,23): warning CS8618: Non-nullable property 'tempName' must contain a non-null value when exiting constructor. Consider adding the 'required' modifier or declaring the property as nullable. [C:\Users\Rohit Rathod\Desktop\JsapProject\JSAPNEW\JSAPNEW.csproj]
C:\Users\Rohit Rathod\Desktop\JsapProject\JSAPNEW\Models\Auth2Models.cs(241,30): warning CS8618: Non-nullable property 'Data' must contain a non-null value when exiting constructor. Consider adding the 'required' modifier or declaring the property as nullable. [C:\Users\Rohit Rathod\Desktop\JsapProject\JSAPNEW\JSAPNEW.csproj]
C:\Users\Rohit Rathod\Desktop\JsapProject\JSAPNEW\Models\AuthModels.cs(463,23): warning CS8618: Non-nullable property 'stage' must contain a non-null value when exiting constructor. Consider adding the 'required' modifier or declaring the property as nullable. [C:\Users\Rohit Rathod\Desktop\JsapProject\JSAPNEW\JSAPNEW.csproj]
C:\Users\Rohit Rathod\Desktop\JsapProject\JSAPNEW\Models\AuthModels.cs(464,23): warning CS8618: Non-nullable property 'createdBy' must contain a non-null value when exiting constructor. Consider adding the 'required' modifier or declaring the property as nullable. [C:\Users\Rohit Rathod\Desktop\JsapProject\JSAPNEW\JSAPNEW.csproj]
C:\Users\Rohit Rathod\Desktop\JsapProject\JSAPNEW\Models\AuthModels.cs(466,23): warning CS8618: Non-nullable property 'description' must contain a non-null value when exiting constructor. Consider adding the 'required' modifier or declaring the property as nullable. [C:\Users\Rohit Rathod\Desktop\JsapProject\JSAPNEW\JSAPNEW.csproj]
C:\Users\Rohit Rathod\Desktop\JsapProject\JSAPNEW\Models\Auth2Models.cs(508,23): warning CS8618: Non-nullable property 'budgetName' must contain a non-null value when exiting constructor. Consider adding the 'required' modifier or declaring the property as nullable. [C:\Users\Rohit Rathod\Desktop\JsapProject\JSAPNEW\JSAPNEW.csproj]
C:\Users\Rohit Rathod\Desktop\JsapProject\JSAPNEW\Models\Auth2Models.cs(510,23): warning CS8618: Non-nullable property 'allocationMonth' must contain a non-null value when exiting constructor. Consider adding the 'required' modifier or declaring the property as nullable. [C:\Users\Rohit Rathod\Desktop\JsapProject\JSAPNEW\JSAPNEW.csproj]
C:\Users\Rohit Rathod\Desktop\JsapProject\JSAPNEW\Models\Auth2Models.cs(515,23): warning CS8618: Non-nullable property 'createdBy' must contain a non-null value when exiting constructor. Consider adding the 'required' modifier or declaring the property as nullable. [C:\Users\Rohit Rathod\Desktop\JsapProject\JSAPNEW\JSAPNEW.csproj]
C:\Users\Rohit Rathod\Desktop\JsapProject\JSAPNEW\Models\Auth2Models.cs(518,23): warning CS8618: Non-nullable property 'flowStatus' must contain a non-null value when exiting constructor. Consider adding the 'required' modifier or declaring the property as nullable. [C:\Users\Rohit Rathod\Desktop\JsapProject\JSAPNEW\JSAPNEW.csproj]
C:\Users\Rohit Rathod\Desktop\JsapProject\JSAPNEW\Models\Auth2Models.cs(521,23): warning CS8618: Non-nullable property 'Status' must contain a non-null value when exiting constructor. Consider adding the 'required' modifier or declaring the property as nullable. [C:\Users\Rohit Rathod\Desktop\JsapProject\JSAPNEW\JSAPNEW.csproj]
C:\Users\Rohit Rathod\Desktop\JsapProject\JSAPNEW\Models\Auth2Models.cs(522,23): warning CS8618: Non-nullable property 'remarks' must contain a non-null value when exiting constructor. Consider adding the 'required' modifier or declaring the property as nullable. [C:\Users\Rohit Rathod\Desktop\JsapProject\JSAPNEW\JSAPNEW.csproj]
C:\Users\Rohit Rathod\Desktop\JsapProject\JSAPNEW\Models\Auth2Models.cs(223,29): warning CS8618: Non-nullable property 'Budgets' must contain a non-null value when exiting constructor. Consider adding the 'required' modifier or declaring the property as nullable. [C:\Users\Rohit Rathod\Desktop\JsapProject\JSAPNEW\JSAPNEW.csproj]
C:\Users\Rohit Rathod\Desktop\JsapProject\JSAPNEW\Models\Auth2Models.cs(224,38): warning CS8618: Non-nullable property 'SubBudgets' must contain a non-null value when exiting constructor. Consider adding the 'required' modifier or declaring the property as nullable. [C:\Users\Rohit Rathod\Desktop\JsapProject\JSAPNEW\JSAPNEW.csproj]
C:\Users\Rohit Rathod\Desktop\JsapProject\JSAPNEW\Models\AuthModels.cs(445,23): warning CS8618: Non-nullable property 'tempName' must contain a non-null value when exiting constructor. Consider adding the 'required' modifier or declaring the property as nullable. [C:\Users\Rohit Rathod\Desktop\JsapProject\JSAPNEW\JSAPNEW.csproj]
C:\Users\Rohit Rathod\Desktop\JsapProject\JSAPNEW\Models\AuthModels.cs(447,23): warning CS8618: Non-nullable property 'tempCreatedOn' must contain a non-null value when exiting constructor. Consider adding the 'required' modifier or declaring the property as nullable. [C:\Users\Rohit Rathod\Desktop\JsapProject\JSAPNEW\JSAPNEW.csproj]
C:\Users\Rohit Rathod\Desktop\JsapProject\JSAPNEW\Models\AuthModels.cs(448,23): warning CS8618: Non-nullable property 'createdBy' must contain a non-null value when exiting constructor. Consider adding the 'required' modifier or declaring the property as nullable. [C:\Users\Rohit Rathod\Desktop\JsapProject\JSAPNEW\JSAPNEW.csproj]
C:\Users\Rohit Rathod\Desktop\JsapProject\JSAPNEW\Models\AuthModels.cs(450,23): warning CS8618: Non-nullable property 'stage' must contain a non-null value when exiting constructor. Consider adding the 'required' modifier or declaring the property as nullable. [C:\Users\Rohit Rathod\Desktop\JsapProject\JSAPNEW\JSAPNEW.csproj]
C:\Users\Rohit Rathod\Desktop\JsapProject\JSAPNEW\Models\AuthModels.cs(451,23): warning CS8618: Non-nullable property 'description' must contain a non-null value when exiting constructor. Consider adding the 'required' modifier or declaring the property as nullable. [C:\Users\Rohit Rathod\Desktop\JsapProject\JSAPNEW\JSAPNEW.csproj]
C:\Users\Rohit Rathod\Desktop\JsapProject\JSAPNEW\Models\AuthModels.cs(452,23): warning CS8618: Non-nullable property 'stageCreatedOn' must contain a non-null value when exiting constructor. Consider adding the 'required' modifier or declaring the property as nullable. [C:\Users\Rohit Rathod\Desktop\JsapProject\JSAPNEW\JSAPNEW.csproj]
C:\Users\Rohit Rathod\Desktop\JsapProject\JSAPNEW\Models\AuthModels.cs(455,23): warning CS8618: Non-nullable property 'queryName' must contain a non-null value when exiting constructor. Consider adding the 'required' modifier or declaring the property as nullable. [C:\Users\Rohit Rathod\Desktop\JsapProject\JSAPNEW\JSAPNEW.csproj]
C:\Users\Rohit Rathod\Desktop\JsapProject\JSAPNEW\Models\AuthModels.cs(456,23): warning CS8618: Non-nullable property 'query' must contain a non-null value when exiting constructor. Consider adding the 'required' modifier or declaring the property as nullable. [C:\Users\Rohit Rathod\Desktop\JsapProject\JSAPNEW\JSAPNEW.csproj]
C:\Users\Rohit Rathod\Desktop\JsapProject\JSAPNEW\Models\AuthModels.cs(457,23): warning CS8618: Non-nullable property 'approvalName' must contain a non-null value when exiting constructor. Consider adding the 'required' modifier or declaring the property as nullable. [C:\Users\Rohit Rathod\Desktop\JsapProject\JSAPNEW\JSAPNEW.csproj]
C:\Users\Rohit Rathod\Desktop\JsapProject\JSAPNEW\Models\Auth2Models.cs(194,23): warning CS8618: Non-nullable property 'Message' must contain a non-null value when exiting constructor. Consider adding the 'required' modifier or declaring the property as nullable. [C:\Users\Rohit Rathod\Desktop\JsapProject\JSAPNEW\JSAPNEW.csproj]
C:\Users\Rohit Rathod\Desktop\JsapProject\JSAPNEW\Models\Auth2Models.cs(195,31): warning CS8618: Non-nullable property 'BudgetInfo' must contain a non-null value when exiting constructor. Consider adding the 'required' modifier or declaring the property as nullable. [C:\Users\Rohit Rathod\Desktop\JsapProject\JSAPNEW\JSAPNEW.csproj]
C:\Users\Rohit Rathod\Desktop\JsapProject\JSAPNEW\Models\Auth2Models.cs(196,34): warning CS8618: Non-nullable property 'SubBudgetInfo' must contain a non-null value when exiting constructor. Consider adding the 'required' modifier or declaring the property as nullable. [C:\Users\Rohit Rathod\Desktop\JsapProject\JSAPNEW\JSAPNEW.csproj]
C:\Users\Rohit Rathod\Desktop\JsapProject\JSAPNEW\Models\Auth2Models.cs(197,51): warning CS8618: Non-nullable property 'MonthlyComparison' must contain a non-null value when exiting constructor. Consider adding the 'required' modifier or declaring the property as nullable. [C:\Users\Rohit Rathod\Desktop\JsapProject\JSAPNEW\JSAPNEW.csproj]
C:\Users\Rohit Rathod\Desktop\JsapProject\JSAPNEW\Models\Auth2Models.cs(464,23): warning CS8618: Non-nullable property 'BudgetName' must contain a non-null value when exiting constructor. Consider adding the 'required' modifier or declaring the property as nullable. [C:\Users\Rohit Rathod\Desktop\JsapProject\JSAPNEW\JSAPNEW.csproj]
C:\Users\Rohit Rathod\Desktop\JsapProject\JSAPNEW\Models\Auth2Models.cs(471,23): warning CS8618: Non-nullable property 'CreatedBy' must contain a non-null value when exiting constructor. Consider adding the 'required' modifier or declaring the property as nullable. [C:\Users\Rohit Rathod\Desktop\JsapProject\JSAPNEW\JSAPNEW.csproj]
C:\Users\Rohit Rathod\Desktop\JsapProject\JSAPNEW\Models\Auth2Models.cs(474,23): warning CS8618: Non-nullable property 'FlowStatus' must contain a non-null value when exiting constructor. Consider adding the 'required' modifier or declaring the property as nullable. [C:\Users\Rohit Rathod\Desktop\JsapProject\JSAPNEW\JSAPNEW.csproj]
C:\Users\Rohit Rathod\Desktop\JsapProject\JSAPNEW\Models\Auth2Models.cs(215,23): warning CS8618: Non-nullable property 'SubBudgetName' must contain a non-null value when exiting constructor. Consider adding the 'required' modifier or declaring the property as nullable. [C:\Users\Rohit Rathod\Desktop\JsapProject\JSAPNEW\JSAPNEW.csproj]
C:\Users\Rohit Rathod\Desktop\JsapProject\JSAPNEW\Models\Auth2Models.cs(216,23): warning CS8618: Non-nullable property 'Description' must contain a non-null value when exiting constructor. Consider adding the 'required' modifier or declaring the property as nullable. [C:\Users\Rohit Rathod\Desktop\JsapProject\JSAPNEW\JSAPNEW.csproj]
C:\Users\Rohit Rathod\Desktop\JsapProject\JSAPNEW\Models\AuthModels.cs(418,23): warning CS8618: Non-nullable property 'userName' must contain a non-null value when exiting constructor. Consider adding the 'required' modifier or declaring the property as nullable. [C:\Users\Rohit Rathod\Desktop\JsapProject\JSAPNEW\JSAPNEW.csproj]
C:\Users\Rohit Rathod\Desktop\JsapProject\JSAPNEW\Models\AuthModels.cs(420,23): warning CS8618: Non-nullable property 'status' must contain a non-null value when exiting constructor. Consider adding the 'required' modifier or declaring the property as nullable. [C:\Users\Rohit Rathod\Desktop\JsapProject\JSAPNEW\JSAPNEW.csproj]
C:\Users\Rohit Rathod\Desktop\JsapProject\JSAPNEW\Models\AuthModels.cs(421,23): warning CS8618: Non-nullable property 'remark' must contain a non-null value when exiting constructor. Consider adding the 'required' modifier or declaring the property as nullable. [C:\Users\Rohit Rathod\Desktop\JsapProject\JSAPNEW\JSAPNEW.csproj]
C:\Users\Rohit Rathod\Desktop\JsapProject\JSAPNEW\Models\AuthModels.cs(422,23): warning CS8618: Non-nullable property 'createdAt' must contain a non-null value when exiting constructor. Consider adding the 'required' modifier or declaring the property as nullable. [C:\Users\Rohit Rathod\Desktop\JsapProject\JSAPNEW\JSAPNEW.csproj]
C:\Users\Rohit Rathod\Desktop\JsapProject\JSAPNEW\Models\Auth2Models.cs(309,23): warning CS8618: Non-nullable property 'BudgetName' must contain a non-null value when exiting constructor. Consider adding the 'required' modifier or declaring the property as nullable. [C:\Users\Rohit Rathod\Desktop\JsapProject\JSAPNEW\JSAPNEW.csproj]
C:\Users\Rohit Rathod\Desktop\JsapProject\JSAPNEW\Models\Auth2Models.cs(183,23): warning CS8618: Non-nullable property 'AllocationMonth' must contain a non-null value when exiting constructor. Consider adding the 'required' modifier or declaring the property as nullable. [C:\Users\Rohit Rathod\Desktop\JsapProject\JSAPNEW\JSAPNEW.csproj]
C:\Users\Rohit Rathod\Desktop\JsapProject\JSAPNEW\Models\Auth2Models.cs(185,23): warning CS8618: Non-nullable property 'BudgetNotes' must contain a non-null value when exiting constructor. Consider adding the 'required' modifier or declaring the property as nullable. [C:\Users\Rohit Rathod\Desktop\JsapProject\JSAPNEW\JSAPNEW.csproj]
C:\Users\Rohit Rathod\Desktop\JsapProject\JSAPNEW\Models\Auth2Models.cs(187,23): warning CS8618: Non-nullable property 'SubBudgetNotes' must contain a non-null value when exiting constructor. Consider adding the 'required' modifier or declaring the property as nullable. [C:\Users\Rohit Rathod\Desktop\JsapProject\JSAPNEW\JSAPNEW.csproj]
C:\Users\Rohit Rathod\Desktop\JsapProject\JSAPNEW\Models\Auth2Models.cs(188,23): warning CS8618: Non-nullable property 'AllocationStatus' must contain a non-null value when exiting constructor. Consider adding the 'required' modifier or declaring the property as nullable. [C:\Users\Rohit Rathod\Desktop\JsapProject\JSAPNEW\JSAPNEW.csproj]
C:\Users\Rohit Rathod\Desktop\JsapProject\JSAPNEW\Models\AuthModels.cs(311,23): warning CS8618: Non-nullable property 'role' must contain a non-null value when exiting constructor. Consider adding the 'required' modifier or declaring the property as nullable. [C:\Users\Rohit Rathod\Desktop\JsapProject\JSAPNEW\JSAPNEW.csproj]
C:\Users\Rohit Rathod\Desktop\JsapProject\JSAPNEW\Models\AuthModels.cs(317,23): warning CS8618: Non-nullable property 'description' must contain a non-null value when exiting constructor. Consider adding the 'required' modifier or declaring the property as nullable. [C:\Users\Rohit Rathod\Desktop\JsapProject\JSAPNEW\JSAPNEW.csproj]
C:\Users\Rohit Rathod\Desktop\JsapProject\JSAPNEW\Models\AuthModels.cs(319,23): warning CS8618: Non-nullable property 'pageIds' must contain a non-null value when exiting constructor. Consider adding the 'required' modifier or declaring the property as nullable. [C:\Users\Rohit Rathod\Desktop\JsapProject\JSAPNEW\JSAPNEW.csproj]
C:\Users\Rohit Rathod\Desktop\JsapProject\JSAPNEW\Models\Auth2Models.cs(124,23): warning CS8618: Non-nullable property 'BudgetNotes' must contain a non-null value when exiting constructor. Consider adding the 'required' modifier or declaring the property as nullable. [C:\Users\Rohit Rathod\Desktop\JsapProject\JSAPNEW\JSAPNEW.csproj]
C:\Users\Rohit Rathod\Desktop\JsapProject\JSAPNEW\Models\Auth2Models.cs(125,48): warning CS8618: Non-nullable property 'SubBudgetAllocations' must contain a non-null value when exiting constructor. Consider adding the 'required' modifier or declaring the property as nullable. [C:\Users\Rohit Rathod\Desktop\JsapProject\JSAPNEW\JSAPNEW.csproj]
C:\Users\Rohit Rathod\Desktop\JsapProject\JSAPNEW\Models\Auth2Models.cs(106,23): warning CS8618: Non-nullable property 'Message' must contain a non-null value when exiting constructor. Consider adding the 'required' modifier or declaring the property as nullable. [C:\Users\Rohit Rathod\Desktop\JsapProject\JSAPNEW\JSAPNEW.csproj]
C:\Users\Rohit Rathod\Desktop\JsapProject\JSAPNEW\Models\Auth2Models.cs(108,23): warning CS8618: Non-nullable property 'BudgetName' must contain a non-null value when exiting constructor. Consider adding the 'required' modifier or declaring the property as nullable. [C:\Users\Rohit Rathod\Desktop\JsapProject\JSAPNEW\JSAPNEW.csproj]
C:\Users\Rohit Rathod\Desktop\JsapProject\JSAPNEW\Models\Auth2Models.cs(131,23): warning CS8618: Non-nullable property 'Message' must contain a non-null value when exiting constructor. Consider adding the 'required' modifier or declaring the property as nullable. [C:\Users\Rohit Rathod\Desktop\JsapProject\JSAPNEW\JSAPNEW.csproj]
C:\Users\Rohit Rathod\Desktop\JsapProject\JSAPNEW\Models\Auth2Models.cs(96,23): warning CS8618: Non-nullable property 'BudgetName' must contain a non-null value when exiting constructor. Consider adding the 'required' modifier or declaring the property as nullable. [C:\Users\Rohit Rathod\Desktop\JsapProject\JSAPNEW\JSAPNEW.csproj]
C:\Users\Rohit Rathod\Desktop\JsapProject\JSAPNEW\Models\Auth2Models.cs(97,23): warning CS8618: Non-nullable property 'Description' must contain a non-null value when exiting constructor. Consider adding the 'required' modifier or declaring the property as nullable. [C:\Users\Rohit Rathod\Desktop\JsapProject\JSAPNEW\JSAPNEW.csproj]
C:\Users\Rohit Rathod\Desktop\JsapProject\JSAPNEW\Models\Auth2Models.cs(100,38): warning CS8618: Non-nullable property 'SubBudgets' must contain a non-null value when exiting constructor. Consider adding the 'required' modifier or declaring the property as nullable. [C:\Users\Rohit Rathod\Desktop\JsapProject\JSAPNEW\JSAPNEW.csproj]
C:\Users\Rohit Rathod\Desktop\JsapProject\JSAPNEW\Models\Auth2Models.cs(89,23): warning CS8618: Non-nullable property 'SubBudgetName' must contain a non-null value when exiting constructor. Consider adding the 'required' modifier or declaring the property as nullable. [C:\Users\Rohit Rathod\Desktop\JsapProject\JSAPNEW\JSAPNEW.csproj]
C:\Users\Rohit Rathod\Desktop\JsapProject\JSAPNEW\Models\Auth2Models.cs(90,23): warning CS8618: Non-nullable property 'Description' must contain a non-null value when exiting constructor. Consider adding the 'required' modifier or declaring the property as nullable. [C:\Users\Rohit Rathod\Desktop\JsapProject\JSAPNEW\JSAPNEW.csproj]
C:\Users\Rohit Rathod\Desktop\JsapProject\JSAPNEW\Models\Auth2Models.cs(203,23): warning CS8618: Non-nullable property 'BudgetName' must contain a non-null value when exiting constructor. Consider adding the 'required' modifier or declaring the property as nullable. [C:\Users\Rohit Rathod\Desktop\JsapProject\JSAPNEW\JSAPNEW.csproj]
C:\Users\Rohit Rathod\Desktop\JsapProject\JSAPNEW\Models\Auth2Models.cs(204,23): warning CS8618: Non-nullable property 'Description' must contain a non-null value when exiting constructor. Consider adding the 'required' modifier or declaring the property as nullable. [C:\Users\Rohit Rathod\Desktop\JsapProject\JSAPNEW\JSAPNEW.csproj]
C:\Users\Rohit Rathod\Desktop\JsapProject\JSAPNEW\Models\Auth2Models.cs(79,23): warning CS8618: Non-nullable property 'NewTemplateName' must contain a non-null value when exiting constructor. Consider adding the 'required' modifier or declaring the property as nullable. [C:\Users\Rohit Rathod\Desktop\JsapProject\JSAPNEW\JSAPNEW.csproj]
C:\Users\Rohit Rathod\Desktop\JsapProject\JSAPNEW\Models\Auth2Models.cs(80,23): warning CS8618: Non-nullable property 'StagesJson' must contain a non-null value when exiting constructor. Consider adding the 'required' modifier or declaring the property as nullable. [C:\Users\Rohit Rathod\Desktop\JsapProject\JSAPNEW\JSAPNEW.csproj]
C:\Users\Rohit Rathod\Desktop\JsapProject\JSAPNEW\Models\Auth2Models.cs(81,23): warning CS8618: Non-nullable property 'ApprovalIds' must contain a non-null value when exiting constructor. Consider adding the 'required' modifier or declaring the property as nullable. [C:\Users\Rohit Rathod\Desktop\JsapProject\JSAPNEW\JSAPNEW.csproj]
C:\Users\Rohit Rathod\Desktop\JsapProject\JSAPNEW\Models\Auth2Models.cs(68,23): warning CS8618: Non-nullable property 'stageName' must contain a non-null value when exiting constructor. Consider adding the 'required' modifier or declaring the property as nullable. [C:\Users\Rohit Rathod\Desktop\JsapProject\JSAPNEW\JSAPNEW.csproj]
C:\Users\Rohit Rathod\Desktop\JsapProject\JSAPNEW\Models\Auth2Models.cs(69,23): warning CS8618: Non-nullable property 'stageDescription' must contain a non-null value when exiting constructor. Consider adding the 'required' modifier or declaring the property as nullable. [C:\Users\Rohit Rathod\Desktop\JsapProject\JSAPNEW\JSAPNEW.csproj]
C:\Users\Rohit Rathod\Desktop\JsapProject\JSAPNEW\Models\Auth2Models.cs(72,26): warning CS8618: Non-nullable property 'userIds' must contain a non-null value when exiting constructor. Consider adding the 'required' modifier or declaring the property as nullable. [C:\Users\Rohit Rathod\Desktop\JsapProject\JSAPNEW\JSAPNEW.csproj]
C:\Users\Rohit Rathod\Desktop\JsapProject\JSAPNEW\Models\Auth2Models.cs(36,23): warning CS8618: Non-nullable property 'approvalName' must contain a non-null value when exiting constructor. Consider adding the 'required' modifier or declaring the property as nullable. [C:\Users\Rohit Rathod\Desktop\JsapProject\JSAPNEW\JSAPNEW.csproj]
C:\Users\Rohit Rathod\Desktop\JsapProject\JSAPNEW\Models\AuthModels.cs(178,23): warning CS8618: Non-nullable property 'report' must contain a non-null value when exiting constructor. Consider adding the 'required' modifier or declaring the property as nullable. [C:\Users\Rohit Rathod\Desktop\JsapProject\JSAPNEW\JSAPNEW.csproj]
C:\Users\Rohit Rathod\Desktop\JsapProject\JSAPNEW\Models\Auth2Models.cs(156,23): warning CS8618: Non-nullable property 'BudgetName' must contain a non-null value when exiting constructor. Consider adding the 'required' modifier or declaring the property as nullable. [C:\Users\Rohit Rathod\Desktop\JsapProject\JSAPNEW\JSAPNEW.csproj]
C:\Users\Rohit Rathod\Desktop\JsapProject\JSAPNEW\Models\Auth2Models.cs(157,23): warning CS8618: Non-nullable property 'BudgetDescription' must contain a non-null value when exiting constructor. Consider adding the 'required' modifier or declaring the property as nullable. [C:\Users\Rohit Rathod\Desktop\JsapProject\JSAPNEW\JSAPNEW.csproj]
C:\Users\Rohit Rathod\Desktop\JsapProject\JSAPNEW\Models\Auth2Models.cs(12,23): warning CS8618: Non-nullable property 'templateName' must contain a non-null value when exiting constructor. Consider adding the 'required' modifier or declaring the property as nullable. [C:\Users\Rohit Rathod\Desktop\JsapProject\JSAPNEW\JSAPNEW.csproj]
C:\Users\Rohit Rathod\Desktop\JsapProject\JSAPNEW\Models\AdvanceRequestModels.cs(257,23): warning CS8618: Non-nullable property 'Po' must contain a non-null value when exiting constructor. Consider adding the 'required' modifier or declaring the property as nullable. [C:\Users\Rohit Rathod\Desktop\JsapProject\JSAPNEW\JSAPNEW.csproj]
C:\Users\Rohit Rathod\Desktop\JsapProject\JSAPNEW\Models\AdvanceRequestModels.cs(262,23): warning CS8618: Non-nullable property 'Message' must contain a non-null value when exiting constructor. Consider adding the 'required' modifier or declaring the property as nullable. [C:\Users\Rohit Rathod\Desktop\JsapProject\JSAPNEW\JSAPNEW.csproj]
C:\Users\Rohit Rathod\Desktop\JsapProject\JSAPNEW\Models\AdvanceRequestModels.cs(263,18): warning CS8618: Non-nullable property 'Data' must contain a non-null value when exiting constructor. Consider adding the 'required' modifier or declaring the property as nullable. [C:\Users\Rohit Rathod\Desktop\JsapProject\JSAPNEW\JSAPNEW.csproj]
C:\Users\Rohit Rathod\Desktop\JsapProject\JSAPNEW\Models\AdvanceRequestModels.cs(252,41): warning CS8618: Non-nullable property 'Value' must contain a non-null value when exiting constructor. Consider adding the 'required' modifier or declaring the property as nullable. [C:\Users\Rohit Rathod\Desktop\JsapProject\JSAPNEW\JSAPNEW.csproj]
C:\Users\Rohit Rathod\Desktop\JsapProject\JSAPNEW\Models\AuthModels.cs(249,23): warning CS8618: Non-nullable property 'userName' must contain a non-null value when exiting constructor. Consider adding the 'required' modifier or declaring the property as nullable. [C:\Users\Rohit Rathod\Desktop\JsapProject\JSAPNEW\JSAPNEW.csproj]
C:\Users\Rohit Rathod\Desktop\JsapProject\JSAPNEW\Models\AuthModels.cs(250,23): warning CS8618: Non-nullable property 'userPhoneNumber' must contain a non-null value when exiting constructor. Consider adding the 'required' modifier or declaring the property as nullable. [C:\Users\Rohit Rathod\Desktop\JsapProject\JSAPNEW\JSAPNEW.csproj]
C:\Users\Rohit Rathod\Desktop\JsapProject\JSAPNEW\Models\AuthModels.cs(251,23): warning CS8618: Non-nullable property 'userEmail' must contain a non-null value when exiting constructor. Consider adding the 'required' modifier or declaring the property as nullable. [C:\Users\Rohit Rathod\Desktop\JsapProject\JSAPNEW\JSAPNEW.csproj]
C:\Users\Rohit Rathod\Desktop\JsapProject\JSAPNEW\Models\AuthModels.cs(252,23): warning CS8618: Non-nullable property 'role' must contain a non-null value when exiting constructor. Consider adding the 'required' modifier or declaring the property as nullable. [C:\Users\Rohit Rathod\Desktop\JsapProject\JSAPNEW\JSAPNEW.csproj]
C:\Users\Rohit Rathod\Desktop\JsapProject\JSAPNEW\Models\AuthModels.cs(253,23): warning CS8618: Non-nullable property 'department' must contain a non-null value when exiting constructor. Consider adding the 'required' modifier or declaring the property as nullable. [C:\Users\Rohit Rathod\Desktop\JsapProject\JSAPNEW\JSAPNEW.csproj]
C:\Users\Rohit Rathod\Desktop\JsapProject\JSAPNEW\Models\AuthModels.cs(255,23): warning CS8618: Non-nullable property 'firstName' must contain a non-null value when exiting constructor. Consider adding the 'required' modifier or declaring the property as nullable. [C:\Users\Rohit Rathod\Desktop\JsapProject\JSAPNEW\JSAPNEW.csproj]
C:\Users\Rohit Rathod\Desktop\JsapProject\JSAPNEW\Models\AuthModels.cs(256,23): warning CS8618: Non-nullable property 'lastName' must contain a non-null value when exiting constructor. Consider adding the 'required' modifier or declaring the property as nullable. [C:\Users\Rohit Rathod\Desktop\JsapProject\JSAPNEW\JSAPNEW.csproj]
C:\Users\Rohit Rathod\Desktop\JsapProject\JSAPNEW\Models\AuthModels.cs(257,23): warning CS8618: Non-nullable property 'empId' must contain a non-null value when exiting constructor. Consider adding the 'required' modifier or declaring the property as nullable. [C:\Users\Rohit Rathod\Desktop\JsapProject\JSAPNEW\JSAPNEW.csproj]
C:\Users\Rohit Rathod\Desktop\JsapProject\JSAPNEW\Models\AuthModels.cs(258,23): warning CS8618: Non-nullable property 'dateOfJoining' must contain a non-null value when exiting constructor. Consider adding the 'required' modifier or declaring the property as nullable. [C:\Users\Rohit Rathod\Desktop\JsapProject\JSAPNEW\JSAPNEW.csproj]
C:\Users\Rohit Rathod\Desktop\JsapProject\JSAPNEW\Models\AdvanceRequestModels.cs(217,24): warning CS8618: Non-nullable property 'Value' must contain a non-null value when exiting constructor. Consider adding the 'required' modifier or declaring the property as nullable. [C:\Users\Rohit Rathod\Desktop\JsapProject\JSAPNEW\JSAPNEW.csproj]
C:\Users\Rohit Rathod\Desktop\JsapProject\JSAPNEW\Models\AuthModels.cs(157,23): warning CS8618: Non-nullable property 'sBudgetId' must contain a non-null value when exiting constructor. Consider adding the 'required' modifier or declaring the property as nullable. [C:\Users\Rohit Rathod\Desktop\JsapProject\JSAPNEW\JSAPNEW.csproj]
C:\Users\Rohit Rathod\Desktop\JsapProject\JSAPNEW\Models\AuthModels.cs(158,23): warning CS8618: Non-nullable property 'sBudgetName' must contain a non-null value when exiting constructor. Consider adding the 'required' modifier or declaring the property as nullable. [C:\Users\Rohit Rathod\Desktop\JsapProject\JSAPNEW\JSAPNEW.csproj]
C:\Users\Rohit Rathod\Desktop\JsapProject\JSAPNEW\Models\AuthModels.cs(160,34): warning CS8618: Non-nullable property 'Data' must contain a non-null value when exiting constructor. Consider adding the 'required' modifier or declaring the property as nullable. [C:\Users\Rohit Rathod\Desktop\JsapProject\JSAPNEW\JSAPNEW.csproj]
C:\Users\Rohit Rathod\Desktop\JsapProject\JSAPNEW\Models\AdvanceRequestModels.cs(186,23): warning CS8618: Non-nullable property 'loginUser' must contain a non-null value when exiting constructor. Consider adding the 'required' modifier or declaring the property as nullable. [C:\Users\Rohit Rathod\Desktop\JsapProject\JSAPNEW\JSAPNEW.csproj]
C:\Users\Rohit Rathod\Desktop\JsapProject\JSAPNEW\Models\AdvanceRequestModels.cs(176,23): warning CS8618: Non-nullable property 'Branch' must contain a non-null value when exiting constructor. Consider adding the 'required' modifier or declaring the property as nullable. [C:\Users\Rohit Rathod\Desktop\JsapProject\JSAPNEW\JSAPNEW.csproj]
C:\Users\Rohit Rathod\Desktop\JsapProject\JSAPNEW\Models\AdvanceRequestModels.cs(177,23): warning CS8618: Non-nullable property 'CardCode' must contain a non-null value when exiting constructor. Consider adding the 'required' modifier or declaring the property as nullable. [C:\Users\Rohit Rathod\Desktop\JsapProject\JSAPNEW\JSAPNEW.csproj]
C:\Users\Rohit Rathod\Desktop\JsapProject\JSAPNEW\Models\AdvanceRequestModels.cs(178,23): warning CS8618: Non-nullable property 'CardName' must contain a non-null value when exiting constructor. Consider adding the 'required' modifier or declaring the property as nullable. [C:\Users\Rohit Rathod\Desktop\JsapProject\JSAPNEW\JSAPNEW.csproj]
C:\Users\Rohit Rathod\Desktop\JsapProject\JSAPNEW\Models\AdvanceRequestModels.cs(179,23): warning CS8618: Non-nullable property 'Balance' must contain a non-null value when exiting constructor. Consider adding the 'required' modifier or declaring the property as nullable. [C:\Users\Rohit Rathod\Desktop\JsapProject\JSAPNEW\JSAPNEW.csproj]
C:\Users\Rohit Rathod\Desktop\JsapProject\JSAPNEW\Models\AdvanceRequestModels.cs(180,23): warning CS8618: Non-nullable property 'U_CardCode' must contain a non-null value when exiting constructor. Consider adding the 'required' modifier or declaring the property as nullable. [C:\Users\Rohit Rathod\Desktop\JsapProject\JSAPNEW\JSAPNEW.csproj]
C:\Users\Rohit Rathod\Desktop\JsapProject\JSAPNEW\Models\AdvanceRequestModels.cs(181,23): warning CS8618: Non-nullable property 'Series' must contain a non-null value when exiting constructor. Consider adding the 'required' modifier or declaring the property as nullable. [C:\Users\Rohit Rathod\Desktop\JsapProject\JSAPNEW\JSAPNEW.csproj]
C:\Users\Rohit Rathod\Desktop\JsapProject\JSAPNEW\Models\BillVerificationModels.cs(106,23): warning CS8618: Non-nullable property 'FileName' must contain a non-null value when exiting constructor. Consider adding the 'required' modifier or declaring the property as nullable. [C:\Users\Rohit Rathod\Desktop\JsapProject\JSAPNEW\JSAPNEW.csproj]
C:\Users\Rohit Rathod\Desktop\JsapProject\JSAPNEW\Models\BillVerificationModels.cs(107,23): warning CS8618: Non-nullable property 'StoredFileName' must contain a non-null value when exiting constructor. Consider adding the 'required' modifier or declaring the property as nullable. [C:\Users\Rohit Rathod\Desktop\JsapProject\JSAPNEW\JSAPNEW.csproj]
C:\Users\Rohit Rathod\Desktop\JsapProject\JSAPNEW\Models\BillVerificationModels.cs(108,23): warning CS8618: Non-nullable property 'ContentType' must contain a non-null value when exiting constructor. Consider adding the 'required' modifier or declaring the property as nullable. [C:\Users\Rohit Rathod\Desktop\JsapProject\JSAPNEW\JSAPNEW.csproj]
C:\Users\Rohit Rathod\Desktop\JsapProject\JSAPNEW\Models\BillVerificationModels.cs(109,23): warning CS8618: Non-nullable property 'UploadedBy' must contain a non-null value when exiting constructor. Consider adding the 'required' modifier or declaring the property as nullable. [C:\Users\Rohit Rathod\Desktop\JsapProject\JSAPNEW\JSAPNEW.csproj]
C:\Users\Rohit Rathod\Desktop\JsapProject\JSAPNEW\Models\Auth2Models.cs(43,23): warning CS8618: Non-nullable property 'queryName' must contain a non-null value when exiting constructor. Consider adding the 'required' modifier or declaring the property as nullable. [C:\Users\Rohit Rathod\Desktop\JsapProject\JSAPNEW\JSAPNEW.csproj]
C:\Users\Rohit Rathod\Desktop\JsapProject\JSAPNEW\Models\Auth2Models.cs(44,23): warning CS8618: Non-nullable property 'queryText' must contain a non-null value when exiting constructor. Consider adding the 'required' modifier or declaring the property as nullable. [C:\Users\Rohit Rathod\Desktop\JsapProject\JSAPNEW\JSAPNEW.csproj]
C:\Users\Rohit Rathod\Desktop\JsapProject\JSAPNEW\Models\AuthModels.cs(58,23): warning CS8618: Non-nullable property 'firstName' must contain a non-null value when exiting constructor. Consider adding the 'required' modifier or declaring the property as nullable. [C:\Users\Rohit Rathod\Desktop\JsapProject\JSAPNEW\JSAPNEW.csproj]
C:\Users\Rohit Rathod\Desktop\JsapProject\JSAPNEW\Models\AuthModels.cs(60,23): warning CS8618: Non-nullable property 'lastName' must contain a non-null value when exiting constructor. Consider adding the 'required' modifier or declaring the property as nullable. [C:\Users\Rohit Rathod\Desktop\JsapProject\JSAPNEW\JSAPNEW.csproj]
C:\Users\Rohit Rathod\Desktop\JsapProject\JSAPNEW\Models\AuthModels.cs(62,23): warning CS8618: Non-nullable property 'userEmail' must contain a non-null value when exiting constructor. Consider adding the 'required' modifier or declaring the property as nullable. [C:\Users\Rohit Rathod\Desktop\JsapProject\JSAPNEW\JSAPNEW.csproj]
C:\Users\Rohit Rathod\Desktop\JsapProject\JSAPNEW\Models\AuthModels.cs(64,23): warning CS8618: Non-nullable property 'userPhoneNumber' must contain a non-null value when exiting constructor. Consider adding the 'required' modifier or declaring the property as nullable. [C:\Users\Rohit Rathod\Desktop\JsapProject\JSAPNEW\JSAPNEW.csproj]
C:\Users\Rohit Rathod\Desktop\JsapProject\JSAPNEW\Models\AuthModels.cs(66,23): warning CS8618: Non-nullable property 'loginUser' must contain a non-null value when exiting constructor. Consider adding the 'required' modifier or declaring the property as nullable. [C:\Users\Rohit Rathod\Desktop\JsapProject\JSAPNEW\JSAPNEW.csproj]
C:\Users\Rohit Rathod\Desktop\JsapProject\JSAPNEW\Models\AuthModels.cs(68,23): warning CS8618: Non-nullable property 'deptIds' must contain a non-null value when exiting constructor. Consider adding the 'required' modifier or declaring the property as nullable. [C:\Users\Rohit Rathod\Desktop\JsapProject\JSAPNEW\JSAPNEW.csproj]
C:\Users\Rohit Rathod\Desktop\JsapProject\JSAPNEW\Models\AuthModels.cs(70,23): warning CS8618: Non-nullable property 'empId' must contain a non-null value when exiting constructor. Consider adding the 'required' modifier or declaring the property as nullable. [C:\Users\Rohit Rathod\Desktop\JsapProject\JSAPNEW\JSAPNEW.csproj]
C:\Users\Rohit Rathod\Desktop\JsapProject\JSAPNEW\Models\AuthModels.cs(72,23): warning CS8618: Non-nullable property 'doj' must contain a non-null value when exiting constructor. Consider adding the 'required' modifier or declaring the property as nullable. [C:\Users\Rohit Rathod\Desktop\JsapProject\JSAPNEW\JSAPNEW.csproj]
C:\Users\Rohit Rathod\Desktop\JsapProject\JSAPNEW\Models\AuthModels.cs(76,23): warning CS8618: Non-nullable property 'password' must contain a non-null value when exiting constructor. Consider adding the 'required' modifier or declaring the property as nullable. [C:\Users\Rohit Rathod\Desktop\JsapProject\JSAPNEW\JSAPNEW.csproj]
C:\Users\Rohit Rathod\Desktop\JsapProject\JSAPNEW\Models\AdvanceRequestModels.cs(207,23): warning CS8618: Non-nullable property 'CardCode' must contain a non-null value when exiting constructor. Consider adding the 'required' modifier or declaring the property as nullable. [C:\Users\Rohit Rathod\Desktop\JsapProject\JSAPNEW\JSAPNEW.csproj]
C:\Users\Rohit Rathod\Desktop\JsapProject\JSAPNEW\Models\AdvanceRequestModels.cs(208,23): warning CS8618: Non-nullable property 'CardName' must contain a non-null value when exiting constructor. Consider adding the 'required' modifier or declaring the property as nullable. [C:\Users\Rohit Rathod\Desktop\JsapProject\JSAPNEW\JSAPNEW.csproj]
C:\Users\Rohit Rathod\Desktop\JsapProject\JSAPNEW\Models\AdvanceRequestModels.cs(209,23): warning CS8618: Non-nullable property 'CardType' must contain a non-null value when exiting constructor. Consider adding the 'required' modifier or declaring the property as nullable. [C:\Users\Rohit Rathod\Desktop\JsapProject\JSAPNEW\JSAPNEW.csproj]
C:\Users\Rohit Rathod\Desktop\JsapProject\JSAPNEW\Models\AdvanceRequestModels.cs(210,23): warning CS8618: Non-nullable property 'CurrentAccountBalance' must contain a non-null value when exiting constructor. Consider adding the 'required' modifier or declaring the property as nullable. [C:\Users\Rohit Rathod\Desktop\JsapProject\JSAPNEW\JSAPNEW.csproj]
C:\Users\Rohit Rathod\Desktop\JsapProject\JSAPNEW\Models\AdvanceRequestModels.cs(212,23): warning CS8618: Non-nullable property 'U_OIL_CardCode' must contain a non-null value when exiting constructor. Consider adding the 'required' modifier or declaring the property as nullable. [C:\Users\Rohit Rathod\Desktop\JsapProject\JSAPNEW\JSAPNEW.csproj]
C:\Users\Rohit Rathod\Desktop\JsapProject\JSAPNEW\Models\AdvanceRequestModels.cs(240,23): warning CS8618: Non-nullable property 'CardCode' must contain a non-null value when exiting constructor. Consider adding the 'required' modifier or declaring the property as nullable. [C:\Users\Rohit Rathod\Desktop\JsapProject\JSAPNEW\JSAPNEW.csproj]
C:\Users\Rohit Rathod\Desktop\JsapProject\JSAPNEW\Models\AdvanceRequestModels.cs(241,23): warning CS8618: Non-nullable property 'CardName' must contain a non-null value when exiting constructor. Consider adding the 'required' modifier or declaring the property as nullable. [C:\Users\Rohit Rathod\Desktop\JsapProject\JSAPNEW\JSAPNEW.csproj]
C:\Users\Rohit Rathod\Desktop\JsapProject\JSAPNEW\Models\AdvanceRequestModels.cs(244,23): warning CS8618: Non-nullable property 'DocumentStatus' must contain a non-null value when exiting constructor. Consider adding the 'required' modifier or declaring the property as nullable. [C:\Users\Rohit Rathod\Desktop\JsapProject\JSAPNEW\JSAPNEW.csproj]
C:\Users\Rohit Rathod\Desktop\JsapProject\JSAPNEW\Models\AdvanceRequestModels.cs(245,23): warning CS8618: Non-nullable property 'Comments' must contain a non-null value when exiting constructor. Consider adding the 'required' modifier or declaring the property as nullable. [C:\Users\Rohit Rathod\Desktop\JsapProject\JSAPNEW\JSAPNEW.csproj]
C:\Users\Rohit Rathod\Desktop\JsapProject\JSAPNEW\Models\AdvanceRequestModels.cs(246,45): warning CS8618: Non-nullable property 'DocumentLines' must contain a non-null value when exiting constructor. Consider adding the 'required' modifier or declaring the property as nullable. [C:\Users\Rohit Rathod\Desktop\JsapProject\JSAPNEW\JSAPNEW.csproj]
C:\Users\Rohit Rathod\Desktop\JsapProject\JSAPNEW\Models\AuthModels.cs(882,23): warning CS8618: Non-nullable property 'Branch' must contain a non-null value when exiting constructor. Consider adding the 'required' modifier or declaring the property as nullable. [C:\Users\Rohit Rathod\Desktop\JsapProject\JSAPNEW\JSAPNEW.csproj]
C:\Users\Rohit Rathod\Desktop\JsapProject\JSAPNEW\Models\AuthModels.cs(884,23): warning CS8618: Non-nullable property 'ApproverName' must contain a non-null value when exiting constructor. Consider adding the 'required' modifier or declaring the property as nullable. [C:\Users\Rohit Rathod\Desktop\JsapProject\JSAPNEW\JSAPNEW.csproj]
C:\Users\Rohit Rathod\Desktop\JsapProject\JSAPNEW\Models\AuthModels.cs(885,23): warning CS8618: Non-nullable property 'ObjectName' must contain a non-null value when exiting constructor. Consider adding the 'required' modifier or declaring the property as nullable. [C:\Users\Rohit Rathod\Desktop\JsapProject\JSAPNEW\JSAPNEW.csproj]
C:\Users\Rohit Rathod\Desktop\JsapProject\JSAPNEW\Models\AuthModels.cs(886,23): warning CS8618: Non-nullable property 'CardCode' must contain a non-null value when exiting constructor. Consider adding the 'required' modifier or declaring the property as nullable. [C:\Users\Rohit Rathod\Desktop\JsapProject\JSAPNEW\JSAPNEW.csproj]
C:\Users\Rohit Rathod\Desktop\JsapProject\JSAPNEW\Models\AuthModels.cs(887,23): warning CS8618: Non-nullable property 'CardName' must contain a non-null value when exiting constructor. Consider adding the 'required' modifier or declaring the property as nullable. [C:\Users\Rohit Rathod\Desktop\JsapProject\JSAPNEW\JSAPNEW.csproj]
C:\Users\Rohit Rathod\Desktop\JsapProject\JSAPNEW\Models\AuthModels.cs(889,23): warning CS8618: Non-nullable property 'AcctCode' must contain a non-null value when exiting constructor. Consider adding the 'required' modifier or declaring the property as nullable. [C:\Users\Rohit Rathod\Desktop\JsapProject\JSAPNEW\JSAPNEW.csproj]
C:\Users\Rohit Rathod\Desktop\JsapProject\JSAPNEW\Models\AuthModels.cs(890,23): warning CS8618: Non-nullable property 'AcctName' must contain a non-null value when exiting constructor. Consider adding the 'required' modifier or declaring the property as nullable. [C:\Users\Rohit Rathod\Desktop\JsapProject\JSAPNEW\JSAPNEW.csproj]
C:\Users\Rohit Rathod\Desktop\JsapProject\JSAPNEW\Models\AuthModels.cs(893,23): warning CS8618: Non-nullable property 'BUDGET' must contain a non-null value when exiting constructor. Consider adding the 'required' modifier or declaring the property as nullable. [C:\Users\Rohit Rathod\Desktop\JsapProject\JSAPNEW\JSAPNEW.csproj]
C:\Users\Rohit Rathod\Desktop\JsapProject\JSAPNEW\Models\AuthModels.cs(894,23): warning CS8618: Non-nullable property 'SUB_BUDGET' must contain a non-null value when exiting constructor. Consider adding the 'required' modifier or declaring the property as nullable. [C:\Users\Rohit Rathod\Desktop\JsapProject\JSAPNEW\JSAPNEW.csproj]
C:\Users\Rohit Rathod\Desktop\JsapProject\JSAPNEW\Models\AuthModels.cs(895,23): warning CS8618: Non-nullable property 'STATE' must contain a non-null value when exiting constructor. Consider adding the 'required' modifier or declaring the property as nullable. [C:\Users\Rohit Rathod\Desktop\JsapProject\JSAPNEW\JSAPNEW.csproj]
C:\Users\Rohit Rathod\Desktop\JsapProject\JSAPNEW\Models\AuthModels.cs(896,23): warning CS8618: Non-nullable property 'Budget_Owner' must contain a non-null value when exiting constructor. Consider adding the 'required' modifier or declaring the property as nullable. [C:\Users\Rohit Rathod\Desktop\JsapProject\JSAPNEW\JSAPNEW.csproj]
C:\Users\Rohit Rathod\Desktop\JsapProject\JSAPNEW\Models\AuthModels.cs(897,23): warning CS8618: Non-nullable property 'OwnerCode' must contain a non-null value when exiting constructor. Consider adding the 'required' modifier or declaring the property as nullable. [C:\Users\Rohit Rathod\Desktop\JsapProject\JSAPNEW\JSAPNEW.csproj]
C:\Users\Rohit Rathod\Desktop\JsapProject\JSAPNEW\Models\AuthModels.cs(898,23): warning CS8618: Non-nullable property 'OriginalApproverName' must contain a non-null value when exiting constructor. Consider adding the 'required' modifier or declaring the property as nullable. [C:\Users\Rohit Rathod\Desktop\JsapProject\JSAPNEW\JSAPNEW.csproj]
C:\Users\Rohit Rathod\Desktop\JsapProject\JSAPNEW\Models\AuthModels.cs(899,23): warning CS8618: Non-nullable property 'ApprovalCode' must contain a non-null value when exiting constructor. Consider adding the 'required' modifier or declaring the property as nullable. [C:\Users\Rohit Rathod\Desktop\JsapProject\JSAPNEW\JSAPNEW.csproj]
C:\Users\Rohit Rathod\Desktop\JsapProject\JSAPNEW\Models\AuthModels.cs(904,23): warning CS8618: Non-nullable property 'ApprovalStatus' must contain a non-null value when exiting constructor. Consider adding the 'required' modifier or declaring the property as nullable. [C:\Users\Rohit Rathod\Desktop\JsapProject\JSAPNEW\JSAPNEW.csproj]
C:\Users\Rohit Rathod\Desktop\JsapProject\JSAPNEW\Models\AuthModels.cs(905,23): warning CS8618: Non-nullable property 'ApprovalStatusText' must contain a non-null value when exiting constructor. Consider adding the 'required' modifier or declaring the property as nullable. [C:\Users\Rohit Rathod\Desktop\JsapProject\JSAPNEW\JSAPNEW.csproj]
C:\Users\Rohit Rathod\Desktop\JsapProject\JSAPNEW\Models\AuthModels.cs(907,23): warning CS8618: Non-nullable property 'ApprovalComments' must contain a non-null value when exiting constructor. Consider adding the 'required' modifier or declaring the property as nullable. [C:\Users\Rohit Rathod\Desktop\JsapProject\JSAPNEW\JSAPNEW.csproj]
C:\Users\Rohit Rathod\Desktop\JsapProject\JSAPNEW\Models\AuthModels.cs(908,23): warning CS8618: Non-nullable property 'LineRemarks' must contain a non-null value when exiting constructor. Consider adding the 'required' modifier or declaring the property as nullable. [C:\Users\Rohit Rathod\Desktop\JsapProject\JSAPNEW\JSAPNEW.csproj]
C:\Users\Rohit Rathod\Desktop\JsapProject\JSAPNEW\Models\AuthModels.cs(909,23): warning CS8618: Non-nullable property 'Comments' must contain a non-null value when exiting constructor. Consider adding the 'required' modifier or declaring the property as nullable. [C:\Users\Rohit Rathod\Desktop\JsapProject\JSAPNEW\JSAPNEW.csproj]
C:\Users\Rohit Rathod\Desktop\JsapProject\JSAPNEW\Models\AuthModels.cs(910,23): warning CS8618: Non-nullable property 'ApproverComment' must contain a non-null value when exiting constructor. Consider adding the 'required' modifier or declaring the property as nullable. [C:\Users\Rohit Rathod\Desktop\JsapProject\JSAPNEW\JSAPNEW.csproj]
C:\Users\Rohit Rathod\Desktop\JsapProject\JSAPNEW\Models\AuthModels.cs(911,23): warning CS8618: Non-nullable property 'VerifierComment' must contain a non-null value when exiting constructor. Consider adding the 'required' modifier or declaring the property as nullable. [C:\Users\Rohit Rathod\Desktop\JsapProject\JSAPNEW\JSAPNEW.csproj]
C:\Users\Rohit Rathod\Desktop\JsapProject\JSAPNEW\Models\AuthModels.cs(912,23): warning CS8618: Non-nullable property 'VerifiedStatus' must contain a non-null value when exiting constructor. Consider adding the 'required' modifier or declaring the property as nullable. [C:\Users\Rohit Rathod\Desktop\JsapProject\JSAPNEW\JSAPNEW.csproj]
C:\Users\Rohit Rathod\Desktop\JsapProject\JSAPNEW\Models\AuthModels.cs(913,23): warning CS8618: Non-nullable property 'ApprovedStatus' must contain a non-null value when exiting constructor. Consider adding the 'required' modifier or declaring the property as nullable. [C:\Users\Rohit Rathod\Desktop\JsapProject\JSAPNEW\JSAPNEW.csproj]
C:\Users\Rohit Rathod\Desktop\JsapProject\JSAPNEW\Models\Auth2Models.cs(390,23): warning CS8618: Non-nullable property 'budgetName' must contain a non-null value when exiting constructor. Consider adding the 'required' modifier or declaring the property as nullable. [C:\Users\Rohit Rathod\Desktop\JsapProject\JSAPNEW\JSAPNEW.csproj]
C:\Users\Rohit Rathod\Desktop\JsapProject\JSAPNEW\Models\Auth2Models.cs(392,23): warning CS8618: Non-nullable property 'alllocationMonth' must contain a non-null value when exiting constructor. Consider adding the 'required' modifier or declaring the property as nullable. [C:\Users\Rohit Rathod\Desktop\JsapProject\JSAPNEW\JSAPNEW.csproj]
C:\Users\Rohit Rathod\Desktop\JsapProject\JSAPNEW\Models\Auth2Models.cs(397,23): warning CS8618: Non-nullable property 'createdBy' must contain a non-null value when exiting constructor. Consider adding the 'required' modifier or declaring the property as nullable. [C:\Users\Rohit Rathod\Desktop\JsapProject\JSAPNEW\JSAPNEW.csproj]
C:\Users\Rohit Rathod\Desktop\JsapProject\JSAPNEW\Models\Auth2Models.cs(400,23): warning CS8618: Non-nullable property 'flowStatus' must contain a non-null value when exiting constructor. Consider adding the 'required' modifier or declaring the property as nullable. [C:\Users\Rohit Rathod\Desktop\JsapProject\JSAPNEW\JSAPNEW.csproj]
C:\Users\Rohit Rathod\Desktop\JsapProject\JSAPNEW\Models\Auth2Models.cs(404,23): warning CS8618: Non-nullable property 'rejectionStatus' must contain a non-null value when exiting constructor. Consider adding the 'required' modifier or declaring the property as nullable. [C:\Users\Rohit Rathod\Desktop\JsapProject\JSAPNEW\JSAPNEW.csproj]
C:\Users\Rohit Rathod\Desktop\JsapProject\JSAPNEW\Models\Auth2Models.cs(405,23): warning CS8618: Non-nullable property 'rejectionRemarks' must contain a non-null value when exiting constructor. Consider adding the 'required' modifier or declaring the property as nullable. [C:\Users\Rohit Rathod\Desktop\JsapProject\JSAPNEW\JSAPNEW.csproj]
C:\Users\Rohit Rathod\Desktop\JsapProject\JSAPNEW\Models\Auth2Models.cs(345,23): warning CS8618: Non-nullable property 'budgetName' must contain a non-null value when exiting constructor. Consider adding the 'required' modifier or declaring the property as nullable. [C:\Users\Rohit Rathod\Desktop\JsapProject\JSAPNEW\JSAPNEW.csproj]
C:\Users\Rohit Rathod\Desktop\JsapProject\JSAPNEW\Models\Auth2Models.cs(347,23): warning CS8618: Non-nullable property 'alllocationMonth' must contain a non-null value when exiting constructor. Consider adding the 'required' modifier or declaring the property as nullable. [C:\Users\Rohit Rathod\Desktop\JsapProject\JSAPNEW\JSAPNEW.csproj]
C:\Users\Rohit Rathod\Desktop\JsapProject\JSAPNEW\Models\Auth2Models.cs(352,23): warning CS8618: Non-nullable property 'createdBy' must contain a non-null value when exiting constructor. Consider adding the 'required' modifier or declaring the property as nullable. [C:\Users\Rohit Rathod\Desktop\JsapProject\JSAPNEW\JSAPNEW.csproj]
C:\Users\Rohit Rathod\Desktop\JsapProject\JSAPNEW\Models\Auth2Models.cs(355,23): warning CS8618: Non-nullable property 'flowStatus' must contain a non-null value when exiting constructor. Consider adding the 'required' modifier or declaring the property as nullable. [C:\Users\Rohit Rathod\Desktop\JsapProject\JSAPNEW\JSAPNEW.csproj]
C:\Users\Rohit Rathod\Desktop\JsapProject\JSAPNEW\Models\Auth2Models.cs(248,23): warning CS8618: Non-nullable property 'SubBudgetName' must contain a non-null value when exiting constructor. Consider adding the 'required' modifier or declaring the property as nullable. [C:\Users\Rohit Rathod\Desktop\JsapProject\JSAPNEW\JSAPNEW.csproj]
C:\Users\Rohit Rathod\Desktop\JsapProject\JSAPNEW\Models\Auth2Models.cs(249,23): warning CS8618: Non-nullable property 'Description' must contain a non-null value when exiting constructor. Consider adding the 'required' modifier or declaring the property as nullable. [C:\Users\Rohit Rathod\Desktop\JsapProject\JSAPNEW\JSAPNEW.csproj]
C:\Users\Rohit Rathod\Desktop\JsapProject\JSAPNEW\Models\Auth2Models.cs(253,23): warning CS8618: Non-nullable property 'BudgetName' must contain a non-null value when exiting constructor. Consider adding the 'required' modifier or declaring the property as nullable. [C:\Users\Rohit Rathod\Desktop\JsapProject\JSAPNEW\JSAPNEW.csproj]
C:\Users\Rohit Rathod\Desktop\JsapProject\JSAPNEW\Models\Auth2Models.cs(254,23): warning CS8618: Non-nullable property 'Company' must contain a non-null value when exiting constructor. Consider adding the 'required' modifier or declaring the property as nullable. [C:\Users\Rohit Rathod\Desktop\JsapProject\JSAPNEW\JSAPNEW.csproj]
C:\Users\Rohit Rathod\Desktop\JsapProject\JSAPNEW\Models\Auth2Models.cs(265,23): warning CS8618: Non-nullable property 'username' must contain a non-null value when exiting constructor. Consider adding the 'required' modifier or declaring the property as nullable. [C:\Users\Rohit Rathod\Desktop\JsapProject\JSAPNEW\JSAPNEW.csproj]
C:\Users\Rohit Rathod\Desktop\JsapProject\JSAPNEW\Models\Auth2Models.cs(267,23): warning CS8618: Non-nullable property 'branch' must contain a non-null value when exiting constructor. Consider adding the 'required' modifier or declaring the property as nullable. [C:\Users\Rohit Rathod\Desktop\JsapProject\JSAPNEW\JSAPNEW.csproj]
C:\Users\Rohit Rathod\Desktop\JsapProject\JSAPNEW\Models\Auth2Models.cs(275,23): warning CS8618: Non-nullable property 'AcctNames' must contain a non-null value when exiting constructor. Consider adding the 'required' modifier or declaring the property as nullable. [C:\Users\Rohit Rathod\Desktop\JsapProject\JSAPNEW\JSAPNEW.csproj]
C:\Users\Rohit Rathod\Desktop\JsapProject\JSAPNEW\Models\Auth2Models.cs(276,23): warning CS8618: Non-nullable property 'status' must contain a non-null value when exiting constructor. Consider adding the 'required' modifier or declaring the property as nullable. [C:\Users\Rohit Rathod\Desktop\JsapProject\JSAPNEW\JSAPNEW.csproj]
C:\Users\Rohit Rathod\Desktop\JsapProject\JSAPNEW\Models\Auth2Models.cs(143,23): warning CS8618: Non-nullable property 'BudgetName' must contain a non-null value when exiting constructor. Consider adding the 'required' modifier or declaring the property as nullable. [C:\Users\Rohit Rathod\Desktop\JsapProject\JSAPNEW\JSAPNEW.csproj]
C:\Users\Rohit Rathod\Desktop\JsapProject\JSAPNEW\Models\Auth2Models.cs(144,23): warning CS8618: Non-nullable property 'Description' must contain a non-null value when exiting constructor. Consider adding the 'required' modifier or declaring the property as nullable. [C:\Users\Rohit Rathod\Desktop\JsapProject\JSAPNEW\JSAPNEW.csproj]
C:\Users\Rohit Rathod\Desktop\JsapProject\JSAPNEW\Models\Auth2Models.cs(171,23): warning CS8618: Non-nullable property 'SubBudgetName' must contain a non-null value when exiting constructor. Consider adding the 'required' modifier or declaring the property as nullable. [C:\Users\Rohit Rathod\Desktop\JsapProject\JSAPNEW\JSAPNEW.csproj]
C:\Users\Rohit Rathod\Desktop\JsapProject\JSAPNEW\Models\Auth2Models.cs(172,23): warning CS8618: Non-nullable property 'SubBudgetDescription' must contain a non-null value when exiting constructor. Consider adding the 'required' modifier or declaring the property as nullable. [C:\Users\Rohit Rathod\Desktop\JsapProject\JSAPNEW\JSAPNEW.csproj]
C:\Users\Rohit Rathod\Desktop\JsapProject\JSAPNEW\Models\Auth2Models.cs(176,23): warning CS8618: Non-nullable property 'ParentBudgetName' must contain a non-null value when exiting constructor. Consider adding the 'required' modifier or declaring the property as nullable. [C:\Users\Rohit Rathod\Desktop\JsapProject\JSAPNEW\JSAPNEW.csproj]
C:\Users\Rohit Rathod\Desktop\JsapProject\JSAPNEW\Models\Auth2Models.cs(116,23): warning CS8618: Non-nullable property 'Notes' must contain a non-null value when exiting constructor. Consider adding the 'required' modifier or declaring the property as nullable. [C:\Users\Rohit Rathod\Desktop\JsapProject\JSAPNEW\JSAPNEW.csproj]
C:\Users\Rohit Rathod\Desktop\JsapProject\JSAPNEW\Models\Auth2Models.cs(58,32): warning CS8618: Non-nullable property 'template' must contain a non-null value when exiting constructor. Consider adding the 'required' modifier or declaring the property as nullable. [C:\Users\Rohit Rathod\Desktop\JsapProject\JSAPNEW\JSAPNEW.csproj]
C:\Users\Rohit Rathod\Desktop\JsapProject\JSAPNEW\Models\Auth2Models.cs(59,35): warning CS8618: Non-nullable property 'stages' must contain a non-null value when exiting constructor. Consider adding the 'required' modifier or declaring the property as nullable. [C:\Users\Rohit Rathod\Desktop\JsapProject\JSAPNEW\JSAPNEW.csproj]
C:\Users\Rohit Rathod\Desktop\JsapProject\JSAPNEW\Models\Auth2Models.cs(60,38): warning CS8618: Non-nullable property 'approvals' must contain a non-null value when exiting constructor. Consider adding the 'required' modifier or declaring the property as nullable. [C:\Users\Rohit Rathod\Desktop\JsapProject\JSAPNEW\JSAPNEW.csproj]
C:\Users\Rohit Rathod\Desktop\JsapProject\JSAPNEW\Models\Auth2Models.cs(61,35): warning CS8618: Non-nullable property 'queries' must contain a non-null value when exiting constructor. Consider adding the 'required' modifier or declaring the property as nullable. [C:\Users\Rohit Rathod\Desktop\JsapProject\JSAPNEW\JSAPNEW.csproj]
C:\Users\Rohit Rathod\Desktop\JsapProject\JSAPNEW\Models\Auth2Models.cs(62,24): warning CS8618: Non-nullable property 'summary' must contain a non-null value when exiting constructor. Consider adding the 'required' modifier or declaring the property as nullable. [C:\Users\Rohit Rathod\Desktop\JsapProject\JSAPNEW\JSAPNEW.csproj]
C:\Users\Rohit Rathod\Desktop\JsapProject\JSAPNEW\Models\Auth2Models.cs(23,23): warning CS8618: Non-nullable property 'stageName' must contain a non-null value when exiting constructor. Consider adding the 'required' modifier or declaring the property as nullable. [C:\Users\Rohit Rathod\Desktop\JsapProject\JSAPNEW\JSAPNEW.csproj]
C:\Users\Rohit Rathod\Desktop\JsapProject\JSAPNEW\Models\Auth2Models.cs(24,23): warning CS8618: Non-nullable property 'stageDescription' must contain a non-null value when exiting constructor. Consider adding the 'required' modifier or declaring the property as nullable. [C:\Users\Rohit Rathod\Desktop\JsapProject\JSAPNEW\JSAPNEW.csproj]
C:\Users\Rohit Rathod\Desktop\JsapProject\JSAPNEW\Models\Auth2Models.cs(28,23): warning CS8618: Non-nullable property 'userIds' must contain a non-null value when exiting constructor. Consider adding the 'required' modifier or declaring the property as nullable. [C:\Users\Rohit Rathod\Desktop\JsapProject\JSAPNEW\JSAPNEW.csproj]
C:\Users\Rohit Rathod\Desktop\JsapProject\JSAPNEW\Models\Auth2Models.cs(29,23): warning CS8618: Non-nullable property 'usernames' must contain a non-null value when exiting constructor. Consider adding the 'required' modifier or declaring the property as nullable. [C:\Users\Rohit Rathod\Desktop\JsapProject\JSAPNEW\JSAPNEW.csproj]
C:\Users\Rohit Rathod\Desktop\JsapProject\JSAPNEW\Models\AuthModels.cs(354,23): warning CS8618: Non-nullable property 'Branch' must contain a non-null value when exiting constructor. Consider adding the 'required' modifier or declaring the property as nullable. [C:\Users\Rohit Rathod\Desktop\JsapProject\JSAPNEW\JSAPNEW.csproj]
C:\Users\Rohit Rathod\Desktop\JsapProject\JSAPNEW\Models\AuthModels.cs(356,23): warning CS8618: Non-nullable property 'ObjectName' must contain a non-null value when exiting constructor. Consider adding the 'required' modifier or declaring the property as nullable. [C:\Users\Rohit Rathod\Desktop\JsapProject\JSAPNEW\JSAPNEW.csproj]
C:\Users\Rohit Rathod\Desktop\JsapProject\JSAPNEW\Models\AuthModels.cs(360,23): warning CS8618: Non-nullable property 'AcctCode' must contain a non-null value when exiting constructor. Consider adding the 'required' modifier or declaring the property as nullable. [C:\Users\Rohit Rathod\Desktop\JsapProject\JSAPNEW\JSAPNEW.csproj]
C:\Users\Rohit Rathod\Desktop\JsapProject\JSAPNEW\Models\AuthModels.cs(361,23): warning CS8618: Non-nullable property 'AcctName' must contain a non-null value when exiting constructor. Consider adding the 'required' modifier or declaring the property as nullable. [C:\Users\Rohit Rathod\Desktop\JsapProject\JSAPNEW\JSAPNEW.csproj]
C:\Users\Rohit Rathod\Desktop\JsapProject\JSAPNEW\Models\AuthModels.cs(362,23): warning CS8618: Non-nullable property 'CardCode' must contain a non-null value when exiting constructor. Consider adding the 'required' modifier or declaring the property as nullable. [C:\Users\Rohit Rathod\Desktop\JsapProject\JSAPNEW\JSAPNEW.csproj]
C:\Users\Rohit Rathod\Desktop\JsapProject\JSAPNEW\Models\AuthModels.cs(363,23): warning CS8618: Non-nullable property 'CardName' must contain a non-null value when exiting constructor. Consider adding the 'required' modifier or declaring the property as nullable. [C:\Users\Rohit Rathod\Desktop\JsapProject\JSAPNEW\JSAPNEW.csproj]
C:\Users\Rohit Rathod\Desktop\JsapProject\JSAPNEW\Models\AuthModels.cs(364,23): warning CS8618: Non-nullable property 'EFFECTMONTH' must contain a non-null value when exiting constructor. Consider adding the 'required' modifier or declaring the property as nullable. [C:\Users\Rohit Rathod\Desktop\JsapProject\JSAPNEW\JSAPNEW.csproj]
C:\Users\Rohit Rathod\Desktop\JsapProject\JSAPNEW\Models\AuthModels.cs(365,23): warning CS8618: Non-nullable property 'BUDGET' must contain a non-null value when exiting constructor. Consider adding the 'required' modifier or declaring the property as nullable. [C:\Users\Rohit Rathod\Desktop\JsapProject\JSAPNEW\JSAPNEW.csproj]
C:\Users\Rohit Rathod\Desktop\JsapProject\JSAPNEW\Models\AuthModels.cs(366,23): warning CS8618: Non-nullable property 'SUB_BUDGET' must contain a non-null value when exiting constructor. Consider adding the 'required' modifier or declaring the property as nullable. [C:\Users\Rohit Rathod\Desktop\JsapProject\JSAPNEW\JSAPNEW.csproj]
C:\Users\Rohit Rathod\Desktop\JsapProject\JSAPNEW\Models\AuthModels.cs(367,23): warning CS8618: Non-nullable property 'STATE' must contain a non-null value when exiting constructor. Consider adding the 'required' modifier or declaring the property as nullable. [C:\Users\Rohit Rathod\Desktop\JsapProject\JSAPNEW\JSAPNEW.csproj]
C:\Users\Rohit Rathod\Desktop\JsapProject\JSAPNEW\Models\AuthModels.cs(370,23): warning CS8618: Non-nullable property 'TrgtPath' must contain a non-null value when exiting constructor. Consider adding the 'required' modifier or declaring the property as nullable. [C:\Users\Rohit Rathod\Desktop\JsapProject\JSAPNEW\JSAPNEW.csproj]
C:\Users\Rohit Rathod\Desktop\JsapProject\JSAPNEW\Models\AuthModels.cs(371,23): warning CS8618: Non-nullable property 'FileName' must contain a non-null value when exiting constructor. Consider adding the 'required' modifier or declaring the property as nullable. [C:\Users\Rohit Rathod\Desktop\JsapProject\JSAPNEW\JSAPNEW.csproj]
C:\Users\Rohit Rathod\Desktop\JsapProject\JSAPNEW\Models\AuthModels.cs(372,23): warning CS8618: Non-nullable property 'FileExt' must contain a non-null value when exiting constructor. Consider adding the 'required' modifier or declaring the property as nullable. [C:\Users\Rohit Rathod\Desktop\JsapProject\JSAPNEW\JSAPNEW.csproj]
C:\Users\Rohit Rathod\Desktop\JsapProject\JSAPNEW\Models\AuthModels.cs(374,23): warning CS8618: Non-nullable property 'CURRENTMONTH' must contain a non-null value when exiting constructor. Consider adding the 'required' modifier or declaring the property as nullable. [C:\Users\Rohit Rathod\Desktop\JsapProject\JSAPNEW\JSAPNEW.csproj]
C:\Users\Rohit Rathod\Desktop\JsapProject\JSAPNEW\Models\AuthModels.cs(377,23): warning CS8618: Non-nullable property 'Budget_Owner' must contain a non-null value when exiting constructor. Consider adding the 'required' modifier or declaring the property as nullable. [C:\Users\Rohit Rathod\Desktop\JsapProject\JSAPNEW\JSAPNEW.csproj]
C:\Users\Rohit Rathod\Desktop\JsapProject\JSAPNEW\Models\AuthModels.cs(378,23): warning CS8618: Non-nullable property 'OwnerCode' must contain a non-null value when exiting constructor. Consider adding the 'required' modifier or declaring the property as nullable. [C:\Users\Rohit Rathod\Desktop\JsapProject\JSAPNEW\JSAPNEW.csproj]
C:\Users\Rohit Rathod\Desktop\JsapProject\JSAPNEW\Models\AuthModels.cs(379,23): warning CS8618: Non-nullable property 'ApproverName' must contain a non-null value when exiting constructor. Consider adding the 'required' modifier or declaring the property as nullable. [C:\Users\Rohit Rathod\Desktop\JsapProject\JSAPNEW\JSAPNEW.csproj]
C:\Users\Rohit Rathod\Desktop\JsapProject\JSAPNEW\Models\AuthModels.cs(380,23): warning CS8618: Non-nullable property 'ApprovalCode' must contain a non-null value when exiting constructor. Consider adding the 'required' modifier or declaring the property as nullable. [C:\Users\Rohit Rathod\Desktop\JsapProject\JSAPNEW\JSAPNEW.csproj]
C:\Users\Rohit Rathod\Desktop\JsapProject\JSAPNEW\Models\AuthModels.cs(382,23): warning CS8618: Non-nullable property 'Status' must contain a non-null value when exiting constructor. Consider adding the 'required' modifier or declaring the property as nullable. [C:\Users\Rohit Rathod\Desktop\JsapProject\JSAPNEW\JSAPNEW.csproj]
C:\Users\Rohit Rathod\Desktop\JsapProject\JSAPNEW\Models\AuthModels.cs(383,23): warning CS8618: Non-nullable property 'U_Name' must contain a non-null value when exiting constructor. Consider adding the 'required' modifier or declaring the property as nullable. [C:\Users\Rohit Rathod\Desktop\JsapProject\JSAPNEW\JSAPNEW.csproj]
C:\Users\Rohit Rathod\Desktop\JsapProject\JSAPNEW\Models\AuthModels.cs(385,23): warning CS8618: Non-nullable property 'CreateTime' must contain a non-null value when exiting constructor. Consider adding the 'required' modifier or declaring the property as nullable. [C:\Users\Rohit Rathod\Desktop\JsapProject\JSAPNEW\JSAPNEW.csproj]
C:\Users\Rohit Rathod\Desktop\JsapProject\JSAPNEW\Models\AuthModels.cs(386,23): warning CS8618: Non-nullable property 'LineRemarks' must contain a non-null value when exiting constructor. Consider adding the 'required' modifier or declaring the property as nullable. [C:\Users\Rohit Rathod\Desktop\JsapProject\JSAPNEW\JSAPNEW.csproj]
C:\Users\Rohit Rathod\Desktop\JsapProject\JSAPNEW\Models\AuthModels.cs(387,23): warning CS8618: Non-nullable property 'Comments' must contain a non-null value when exiting constructor. Consider adding the 'required' modifier or declaring the property as nullable. [C:\Users\Rohit Rathod\Desktop\JsapProject\JSAPNEW\JSAPNEW.csproj]
C:\Users\Rohit Rathod\Desktop\JsapProject\JSAPNEW\Models\AuthModels.cs(388,23): warning CS8618: Non-nullable property 'ProcesStat' must contain a non-null value when exiting constructor. Consider adding the 'required' modifier or declaring the property as nullable. [C:\Users\Rohit Rathod\Desktop\JsapProject\JSAPNEW\JSAPNEW.csproj]
C:\Users\Rohit Rathod\Desktop\JsapProject\JSAPNEW\Models\AuthModels.cs(389,23): warning CS8618: Non-nullable property 'ACOMMENT' must contain a non-null value when exiting constructor. Consider adding the 'required' modifier or declaring the property as nullable. [C:\Users\Rohit Rathod\Desktop\JsapProject\JSAPNEW\JSAPNEW.csproj]
C:\Users\Rohit Rathod\Desktop\JsapProject\JSAPNEW\Models\AuthModels.cs(390,23): warning CS8618: Non-nullable property 'VCOMMENT' must contain a non-null value when exiting constructor. Consider adding the 'required' modifier or declaring the property as nullable. [C:\Users\Rohit Rathod\Desktop\JsapProject\JSAPNEW\JSAPNEW.csproj]
C:\Users\Rohit Rathod\Desktop\JsapProject\JSAPNEW\Models\AuthModels.cs(391,23): warning CS8618: Non-nullable property 'VerifiedStatus' must contain a non-null value when exiting constructor. Consider adding the 'required' modifier or declaring the property as nullable. [C:\Users\Rohit Rathod\Desktop\JsapProject\JSAPNEW\JSAPNEW.csproj]
C:\Users\Rohit Rathod\Desktop\JsapProject\JSAPNEW\Models\AuthModels.cs(392,23): warning CS8618: Non-nullable property 'ApprovedStatus' must contain a non-null value when exiting constructor. Consider adding the 'required' modifier or declaring the property as nullable. [C:\Users\Rohit Rathod\Desktop\JsapProject\JSAPNEW\JSAPNEW.csproj]
C:\Users\Rohit Rathod\Desktop\JsapProject\JSAPNEW\Models\AdvanceRequestModels.cs(198,23): warning CS8618: Non-nullable property 'CardCode' must contain a non-null value when exiting constructor. Consider adding the 'required' modifier or declaring the property as nullable. [C:\Users\Rohit Rathod\Desktop\JsapProject\JSAPNEW\JSAPNEW.csproj]
C:\Users\Rohit Rathod\Desktop\JsapProject\JSAPNEW\Models\AdvanceRequestModels.cs(199,23): warning CS8618: Non-nullable property 'CardName' must contain a non-null value when exiting constructor. Consider adding the 'required' modifier or declaring the property as nullable. [C:\Users\Rohit Rathod\Desktop\JsapProject\JSAPNEW\JSAPNEW.csproj]
C:\Users\Rohit Rathod\Desktop\JsapProject\JSAPNEW\Models\AdvanceRequestModels.cs(200,23): warning CS8618: Non-nullable property 'CardType' must contain a non-null value when exiting constructor. Consider adding the 'required' modifier or declaring the property as nullable. [C:\Users\Rohit Rathod\Desktop\JsapProject\JSAPNEW\JSAPNEW.csproj]
C:\Users\Rohit Rathod\Desktop\JsapProject\JSAPNEW\Models\AdvanceRequestModels.cs(201,23): warning CS8618: Non-nullable property 'CurrentAccountBalance' must contain a non-null value when exiting constructor. Consider adding the 'required' modifier or declaring the property as nullable. [C:\Users\Rohit Rathod\Desktop\JsapProject\JSAPNEW\JSAPNEW.csproj]
C:\Users\Rohit Rathod\Desktop\JsapProject\JSAPNEW\Models\AdvanceRequestModels.cs(203,23): warning CS8618: Non-nullable property 'U_WG_CardCode' must contain a non-null value when exiting constructor. Consider adding the 'required' modifier or declaring the property as nullable. [C:\Users\Rohit Rathod\Desktop\JsapProject\JSAPNEW\JSAPNEW.csproj]
C:\Users\Rohit Rathod\Desktop\JsapProject\JSAPNEW\Models\AdvanceRequestModels.cs(190,47): warning CS8618: Non-nullable property 'Stages' must contain a non-null value when exiting constructor. Consider adding the 'required' modifier or declaring the property as nullable. [C:\Users\Rohit Rathod\Desktop\JsapProject\JSAPNEW\JSAPNEW.csproj]
C:\Users\Rohit Rathod\Desktop\JsapProject\JSAPNEW\Models\AdvanceRequestModels.cs(193,23): warning CS8618: Non-nullable property 'FlowStatus' must contain a non-null value when exiting constructor. Consider adding the 'required' modifier or declaring the property as nullable. [C:\Users\Rohit Rathod\Desktop\JsapProject\JSAPNEW\JSAPNEW.csproj]
C:\Users\Rohit Rathod\Desktop\JsapProject\JSAPNEW\Models\AdvanceRequestModels.cs(222,23): warning CS8618: Non-nullable property 'ItemCode' must contain a non-null value when exiting constructor. Consider adding the 'required' modifier or declaring the property as nullable. [C:\Users\Rohit Rathod\Desktop\JsapProject\JSAPNEW\JSAPNEW.csproj]
C:\Users\Rohit Rathod\Desktop\JsapProject\JSAPNEW\Models\AdvanceRequestModels.cs(223,23): warning CS8618: Non-nullable property 'ItemDescription' must contain a non-null value when exiting constructor. Consider adding the 'required' modifier or declaring the property as nullable. [C:\Users\Rohit Rathod\Desktop\JsapProject\JSAPNEW\JSAPNEW.csproj]
C:\Users\Rohit Rathod\Desktop\JsapProject\JSAPNEW\Models\AdvanceRequestModels.cs(230,23): warning CS8618: Non-nullable property 'U_Remarks' must contain a non-null value when exiting constructor. Consider adding the 'required' modifier or declaring the property as nullable. [C:\Users\Rohit Rathod\Desktop\JsapProject\JSAPNEW\JSAPNEW.csproj]
C:\Users\Rohit Rathod\Desktop\JsapProject\JSAPNEW\Models\AdvanceRequestModels.cs(232,23): warning CS8618: Non-nullable property 'MeasureUnit' must contain a non-null value when exiting constructor. Consider adding the 'required' modifier or declaring the property as nullable. [C:\Users\Rohit Rathod\Desktop\JsapProject\JSAPNEW\JSAPNEW.csproj]
C:\Users\Rohit Rathod\Desktop\JsapProject\JSAPNEW\Models\Auth2Models.cs(365,23): warning CS8618: Non-nullable property 'budgetName' must contain a non-null value when exiting constructor. Consider adding the 'required' modifier or declaring the property as nullable. [C:\Users\Rohit Rathod\Desktop\JsapProject\JSAPNEW\JSAPNEW.csproj]
C:\Users\Rohit Rathod\Desktop\JsapProject\JSAPNEW\Models\Auth2Models.cs(367,23): warning CS8618: Non-nullable property 'alllocationMonth' must contain a non-null value when exiting constructor. Consider adding the 'required' modifier or declaring the property as nullable. [C:\Users\Rohit Rathod\Desktop\JsapProject\JSAPNEW\JSAPNEW.csproj]
C:\Users\Rohit Rathod\Desktop\JsapProject\JSAPNEW\Models\Auth2Models.cs(372,23): warning CS8618: Non-nullable property 'createdBy' must contain a non-null value when exiting constructor. Consider adding the 'required' modifier or declaring the property as nullable. [C:\Users\Rohit Rathod\Desktop\JsapProject\JSAPNEW\JSAPNEW.csproj]
C:\Users\Rohit Rathod\Desktop\JsapProject\JSAPNEW\Models\Auth2Models.cs(376,23): warning CS8618: Non-nullable property 'flowStatus' must contain a non-null value when exiting constructor. Consider adding the 'required' modifier or declaring the property as nullable. [C:\Users\Rohit Rathod\Desktop\JsapProject\JSAPNEW\JSAPNEW.csproj]
C:\Users\Rohit Rathod\Desktop\JsapProject\JSAPNEW\Models\Auth2Models.cs(380,23): warning CS8618: Non-nullable property 'approvalStatus' must contain a non-null value when exiting constructor. Consider adding the 'required' modifier or declaring the property as nullable. [C:\Users\Rohit Rathod\Desktop\JsapProject\JSAPNEW\JSAPNEW.csproj]
C:\Users\Rohit Rathod\Desktop\JsapProject\JSAPNEW\Models\Auth2Models.cs(381,23): warning CS8618: Non-nullable property 'approvalRemarks' must contain a non-null value when exiting constructor. Consider adding the 'required' modifier or declaring the property as nullable. [C:\Users\Rohit Rathod\Desktop\JsapProject\JSAPNEW\JSAPNEW.csproj]
C:\Users\Rohit Rathod\Desktop\JsapProject\JSAPNEW\Services\Implementation\UserService.cs(1939,42): warning CS8600: Converting null literal or possible null value to non-nullable type. [C:\Users\Rohit Rathod\Desktop\JsapProject\JSAPNEW\JSAPNEW.csproj]
C:\Users\Rohit Rathod\Desktop\JsapProject\JSAPNEW\Services\Implementation\UserService.cs(1944,30): warning CS8600: Converting null literal or possible null value to non-nullable type. [C:\Users\Rohit Rathod\Desktop\JsapProject\JSAPNEW\JSAPNEW.csproj]
C:\Users\Rohit Rathod\Desktop\JsapProject\JSAPNEW\Services\Implementation\UserService.cs(1954,46): warning CS8601: Possible null reference assignment. [C:\Users\Rohit Rathod\Desktop\JsapProject\JSAPNEW\JSAPNEW.csproj]
C:\Users\Rohit Rathod\Desktop\JsapProject\JSAPNEW\Services\Implementation\UserService.cs(1965,36): warning CS8601: Possible null reference assignment. [C:\Users\Rohit Rathod\Desktop\JsapProject\JSAPNEW\JSAPNEW.csproj]
C:\Users\Rohit Rathod\Desktop\JsapProject\JSAPNEW\Controllers\AuthController.cs(1723,30): warning CS0168: The variable 'ex' is declared but never used [C:\Users\Rohit Rathod\Desktop\JsapProject\JSAPNEW\JSAPNEW.csproj]
C:\Users\Rohit Rathod\Desktop\JsapProject\JSAPNEW\Services\Implementation\UserService.cs(1978,42): warning CS8600: Converting null literal or possible null value to non-nullable type. [C:\Users\Rohit Rathod\Desktop\JsapProject\JSAPNEW\JSAPNEW.csproj]
C:\Users\Rohit Rathod\Desktop\JsapProject\JSAPNEW\Services\Implementation\UserService.cs(1983,30): warning CS8600: Converting null literal or possible null value to non-nullable type. [C:\Users\Rohit Rathod\Desktop\JsapProject\JSAPNEW\JSAPNEW.csproj]
C:\Users\Rohit Rathod\Desktop\JsapProject\JSAPNEW\Services\Implementation\UserService.cs(1999,36): warning CS8601: Possible null reference assignment. [C:\Users\Rohit Rathod\Desktop\JsapProject\JSAPNEW\JSAPNEW.csproj]
C:\Users\Rohit Rathod\Desktop\JsapProject\JSAPNEW\Services\Implementation\UserService.cs(2012,42): warning CS8600: Converting null literal or possible null value to non-nullable type. [C:\Users\Rohit Rathod\Desktop\JsapProject\JSAPNEW\JSAPNEW.csproj]
C:\Users\Rohit Rathod\Desktop\JsapProject\JSAPNEW\Services\Implementation\UserService.cs(2017,30): warning CS8600: Converting null literal or possible null value to non-nullable type. [C:\Users\Rohit Rathod\Desktop\JsapProject\JSAPNEW\JSAPNEW.csproj]
C:\Users\Rohit Rathod\Desktop\JsapProject\JSAPNEW\Services\Implementation\UserService.cs(2023,36): warning CS8601: Possible null reference assignment. [C:\Users\Rohit Rathod\Desktop\JsapProject\JSAPNEW\JSAPNEW.csproj]
C:\Users\Rohit Rathod\Desktop\JsapProject\JSAPNEW\Services\Implementation\HierarchyService.cs(2762,34): warning CS8601: Possible null reference assignment. [C:\Users\Rohit Rathod\Desktop\JsapProject\JSAPNEW\JSAPNEW.csproj]
C:\Users\Rohit Rathod\Desktop\JsapProject\JSAPNEW\Services\Implementation\HierarchyService.cs(2773,37): warning CS8601: Possible null reference assignment. [C:\Users\Rohit Rathod\Desktop\JsapProject\JSAPNEW\JSAPNEW.csproj]
C:\Users\Rohit Rathod\Desktop\JsapProject\JSAPNEW\Services\Implementation\HierarchyService.cs(2780,35): warning CS8601: Possible null reference assignment. [C:\Users\Rohit Rathod\Desktop\JsapProject\JSAPNEW\JSAPNEW.csproj]
C:\Users\Rohit Rathod\Desktop\JsapProject\JSAPNEW\Views\Shared\_Layout.cshtml(28,25): warning CS8600: Converting null literal or possible null value to non-nullable type. [C:\Users\Rohit Rathod\Desktop\JsapProject\JSAPNEW\JSAPNEW.csproj]
C:\Users\Rohit Rathod\Desktop\JsapProject\JSAPNEW\Views\Shared\_Layout.cshtml(57,13): warning CS8604: Possible null reference argument for parameter 'source' in 'bool Enumerable.Any<CompanyDto>(IEnumerable<CompanyDto> source)'. [C:\Users\Rohit Rathod\Desktop\JsapProject\JSAPNEW\JSAPNEW.csproj]
C:\Users\Rohit Rathod\Desktop\JsapProject\JSAPNEW\Views\Shared\_Layout.cshtml(30,26): warning CS0168: The variable 'ex' is declared but never used [C:\Users\Rohit Rathod\Desktop\JsapProject\JSAPNEW\JSAPNEW.csproj]
C:\Users\Rohit Rathod\Desktop\JsapProject\JSAPNEW\Controllers\ReportsController.cs(20,16): warning CS8618: Non-nullable field '_hostingEnvironment' must contain a non-null value when exiting constructor. Consider adding the 'required' modifier or declaring the field as nullable. [C:\Users\Rohit Rathod\Desktop\JsapProject\JSAPNEW\JSAPNEW.csproj]
C:\Users\Rohit Rathod\Desktop\JsapProject\JSAPNEW\Controllers\PermissionController.cs(74,28): warning CS8625: Cannot convert null literal to non-nullable reference type. [C:\Users\Rohit Rathod\Desktop\JsapProject\JSAPNEW\JSAPNEW.csproj]
C:\Users\Rohit Rathod\Desktop\JsapProject\JSAPNEW\Controllers\PermissionController.cs(95,28): warning CS8625: Cannot convert null literal to non-nullable reference type. [C:\Users\Rohit Rathod\Desktop\JsapProject\JSAPNEW\JSAPNEW.csproj]
C:\Users\Rohit Rathod\Desktop\JsapProject\JSAPNEW\Controllers\ReportsController.cs(144,21): warning CS8604: Possible null reference argument for parameter 'cardName' in 'Task<BudgetByCompanyModel> IReportsService.GetBudgetByCompanyAsync(int company, int docEntry, string cardName, string month, string status)'. [C:\Users\Rohit Rathod\Desktop\JsapProject\JSAPNEW\JSAPNEW.csproj]
C:\Users\Rohit Rathod\Desktop\JsapProject\JSAPNEW\Controllers\ReportsController.cs(145,21): warning CS8604: Possible null reference argument for parameter 'month' in 'Task<BudgetByCompanyModel> IReportsService.GetBudgetByCompanyAsync(int company, int docEntry, string cardName, string month, string status)'. [C:\Users\Rohit Rathod\Desktop\JsapProject\JSAPNEW\JSAPNEW.csproj]
C:\Users\Rohit Rathod\Desktop\JsapProject\JSAPNEW\Controllers\ReportsController.cs(146,21): warning CS8604: Possible null reference argument for parameter 'status' in 'Task<BudgetByCompanyModel> IReportsService.GetBudgetByCompanyAsync(int company, int docEntry, string cardName, string month, string status)'. [C:\Users\Rohit Rathod\Desktop\JsapProject\JSAPNEW\JSAPNEW.csproj]
C:\Users\Rohit Rathod\Desktop\JsapProject\JSAPNEW\Controllers\ReportsController.cs(152,30): warning CS0168: The variable 'ex' is declared but never used [C:\Users\Rohit Rathod\Desktop\JsapProject\JSAPNEW\JSAPNEW.csproj]
C:\Users\Rohit Rathod\Desktop\JsapProject\JSAPNEW\Controllers\PermissionController.cs(158,28): warning CS8625: Cannot convert null literal to non-nullable reference type. [C:\Users\Rohit Rathod\Desktop\JsapProject\JSAPNEW\JSAPNEW.csproj]
C:\Users\Rohit Rathod\Desktop\JsapProject\JSAPNEW\Controllers\PermissionController.cs(180,28): warning CS8625: Cannot convert null literal to non-nullable reference type. [C:\Users\Rohit Rathod\Desktop\JsapProject\JSAPNEW\JSAPNEW.csproj]
C:\Users\Rohit Rathod\Desktop\JsapProject\JSAPNEW\Controllers\PermissionController.cs(212,28): warning CS8625: Cannot convert null literal to non-nullable reference type. [C:\Users\Rohit Rathod\Desktop\JsapProject\JSAPNEW\JSAPNEW.csproj]
C:\Users\Rohit Rathod\Desktop\JsapProject\JSAPNEW\Controllers\PermissionController.cs(225,28): warning CS8625: Cannot convert null literal to non-nullable reference type. [C:\Users\Rohit Rathod\Desktop\JsapProject\JSAPNEW\JSAPNEW.csproj]
C:\Users\Rohit Rathod\Desktop\JsapProject\JSAPNEW\Controllers\GIGOwebController.cs(35,30): warning CS8629: Nullable value type may be null. [C:\Users\Rohit Rathod\Desktop\JsapProject\JSAPNEW\JSAPNEW.csproj]
C:\Users\Rohit Rathod\Desktop\JsapProject\JSAPNEW\Controllers\MakerController.cs(197,34): warning CS8600: Converting null literal or possible null value to non-nullable type. [C:\Users\Rohit Rathod\Desktop\JsapProject\JSAPNEW\JSAPNEW.csproj]
C:\Users\Rohit Rathod\Desktop\JsapProject\JSAPNEW\Services\Implementation\UserService.cs(2630,44): warning CS8601: Possible null reference assignment. [C:\Users\Rohit Rathod\Desktop\JsapProject\JSAPNEW\JSAPNEW.csproj]
C:\Users\Rohit Rathod\Desktop\JsapProject\JSAPNEW\Controllers\FileController.cs(162,36): warning CS8600: Converting null literal or possible null value to non-nullable type. [C:\Users\Rohit Rathod\Desktop\JsapProject\JSAPNEW\JSAPNEW.csproj]
C:\Users\Rohit Rathod\Desktop\JsapProject\JSAPNEW\Controllers\TaskWebController.cs(220,26): warning CS8629: Nullable value type may be null. [C:\Users\Rohit Rathod\Desktop\JsapProject\JSAPNEW\JSAPNEW.csproj]
C:\Users\Rohit Rathod\Desktop\JsapProject\JSAPNEW\Controllers\FileController.cs(283,24): warning CS8603: Possible null reference return. [C:\Users\Rohit Rathod\Desktop\JsapProject\JSAPNEW\JSAPNEW.csproj]
C:\Users\Rohit Rathod\Desktop\JsapProject\JSAPNEW\Services\Implementation\HierarchyService.cs(3181,132): warning CS8600: Converting null literal or possible null value to non-nullable type. [C:\Users\Rohit Rathod\Desktop\JsapProject\JSAPNEW\JSAPNEW.csproj]
C:\Users\Rohit Rathod\Desktop\JsapProject\JSAPNEW\Controllers\TaskWebController.cs(321,26): warning CS8629: Nullable value type may be null. [C:\Users\Rohit Rathod\Desktop\JsapProject\JSAPNEW\JSAPNEW.csproj]
C:\Users\Rohit Rathod\Desktop\JsapProject\JSAPNEW\Controllers\InventoryAuditController.cs(668,63): warning CS8604: Possible null reference argument for parameter 'stockDetailsResult' in 'List<object> InventoryAuditController.MergeReportData(GetItemsUsingLotNumberResult itemsResult, dynamic stockDetailsResult, dynamic stockCountReport)'. [C:\Users\Rohit Rathod\Desktop\JsapProject\JSAPNEW\JSAPNEW.csproj]
C:\Users\Rohit Rathod\Desktop\JsapProject\JSAPNEW\Controllers\InventoryAuditController.cs(668,83): warning CS8604: Possible null reference argument for parameter 'stockCountReport' in 'List<object> InventoryAuditController.MergeReportData(GetItemsUsingLotNumberResult itemsResult, dynamic stockDetailsResult, dynamic stockCountReport)'. [C:\Users\Rohit Rathod\Desktop\JsapProject\JSAPNEW\JSAPNEW.csproj]
C:\Users\Rohit Rathod\Desktop\JsapProject\JSAPNEW\Services\Implementation\HierarchyService.cs(3347,57): warning CS8602: Dereference of a possibly null reference. [C:\Users\Rohit Rathod\Desktop\JsapProject\JSAPNEW\JSAPNEW.csproj]
C:\Users\Rohit Rathod\Desktop\JsapProject\JSAPNEW\Services\Implementation\HierarchyService.cs(3348,42): warning CS8602: Dereference of a possibly null reference. [C:\Users\Rohit Rathod\Desktop\JsapProject\JSAPNEW\JSAPNEW.csproj]
C:\Users\Rohit Rathod\Desktop\JsapProject\JSAPNEW\tmp-build\Views\Shared\_Layout.cshtml(17,25): warning CS8600: Converting null literal or possible null value to non-nullable type. [C:\Users\Rohit Rathod\Desktop\JsapProject\JSAPNEW\JSAPNEW.csproj]
C:\Users\Rohit Rathod\Desktop\JsapProject\JSAPNEW\tmp-build\Views\Shared\_Layout.cshtml(28,9): warning CS8602: Dereference of a possibly null reference. [C:\Users\Rohit Rathod\Desktop\JsapProject\JSAPNEW\JSAPNEW.csproj]
C:\Users\Rohit Rathod\Desktop\JsapProject\JSAPNEW\tmp-build\Views\Shared\_Layout.cshtml(1812,15): warning CS8602: Dereference of a possibly null reference. [C:\Users\Rohit Rathod\Desktop\JsapProject\JSAPNEW\JSAPNEW.csproj]
C:\Users\Rohit Rathod\Desktop\JsapProject\JSAPNEW\tmp-build\Views\Shared\_Layout.cshtml(19,26): warning CS0168: The variable 'ex' is declared but never used [C:\Users\Rohit Rathod\Desktop\JsapProject\JSAPNEW\JSAPNEW.csproj]
C:\Users\Rohit Rathod\Desktop\JsapProject\JSAPNEW\Controllers\QcController.cs(311,94): warning CS8604: Possible null reference argument for parameter 'value' in 'List<SubParameterRequest>? JsonConvert.DeserializeObject<List<SubParameterRequest>>(string value)'. [C:\Users\Rohit Rathod\Desktop\JsapProject\JSAPNEW\JSAPNEW.csproj]
C:\Users\Rohit Rathod\Desktop\JsapProject\JSAPNEW\Controllers\GIGOController.cs(355,83): warning CS8604: Possible null reference argument for parameter 'value' in 'GateEntryMasterRequest? JsonConvert.DeserializeObject<GateEntryMasterRequest>(string value)'. [C:\Users\Rohit Rathod\Desktop\JsapProject\JSAPNEW\JSAPNEW.csproj]
C:\Users\Rohit Rathod\Desktop\JsapProject\JSAPNEW\Controllers\GIGOController.cs(362,17): warning CS8602: Dereference of a possibly null reference. [C:\Users\Rohit Rathod\Desktop\JsapProject\JSAPNEW\JSAPNEW.csproj]
C:\Users\Rohit Rathod\Desktop\JsapProject\JSAPNEW\Controllers\TaskWebController.cs(412,26): warning CS8629: Nullable value type may be null. [C:\Users\Rohit Rathod\Desktop\JsapProject\JSAPNEW\JSAPNEW.csproj]
C:\Users\Rohit Rathod\Desktop\JsapProject\JSAPNEW\Controllers\TaskWebController.cs(474,26): warning CS8629: Nullable value type may be null. [C:\Users\Rohit Rathod\Desktop\JsapProject\JSAPNEW\JSAPNEW.csproj]
C:\Users\Rohit Rathod\Desktop\JsapProject\JSAPNEW\Controllers\TaskWebController.cs(494,26): warning CS8629: Nullable value type may be null. [C:\Users\Rohit Rathod\Desktop\JsapProject\JSAPNEW\JSAPNEW.csproj]
C:\Users\Rohit Rathod\Desktop\JsapProject\JSAPNEW\Services\Implementation\HierarchyService.cs(3395,84): warning CS8625: Cannot convert null literal to non-nullable reference type. [C:\Users\Rohit Rathod\Desktop\JsapProject\JSAPNEW\JSAPNEW.csproj]
C:\Users\Rohit Rathod\Desktop\JsapProject\JSAPNEW\Services\Implementation\HierarchyService.cs(3395,90): warning CS8625: Cannot convert null literal to non-nullable reference type. [C:\Users\Rohit Rathod\Desktop\JsapProject\JSAPNEW\JSAPNEW.csproj]
C:\Users\Rohit Rathod\Desktop\JsapProject\JSAPNEW\Controllers\TaskWebController.cs(514,26): warning CS8629: Nullable value type may be null. [C:\Users\Rohit Rathod\Desktop\JsapProject\JSAPNEW\JSAPNEW.csproj]
C:\Users\Rohit Rathod\Desktop\JsapProject\JSAPNEW\Services\Implementation\HierarchyService.cs(3489,32): warning CS8604: Possible null reference argument for parameter 'obj' in 'string HierarchyService.ToJson(object obj)'. [C:\Users\Rohit Rathod\Desktop\JsapProject\JSAPNEW\JSAPNEW.csproj]
C:\Users\Rohit Rathod\Desktop\JsapProject\JSAPNEW\Services\Implementation\HierarchyService.cs(3532,82): warning CS8625: Cannot convert null literal to non-nullable reference type. [C:\Users\Rohit Rathod\Desktop\JsapProject\JSAPNEW\JSAPNEW.csproj]
C:\Users\Rohit Rathod\Desktop\JsapProject\JSAPNEW\Services\Implementation\HierarchyService.cs(3533,21): warning CS8625: Cannot convert null literal to non-nullable reference type. [C:\Users\Rohit Rathod\Desktop\JsapProject\JSAPNEW\JSAPNEW.csproj]
C:\Users\Rohit Rathod\Desktop\JsapProject\JSAPNEW\Services\Implementation\HierarchyService.cs(3610,34): warning CS8602: Dereference of a possibly null reference. [C:\Users\Rohit Rathod\Desktop\JsapProject\JSAPNEW\JSAPNEW.csproj]
C:\Users\Rohit Rathod\Desktop\JsapProject\JSAPNEW\Services\Implementation\HierarchyService.cs(3616,73): warning CS8625: Cannot convert null literal to non-nullable reference type. [C:\Users\Rohit Rathod\Desktop\JsapProject\JSAPNEW\JSAPNEW.csproj]
C:\Users\Rohit Rathod\Desktop\JsapProject\JSAPNEW\Services\Implementation\HierarchyService.cs(3631,34): warning CS8602: Dereference of a possibly null reference. [C:\Users\Rohit Rathod\Desktop\JsapProject\JSAPNEW\JSAPNEW.csproj]
C:\Users\Rohit Rathod\Desktop\JsapProject\JSAPNEW\Services\Implementation\HierarchyService.cs(3632,79): warning CS8625: Cannot convert null literal to non-nullable reference type. [C:\Users\Rohit Rathod\Desktop\JsapProject\JSAPNEW\JSAPNEW.csproj]
C:\Users\Rohit Rathod\Desktop\JsapProject\JSAPNEW\Services\Implementation\HierarchyService.cs(3655,91): warning CS8625: Cannot convert null literal to non-nullable reference type. [C:\Users\Rohit Rathod\Desktop\JsapProject\JSAPNEW\JSAPNEW.csproj]
C:\Users\Rohit Rathod\Desktop\JsapProject\JSAPNEW\Services\Implementation\HierarchyService.cs(3683,100): warning CS8625: Cannot convert null literal to non-nullable reference type. [C:\Users\Rohit Rathod\Desktop\JsapProject\JSAPNEW\JSAPNEW.csproj]
C:\Users\Rohit Rathod\Desktop\JsapProject\JSAPNEW\Controllers\HierarchyWebController.cs(629,34): warning CS8601: Possible null reference assignment. [C:\Users\Rohit Rathod\Desktop\JsapProject\JSAPNEW\JSAPNEW.csproj]
C:\Users\Rohit Rathod\Desktop\JsapProject\JSAPNEW\Services\Implementation\HierarchyService.cs(3805,40): warning CS8600: Converting null literal or possible null value to non-nullable type. [C:\Users\Rohit Rathod\Desktop\JsapProject\JSAPNEW\JSAPNEW.csproj]
C:\Users\Rohit Rathod\Desktop\JsapProject\JSAPNEW\Services\Implementation\HierarchyService.cs(3806,40): warning CS8600: Converting null literal or possible null value to non-nullable type. [C:\Users\Rohit Rathod\Desktop\JsapProject\JSAPNEW\JSAPNEW.csproj]
C:\Users\Rohit Rathod\Desktop\JsapProject\JSAPNEW\Services\Implementation\HierarchyService.cs(3811,41): warning CS8600: Converting null literal or possible null value to non-nullable type. [C:\Users\Rohit Rathod\Desktop\JsapProject\JSAPNEW\JSAPNEW.csproj]
C:\Users\Rohit Rathod\Desktop\JsapProject\JSAPNEW\Services\Implementation\HierarchyService.cs(3812,37): warning CS8600: Converting null literal or possible null value to non-nullable type. [C:\Users\Rohit Rathod\Desktop\JsapProject\JSAPNEW\JSAPNEW.csproj]
C:\Users\Rohit Rathod\Desktop\JsapProject\JSAPNEW\Services\Implementation\HierarchyService.cs(3858,72): warning CS8602: Dereference of a possibly null reference. [C:\Users\Rohit Rathod\Desktop\JsapProject\JSAPNEW\JSAPNEW.csproj]
C:\Users\Rohit Rathod\Desktop\JsapProject\JSAPNEW\Services\Implementation\HierarchyService.cs(3858,94): warning CS8625: Cannot convert null literal to non-nullable reference type. [C:\Users\Rohit Rathod\Desktop\JsapProject\JSAPNEW\JSAPNEW.csproj]
C:\Users\Rohit Rathod\Desktop\JsapProject\JSAPNEW\Services\Implementation\HierarchyService.cs(3873,115): warning CS8625: Cannot convert null literal to non-nullable reference type. [C:\Users\Rohit Rathod\Desktop\JsapProject\JSAPNEW\JSAPNEW.csproj]
C:\Users\Rohit Rathod\Desktop\JsapProject\JSAPNEW\Controllers\AuthController.cs(2749,21): warning CS0472: The result of the expression is always 'false' since a value of type 'int' is never equal to 'null' of type 'int?' [C:\Users\Rohit Rathod\Desktop\JsapProject\JSAPNEW\JSAPNEW.csproj]
C:\Users\Rohit Rathod\Desktop\JsapProject\JSAPNEW\Services\Implementation\HierarchyService.cs(4173,79): warning CS8625: Cannot convert null literal to non-nullable reference type. [C:\Users\Rohit Rathod\Desktop\JsapProject\JSAPNEW\JSAPNEW.csproj]
C:\Users\Rohit Rathod\Desktop\JsapProject\JSAPNEW\Services\Implementation\TokenService.cs(23,71): warning CS8604: Possible null reference argument for parameter 's' in 'byte[] Encoding.GetBytes(string s)'. [C:\Users\Rohit Rathod\Desktop\JsapProject\JSAPNEW\JSAPNEW.csproj]
C:\Users\Rohit Rathod\Desktop\JsapProject\JSAPNEW\Services\Implementation\TokenService.cs(75,47): warning CS8604: Possible null reference argument for parameter 's' in 'byte[] Encoding.GetBytes(string s)'. [C:\Users\Rohit Rathod\Desktop\JsapProject\JSAPNEW\JSAPNEW.csproj]
C:\Users\Rohit Rathod\Desktop\JsapProject\JSAPNEW\Services\Implementation\TicketsService.cs(19,33): warning CS8601: Possible null reference assignment. [C:\Users\Rohit Rathod\Desktop\JsapProject\JSAPNEW\JSAPNEW.csproj]
C:\Users\Rohit Rathod\Desktop\JsapProject\JSAPNEW\Services\Implementation\TicketsService.cs(17,16): warning CS8618: Non-nullable field '_connectionString' must contain a non-null value when exiting constructor. Consider adding the 'required' modifier or declaring the field as nullable. [C:\Users\Rohit Rathod\Desktop\JsapProject\JSAPNEW\JSAPNEW.csproj]
C:\Users\Rohit Rathod\Desktop\JsapProject\JSAPNEW\Services\Implementation\TicketsService.cs(43,48): warning CS8601: Possible null reference assignment. [C:\Users\Rohit Rathod\Desktop\JsapProject\JSAPNEW\JSAPNEW.csproj]
C:\Users\Rohit Rathod\Desktop\JsapProject\JSAPNEW\Services\Implementation\HierarchyService.cs(4302,25): warning CS8602: Dereference of a possibly null reference. [C:\Users\Rohit Rathod\Desktop\JsapProject\JSAPNEW\JSAPNEW.csproj]
C:\Users\Rohit Rathod\Desktop\JsapProject\JSAPNEW\Services\Implementation\HierarchyService.cs(4303,38): warning CS8602: Dereference of a possibly null reference. [C:\Users\Rohit Rathod\Desktop\JsapProject\JSAPNEW\JSAPNEW.csproj]
C:\Users\Rohit Rathod\Desktop\JsapProject\JSAPNEW\Services\Implementation\HierarchyService.cs(4305,29): warning CS8602: Dereference of a possibly null reference. [C:\Users\Rohit Rathod\Desktop\JsapProject\JSAPNEW\JSAPNEW.csproj]
C:\Users\Rohit Rathod\Desktop\JsapProject\JSAPNEW\Services\Implementation\TicketsService.cs(77,48): warning CS8601: Possible null reference assignment. [C:\Users\Rohit Rathod\Desktop\JsapProject\JSAPNEW\JSAPNEW.csproj]
C:\Users\Rohit Rathod\Desktop\JsapProject\JSAPNEW\Services\Implementation\TicketsService.cs(107,48): warning CS8601: Possible null reference assignment. [C:\Users\Rohit Rathod\Desktop\JsapProject\JSAPNEW\JSAPNEW.csproj]
C:\Users\Rohit Rathod\Desktop\JsapProject\JSAPNEW\Controllers\ItemMasterController.cs(1516,41): warning CS8600: Converting null literal or possible null value to non-nullable type. [C:\Users\Rohit Rathod\Desktop\JsapProject\JSAPNEW\JSAPNEW.csproj]
C:\Users\Rohit Rathod\Desktop\JsapProject\JSAPNEW\Controllers\ItemMasterController.cs(1526,42): warning CS8600: Converting null literal or possible null value to non-nullable type. [C:\Users\Rohit Rathod\Desktop\JsapProject\JSAPNEW\JSAPNEW.csproj]
C:\Users\Rohit Rathod\Desktop\JsapProject\JSAPNEW\Services\Implementation\TicketsService.cs(139,47): warning CS8601: Possible null reference assignment. [C:\Users\Rohit Rathod\Desktop\JsapProject\JSAPNEW\JSAPNEW.csproj]
C:\Users\Rohit Rathod\Desktop\JsapProject\JSAPNEW\Services\Implementation\TicketsService.cs(140,47): warning CS8601: Possible null reference assignment. [C:\Users\Rohit Rathod\Desktop\JsapProject\JSAPNEW\JSAPNEW.csproj]
C:\Users\Rohit Rathod\Desktop\JsapProject\JSAPNEW\Services\Implementation\TicketsService.cs(144,49): warning CS8601: Possible null reference assignment. [C:\Users\Rohit Rathod\Desktop\JsapProject\JSAPNEW\JSAPNEW.csproj]
C:\Users\Rohit Rathod\Desktop\JsapProject\JSAPNEW\Controllers\HierarchyController.cs(1231,77): warning CS8604: Possible null reference argument for parameter 'oldKey' in 'Task<(bool Success, string Message)> IHierarchyService.SetAdminSalaryKeyAsync(string oldKey, string newKey, int setByUserId)'. [C:\Users\Rohit Rathod\Desktop\JsapProject\JSAPNEW\JSAPNEW.csproj]
C:\Users\Rohit Rathod\Desktop\JsapProject\JSAPNEW\Controllers\HierarchyController.cs(1269,84): warning CS8604: Possible null reference argument for parameter 'request' in 'Task<(bool Success, string Message)> IHierarchyService.UpdateSalaryDbCredentialAsync(SalaryDbCredentialDto request, int updatedBy, int? changedEmployeeId)'. [C:\Users\Rohit Rathod\Desktop\JsapProject\JSAPNEW\JSAPNEW.csproj]
C:\Users\Rohit Rathod\Desktop\JsapProject\JSAPNEW\Services\Implementation\HierarchyService.cs(4489,100): warning CS8604: Possible null reference argument for parameter 'name' in 'string GenerateCode(string name, string prefix)'. [C:\Users\Rohit Rathod\Desktop\JsapProject\JSAPNEW\JSAPNEW.csproj]
C:\Users\Rohit Rathod\Desktop\JsapProject\JSAPNEW\Services\Implementation\HierarchyService.cs(4491,100): warning CS8604: Possible null reference argument for parameter 'name' in 'string GenerateCode(string name, string prefix)'. [C:\Users\Rohit Rathod\Desktop\JsapProject\JSAPNEW\JSAPNEW.csproj]
C:\Users\Rohit Rathod\Desktop\JsapProject\JSAPNEW\Services\Implementation\HierarchyService.cs(4493,100): warning CS8604: Possible null reference argument for parameter 'name' in 'string GenerateCode(string name, string prefix)'. [C:\Users\Rohit Rathod\Desktop\JsapProject\JSAPNEW\JSAPNEW.csproj]
C:\Users\Rohit Rathod\Desktop\JsapProject\JSAPNEW\Services\Implementation\HierarchyService.cs(4495,100): warning CS8604: Possible null reference argument for parameter 'name' in 'string GenerateCode(string name, string prefix)'. [C:\Users\Rohit Rathod\Desktop\JsapProject\JSAPNEW\JSAPNEW.csproj]
C:\Users\Rohit Rathod\Desktop\JsapProject\JSAPNEW\Services\Implementation\HierarchyService.cs(4480,61): warning CS8603: Possible null reference return. [C:\Users\Rohit Rathod\Desktop\JsapProject\JSAPNEW\JSAPNEW.csproj]
C:\Users\Rohit Rathod\Desktop\JsapProject\JSAPNEW\Services\Implementation\TicketsService.cs(182,52): warning CS8601: Possible null reference assignment. [C:\Users\Rohit Rathod\Desktop\JsapProject\JSAPNEW\JSAPNEW.csproj]
C:\Users\Rohit Rathod\Desktop\JsapProject\JSAPNEW\Services\Implementation\TicketsService.cs(189,51): warning CS8601: Possible null reference assignment. [C:\Users\Rohit Rathod\Desktop\JsapProject\JSAPNEW\JSAPNEW.csproj]
C:\Users\Rohit Rathod\Desktop\JsapProject\JSAPNEW\Services\Implementation\TicketsService.cs(190,51): warning CS8601: Possible null reference assignment. [C:\Users\Rohit Rathod\Desktop\JsapProject\JSAPNEW\JSAPNEW.csproj]
C:\Users\Rohit Rathod\Desktop\JsapProject\JSAPNEW\Services\Implementation\TicketsService.cs(194,53): warning CS8601: Possible null reference assignment. [C:\Users\Rohit Rathod\Desktop\JsapProject\JSAPNEW\JSAPNEW.csproj]
C:\Users\Rohit Rathod\Desktop\JsapProject\JSAPNEW\Services\Implementation\TicketsService.cs(247,48): warning CS8601: Possible null reference assignment. [C:\Users\Rohit Rathod\Desktop\JsapProject\JSAPNEW\JSAPNEW.csproj]
C:\Users\Rohit Rathod\Desktop\JsapProject\JSAPNEW\Services\Implementation\HierarchyService.cs(4670,79): warning CS8625: Cannot convert null literal to non-nullable reference type. [C:\Users\Rohit Rathod\Desktop\JsapProject\JSAPNEW\JSAPNEW.csproj]
C:\Users\Rohit Rathod\Desktop\JsapProject\JSAPNEW\Services\Implementation\TicketsService.cs(315,52): warning CS8601: Possible null reference assignment. [C:\Users\Rohit Rathod\Desktop\JsapProject\JSAPNEW\JSAPNEW.csproj]
C:\Users\Rohit Rathod\Desktop\JsapProject\JSAPNEW\Controllers\ItemMasterController.cs(1882,41): warning CS8625: Cannot convert null literal to non-nullable reference type. [C:\Users\Rohit Rathod\Desktop\JsapProject\JSAPNEW\JSAPNEW.csproj]
C:\Users\Rohit Rathod\Desktop\JsapProject\JSAPNEW\Services\Implementation\TicketService.cs(28,33): warning CS8601: Possible null reference assignment. [C:\Users\Rohit Rathod\Desktop\JsapProject\JSAPNEW\JSAPNEW.csproj]
C:\Users\Rohit Rathod\Desktop\JsapProject\JSAPNEW\Services\Implementation\TicketService.cs(24,16): warning CS8618: Non-nullable field '_connectionString' must contain a non-null value when exiting constructor. Consider adding the 'required' modifier or declaring the field as nullable. [C:\Users\Rohit Rathod\Desktop\JsapProject\JSAPNEW\JSAPNEW.csproj]
C:\Users\Rohit Rathod\Desktop\JsapProject\JSAPNEW\Services\Implementation\TicketService.cs(24,16): warning CS8618: Non-nullable field '_webHostEnvironment' must contain a non-null value when exiting constructor. Consider adding the 'required' modifier or declaring the field as nullable. [C:\Users\Rohit Rathod\Desktop\JsapProject\JSAPNEW\JSAPNEW.csproj]
C:\Users\Rohit Rathod\Desktop\JsapProject\JSAPNEW\Services\Implementation\TicketsService.cs(361,48): warning CS8601: Possible null reference assignment. [C:\Users\Rohit Rathod\Desktop\JsapProject\JSAPNEW\JSAPNEW.csproj]
C:\Users\Rohit Rathod\Desktop\JsapProject\JSAPNEW\Controllers\HierarchyController.cs(1377,26): warning CS8602: Dereference of a possibly null reference. [C:\Users\Rohit Rathod\Desktop\JsapProject\JSAPNEW\JSAPNEW.csproj]
C:\Users\Rohit Rathod\Desktop\JsapProject\JSAPNEW\Controllers\HierarchyController.cs(1394,36): warning CS8625: Cannot convert null literal to non-nullable reference type. [C:\Users\Rohit Rathod\Desktop\JsapProject\JSAPNEW\JSAPNEW.csproj]
C:\Users\Rohit Rathod\Desktop\JsapProject\JSAPNEW\Controllers\HierarchyController.cs(1395,36): warning CS8625: Cannot convert null literal to non-nullable reference type. [C:\Users\Rohit Rathod\Desktop\JsapProject\JSAPNEW\JSAPNEW.csproj]
C:\Users\Rohit Rathod\Desktop\JsapProject\JSAPNEW\Controllers\HierarchyController.cs(1433,42): warning CS8600: Converting null literal or possible null value to non-nullable type. [C:\Users\Rohit Rathod\Desktop\JsapProject\JSAPNEW\JSAPNEW.csproj]
C:\Users\Rohit Rathod\Desktop\JsapProject\JSAPNEW\Controllers\HierarchyController.cs(1444,39): warning CS8600: Converting null literal or possible null value to non-nullable type. [C:\Users\Rohit Rathod\Desktop\JsapProject\JSAPNEW\JSAPNEW.csproj]
C:\Users\Rohit Rathod\Desktop\JsapProject\JSAPNEW\Controllers\HierarchyController.cs(1464,36): warning CS8625: Cannot convert null literal to non-nullable reference type. [C:\Users\Rohit Rathod\Desktop\JsapProject\JSAPNEW\JSAPNEW.csproj]
C:\Users\Rohit Rathod\Desktop\JsapProject\JSAPNEW\Controllers\HierarchyController.cs(1465,36): warning CS8625: Cannot convert null literal to non-nullable reference type. [C:\Users\Rohit Rathod\Desktop\JsapProject\JSAPNEW\JSAPNEW.csproj]
C:\Users\Rohit Rathod\Desktop\JsapProject\JSAPNEW\Controllers\HierarchyController.cs(1537,24): warning CS8603: Possible null reference return. [C:\Users\Rohit Rathod\Desktop\JsapProject\JSAPNEW\JSAPNEW.csproj]
C:\Users\Rohit Rathod\Desktop\JsapProject\JSAPNEW\Services\Implementation\TicketsService.cs(400,47): warning CS8601: Possible null reference assignment. [C:\Users\Rohit Rathod\Desktop\JsapProject\JSAPNEW\JSAPNEW.csproj]
C:\Users\Rohit Rathod\Desktop\JsapProject\JSAPNEW\Services\Implementation\TicketsService.cs(401,41): warning CS8601: Possible null reference assignment. [C:\Users\Rohit Rathod\Desktop\JsapProject\JSAPNEW\JSAPNEW.csproj]
C:\Users\Rohit Rathod\Desktop\JsapProject\JSAPNEW\Services\Implementation\TicketsService.cs(402,47): warning CS8601: Possible null reference assignment. [C:\Users\Rohit Rathod\Desktop\JsapProject\JSAPNEW\JSAPNEW.csproj]
C:\Users\Rohit Rathod\Desktop\JsapProject\JSAPNEW\Services\Implementation\TicketsService.cs(403,42): warning CS8601: Possible null reference assignment. [C:\Users\Rohit Rathod\Desktop\JsapProject\JSAPNEW\JSAPNEW.csproj]
C:\Users\Rohit Rathod\Desktop\JsapProject\JSAPNEW\Services\Implementation\TicketsService.cs(404,44): warning CS8601: Possible null reference assignment. [C:\Users\Rohit Rathod\Desktop\JsapProject\JSAPNEW\JSAPNEW.csproj]
C:\Users\Rohit Rathod\Desktop\JsapProject\JSAPNEW\Services\Implementation\TicketsService.cs(406,48): warning CS8601: Possible null reference assignment. [C:\Users\Rohit Rathod\Desktop\JsapProject\JSAPNEW\JSAPNEW.csproj]
C:\Users\Rohit Rathod\Desktop\JsapProject\JSAPNEW\Services\Implementation\TicketsService.cs(407,49): warning CS8601: Possible null reference assignment. [C:\Users\Rohit Rathod\Desktop\JsapProject\JSAPNEW\JSAPNEW.csproj]
C:\Users\Rohit Rathod\Desktop\JsapProject\JSAPNEW\Services\Implementation\TicketsService.cs(409,45): warning CS8601: Possible null reference assignment. [C:\Users\Rohit Rathod\Desktop\JsapProject\JSAPNEW\JSAPNEW.csproj]
C:\Users\Rohit Rathod\Desktop\JsapProject\JSAPNEW\Services\Implementation\TicketsService.cs(445,48): warning CS8601: Possible null reference assignment. [C:\Users\Rohit Rathod\Desktop\JsapProject\JSAPNEW\JSAPNEW.csproj]
C:\Users\Rohit Rathod\Desktop\JsapProject\JSAPNEW\Controllers\HierarchyController.cs(1605,54): warning CS8601: Possible null reference assignment. [C:\Users\Rohit Rathod\Desktop\JsapProject\JSAPNEW\JSAPNEW.csproj]
C:\Users\Rohit Rathod\Desktop\JsapProject\JSAPNEW\Controllers\HierarchyController.cs(1633,62): warning CS8601: Possible null reference assignment. [C:\Users\Rohit Rathod\Desktop\JsapProject\JSAPNEW\JSAPNEW.csproj]
C:\Users\Rohit Rathod\Desktop\JsapProject\JSAPNEW\Controllers\HierarchyController.cs(1692,21): warning CS8625: Cannot convert null literal to non-nullable reference type. [C:\Users\Rohit Rathod\Desktop\JsapProject\JSAPNEW\JSAPNEW.csproj]
C:\Users\Rohit Rathod\Desktop\JsapProject\JSAPNEW\Controllers\HierarchyController.cs(1693,21): warning CS8625: Cannot convert null literal to non-nullable reference type. [C:\Users\Rohit Rathod\Desktop\JsapProject\JSAPNEW\JSAPNEW.csproj]
C:\Users\Rohit Rathod\Desktop\JsapProject\JSAPNEW\Services\Implementation\TaskService.cs(15,33): warning CS8601: Possible null reference assignment. [C:\Users\Rohit Rathod\Desktop\JsapProject\JSAPNEW\JSAPNEW.csproj]
C:\Users\Rohit Rathod\Desktop\JsapProject\JSAPNEW\Services\Implementation\TaskService.cs(13,16): warning CS8618: Non-nullable field '_connectionString' must contain a non-null value when exiting constructor. Consider adding the 'required' modifier or declaring the field as nullable. [C:\Users\Rohit Rathod\Desktop\JsapProject\JSAPNEW\JSAPNEW.csproj]
C:\Users\Rohit Rathod\Desktop\JsapProject\JSAPNEW\Services\Implementation\TicketsService.cs(477,48): warning CS8601: Possible null reference assignment. [C:\Users\Rohit Rathod\Desktop\JsapProject\JSAPNEW\JSAPNEW.csproj]
C:\Users\Rohit Rathod\Desktop\JsapProject\JSAPNEW\Services\Implementation\ReportsService.cs(22,27): warning CS8601: Possible null reference assignment. [C:\Users\Rohit Rathod\Desktop\JsapProject\JSAPNEW\JSAPNEW.csproj]
C:\Users\Rohit Rathod\Desktop\JsapProject\JSAPNEW\Services\Implementation\ReportsService.cs(23,37): warning CS8601: Possible null reference assignment. [C:\Users\Rohit Rathod\Desktop\JsapProject\JSAPNEW\JSAPNEW.csproj]
C:\Users\Rohit Rathod\Desktop\JsapProject\JSAPNEW\Services\Implementation\ReportsService.cs(19,16): warning CS8618: Non-nullable field '_HanaconnectionString' must contain a non-null value when exiting constructor. Consider adding the 'required' modifier or declaring the field as nullable. [C:\Users\Rohit Rathod\Desktop\JsapProject\JSAPNEW\JSAPNEW.csproj]
C:\Users\Rohit Rathod\Desktop\JsapProject\JSAPNEW\Services\Implementation\ReportsService.cs(19,16): warning CS8618: Non-nullable field '_sapBaseUrl' must contain a non-null value when exiting constructor. Consider adding the 'required' modifier or declaring the field as nullable. [C:\Users\Rohit Rathod\Desktop\JsapProject\JSAPNEW\JSAPNEW.csproj]
C:\Users\Rohit Rathod\Desktop\JsapProject\JSAPNEW\Services\Implementation\QcService.cs(25,33): warning CS8601: Possible null reference assignment. [C:\Users\Rohit Rathod\Desktop\JsapProject\JSAPNEW\JSAPNEW.csproj]
C:\Users\Rohit Rathod\Desktop\JsapProject\JSAPNEW\Services\Implementation\QcService.cs(27,29): warning CS8601: Possible null reference assignment. [C:\Users\Rohit Rathod\Desktop\JsapProject\JSAPNEW\JSAPNEW.csproj]
C:\Users\Rohit Rathod\Desktop\JsapProject\JSAPNEW\Services\Implementation\QcService.cs(22,16): warning CS8618: Non-nullable field '_connectionString' must contain a non-null value when exiting constructor. Consider adding the 'required' modifier or declaring the field as nullable. [C:\Users\Rohit Rathod\Desktop\JsapProject\JSAPNEW\JSAPNEW.csproj]
C:\Users\Rohit Rathod\Desktop\JsapProject\JSAPNEW\Services\Implementation\QcService.cs(22,16): warning CS8618: Non-nullable field '_hanaSettings' must contain a non-null value when exiting constructor. Consider adding the 'required' modifier or declaring the field as nullable. [C:\Users\Rohit Rathod\Desktop\JsapProject\JSAPNEW\JSAPNEW.csproj]
C:\Users\Rohit Rathod\Desktop\JsapProject\JSAPNEW\Services\Implementation\PaymentService.cs(19,33): warning CS8601: Possible null reference assignment. [C:\Users\Rohit Rathod\Desktop\JsapProject\JSAPNEW\JSAPNEW.csproj]
C:\Users\Rohit Rathod\Desktop\JsapProject\JSAPNEW\Services\Implementation\PaymentService.cs(16,16): warning CS8618: Non-nullable field '_connectionString' must contain a non-null value when exiting constructor. Consider adding the 'required' modifier or declaring the field as nullable. [C:\Users\Rohit Rathod\Desktop\JsapProject\JSAPNEW\JSAPNEW.csproj]
C:\Users\Rohit Rathod\Desktop\JsapProject\JSAPNEW\Services\Implementation\PrdoService.cs(25,33): warning CS8601: Possible null reference assignment. [C:\Users\Rohit Rathod\Desktop\JsapProject\JSAPNEW\JSAPNEW.csproj]
C:\Users\Rohit Rathod\Desktop\JsapProject\JSAPNEW\Services\Implementation\PrdoService.cs(27,29): warning CS8601: Possible null reference assignment. [C:\Users\Rohit Rathod\Desktop\JsapProject\JSAPNEW\JSAPNEW.csproj]
C:\Users\Rohit Rathod\Desktop\JsapProject\JSAPNEW\Services\Implementation\PrdoService.cs(22,16): warning CS8618: Non-nullable field '_connectionString' must contain a non-null value when exiting constructor. Consider adding the 'required' modifier or declaring the field as nullable. [C:\Users\Rohit Rathod\Desktop\JsapProject\JSAPNEW\JSAPNEW.csproj]
C:\Users\Rohit Rathod\Desktop\JsapProject\JSAPNEW\Services\Implementation\PrdoService.cs(22,16): warning CS8618: Non-nullable field '_hanaSettings' must contain a non-null value when exiting constructor. Consider adding the 'required' modifier or declaring the field as nullable. [C:\Users\Rohit Rathod\Desktop\JsapProject\JSAPNEW\JSAPNEW.csproj]
C:\Users\Rohit Rathod\Desktop\JsapProject\JSAPNEW\Services\Implementation\NotificationService.cs(28,33): warning CS8601: Possible null reference assignment. [C:\Users\Rohit Rathod\Desktop\JsapProject\JSAPNEW\JSAPNEW.csproj]
C:\Users\Rohit Rathod\Desktop\JsapProject\JSAPNEW\Services\Implementation\NotificationService.cs(30,63): warning CS8604: Possible null reference argument for parameter 'path2' in 'string Path.Combine(string path1, string path2)'. [C:\Users\Rohit Rathod\Desktop\JsapProject\JSAPNEW\JSAPNEW.csproj]
C:\Users\Rohit Rathod\Desktop\JsapProject\JSAPNEW\Services\Implementation\NotificationService.cs(25,16): warning CS8618: Non-nullable field '_connectionString' must contain a non-null value when exiting constructor. Consider adding the 'required' modifier or declaring the field as nullable. [C:\Users\Rohit Rathod\Desktop\JsapProject\JSAPNEW\JSAPNEW.csproj]
C:\Users\Rohit Rathod\Desktop\JsapProject\JSAPNEW\Services\Implementation\InventoryAuditService.cs(33,33): warning CS8601: Possible null reference assignment. [C:\Users\Rohit Rathod\Desktop\JsapProject\JSAPNEW\JSAPNEW.csproj]
C:\Users\Rohit Rathod\Desktop\JsapProject\JSAPNEW\Services\Implementation\InventoryAuditService.cs(38,29): warning CS8601: Possible null reference assignment. [C:\Users\Rohit Rathod\Desktop\JsapProject\JSAPNEW\JSAPNEW.csproj]
C:\Users\Rohit Rathod\Desktop\JsapProject\JSAPNEW\Services\Implementation\InventoryAuditService.cs(30,16): warning CS8618: Non-nullable field '_connectionString' must contain a non-null value when exiting constructor. Consider adding the 'required' modifier or declaring the field as nullable. [C:\Users\Rohit Rathod\Desktop\JsapProject\JSAPNEW\JSAPNEW.csproj]
C:\Users\Rohit Rathod\Desktop\JsapProject\JSAPNEW\Services\Implementation\InventoryAuditService.cs(30,16): warning CS8618: Non-nullable field '_hanaSettings' must contain a non-null value when exiting constructor. Consider adding the 'required' modifier or declaring the field as nullable. [C:\Users\Rohit Rathod\Desktop\JsapProject\JSAPNEW\JSAPNEW.csproj]
C:\Users\Rohit Rathod\Desktop\JsapProject\JSAPNEW\Services\Implementation\TicketsService.cs(545,44): warning CS8601: Possible null reference assignment. [C:\Users\Rohit Rathod\Desktop\JsapProject\JSAPNEW\JSAPNEW.csproj]
C:\Users\Rohit Rathod\Desktop\JsapProject\JSAPNEW\Services\Implementation\TicketsService.cs(546,45): warning CS8601: Possible null reference assignment. [C:\Users\Rohit Rathod\Desktop\JsapProject\JSAPNEW\JSAPNEW.csproj]
C:\Users\Rohit Rathod\Desktop\JsapProject\JSAPNEW\Services\Implementation\TicketsService.cs(547,41): warning CS8601: Possible null reference assignment. [C:\Users\Rohit Rathod\Desktop\JsapProject\JSAPNEW\JSAPNEW.csproj]
C:\Users\Rohit Rathod\Desktop\JsapProject\JSAPNEW\Services\Implementation\GIGOService.cs(25,33): warning CS8601: Possible null reference assignment. [C:\Users\Rohit Rathod\Desktop\JsapProject\JSAPNEW\JSAPNEW.csproj]
C:\Users\Rohit Rathod\Desktop\JsapProject\JSAPNEW\Services\Implementation\GIGOService.cs(22,16): warning CS8618: Non-nullable field '_connectionString' must contain a non-null value when exiting constructor. Consider adding the 'required' modifier or declaring the field as nullable. [C:\Users\Rohit Rathod\Desktop\JsapProject\JSAPNEW\JSAPNEW.csproj]
C:\Users\Rohit Rathod\Desktop\JsapProject\JSAPNEW\Services\Implementation\ItemMasterService.cs(70,29): warning CS8601: Possible null reference assignment. [C:\Users\Rohit Rathod\Desktop\JsapProject\JSAPNEW\JSAPNEW.csproj]
C:\Users\Rohit Rathod\Desktop\JsapProject\JSAPNEW\Services\Implementation\ItemMasterService.cs(72,44): warning CS8601: Possible null reference assignment. [C:\Users\Rohit Rathod\Desktop\JsapProject\JSAPNEW\JSAPNEW.csproj]
C:\Users\Rohit Rathod\Desktop\JsapProject\JSAPNEW\Services\Implementation\ItemMasterService.cs(73,44): warning CS8601: Possible null reference assignment. [C:\Users\Rohit Rathod\Desktop\JsapProject\JSAPNEW\JSAPNEW.csproj]
C:\Users\Rohit Rathod\Desktop\JsapProject\JSAPNEW\Services\Implementation\ItemMasterService.cs(74,45): warning CS8601: Possible null reference assignment. [C:\Users\Rohit Rathod\Desktop\JsapProject\JSAPNEW\JSAPNEW.csproj]
C:\Users\Rohit Rathod\Desktop\JsapProject\JSAPNEW\Services\Implementation\ItemMasterService.cs(75,33): warning CS8601: Possible null reference assignment. [C:\Users\Rohit Rathod\Desktop\JsapProject\JSAPNEW\JSAPNEW.csproj]
C:\Users\Rohit Rathod\Desktop\JsapProject\JSAPNEW\Services\Implementation\ItemMasterService.cs(66,16): warning CS8618: Non-nullable field '_hanaSettings' must contain a non-null value when exiting constructor. Consider adding the 'required' modifier or declaring the field as nullable. [C:\Users\Rohit Rathod\Desktop\JsapProject\JSAPNEW\JSAPNEW.csproj]
C:\Users\Rohit Rathod\Desktop\JsapProject\JSAPNEW\Services\Implementation\ItemMasterService.cs(66,16): warning CS8618: Non-nullable field '_connectionString' must contain a non-null value when exiting constructor. Consider adding the 'required' modifier or declaring the field as nullable. [C:\Users\Rohit Rathod\Desktop\JsapProject\JSAPNEW\JSAPNEW.csproj]
C:\Users\Rohit Rathod\Desktop\JsapProject\JSAPNEW\Services\Implementation\ItemMasterService.cs(66,16): warning CS8618: Non-nullable field '_HanaLiveOilconnectionString' must contain a non-null value when exiting constructor. Consider adding the 'required' modifier or declaring the field as nullable. [C:\Users\Rohit Rathod\Desktop\JsapProject\JSAPNEW\JSAPNEW.csproj]
C:\Users\Rohit Rathod\Desktop\JsapProject\JSAPNEW\Services\Implementation\ItemMasterService.cs(66,16): warning CS8618: Non-nullable field '_HanaLiveBevconnectionString' must contain a non-null value when exiting constructor. Consider adding the 'required' modifier or declaring the field as nullable. [C:\Users\Rohit Rathod\Desktop\JsapProject\JSAPNEW\JSAPNEW.csproj]
C:\Users\Rohit Rathod\Desktop\JsapProject\JSAPNEW\Services\Implementation\ItemMasterService.cs(66,16): warning CS8618: Non-nullable field '_HanaLiveMartconnectionString' must contain a non-null value when exiting constructor. Consider adding the 'required' modifier or declaring the field as nullable. [C:\Users\Rohit Rathod\Desktop\JsapProject\JSAPNEW\JSAPNEW.csproj]
C:\Users\Rohit Rathod\Desktop\JsapProject\JSAPNEW\Services\Implementation\DocumentDispatchService.cs(19,37): warning CS8601: Possible null reference assignment. [C:\Users\Rohit Rathod\Desktop\JsapProject\JSAPNEW\JSAPNEW.csproj]
C:\Users\Rohit Rathod\Desktop\JsapProject\JSAPNEW\Services\Implementation\DocumentDispatchService.cs(20,33): warning CS8601: Possible null reference assignment. [C:\Users\Rohit Rathod\Desktop\JsapProject\JSAPNEW\JSAPNEW.csproj]
C:\Users\Rohit Rathod\Desktop\JsapProject\JSAPNEW\Services\Implementation\DocumentDispatchService.cs(16,16): warning CS8618: Non-nullable field '_HanaconnectionString' must contain a non-null value when exiting constructor. Consider adding the 'required' modifier or declaring the field as nullable. [C:\Users\Rohit Rathod\Desktop\JsapProject\JSAPNEW\JSAPNEW.csproj]
C:\Users\Rohit Rathod\Desktop\JsapProject\JSAPNEW\Services\Implementation\DocumentDispatchService.cs(16,16): warning CS8618: Non-nullable field '_connectionString' must contain a non-null value when exiting constructor. Consider adding the 'required' modifier or declaring the field as nullable. [C:\Users\Rohit Rathod\Desktop\JsapProject\JSAPNEW\JSAPNEW.csproj]
C:\Users\Rohit Rathod\Desktop\JsapProject\JSAPNEW\Services\Implementation\InvoicePaymentService.cs(24,30): warning CS8600: Converting null literal or possible null value to non-nullable type. [C:\Users\Rohit Rathod\Desktop\JsapProject\JSAPNEW\JSAPNEW.csproj]
C:\Users\Rohit Rathod\Desktop\JsapProject\JSAPNEW\Services\Implementation\InvoicePaymentService.cs(33,81): warning CS8600: Converting null literal or possible null value to non-nullable type. [C:\Users\Rohit Rathod\Desktop\JsapProject\JSAPNEW\JSAPNEW.csproj]
C:\Users\Rohit Rathod\Desktop\JsapProject\JSAPNEW\Services\Implementation\InvoicePaymentService.cs(34,79): warning CS8600: Converting null literal or possible null value to non-nullable type. [C:\Users\Rohit Rathod\Desktop\JsapProject\JSAPNEW\JSAPNEW.csproj]
C:\Users\Rohit Rathod\Desktop\JsapProject\JSAPNEW\Services\Implementation\InvoicePaymentService.cs(36,84): warning CS8600: Converting null literal or possible null value to non-nullable type. [C:\Users\Rohit Rathod\Desktop\JsapProject\JSAPNEW\JSAPNEW.csproj]
C:\Users\Rohit Rathod\Desktop\JsapProject\JSAPNEW\Services\Implementation\InvoicePaymentService.cs(46,47): warning CS8601: Possible null reference assignment. [C:\Users\Rohit Rathod\Desktop\JsapProject\JSAPNEW\JSAPNEW.csproj]
C:\Users\Rohit Rathod\Desktop\JsapProject\JSAPNEW\Services\Implementation\InvoicePaymentService.cs(48,47): warning CS8601: Possible null reference assignment. [C:\Users\Rohit Rathod\Desktop\JsapProject\JSAPNEW\JSAPNEW.csproj]
C:\Users\Rohit Rathod\Desktop\JsapProject\JSAPNEW\Services\Implementation\InvoicePaymentService.cs(50,50): warning CS8601: Possible null reference assignment. [C:\Users\Rohit Rathod\Desktop\JsapProject\JSAPNEW\JSAPNEW.csproj]
C:\Users\Rohit Rathod\Desktop\JsapProject\JSAPNEW\Services\Implementation\InvoicePaymentService.cs(51,47): warning CS8601: Possible null reference assignment. [C:\Users\Rohit Rathod\Desktop\JsapProject\JSAPNEW\JSAPNEW.csproj]
C:\Users\Rohit Rathod\Desktop\JsapProject\JSAPNEW\Services\Implementation\InvoicePaymentService.cs(52,47): warning CS8601: Possible null reference assignment. [C:\Users\Rohit Rathod\Desktop\JsapProject\JSAPNEW\JSAPNEW.csproj]
C:\Users\Rohit Rathod\Desktop\JsapProject\JSAPNEW\Services\Implementation\InvoicePaymentService.cs(53,51): warning CS8601: Possible null reference assignment. [C:\Users\Rohit Rathod\Desktop\JsapProject\JSAPNEW\JSAPNEW.csproj]
C:\Users\Rohit Rathod\Desktop\JsapProject\JSAPNEW\Services\Implementation\InvoicePaymentService.cs(54,43): warning CS8601: Possible null reference assignment. [C:\Users\Rohit Rathod\Desktop\JsapProject\JSAPNEW\JSAPNEW.csproj]
C:\Users\Rohit Rathod\Desktop\JsapProject\JSAPNEW\Services\Implementation\InvoicePaymentService.cs(55,49): warning CS8601: Possible null reference assignment. [C:\Users\Rohit Rathod\Desktop\JsapProject\JSAPNEW\JSAPNEW.csproj]
C:\Users\Rohit Rathod\Desktop\JsapProject\JSAPNEW\Services\Implementation\InvoicePaymentService.cs(56,49): warning CS8601: Possible null reference assignment. [C:\Users\Rohit Rathod\Desktop\JsapProject\JSAPNEW\JSAPNEW.csproj]
C:\Users\Rohit Rathod\Desktop\JsapProject\JSAPNEW\Services\Implementation\InvoicePaymentService.cs(57,49): warning CS8601: Possible null reference assignment. [C:\Users\Rohit Rathod\Desktop\JsapProject\JSAPNEW\JSAPNEW.csproj]
C:\Users\Rohit Rathod\Desktop\JsapProject\JSAPNEW\Services\Implementation\DashboardService.cs(16,33): warning CS8601: Possible null reference assignment. [C:\Users\Rohit Rathod\Desktop\JsapProject\JSAPNEW\JSAPNEW.csproj]
C:\Users\Rohit Rathod\Desktop\JsapProject\JSAPNEW\Services\Implementation\DashboardService.cs(14,16): warning CS8618: Non-nullable field '_connectionString' must contain a non-null value when exiting constructor. Consider adding the 'required' modifier or declaring the field as nullable. [C:\Users\Rohit Rathod\Desktop\JsapProject\JSAPNEW\JSAPNEW.csproj]
C:\Users\Rohit Rathod\Desktop\JsapProject\JSAPNEW\Services\Implementation\MakerService.cs(24,30): warning CS8600: Converting null literal or possible null value to non-nullable type. [C:\Users\Rohit Rathod\Desktop\JsapProject\JSAPNEW\JSAPNEW.csproj]
C:\Users\Rohit Rathod\Desktop\JsapProject\JSAPNEW\Services\Implementation\MakerService.cs(31,58): warning CS8600: Converting null literal or possible null value to non-nullable type. [C:\Users\Rohit Rathod\Desktop\JsapProject\JSAPNEW\JSAPNEW.csproj]
C:\Users\Rohit Rathod\Desktop\JsapProject\JSAPNEW\Services\Implementation\MakerService.cs(32,56): warning CS8600: Converting null literal or possible null value to non-nullable type. [C:\Users\Rohit Rathod\Desktop\JsapProject\JSAPNEW\JSAPNEW.csproj]
C:\Users\Rohit Rathod\Desktop\JsapProject\JSAPNEW\Services\Implementation\MakerService.cs(34,62): warning CS8600: Converting null literal or possible null value to non-nullable type. [C:\Users\Rohit Rathod\Desktop\JsapProject\JSAPNEW\JSAPNEW.csproj]
C:\Users\Rohit Rathod\Desktop\JsapProject\JSAPNEW\Services\Implementation\MakerService.cs(43,39): warning CS8601: Possible null reference assignment. [C:\Users\Rohit Rathod\Desktop\JsapProject\JSAPNEW\JSAPNEW.csproj]
C:\Users\Rohit Rathod\Desktop\JsapProject\JSAPNEW\Services\Implementation\MakerService.cs(47,41): warning CS8601: Possible null reference assignment. [C:\Users\Rohit Rathod\Desktop\JsapProject\JSAPNEW\JSAPNEW.csproj]
C:\Users\Rohit Rathod\Desktop\JsapProject\JSAPNEW\Services\Implementation\MakerService.cs(48,42): warning CS8601: Possible null reference assignment. [C:\Users\Rohit Rathod\Desktop\JsapProject\JSAPNEW\JSAPNEW.csproj]
C:\Users\Rohit Rathod\Desktop\JsapProject\JSAPNEW\Services\Implementation\MakerService.cs(49,39): warning CS8601: Possible null reference assignment. [C:\Users\Rohit Rathod\Desktop\JsapProject\JSAPNEW\JSAPNEW.csproj]
C:\Users\Rohit Rathod\Desktop\JsapProject\JSAPNEW\Services\Implementation\MakerService.cs(53,41): warning CS8601: Possible null reference assignment. [C:\Users\Rohit Rathod\Desktop\JsapProject\JSAPNEW\JSAPNEW.csproj]
C:\Users\Rohit Rathod\Desktop\JsapProject\JSAPNEW\Services\Implementation\MakerService.cs(54,39): warning CS8601: Possible null reference assignment. [C:\Users\Rohit Rathod\Desktop\JsapProject\JSAPNEW\JSAPNEW.csproj]
C:\Users\Rohit Rathod\Desktop\JsapProject\JSAPNEW\Services\Implementation\MakerService.cs(55,39): warning CS8601: Possible null reference assignment. [C:\Users\Rohit Rathod\Desktop\JsapProject\JSAPNEW\JSAPNEW.csproj]
C:\Users\Rohit Rathod\Desktop\JsapProject\JSAPNEW\Services\Implementation\MakerService.cs(56,43): warning CS8601: Possible null reference assignment. [C:\Users\Rohit Rathod\Desktop\JsapProject\JSAPNEW\JSAPNEW.csproj]
C:\Users\Rohit Rathod\Desktop\JsapProject\JSAPNEW\Services\Implementation\MakerService.cs(57,35): warning CS8601: Possible null reference assignment. [C:\Users\Rohit Rathod\Desktop\JsapProject\JSAPNEW\JSAPNEW.csproj]
C:\Users\Rohit Rathod\Desktop\JsapProject\JSAPNEW\Services\Implementation\CreditLimitService.cs(35,44): warning CS8601: Possible null reference assignment. [C:\Users\Rohit Rathod\Desktop\JsapProject\JSAPNEW\JSAPNEW.csproj]
C:\Users\Rohit Rathod\Desktop\JsapProject\JSAPNEW\Services\Implementation\CreditLimitService.cs(36,44): warning CS8601: Possible null reference assignment. [C:\Users\Rohit Rathod\Desktop\JsapProject\JSAPNEW\JSAPNEW.csproj]
C:\Users\Rohit Rathod\Desktop\JsapProject\JSAPNEW\Services\Implementation\CreditLimitService.cs(37,45): warning CS8601: Possible null reference assignment. [C:\Users\Rohit Rathod\Desktop\JsapProject\JSAPNEW\JSAPNEW.csproj]
C:\Users\Rohit Rathod\Desktop\JsapProject\JSAPNEW\Services\Implementation\CreditLimitService.cs(38,33): warning CS8601: Possible null reference assignment. [C:\Users\Rohit Rathod\Desktop\JsapProject\JSAPNEW\JSAPNEW.csproj]
C:\Users\Rohit Rathod\Desktop\JsapProject\JSAPNEW\Services\Implementation\CreditLimitService.cs(32,16): warning CS8618: Non-nullable field '_connectionString' must contain a non-null value when exiting constructor. Consider adding the 'required' modifier or declaring the field as nullable. [C:\Users\Rohit Rathod\Desktop\JsapProject\JSAPNEW\JSAPNEW.csproj]
C:\Users\Rohit Rathod\Desktop\JsapProject\JSAPNEW\Services\Implementation\CreditLimitService.cs(32,16): warning CS8618: Non-nullable field '_HanaLiveOilconnectionString' must contain a non-null value when exiting constructor. Consider adding the 'required' modifier or declaring the field as nullable. [C:\Users\Rohit Rathod\Desktop\JsapProject\JSAPNEW\JSAPNEW.csproj]
C:\Users\Rohit Rathod\Desktop\JsapProject\JSAPNEW\Services\Implementation\CreditLimitService.cs(32,16): warning CS8618: Non-nullable field '_HanaLiveBevconnectionString' must contain a non-null value when exiting constructor. Consider adding the 'required' modifier or declaring the field as nullable. [C:\Users\Rohit Rathod\Desktop\JsapProject\JSAPNEW\JSAPNEW.csproj]
C:\Users\Rohit Rathod\Desktop\JsapProject\JSAPNEW\Services\Implementation\CreditLimitService.cs(32,16): warning CS8618: Non-nullable field '_HanaLiveMartconnectionString' must contain a non-null value when exiting constructor. Consider adding the 'required' modifier or declaring the field as nullable. [C:\Users\Rohit Rathod\Desktop\JsapProject\JSAPNEW\JSAPNEW.csproj]
C:\Users\Rohit Rathod\Desktop\JsapProject\JSAPNEW\Services\Implementation\PaymentCheckerService.cs(24,30): warning CS8600: Converting null literal or possible null value to non-nullable type. [C:\Users\Rohit Rathod\Desktop\JsapProject\JSAPNEW\JSAPNEW.csproj]
C:\Users\Rohit Rathod\Desktop\JsapProject\JSAPNEW\Services\Implementation\PaymentCheckerService.cs(33,81): warning CS8600: Converting null literal or possible null value to non-nullable type. [C:\Users\Rohit Rathod\Desktop\JsapProject\JSAPNEW\JSAPNEW.csproj]
C:\Users\Rohit Rathod\Desktop\JsapProject\JSAPNEW\Services\Implementation\PaymentCheckerService.cs(34,79): warning CS8600: Converting null literal or possible null value to non-nullable type. [C:\Users\Rohit Rathod\Desktop\JsapProject\JSAPNEW\JSAPNEW.csproj]
C:\Users\Rohit Rathod\Desktop\JsapProject\JSAPNEW\Services\Implementation\PaymentCheckerService.cs(44,52): warning CS8600: Converting null literal or possible null value to non-nullable type. [C:\Users\Rohit Rathod\Desktop\JsapProject\JSAPNEW\JSAPNEW.csproj]
C:\Users\Rohit Rathod\Desktop\JsapProject\JSAPNEW\Services\Implementation\PaymentCheckerService.cs(56,47): warning CS8601: Possible null reference assignment. [C:\Users\Rohit Rathod\Desktop\JsapProject\JSAPNEW\JSAPNEW.csproj]
C:\Users\Rohit Rathod\Desktop\JsapProject\JSAPNEW\Services\Implementation\PaymentCheckerService.cs(58,47): warning CS8601: Possible null reference assignment. [C:\Users\Rohit Rathod\Desktop\JsapProject\JSAPNEW\JSAPNEW.csproj]
C:\Users\Rohit Rathod\Desktop\JsapProject\JSAPNEW\Services\Implementation\PaymentCheckerService.cs(60,47): warning CS8601: Possible null reference assignment. [C:\Users\Rohit Rathod\Desktop\JsapProject\JSAPNEW\JSAPNEW.csproj]
C:\Users\Rohit Rathod\Desktop\JsapProject\JSAPNEW\Services\Implementation\PaymentCheckerService.cs(61,51): warning CS8601: Possible null reference assignment. [C:\Users\Rohit Rathod\Desktop\JsapProject\JSAPNEW\JSAPNEW.csproj]
C:\Users\Rohit Rathod\Desktop\JsapProject\JSAPNEW\Services\Implementation\PaymentCheckerService.cs(62,43): warning CS8601: Possible null reference assignment. [C:\Users\Rohit Rathod\Desktop\JsapProject\JSAPNEW\JSAPNEW.csproj]
C:\Users\Rohit Rathod\Desktop\JsapProject\JSAPNEW\Services\Implementation\PaymentCheckerService.cs(63,47): warning CS8601: Possible null reference assignment. [C:\Users\Rohit Rathod\Desktop\JsapProject\JSAPNEW\JSAPNEW.csproj]
C:\Users\Rohit Rathod\Desktop\JsapProject\JSAPNEW\Services\Implementation\PaymentCheckerService.cs(64,50): warning CS8601: Possible null reference assignment. [C:\Users\Rohit Rathod\Desktop\JsapProject\JSAPNEW\JSAPNEW.csproj]
C:\Users\Rohit Rathod\Desktop\JsapProject\JSAPNEW\Services\Implementation\PaymentCheckerService.cs(65,47): warning CS8601: Possible null reference assignment. [C:\Users\Rohit Rathod\Desktop\JsapProject\JSAPNEW\JSAPNEW.csproj]
C:\Users\Rohit Rathod\Desktop\JsapProject\JSAPNEW\Services\Implementation\PaymentCheckerService.cs(66,49): warning CS8601: Possible null reference assignment. [C:\Users\Rohit Rathod\Desktop\JsapProject\JSAPNEW\JSAPNEW.csproj]
C:\Users\Rohit Rathod\Desktop\JsapProject\JSAPNEW\Services\Implementation\PaymentCheckerService.cs(67,49): warning CS8601: Possible null reference assignment. [C:\Users\Rohit Rathod\Desktop\JsapProject\JSAPNEW\JSAPNEW.csproj]
C:\Users\Rohit Rathod\Desktop\JsapProject\JSAPNEW\Services\Implementation\MakerService.cs(71,30): warning CS8600: Converting null literal or possible null value to non-nullable type. [C:\Users\Rohit Rathod\Desktop\JsapProject\JSAPNEW\JSAPNEW.csproj]
C:\Users\Rohit Rathod\Desktop\JsapProject\JSAPNEW\Services\Implementation\MakerService.cs(91,58): warning CS8600: Converting null literal or possible null value to non-nullable type. [C:\Users\Rohit Rathod\Desktop\JsapProject\JSAPNEW\JSAPNEW.csproj]
C:\Users\Rohit Rathod\Desktop\JsapProject\JSAPNEW\Services\Implementation\MakerService.cs(92,56): warning CS8600: Converting null literal or possible null value to non-nullable type. [C:\Users\Rohit Rathod\Desktop\JsapProject\JSAPNEW\JSAPNEW.csproj]
C:\Users\Rohit Rathod\Desktop\JsapProject\JSAPNEW\Services\Implementation\MakerService.cs(98,34): warning CS8604: Possible null reference argument for parameter 'item' in 'void List<string>.Add(string item)'. [C:\Users\Rohit Rathod\Desktop\JsapProject\JSAPNEW\JSAPNEW.csproj]
C:\Users\Rohit Rathod\Desktop\JsapProject\JSAPNEW\Services\Implementation\BPmasterService.cs(37,33): warning CS8601: Possible null reference assignment. [C:\Users\Rohit Rathod\Desktop\JsapProject\JSAPNEW\JSAPNEW.csproj]
C:\Users\Rohit Rathod\Desktop\JsapProject\JSAPNEW\Services\Implementation\BPmasterService.cs(39,29): warning CS8601: Possible null reference assignment. [C:\Users\Rohit Rathod\Desktop\JsapProject\JSAPNEW\JSAPNEW.csproj]
C:\Users\Rohit Rathod\Desktop\JsapProject\JSAPNEW\Services\Implementation\BPmasterService.cs(29,16): warning CS8618: Non-nullable field '_connectionString' must contain a non-null value when exiting constructor. Consider adding the 'required' modifier or declaring the field as nullable. [C:\Users\Rohit Rathod\Desktop\JsapProject\JSAPNEW\JSAPNEW.csproj]
C:\Users\Rohit Rathod\Desktop\JsapProject\JSAPNEW\Services\Implementation\BPmasterService.cs(29,16): warning CS8618: Non-nullable field '_hanaSettings' must contain a non-null value when exiting constructor. Consider adding the 'required' modifier or declaring the field as nullable. [C:\Users\Rohit Rathod\Desktop\JsapProject\JSAPNEW\JSAPNEW.csproj]
C:\Users\Rohit Rathod\Desktop\JsapProject\JSAPNEW\Services\Implementation\InvoicePaymentService.cs(73,30): warning CS8600: Converting null literal or possible null value to non-nullable type. [C:\Users\Rohit Rathod\Desktop\JsapProject\JSAPNEW\JSAPNEW.csproj]
C:\Users\Rohit Rathod\Desktop\JsapProject\JSAPNEW\Services\Implementation\InvoicePaymentService.cs(98,48): warning CS8601: Possible null reference assignment. [C:\Users\Rohit Rathod\Desktop\JsapProject\JSAPNEW\JSAPNEW.csproj]
C:\Users\Rohit Rathod\Desktop\JsapProject\JSAPNEW\Services\Implementation\InvoicePaymentService.cs(100,47): warning CS8601: Possible null reference assignment. [C:\Users\Rohit Rathod\Desktop\JsapProject\JSAPNEW\JSAPNEW.csproj]
C:\Users\Rohit Rathod\Desktop\JsapProject\JSAPNEW\Services\Implementation\InvoicePaymentService.cs(102,44): warning CS8601: Possible null reference assignment. [C:\Users\Rohit Rathod\Desktop\JsapProject\JSAPNEW\JSAPNEW.csproj]
C:\Users\Rohit Rathod\Desktop\JsapProject\JSAPNEW\Services\Implementation\InvoicePaymentService.cs(120,43): warning CS8601: Possible null reference assignment. [C:\Users\Rohit Rathod\Desktop\JsapProject\JSAPNEW\JSAPNEW.csproj]
C:\Users\Rohit Rathod\Desktop\JsapProject\JSAPNEW\Services\Implementation\InvoicePaymentService.cs(122,49): warning CS8601: Possible null reference assignment. [C:\Users\Rohit Rathod\Desktop\JsapProject\JSAPNEW\JSAPNEW.csproj]
C:\Users\Rohit Rathod\Desktop\JsapProject\JSAPNEW\Services\Implementation\InvoicePaymentService.cs(135,30): warning CS8600: Converting null literal or possible null value to non-nullable type. [C:\Users\Rohit Rathod\Desktop\JsapProject\JSAPNEW\JSAPNEW.csproj]
C:\Users\Rohit Rathod\Desktop\JsapProject\JSAPNEW\Services\Implementation\DashboardService.cs(45,24): warning CS8603: Possible null reference return. [C:\Users\Rohit Rathod\Desktop\JsapProject\JSAPNEW\JSAPNEW.csproj]
C:\Users\Rohit Rathod\Desktop\JsapProject\JSAPNEW\Services\Implementation\CheckerService.cs(23,30): warning CS8600: Converting null literal or possible null value to non-nullable type. [C:\Users\Rohit Rathod\Desktop\JsapProject\JSAPNEW\JSAPNEW.csproj]
C:\Users\Rohit Rathod\Desktop\JsapProject\JSAPNEW\Services\Implementation\CheckerService.cs(30,58): warning CS8600: Converting null literal or possible null value to non-nullable type. [C:\Users\Rohit Rathod\Desktop\JsapProject\JSAPNEW\JSAPNEW.csproj]
C:\Users\Rohit Rathod\Desktop\JsapProject\JSAPNEW\Services\Implementation\CheckerService.cs(31,56): warning CS8600: Converting null literal or possible null value to non-nullable type. [C:\Users\Rohit Rathod\Desktop\JsapProject\JSAPNEW\JSAPNEW.csproj]
C:\Users\Rohit Rathod\Desktop\JsapProject\JSAPNEW\Services\Implementation\CheckerService.cs(43,40): warning CS8601: Possible null reference assignment. [C:\Users\Rohit Rathod\Desktop\JsapProject\JSAPNEW\JSAPNEW.csproj]
C:\Users\Rohit Rathod\Desktop\JsapProject\JSAPNEW\Services\Implementation\CheckerService.cs(45,39): warning CS8601: Possible null reference assignment. [C:\Users\Rohit Rathod\Desktop\JsapProject\JSAPNEW\JSAPNEW.csproj]
C:\Users\Rohit Rathod\Desktop\JsapProject\JSAPNEW\Services\Implementation\CheckerService.cs(47,39): warning CS8601: Possible null reference assignment. [C:\Users\Rohit Rathod\Desktop\JsapProject\JSAPNEW\JSAPNEW.csproj]
C:\Users\Rohit Rathod\Desktop\JsapProject\JSAPNEW\Services\Implementation\CheckerService.cs(49,39): warning CS8601: Possible null reference assignment. [C:\Users\Rohit Rathod\Desktop\JsapProject\JSAPNEW\JSAPNEW.csproj]
C:\Users\Rohit Rathod\Desktop\JsapProject\JSAPNEW\Services\Implementation\CheckerService.cs(50,43): warning CS8601: Possible null reference assignment. [C:\Users\Rohit Rathod\Desktop\JsapProject\JSAPNEW\JSAPNEW.csproj]
C:\Users\Rohit Rathod\Desktop\JsapProject\JSAPNEW\Services\Implementation\CheckerService.cs(51,35): warning CS8601: Possible null reference assignment. [C:\Users\Rohit Rathod\Desktop\JsapProject\JSAPNEW\JSAPNEW.csproj]
C:\Users\Rohit Rathod\Desktop\JsapProject\JSAPNEW\Services\Implementation\CheckerService.cs(52,42): warning CS8601: Possible null reference assignment. [C:\Users\Rohit Rathod\Desktop\JsapProject\JSAPNEW\JSAPNEW.csproj]
C:\Users\Rohit Rathod\Desktop\JsapProject\JSAPNEW\Services\Implementation\CheckerService.cs(53,39): warning CS8601: Possible null reference assignment. [C:\Users\Rohit Rathod\Desktop\JsapProject\JSAPNEW\JSAPNEW.csproj]
C:\Users\Rohit Rathod\Desktop\JsapProject\JSAPNEW\Services\Implementation\CheckerService.cs(54,41): warning CS8601: Possible null reference assignment. [C:\Users\Rohit Rathod\Desktop\JsapProject\JSAPNEW\JSAPNEW.csproj]
C:\Users\Rohit Rathod\Desktop\JsapProject\JSAPNEW\Services\Implementation\CheckerService.cs(55,41): warning CS8601: Possible null reference assignment. [C:\Users\Rohit Rathod\Desktop\JsapProject\JSAPNEW\JSAPNEW.csproj]
C:\Users\Rohit Rathod\Desktop\JsapProject\JSAPNEW\Services\Implementation\CheckerService.cs(56,39): warning CS8601: Possible null reference assignment. [C:\Users\Rohit Rathod\Desktop\JsapProject\JSAPNEW\JSAPNEW.csproj]
C:\Users\Rohit Rathod\Desktop\JsapProject\JSAPNEW\Services\Implementation\TicketsService.cs(621,48): warning CS8601: Possible null reference assignment. [C:\Users\Rohit Rathod\Desktop\JsapProject\JSAPNEW\JSAPNEW.csproj]
C:\Users\Rohit Rathod\Desktop\JsapProject\JSAPNEW\Services\Implementation\BomService.cs(30,33): warning CS8601: Possible null reference assignment. [C:\Users\Rohit Rathod\Desktop\JsapProject\JSAPNEW\JSAPNEW.csproj]
C:\Users\Rohit Rathod\Desktop\JsapProject\JSAPNEW\Services\Implementation\BomService.cs(32,29): warning CS8601: Possible null reference assignment. [C:\Users\Rohit Rathod\Desktop\JsapProject\JSAPNEW\JSAPNEW.csproj]
C:\Users\Rohit Rathod\Desktop\JsapProject\JSAPNEW\Services\Implementation\BomService.cs(27,16): warning CS8618: Non-nullable field '_connectionString' must contain a non-null value when exiting constructor. Consider adding the 'required' modifier or declaring the field as nullable. [C:\Users\Rohit Rathod\Desktop\JsapProject\JSAPNEW\JSAPNEW.csproj]
C:\Users\Rohit Rathod\Desktop\JsapProject\JSAPNEW\Services\Implementation\BomService.cs(27,16): warning CS8618: Non-nullable field '_hanaSettings' must contain a non-null value when exiting constructor. Consider adding the 'required' modifier or declaring the field as nullable. [C:\Users\Rohit Rathod\Desktop\JsapProject\JSAPNEW\JSAPNEW.csproj]
C:\Users\Rohit Rathod\Desktop\JsapProject\JSAPNEW\Services\Implementation\CheckerService.cs(69,30): warning CS8600: Converting null literal or possible null value to non-nullable type. [C:\Users\Rohit Rathod\Desktop\JsapProject\JSAPNEW\JSAPNEW.csproj]
C:\Users\Rohit Rathod\Desktop\JsapProject\JSAPNEW\Services\Implementation\Bom2Service.cs(35,37): warning CS8601: Possible null reference assignment. [C:\Users\Rohit Rathod\Desktop\JsapProject\JSAPNEW\JSAPNEW.csproj]
C:\Users\Rohit Rathod\Desktop\JsapProject\JSAPNEW\Services\Implementation\Bom2Service.cs(36,33): warning CS8601: Possible null reference assignment. [C:\Users\Rohit Rathod\Desktop\JsapProject\JSAPNEW\JSAPNEW.csproj]
C:\Users\Rohit Rathod\Desktop\JsapProject\JSAPNEW\Services\Implementation\Bom2Service.cs(37,26): warning CS8601: Possible null reference assignment. [C:\Users\Rohit Rathod\Desktop\JsapProject\JSAPNEW\JSAPNEW.csproj]
C:\Users\Rohit Rathod\Desktop\JsapProject\JSAPNEW\Services\Implementation\Bom2Service.cs(32,16): warning CS8618: Non-nullable field '_HanaconnectionString' must contain a non-null value when exiting constructor. Consider adding the 'required' modifier or declaring the field as nullable. [C:\Users\Rohit Rathod\Desktop\JsapProject\JSAPNEW\JSAPNEW.csproj]
C:\Users\Rohit Rathod\Desktop\JsapProject\JSAPNEW\Services\Implementation\Bom2Service.cs(32,16): warning CS8618: Non-nullable field '_connectionString' must contain a non-null value when exiting constructor. Consider adding the 'required' modifier or declaring the field as nullable. [C:\Users\Rohit Rathod\Desktop\JsapProject\JSAPNEW\JSAPNEW.csproj]
C:\Users\Rohit Rathod\Desktop\JsapProject\JSAPNEW\Services\Implementation\Bom2Service.cs(32,16): warning CS8618: Non-nullable field '_activeEnv' must contain a non-null value when exiting constructor. Consider adding the 'required' modifier or declaring the field as nullable. [C:\Users\Rohit Rathod\Desktop\JsapProject\JSAPNEW\JSAPNEW.csproj]
C:\Users\Rohit Rathod\Desktop\JsapProject\JSAPNEW\Services\Implementation\Bom2Service.cs(32,16): warning CS8618: Non-nullable field '_cachedOilSession' must contain a non-null value when exiting constructor. Consider adding the 'required' modifier or declaring the field as nullable. [C:\Users\Rohit Rathod\Desktop\JsapProject\JSAPNEW\JSAPNEW.csproj]
C:\Users\Rohit Rathod\Desktop\JsapProject\JSAPNEW\Services\Implementation\Bom2Service.cs(32,16): warning CS8618: Non-nullable field '_cachedBevSession' must contain a non-null value when exiting constructor. Consider adding the 'required' modifier or declaring the field as nullable. [C:\Users\Rohit Rathod\Desktop\JsapProject\JSAPNEW\JSAPNEW.csproj]
C:\Users\Rohit Rathod\Desktop\JsapProject\JSAPNEW\Services\Implementation\Bom2Service.cs(32,16): warning CS8618: Non-nullable field '_cachedMartSession' must contain a non-null value when exiting constructor. Consider adding the 'required' modifier or declaring the field as nullable. [C:\Users\Rohit Rathod\Desktop\JsapProject\JSAPNEW\JSAPNEW.csproj]
C:\Users\Rohit Rathod\Desktop\JsapProject\JSAPNEW\Services\Implementation\PaymentCheckerService.cs(84,30): warning CS8600: Converting null literal or possible null value to non-nullable type. [C:\Users\Rohit Rathod\Desktop\JsapProject\JSAPNEW\JSAPNEW.csproj]
C:\Users\Rohit Rathod\Desktop\JsapProject\JSAPNEW\Services\Implementation\PaymentCheckerService.cs(109,47): warning CS8601: Possible null reference assignment. [C:\Users\Rohit Rathod\Desktop\JsapProject\JSAPNEW\JSAPNEW.csproj]
C:\Users\Rohit Rathod\Desktop\JsapProject\JSAPNEW\Services\Implementation\PaymentCheckerService.cs(111,44): warning CS8601: Possible null reference assignment. [C:\Users\Rohit Rathod\Desktop\JsapProject\JSAPNEW\JSAPNEW.csproj]
C:\Users\Rohit Rathod\Desktop\JsapProject\JSAPNEW\Services\Implementation\PaymentCheckerService.cs(115,49): warning CS8601: Possible null reference assignment. [C:\Users\Rohit Rathod\Desktop\JsapProject\JSAPNEW\JSAPNEW.csproj]
C:\Users\Rohit Rathod\Desktop\JsapProject\JSAPNEW\Services\Implementation\PaymentCheckerService.cs(119,43): warning CS8601: Possible null reference assignment. [C:\Users\Rohit Rathod\Desktop\JsapProject\JSAPNEW\JSAPNEW.csproj]
C:\Users\Rohit Rathod\Desktop\JsapProject\JSAPNEW\Services\Implementation\MakerService.cs(110,30): warning CS8600: Converting null literal or possible null value to non-nullable type. [C:\Users\Rohit Rathod\Desktop\JsapProject\JSAPNEW\JSAPNEW.csproj]
C:\Users\Rohit Rathod\Desktop\JsapProject\JSAPNEW\Services\Implementation\MakerService.cs(135,48): warning CS8601: Possible null reference assignment. [C:\Users\Rohit Rathod\Desktop\JsapProject\JSAPNEW\JSAPNEW.csproj]
C:\Users\Rohit Rathod\Desktop\JsapProject\JSAPNEW\Services\Implementation\MakerService.cs(137,47): warning CS8601: Possible null reference assignment. [C:\Users\Rohit Rathod\Desktop\JsapProject\JSAPNEW\JSAPNEW.csproj]
C:\Users\Rohit Rathod\Desktop\JsapProject\JSAPNEW\Services\Implementation\MakerService.cs(139,44): warning CS8601: Possible null reference assignment. [C:\Users\Rohit Rathod\Desktop\JsapProject\JSAPNEW\JSAPNEW.csproj]
C:\Users\Rohit Rathod\Desktop\JsapProject\JSAPNEW\Services\Implementation\MakerService.cs(157,43): warning CS8601: Possible null reference assignment. [C:\Users\Rohit Rathod\Desktop\JsapProject\JSAPNEW\JSAPNEW.csproj]
C:\Users\Rohit Rathod\Desktop\JsapProject\JSAPNEW\Services\Implementation\MakerService.cs(159,49): warning CS8601: Possible null reference assignment. [C:\Users\Rohit Rathod\Desktop\JsapProject\JSAPNEW\JSAPNEW.csproj]
C:\Users\Rohit Rathod\Desktop\JsapProject\JSAPNEW\Services\Implementation\PaymentCheckerService.cs(132,30): warning CS8600: Converting null literal or possible null value to non-nullable type. [C:\Users\Rohit Rathod\Desktop\JsapProject\JSAPNEW\JSAPNEW.csproj]
C:\Users\Rohit Rathod\Desktop\JsapProject\JSAPNEW\Services\Implementation\TicketsService.cs(653,48): warning CS8601: Possible null reference assignment. [C:\Users\Rohit Rathod\Desktop\JsapProject\JSAPNEW\JSAPNEW.csproj]
C:\Users\Rohit Rathod\Desktop\JsapProject\JSAPNEW\Services\Implementation\CheckerService.cs(99,30): warning CS8600: Converting null literal or possible null value to non-nullable type. [C:\Users\Rohit Rathod\Desktop\JsapProject\JSAPNEW\JSAPNEW.csproj]
C:\Users\Rohit Rathod\Desktop\JsapProject\JSAPNEW\Services\Implementation\CheckerService.cs(126,48): warning CS8601: Possible null reference assignment. [C:\Users\Rohit Rathod\Desktop\JsapProject\JSAPNEW\JSAPNEW.csproj]
C:\Users\Rohit Rathod\Desktop\JsapProject\JSAPNEW\Services\Implementation\CheckerService.cs(128,47): warning CS8601: Possible null reference assignment. [C:\Users\Rohit Rathod\Desktop\JsapProject\JSAPNEW\JSAPNEW.csproj]
C:\Users\Rohit Rathod\Desktop\JsapProject\JSAPNEW\Services\Implementation\CheckerService.cs(130,44): warning CS8601: Possible null reference assignment. [C:\Users\Rohit Rathod\Desktop\JsapProject\JSAPNEW\JSAPNEW.csproj]
C:\Users\Rohit Rathod\Desktop\JsapProject\JSAPNEW\Services\Implementation\CheckerService.cs(152,43): warning CS8601: Possible null reference assignment. [C:\Users\Rohit Rathod\Desktop\JsapProject\JSAPNEW\JSAPNEW.csproj]
C:\Users\Rohit Rathod\Desktop\JsapProject\JSAPNEW\Services\Implementation\CheckerService.cs(154,49): warning CS8601: Possible null reference assignment. [C:\Users\Rohit Rathod\Desktop\JsapProject\JSAPNEW\JSAPNEW.csproj]
C:\Users\Rohit Rathod\Desktop\JsapProject\JSAPNEW\Services\Implementation\QcService.cs(323,37): warning CS8601: Possible null reference assignment. [C:\Users\Rohit Rathod\Desktop\JsapProject\JSAPNEW\JSAPNEW.csproj]
C:\Users\Rohit Rathod\Desktop\JsapProject\JSAPNEW\Services\Implementation\QcService.cs(343,45): warning CS8600: Converting null literal or possible null value to non-nullable type. [C:\Users\Rohit Rathod\Desktop\JsapProject\JSAPNEW\JSAPNEW.csproj]
C:\Users\Rohit Rathod\Desktop\JsapProject\JSAPNEW\Services\Implementation\QcService.cs(345,48): warning CS8601: Possible null reference assignment. [C:\Users\Rohit Rathod\Desktop\JsapProject\JSAPNEW\JSAPNEW.csproj]
C:\Users\Rohit Rathod\Desktop\JsapProject\JSAPNEW\Services\Implementation\PaymentCheckerService.cs(153,30): warning CS8600: Converting null literal or possible null value to non-nullable type. [C:\Users\Rohit Rathod\Desktop\JsapProject\JSAPNEW\JSAPNEW.csproj]
C:\Users\Rohit Rathod\Desktop\JsapProject\JSAPNEW\Services\Implementation\TicketService.cs(541,45): warning CS8601: Possible null reference assignment. [C:\Users\Rohit Rathod\Desktop\JsapProject\JSAPNEW\JSAPNEW.csproj]
C:\Users\Rohit Rathod\Desktop\JsapProject\JSAPNEW\Services\Implementation\TicketService.cs(542,43): warning CS8601: Possible null reference assignment. [C:\Users\Rohit Rathod\Desktop\JsapProject\JSAPNEW\JSAPNEW.csproj]
C:\Users\Rohit Rathod\Desktop\JsapProject\JSAPNEW\Services\Implementation\Bom2Service.cs(88,34): warning CS8600: Converting null literal or possible null value to non-nullable type. [C:\Users\Rohit Rathod\Desktop\JsapProject\JSAPNEW\JSAPNEW.csproj]
C:\Users\Rohit Rathod\Desktop\JsapProject\JSAPNEW\Services\Implementation\Bom2Service.cs(90,36): warning CS8602: Dereference of a possibly null reference. [C:\Users\Rohit Rathod\Desktop\JsapProject\JSAPNEW\JSAPNEW.csproj]
C:\Users\Rohit Rathod\Desktop\JsapProject\JSAPNEW\Services\Implementation\Bom2Service.cs(93,36): warning CS8600: Converting null literal or possible null value to non-nullable type. [C:\Users\Rohit Rathod\Desktop\JsapProject\JSAPNEW\JSAPNEW.csproj]
C:\Users\Rohit Rathod\Desktop\JsapProject\JSAPNEW\Services\Implementation\Bom2Service.cs(94,34): warning CS8600: Converting null literal or possible null value to non-nullable type. [C:\Users\Rohit Rathod\Desktop\JsapProject\JSAPNEW\JSAPNEW.csproj]
C:\Users\Rohit Rathod\Desktop\JsapProject\JSAPNEW\Services\Implementation\Bom2Service.cs(99,31): warning CS8601: Possible null reference assignment. [C:\Users\Rohit Rathod\Desktop\JsapProject\JSAPNEW\JSAPNEW.csproj]
C:\Users\Rohit Rathod\Desktop\JsapProject\JSAPNEW\Services\Implementation\Bom2Service.cs(100,33): warning CS8601: Possible null reference assignment. [C:\Users\Rohit Rathod\Desktop\JsapProject\JSAPNEW\JSAPNEW.csproj]
C:\Users\Rohit Rathod\Desktop\JsapProject\JSAPNEW\Services\Implementation\TicketsService.cs(684,48): warning CS8601: Possible null reference assignment. [C:\Users\Rohit Rathod\Desktop\JsapProject\JSAPNEW\JSAPNEW.csproj]
C:\Users\Rohit Rathod\Desktop\JsapProject\JSAPNEW\Services\Implementation\QcService.cs(404,37): warning CS8601: Possible null reference assignment. [C:\Users\Rohit Rathod\Desktop\JsapProject\JSAPNEW\JSAPNEW.csproj]
C:\Users\Rohit Rathod\Desktop\JsapProject\JSAPNEW\Services\Implementation\DashboardService.cs(156,24): warning CS8603: Possible null reference return. [C:\Users\Rohit Rathod\Desktop\JsapProject\JSAPNEW\JSAPNEW.csproj]
C:\Users\Rohit Rathod\Desktop\JsapProject\JSAPNEW\Services\Implementation\QcService.cs(425,37): warning CS8601: Possible null reference assignment. [C:\Users\Rohit Rathod\Desktop\JsapProject\JSAPNEW\JSAPNEW.csproj]
C:\Users\Rohit Rathod\Desktop\JsapProject\JSAPNEW\Services\Implementation\PrdoService.cs(333,52): warning CS8601: Possible null reference assignment. [C:\Users\Rohit Rathod\Desktop\JsapProject\JSAPNEW\JSAPNEW.csproj]
C:\Users\Rohit Rathod\Desktop\JsapProject\JSAPNEW\Services\Implementation\TicketsService.cs(716,48): warning CS8601: Possible null reference assignment. [C:\Users\Rohit Rathod\Desktop\JsapProject\JSAPNEW\JSAPNEW.csproj]
C:\Users\Rohit Rathod\Desktop\JsapProject\JSAPNEW\Services\Implementation\TicketService.cs(577,32): warning CS8601: Possible null reference assignment. [C:\Users\Rohit Rathod\Desktop\JsapProject\JSAPNEW\JSAPNEW.csproj]
C:\Users\Rohit Rathod\Desktop\JsapProject\JSAPNEW\Services\Implementation\BPmasterService.cs(188,52): warning CS8604: Possible null reference argument for parameter 'values' in 'string BPmasterService.FirstText(params string[] values)'. [C:\Users\Rohit Rathod\Desktop\JsapProject\JSAPNEW\JSAPNEW.csproj]
C:\Users\Rohit Rathod\Desktop\JsapProject\JSAPNEW\Services\Implementation\Bom2Service.cs(138,34): warning CS8600: Converting null literal or possible null value to non-nullable type. [C:\Users\Rohit Rathod\Desktop\JsapProject\JSAPNEW\JSAPNEW.csproj]
C:\Users\Rohit Rathod\Desktop\JsapProject\JSAPNEW\Services\Implementation\Bom2Service.cs(140,36): warning CS8602: Dereference of a possibly null reference. [C:\Users\Rohit Rathod\Desktop\JsapProject\JSAPNEW\JSAPNEW.csproj]
C:\Users\Rohit Rathod\Desktop\JsapProject\JSAPNEW\Services\Implementation\Bom2Service.cs(143,36): warning CS8600: Converting null literal or possible null value to non-nullable type. [C:\Users\Rohit Rathod\Desktop\JsapProject\JSAPNEW\JSAPNEW.csproj]
C:\Users\Rohit Rathod\Desktop\JsapProject\JSAPNEW\Services\Implementation\Bom2Service.cs(144,34): warning CS8600: Converting null literal or possible null value to non-nullable type. [C:\Users\Rohit Rathod\Desktop\JsapProject\JSAPNEW\JSAPNEW.csproj]
C:\Users\Rohit Rathod\Desktop\JsapProject\JSAPNEW\Services\Implementation\Bom2Service.cs(149,31): warning CS8601: Possible null reference assignment. [C:\Users\Rohit Rathod\Desktop\JsapProject\JSAPNEW\JSAPNEW.csproj]
C:\Users\Rohit Rathod\Desktop\JsapProject\JSAPNEW\Services\Implementation\Bom2Service.cs(150,33): warning CS8601: Possible null reference assignment. [C:\Users\Rohit Rathod\Desktop\JsapProject\JSAPNEW\JSAPNEW.csproj]
C:\Users\Rohit Rathod\Desktop\JsapProject\JSAPNEW\Services\Implementation\PermissionService.cs(375,43): warning CS8601: Possible null reference assignment. [C:\Users\Rohit Rathod\Desktop\JsapProject\JSAPNEW\JSAPNEW.csproj]
C:\Users\Rohit Rathod\Desktop\JsapProject\JSAPNEW\Services\Implementation\Bom2Service.cs(188,34): warning CS8600: Converting null literal or possible null value to non-nullable type. [C:\Users\Rohit Rathod\Desktop\JsapProject\JSAPNEW\JSAPNEW.csproj]
C:\Users\Rohit Rathod\Desktop\JsapProject\JSAPNEW\Services\Implementation\Bom2Service.cs(190,36): warning CS8602: Dereference of a possibly null reference. [C:\Users\Rohit Rathod\Desktop\JsapProject\JSAPNEW\JSAPNEW.csproj]
C:\Users\Rohit Rathod\Desktop\JsapProject\JSAPNEW\Services\Implementation\Bom2Service.cs(193,36): warning CS8600: Converting null literal or possible null value to non-nullable type. [C:\Users\Rohit Rathod\Desktop\JsapProject\JSAPNEW\JSAPNEW.csproj]
C:\Users\Rohit Rathod\Desktop\JsapProject\JSAPNEW\Services\Implementation\Bom2Service.cs(194,34): warning CS8600: Converting null literal or possible null value to non-nullable type. [C:\Users\Rohit Rathod\Desktop\JsapProject\JSAPNEW\JSAPNEW.csproj]
C:\Users\Rohit Rathod\Desktop\JsapProject\JSAPNEW\Services\Implementation\Bom2Service.cs(199,31): warning CS8601: Possible null reference assignment. [C:\Users\Rohit Rathod\Desktop\JsapProject\JSAPNEW\JSAPNEW.csproj]
C:\Users\Rohit Rathod\Desktop\JsapProject\JSAPNEW\Services\Implementation\Bom2Service.cs(200,33): warning CS8601: Possible null reference assignment. [C:\Users\Rohit Rathod\Desktop\JsapProject\JSAPNEW\JSAPNEW.csproj]
C:\Users\Rohit Rathod\Desktop\JsapProject\JSAPNEW\Services\Implementation\PermissionService.cs(403,43): warning CS8601: Possible null reference assignment. [C:\Users\Rohit Rathod\Desktop\JsapProject\JSAPNEW\JSAPNEW.csproj]
C:\Users\Rohit Rathod\Desktop\JsapProject\JSAPNEW\Services\Implementation\BPmasterService.cs(207,52): warning CS8604: Possible null reference argument for parameter 'values' in 'string BPmasterService.FirstText(params string[] values)'. [C:\Users\Rohit Rathod\Desktop\JsapProject\JSAPNEW\JSAPNEW.csproj]
C:\Users\Rohit Rathod\Desktop\JsapProject\JSAPNEW\Services\Implementation\InventoryAuditService.cs(251,47): warning CS8601: Possible null reference assignment. [C:\Users\Rohit Rathod\Desktop\JsapProject\JSAPNEW\JSAPNEW.csproj]
C:\Users\Rohit Rathod\Desktop\JsapProject\JSAPNEW\Services\Implementation\TicketsService.cs(793,48): warning CS8601: Possible null reference assignment. [C:\Users\Rohit Rathod\Desktop\JsapProject\JSAPNEW\JSAPNEW.csproj]
C:\Users\Rohit Rathod\Desktop\JsapProject\JSAPNEW\Services\Implementation\NotificationService.cs(338,40): warning CS8601: Possible null reference assignment. [C:\Users\Rohit Rathod\Desktop\JsapProject\JSAPNEW\JSAPNEW.csproj]
C:\Users\Rohit Rathod\Desktop\JsapProject\JSAPNEW\Services\Implementation\TicketsService.cs(826,48): warning CS8601: Possible null reference assignment. [C:\Users\Rohit Rathod\Desktop\JsapProject\JSAPNEW\JSAPNEW.csproj]
C:\Users\Rohit Rathod\Desktop\JsapProject\JSAPNEW\Services\Implementation\TicketsService.cs(857,48): warning CS8601: Possible null reference assignment. [C:\Users\Rohit Rathod\Desktop\JsapProject\JSAPNEW\JSAPNEW.csproj]
C:\Users\Rohit Rathod\Desktop\JsapProject\JSAPNEW\Services\Implementation\CreditLimitService.cs(225,44): warning CS8604: Possible null reference argument for parameter 'value' in 'void Dictionary<string, string>.Add(string key, string value)'. [C:\Users\Rohit Rathod\Desktop\JsapProject\JSAPNEW\JSAPNEW.csproj]
C:\Users\Rohit Rathod\Desktop\JsapProject\JSAPNEW\Services\Implementation\CreditLimitService.cs(233,57): warning CS8604: Possible null reference argument for parameter 'item' in 'bool HashSet<string>.Contains(string item)'. [C:\Users\Rohit Rathod\Desktop\JsapProject\JSAPNEW\JSAPNEW.csproj]
C:\Users\Rohit Rathod\Desktop\JsapProject\JSAPNEW\Services\Implementation\TicketsService.cs(891,52): warning CS8601: Possible null reference assignment. [C:\Users\Rohit Rathod\Desktop\JsapProject\JSAPNEW\JSAPNEW.csproj]
C:\Users\Rohit Rathod\Desktop\JsapProject\JSAPNEW\Services\Implementation\CreditLimitService.cs(335,34): warning CS8601: Possible null reference assignment. [C:\Users\Rohit Rathod\Desktop\JsapProject\JSAPNEW\JSAPNEW.csproj]
C:\Users\Rohit Rathod\Desktop\JsapProject\JSAPNEW\Services\Implementation\TicketsService.cs(935,52): warning CS8601: Possible null reference assignment. [C:\Users\Rohit Rathod\Desktop\JsapProject\JSAPNEW\JSAPNEW.csproj]
C:\Users\Rohit Rathod\Desktop\JsapProject\JSAPNEW\Services\Implementation\TicketsService.cs(981,47): warning CS8601: Possible null reference assignment. [C:\Users\Rohit Rathod\Desktop\JsapProject\JSAPNEW\JSAPNEW.csproj]
C:\Users\Rohit Rathod\Desktop\JsapProject\JSAPNEW\Services\Implementation\TicketsService.cs(982,43): warning CS8601: Possible null reference assignment. [C:\Users\Rohit Rathod\Desktop\JsapProject\JSAPNEW\JSAPNEW.csproj]
C:\Users\Rohit Rathod\Desktop\JsapProject\JSAPNEW\Services\Implementation\InventoryAuditService.cs(428,24): warning CS8603: Possible null reference return. [C:\Users\Rohit Rathod\Desktop\JsapProject\JSAPNEW\JSAPNEW.csproj]
C:\Users\Rohit Rathod\Desktop\JsapProject\JSAPNEW\Services\Implementation\TicketsService.cs(1026,52): warning CS8601: Possible null reference assignment. [C:\Users\Rohit Rathod\Desktop\JsapProject\JSAPNEW\JSAPNEW.csproj]
C:\Users\Rohit Rathod\Desktop\JsapProject\JSAPNEW\Services\Implementation\InventoryAuditService.cs(448,35): warning CS8601: Possible null reference assignment. [C:\Users\Rohit Rathod\Desktop\JsapProject\JSAPNEW\JSAPNEW.csproj]
C:\Users\Rohit Rathod\Desktop\JsapProject\JSAPNEW\Services\Implementation\CreditLimitService.cs(447,45): warning CS8604: Possible null reference argument for parameter 'item' in 'bool HashSet<string>.Contains(string item)'. [C:\Users\Rohit Rathod\Desktop\JsapProject\JSAPNEW\JSAPNEW.csproj]
C:\Users\Rohit Rathod\Desktop\JsapProject\JSAPNEW\Services\Implementation\InventoryAuditService.cs(470,35): warning CS8601: Possible null reference assignment. [C:\Users\Rohit Rathod\Desktop\JsapProject\JSAPNEW\JSAPNEW.csproj]
C:\Users\Rohit Rathod\Desktop\JsapProject\JSAPNEW\Services\Implementation\InventoryAuditService.cs(492,24): warning CS8603: Possible null reference return. [C:\Users\Rohit Rathod\Desktop\JsapProject\JSAPNEW\JSAPNEW.csproj]
C:\Users\Rohit Rathod\Desktop\JsapProject\JSAPNEW\Services\Implementation\InventoryAuditService.cs(549,24): warning CS8603: Possible null reference return. [C:\Users\Rohit Rathod\Desktop\JsapProject\JSAPNEW\JSAPNEW.csproj]
C:\Users\Rohit Rathod\Desktop\JsapProject\JSAPNEW\Services\Implementation\BomService.cs(493,53): warning CS8604: Possible null reference argument for parameter 'item' in 'bool HashSet<string>.Contains(string item)'. [C:\Users\Rohit Rathod\Desktop\JsapProject\JSAPNEW\JSAPNEW.csproj]
C:\Users\Rohit Rathod\Desktop\JsapProject\JSAPNEW\Services\Implementation\TicketsService.cs(1086,44): warning CS8601: Possible null reference assignment. [C:\Users\Rohit Rathod\Desktop\JsapProject\JSAPNEW\JSAPNEW.csproj]
C:\Users\Rohit Rathod\Desktop\JsapProject\JSAPNEW\Services\Implementation\TicketsService.cs(1087,45): warning CS8601: Possible null reference assignment. [C:\Users\Rohit Rathod\Desktop\JsapProject\JSAPNEW\JSAPNEW.csproj]
C:\Users\Rohit Rathod\Desktop\JsapProject\JSAPNEW\Services\Implementation\TicketsService.cs(1088,41): warning CS8601: Possible null reference assignment. [C:\Users\Rohit Rathod\Desktop\JsapProject\JSAPNEW\JSAPNEW.csproj]
C:\Users\Rohit Rathod\Desktop\JsapProject\JSAPNEW\Services\Implementation\TicketsService.cs(1089,45): warning CS8601: Possible null reference assignment. [C:\Users\Rohit Rathod\Desktop\JsapProject\JSAPNEW\JSAPNEW.csproj]
C:\Users\Rohit Rathod\Desktop\JsapProject\JSAPNEW\Services\Implementation\TicketsService.cs(1111,49): warning CS8601: Possible null reference assignment. [C:\Users\Rohit Rathod\Desktop\JsapProject\JSAPNEW\JSAPNEW.csproj]
C:\Users\Rohit Rathod\Desktop\JsapProject\JSAPNEW\Services\Implementation\TicketsService.cs(1130,51): warning CS8601: Possible null reference assignment. [C:\Users\Rohit Rathod\Desktop\JsapProject\JSAPNEW\JSAPNEW.csproj]
C:\Users\Rohit Rathod\Desktop\JsapProject\JSAPNEW\Services\Implementation\TicketsService.cs(1131,49): warning CS8601: Possible null reference assignment. [C:\Users\Rohit Rathod\Desktop\JsapProject\JSAPNEW\JSAPNEW.csproj]
C:\Users\Rohit Rathod\Desktop\JsapProject\JSAPNEW\Services\Implementation\BomService.cs(585,41): warning CS8600: Converting null literal or possible null value to non-nullable type. [C:\Users\Rohit Rathod\Desktop\JsapProject\JSAPNEW\JSAPNEW.csproj]
C:\Users\Rohit Rathod\Desktop\JsapProject\JSAPNEW\Services\Implementation\InventoryAuditService.cs(640,24): warning CS8603: Possible null reference return. [C:\Users\Rohit Rathod\Desktop\JsapProject\JSAPNEW\JSAPNEW.csproj]
C:\Users\Rohit Rathod\Desktop\JsapProject\JSAPNEW\Services\Implementation\ItemMasterService.cs(481,72): warning CS8600: Converting null literal or possible null value to non-nullable type. [C:\Users\Rohit Rathod\Desktop\JsapProject\JSAPNEW\JSAPNEW.csproj]
C:\Users\Rohit Rathod\Desktop\JsapProject\JSAPNEW\Services\Implementation\ItemMasterService.cs(526,53): warning CS8602: Dereference of a possibly null reference. [C:\Users\Rohit Rathod\Desktop\JsapProject\JSAPNEW\JSAPNEW.csproj]
C:\Users\Rohit Rathod\Desktop\JsapProject\JSAPNEW\Services\Implementation\ItemMasterService.cs(534,43): warning CS8602: Dereference of a possibly null reference. [C:\Users\Rohit Rathod\Desktop\JsapProject\JSAPNEW\JSAPNEW.csproj]
C:\Users\Rohit Rathod\Desktop\JsapProject\JSAPNEW\Services\Implementation\CreditLimitService.cs(679,24): warning CS8603: Possible null reference return. [C:\Users\Rohit Rathod\Desktop\JsapProject\JSAPNEW\JSAPNEW.csproj]
C:\Users\Rohit Rathod\Desktop\JsapProject\JSAPNEW\Services\Implementation\CreditLimitService.cs(696,36): warning CS8601: Possible null reference assignment. [C:\Users\Rohit Rathod\Desktop\JsapProject\JSAPNEW\JSAPNEW.csproj]
C:\Users\Rohit Rathod\Desktop\JsapProject\JSAPNEW\Services\Implementation\TicketsService.cs(1186,44): warning CS8601: Possible null reference assignment. [C:\Users\Rohit Rathod\Desktop\JsapProject\JSAPNEW\JSAPNEW.csproj]
C:\Users\Rohit Rathod\Desktop\JsapProject\JSAPNEW\Services\Implementation\TicketsService.cs(1187,45): warning CS8601: Possible null reference assignment. [C:\Users\Rohit Rathod\Desktop\JsapProject\JSAPNEW\JSAPNEW.csproj]
C:\Users\Rohit Rathod\Desktop\JsapProject\JSAPNEW\Services\Implementation\TicketsService.cs(1188,41): warning CS8601: Possible null reference assignment. [C:\Users\Rohit Rathod\Desktop\JsapProject\JSAPNEW\JSAPNEW.csproj]
C:\Users\Rohit Rathod\Desktop\JsapProject\JSAPNEW\Services\Implementation\TicketsService.cs(1189,45): warning CS8601: Possible null reference assignment. [C:\Users\Rohit Rathod\Desktop\JsapProject\JSAPNEW\JSAPNEW.csproj]
C:\Users\Rohit Rathod\Desktop\JsapProject\JSAPNEW\Services\Implementation\TicketsService.cs(1210,49): warning CS8601: Possible null reference assignment. [C:\Users\Rohit Rathod\Desktop\JsapProject\JSAPNEW\JSAPNEW.csproj]
C:\Users\Rohit Rathod\Desktop\JsapProject\JSAPNEW\Services\Implementation\TicketsService.cs(1228,49): warning CS8601: Possible null reference assignment. [C:\Users\Rohit Rathod\Desktop\JsapProject\JSAPNEW\JSAPNEW.csproj]
C:\Users\Rohit Rathod\Desktop\JsapProject\JSAPNEW\Services\Implementation\TicketsService.cs(1242,51): warning CS8601: Possible null reference assignment. [C:\Users\Rohit Rathod\Desktop\JsapProject\JSAPNEW\JSAPNEW.csproj]
C:\Users\Rohit Rathod\Desktop\JsapProject\JSAPNEW\Services\Implementation\TicketsService.cs(1243,49): warning CS8601: Possible null reference assignment. [C:\Users\Rohit Rathod\Desktop\JsapProject\JSAPNEW\JSAPNEW.csproj]
C:\Users\Rohit Rathod\Desktop\JsapProject\JSAPNEW\Services\Implementation\ItemMasterService.cs(688,56): warning CS8602: Dereference of a possibly null reference. [C:\Users\Rohit Rathod\Desktop\JsapProject\JSAPNEW\JSAPNEW.csproj]
C:\Users\Rohit Rathod\Desktop\JsapProject\JSAPNEW\Services\Implementation\GIGOService.cs(284,37): warning CS8605: Unboxing a possibly null value. [C:\Users\Rohit Rathod\Desktop\JsapProject\JSAPNEW\JSAPNEW.csproj]
C:\Users\Rohit Rathod\Desktop\JsapProject\JSAPNEW\Services\Implementation\GIGOService.cs(334,107): warning CS8600: Converting null literal or possible null value to non-nullable type. [C:\Users\Rohit Rathod\Desktop\JsapProject\JSAPNEW\JSAPNEW.csproj]
C:\Users\Rohit Rathod\Desktop\JsapProject\JSAPNEW\Services\Implementation\BomService.cs(707,25): warning CS0472: The result of the expression is always 'true' since a value of type 'int' is never equal to 'null' of type 'int?' [C:\Users\Rohit Rathod\Desktop\JsapProject\JSAPNEW\JSAPNEW.csproj]
C:\Users\Rohit Rathod\Desktop\JsapProject\JSAPNEW\Services\Implementation\BomService.cs(716,25): warning CS0472: The result of the expression is always 'true' since a value of type 'int' is never equal to 'null' of type 'int?' [C:\Users\Rohit Rathod\Desktop\JsapProject\JSAPNEW\JSAPNEW.csproj]
C:\Users\Rohit Rathod\Desktop\JsapProject\JSAPNEW\Services\Implementation\BomService.cs(725,25): warning CS0472: The result of the expression is always 'true' since a value of type 'int' is never equal to 'null' of type 'int?' [C:\Users\Rohit Rathod\Desktop\JsapProject\JSAPNEW\JSAPNEW.csproj]
C:\Users\Rohit Rathod\Desktop\JsapProject\JSAPNEW\Services\Implementation\BomService.cs(756,40): warning CS8601: Possible null reference assignment. [C:\Users\Rohit Rathod\Desktop\JsapProject\JSAPNEW\JSAPNEW.csproj]
C:\Users\Rohit Rathod\Desktop\JsapProject\JSAPNEW\Services\Implementation\CreditLimitService.cs(967,24): warning CS8603: Possible null reference return. [C:\Users\Rohit Rathod\Desktop\JsapProject\JSAPNEW\JSAPNEW.csproj]
C:\Users\Rohit Rathod\Desktop\JsapProject\JSAPNEW\Services\Implementation\GIGOService.cs(804,32): warning CS8602: Dereference of a possibly null reference. [C:\Users\Rohit Rathod\Desktop\JsapProject\JSAPNEW\JSAPNEW.csproj]
C:\Users\Rohit Rathod\Desktop\JsapProject\JSAPNEW\Services\Implementation\GIGOService.cs(806,36): warning CS8601: Possible null reference assignment. [C:\Users\Rohit Rathod\Desktop\JsapProject\JSAPNEW\JSAPNEW.csproj]
C:\Users\Rohit Rathod\Desktop\JsapProject\JSAPNEW\Services\Implementation\TicketsService.cs(1297,44): warning CS8601: Possible null reference assignment. [C:\Users\Rohit Rathod\Desktop\JsapProject\JSAPNEW\JSAPNEW.csproj]
C:\Users\Rohit Rathod\Desktop\JsapProject\JSAPNEW\Services\Implementation\TicketsService.cs(1298,45): warning CS8601: Possible null reference assignment. [C:\Users\Rohit Rathod\Desktop\JsapProject\JSAPNEW\JSAPNEW.csproj]
C:\Users\Rohit Rathod\Desktop\JsapProject\JSAPNEW\Services\Implementation\TicketsService.cs(1299,41): warning CS8601: Possible null reference assignment. [C:\Users\Rohit Rathod\Desktop\JsapProject\JSAPNEW\JSAPNEW.csproj]
C:\Users\Rohit Rathod\Desktop\JsapProject\JSAPNEW\Services\Implementation\TicketsService.cs(1300,45): warning CS8601: Possible null reference assignment. [C:\Users\Rohit Rathod\Desktop\JsapProject\JSAPNEW\JSAPNEW.csproj]
C:\Users\Rohit Rathod\Desktop\JsapProject\JSAPNEW\Services\Implementation\TicketsService.cs(1319,49): warning CS8601: Possible null reference assignment. [C:\Users\Rohit Rathod\Desktop\JsapProject\JSAPNEW\JSAPNEW.csproj]
C:\Users\Rohit Rathod\Desktop\JsapProject\JSAPNEW\Services\Implementation\TicketsService.cs(1337,52): warning CS8601: Possible null reference assignment. [C:\Users\Rohit Rathod\Desktop\JsapProject\JSAPNEW\JSAPNEW.csproj]
C:\Users\Rohit Rathod\Desktop\JsapProject\JSAPNEW\Services\Implementation\TicketsService.cs(1338,53): warning CS8601: Possible null reference assignment. [C:\Users\Rohit Rathod\Desktop\JsapProject\JSAPNEW\JSAPNEW.csproj]
C:\Users\Rohit Rathod\Desktop\JsapProject\JSAPNEW\Services\Implementation\TicketsService.cs(1339,49): warning CS8601: Possible null reference assignment. [C:\Users\Rohit Rathod\Desktop\JsapProject\JSAPNEW\JSAPNEW.csproj]
C:\Users\Rohit Rathod\Desktop\JsapProject\JSAPNEW\Services\Implementation\TicketsService.cs(1357,51): warning CS8601: Possible null reference assignment. [C:\Users\Rohit Rathod\Desktop\JsapProject\JSAPNEW\JSAPNEW.csproj]
C:\Users\Rohit Rathod\Desktop\JsapProject\JSAPNEW\Services\Implementation\TicketsService.cs(1358,49): warning CS8601: Possible null reference assignment. [C:\Users\Rohit Rathod\Desktop\JsapProject\JSAPNEW\JSAPNEW.csproj]
C:\Users\Rohit Rathod\Desktop\JsapProject\JSAPNEW\Services\Implementation\CreditLimitService.cs(1006,18): warning CS0219: The variable 'isSuccess' is assigned but its value is never used [C:\Users\Rohit Rathod\Desktop\JsapProject\JSAPNEW\JSAPNEW.csproj]
C:\Users\Rohit Rathod\Desktop\JsapProject\JSAPNEW\Services\Implementation\TicketsService.cs(1400,31): warning CS8601: Possible null reference assignment. [C:\Users\Rohit Rathod\Desktop\JsapProject\JSAPNEW\JSAPNEW.csproj]
C:\Users\Rohit Rathod\Desktop\JsapProject\JSAPNEW\Services\Implementation\TicketsService.cs(1401,25): warning CS8601: Possible null reference assignment. [C:\Users\Rohit Rathod\Desktop\JsapProject\JSAPNEW\JSAPNEW.csproj]
C:\Users\Rohit Rathod\Desktop\JsapProject\JSAPNEW\Services\Implementation\TicketsService.cs(1402,31): warning CS8601: Possible null reference assignment. [C:\Users\Rohit Rathod\Desktop\JsapProject\JSAPNEW\JSAPNEW.csproj]
C:\Users\Rohit Rathod\Desktop\JsapProject\JSAPNEW\Services\Implementation\TicketsService.cs(1403,26): warning CS8601: Possible null reference assignment. [C:\Users\Rohit Rathod\Desktop\JsapProject\JSAPNEW\JSAPNEW.csproj]
C:\Users\Rohit Rathod\Desktop\JsapProject\JSAPNEW\Services\Implementation\TicketsService.cs(1404,28): warning CS8601: Possible null reference assignment. [C:\Users\Rohit Rathod\Desktop\JsapProject\JSAPNEW\JSAPNEW.csproj]
C:\Users\Rohit Rathod\Desktop\JsapProject\JSAPNEW\Services\Implementation\TicketsService.cs(1411,39): warning CS8601: Possible null reference assignment. [C:\Users\Rohit Rathod\Desktop\JsapProject\JSAPNEW\JSAPNEW.csproj]
C:\Users\Rohit Rathod\Desktop\JsapProject\JSAPNEW\Services\Implementation\TicketsService.cs(1413,40): warning CS8601: Possible null reference assignment. [C:\Users\Rohit Rathod\Desktop\JsapProject\JSAPNEW\JSAPNEW.csproj]
C:\Users\Rohit Rathod\Desktop\JsapProject\JSAPNEW\Services\Implementation\TicketsService.cs(1417,39): warning CS8601: Possible null reference assignment. [C:\Users\Rohit Rathod\Desktop\JsapProject\JSAPNEW\JSAPNEW.csproj]
C:\Users\Rohit Rathod\Desktop\JsapProject\JSAPNEW\Services\Implementation\TicketsService.cs(1421,39): warning CS8601: Possible null reference assignment. [C:\Users\Rohit Rathod\Desktop\JsapProject\JSAPNEW\JSAPNEW.csproj]
C:\Users\Rohit Rathod\Desktop\JsapProject\JSAPNEW\Services\Implementation\TicketsService.cs(1423,40): warning CS8601: Possible null reference assignment. [C:\Users\Rohit Rathod\Desktop\JsapProject\JSAPNEW\JSAPNEW.csproj]
C:\Users\Rohit Rathod\Desktop\JsapProject\JSAPNEW\Services\Implementation\TicketsService.cs(1433,36): warning CS8601: Possible null reference assignment. [C:\Users\Rohit Rathod\Desktop\JsapProject\JSAPNEW\JSAPNEW.csproj]
C:\Users\Rohit Rathod\Desktop\JsapProject\JSAPNEW\Services\Implementation\TicketsService.cs(1451,28): warning CS8601: Possible null reference assignment. [C:\Users\Rohit Rathod\Desktop\JsapProject\JSAPNEW\JSAPNEW.csproj]
C:\Users\Rohit Rathod\Desktop\JsapProject\JSAPNEW\Services\Implementation\TicketsService.cs(1452,29): warning CS8601: Possible null reference assignment. [C:\Users\Rohit Rathod\Desktop\JsapProject\JSAPNEW\JSAPNEW.csproj]
C:\Users\Rohit Rathod\Desktop\JsapProject\JSAPNEW\Services\Implementation\TicketsService.cs(1453,27): warning CS8601: Possible null reference assignment. [C:\Users\Rohit Rathod\Desktop\JsapProject\JSAPNEW\JSAPNEW.csproj]
C:\Users\Rohit Rathod\Desktop\JsapProject\JSAPNEW\Services\Implementation\TicketsService.cs(1468,28): warning CS8601: Possible null reference assignment. [C:\Users\Rohit Rathod\Desktop\JsapProject\JSAPNEW\JSAPNEW.csproj]
C:\Users\Rohit Rathod\Desktop\JsapProject\JSAPNEW\Services\Implementation\TicketsService.cs(1469,29): warning CS8601: Possible null reference assignment. [C:\Users\Rohit Rathod\Desktop\JsapProject\JSAPNEW\JSAPNEW.csproj]
C:\Users\Rohit Rathod\Desktop\JsapProject\JSAPNEW\Services\Implementation\TicketsService.cs(1470,26): warning CS8601: Possible null reference assignment. [C:\Users\Rohit Rathod\Desktop\JsapProject\JSAPNEW\JSAPNEW.csproj]
C:\Users\Rohit Rathod\Desktop\JsapProject\JSAPNEW\Services\Implementation\TicketsService.cs(1471,28): warning CS8601: Possible null reference assignment. [C:\Users\Rohit Rathod\Desktop\JsapProject\JSAPNEW\JSAPNEW.csproj]
C:\Users\Rohit Rathod\Desktop\JsapProject\JSAPNEW\Services\Implementation\TicketsService.cs(1472,28): warning CS8601: Possible null reference assignment. [C:\Users\Rohit Rathod\Desktop\JsapProject\JSAPNEW\JSAPNEW.csproj]
C:\Users\Rohit Rathod\Desktop\JsapProject\JSAPNEW\Services\Implementation\TicketsService.cs(1473,31): warning CS8601: Possible null reference assignment. [C:\Users\Rohit Rathod\Desktop\JsapProject\JSAPNEW\JSAPNEW.csproj]
C:\Users\Rohit Rathod\Desktop\JsapProject\JSAPNEW\Services\Implementation\BPmasterService.cs(1061,32): warning CS8604: Possible null reference argument for parameter 'value' in 'string? BPmasterService.NullIfBlank(string value)'. [C:\Users\Rohit Rathod\Desktop\JsapProject\JSAPNEW\JSAPNEW.csproj]
C:\Users\Rohit Rathod\Desktop\JsapProject\JSAPNEW\Services\Implementation\BPmasterService.cs(1069,21): warning CS8604: Possible null reference argument for parameter 'values' in 'string BPmasterService.FirstText(params string[] values)'. [C:\Users\Rohit Rathod\Desktop\JsapProject\JSAPNEW\JSAPNEW.csproj]
C:\Users\Rohit Rathod\Desktop\JsapProject\JSAPNEW\Services\Implementation\BPmasterService.cs(1070,21): warning CS8604: Possible null reference argument for parameter 'values' in 'string BPmasterService.FirstText(params string[] values)'. [C:\Users\Rohit Rathod\Desktop\JsapProject\JSAPNEW\JSAPNEW.csproj]
C:\Users\Rohit Rathod\Desktop\JsapProject\JSAPNEW\Services\Implementation\BPmasterService.cs(1074,17): warning CS8604: Possible null reference argument for parameter 'values' in 'string BPmasterService.FirstText(params string[] values)'. [C:\Users\Rohit Rathod\Desktop\JsapProject\JSAPNEW\JSAPNEW.csproj]
C:\Users\Rohit Rathod\Desktop\JsapProject\JSAPNEW\Services\Implementation\BPmasterService.cs(1075,17): warning CS8604: Possible null reference argument for parameter 'values' in 'string BPmasterService.FirstText(params string[] values)'. [C:\Users\Rohit Rathod\Desktop\JsapProject\JSAPNEW\JSAPNEW.csproj]
C:\Users\Rohit Rathod\Desktop\JsapProject\JSAPNEW\Services\Implementation\TicketsService.cs(1499,48): warning CS8601: Possible null reference assignment. [C:\Users\Rohit Rathod\Desktop\JsapProject\JSAPNEW\JSAPNEW.csproj]
C:\Users\Rohit Rathod\Desktop\JsapProject\JSAPNEW\Services\Implementation\TicketsService.cs(1532,48): warning CS8601: Possible null reference assignment. [C:\Users\Rohit Rathod\Desktop\JsapProject\JSAPNEW\JSAPNEW.csproj]
C:\Users\Rohit Rathod\Desktop\JsapProject\JSAPNEW\Services\Implementation\TicketsService.cs(1533,49): warning CS8601: Possible null reference assignment. [C:\Users\Rohit Rathod\Desktop\JsapProject\JSAPNEW\JSAPNEW.csproj]
C:\Users\Rohit Rathod\Desktop\JsapProject\JSAPNEW\Services\Implementation\TicketsService.cs(1567,44): warning CS8601: Possible null reference assignment. [C:\Users\Rohit Rathod\Desktop\JsapProject\JSAPNEW\JSAPNEW.csproj]
C:\Users\Rohit Rathod\Desktop\JsapProject\JSAPNEW\Services\Implementation\TicketsService.cs(1568,44): warning CS8601: Possible null reference assignment. [C:\Users\Rohit Rathod\Desktop\JsapProject\JSAPNEW\JSAPNEW.csproj]
C:\Users\Rohit Rathod\Desktop\JsapProject\JSAPNEW\Services\Implementation\TicketsService.cs(1569,44): warning CS8601: Possible null reference assignment. [C:\Users\Rohit Rathod\Desktop\JsapProject\JSAPNEW\JSAPNEW.csproj]
C:\Users\Rohit Rathod\Desktop\JsapProject\JSAPNEW\Services\Implementation\BPmasterService.cs(1110,24): warning CS8629: Nullable value type may be null. [C:\Users\Rohit Rathod\Desktop\JsapProject\JSAPNEW\JSAPNEW.csproj]
C:\Users\Rohit Rathod\Desktop\JsapProject\JSAPNEW\Services\Implementation\ItemMasterService.cs(1001,40): warning CS8601: Possible null reference assignment. [C:\Users\Rohit Rathod\Desktop\JsapProject\JSAPNEW\JSAPNEW.csproj]
C:\Users\Rohit Rathod\Desktop\JsapProject\JSAPNEW\Services\Implementation\TicketsService.cs(1607,44): warning CS8601: Possible null reference assignment. [C:\Users\Rohit Rathod\Desktop\JsapProject\JSAPNEW\JSAPNEW.csproj]
C:\Users\Rohit Rathod\Desktop\JsapProject\JSAPNEW\Services\Implementation\TicketsService.cs(1608,44): warning CS8601: Possible null reference assignment. [C:\Users\Rohit Rathod\Desktop\JsapProject\JSAPNEW\JSAPNEW.csproj]
C:\Users\Rohit Rathod\Desktop\JsapProject\JSAPNEW\Services\Implementation\TicketsService.cs(1609,44): warning CS8601: Possible null reference assignment. [C:\Users\Rohit Rathod\Desktop\JsapProject\JSAPNEW\JSAPNEW.csproj]
C:\Users\Rohit Rathod\Desktop\JsapProject\JSAPNEW\Services\Implementation\BomService.cs(1116,46): warning CS8601: Possible null reference assignment. [C:\Users\Rohit Rathod\Desktop\JsapProject\JSAPNEW\JSAPNEW.csproj]
C:\Users\Rohit Rathod\Desktop\JsapProject\JSAPNEW\Services\Implementation\BomService.cs(1117,40): warning CS8601: Possible null reference assignment. [C:\Users\Rohit Rathod\Desktop\JsapProject\JSAPNEW\JSAPNEW.csproj]
C:\Users\Rohit Rathod\Desktop\JsapProject\JSAPNEW\Services\Implementation\BomService.cs(1124,45): warning CS8601: Possible null reference assignment. [C:\Users\Rohit Rathod\Desktop\JsapProject\JSAPNEW\JSAPNEW.csproj]
C:\Users\Rohit Rathod\Desktop\JsapProject\JSAPNEW\Services\Implementation\BomService.cs(1126,44): warning CS8601: Possible null reference assignment. [C:\Users\Rohit Rathod\Desktop\JsapProject\JSAPNEW\JSAPNEW.csproj]
C:\Users\Rohit Rathod\Desktop\JsapProject\JSAPNEW\Services\Implementation\BomService.cs(1127,44): warning CS8601: Possible null reference assignment. [C:\Users\Rohit Rathod\Desktop\JsapProject\JSAPNEW\JSAPNEW.csproj]
C:\Users\Rohit Rathod\Desktop\JsapProject\JSAPNEW\Services\Implementation\BomService.cs(1128,45): warning CS8601: Possible null reference assignment. [C:\Users\Rohit Rathod\Desktop\JsapProject\JSAPNEW\JSAPNEW.csproj]
C:\Users\Rohit Rathod\Desktop\JsapProject\JSAPNEW\Services\Implementation\BomService.cs(1130,39): warning CS8601: Possible null reference assignment. [C:\Users\Rohit Rathod\Desktop\JsapProject\JSAPNEW\JSAPNEW.csproj]
C:\Users\Rohit Rathod\Desktop\JsapProject\JSAPNEW\Services\Implementation\BomService.cs(1132,44): warning CS8601: Possible null reference assignment. [C:\Users\Rohit Rathod\Desktop\JsapProject\JSAPNEW\JSAPNEW.csproj]
C:\Users\Rohit Rathod\Desktop\JsapProject\JSAPNEW\Services\Implementation\BomService.cs(1133,40): warning CS8601: Possible null reference assignment. [C:\Users\Rohit Rathod\Desktop\JsapProject\JSAPNEW\JSAPNEW.csproj]
C:\Users\Rohit Rathod\Desktop\JsapProject\JSAPNEW\Services\Implementation\BomService.cs(1134,43): warning CS8601: Possible null reference assignment. [C:\Users\Rohit Rathod\Desktop\JsapProject\JSAPNEW\JSAPNEW.csproj]
C:\Users\Rohit Rathod\Desktop\JsapProject\JSAPNEW\Services\Implementation\BomService.cs(1148,44): warning CS8601: Possible null reference assignment. [C:\Users\Rohit Rathod\Desktop\JsapProject\JSAPNEW\JSAPNEW.csproj]
C:\Users\Rohit Rathod\Desktop\JsapProject\JSAPNEW\Services\Implementation\BomService.cs(1149,53): warning CS8601: Possible null reference assignment. [C:\Users\Rohit Rathod\Desktop\JsapProject\JSAPNEW\JSAPNEW.csproj]
C:\Users\Rohit Rathod\Desktop\JsapProject\JSAPNEW\Services\Implementation\BomService.cs(1151,49): warning CS8601: Possible null reference assignment. [C:\Users\Rohit Rathod\Desktop\JsapProject\JSAPNEW\JSAPNEW.csproj]
C:\Users\Rohit Rathod\Desktop\JsapProject\JSAPNEW\Services\Implementation\BomService.cs(1153,48): warning CS8601: Possible null reference assignment. [C:\Users\Rohit Rathod\Desktop\JsapProject\JSAPNEW\JSAPNEW.csproj]
C:\Users\Rohit Rathod\Desktop\JsapProject\JSAPNEW\Services\Implementation\BomService.cs(1154,48): warning CS8601: Possible null reference assignment. [C:\Users\Rohit Rathod\Desktop\JsapProject\JSAPNEW\JSAPNEW.csproj]
C:\Users\Rohit Rathod\Desktop\JsapProject\JSAPNEW\Services\Implementation\BomService.cs(1155,49): warning CS8601: Possible null reference assignment. [C:\Users\Rohit Rathod\Desktop\JsapProject\JSAPNEW\JSAPNEW.csproj]
C:\Users\Rohit Rathod\Desktop\JsapProject\JSAPNEW\Services\Implementation\BomService.cs(1157,43): warning CS8601: Possible null reference assignment. [C:\Users\Rohit Rathod\Desktop\JsapProject\JSAPNEW\JSAPNEW.csproj]
C:\Users\Rohit Rathod\Desktop\JsapProject\JSAPNEW\Services\Implementation\BomService.cs(1159,48): warning CS8601: Possible null reference assignment. [C:\Users\Rohit Rathod\Desktop\JsapProject\JSAPNEW\JSAPNEW.csproj]
C:\Users\Rohit Rathod\Desktop\JsapProject\JSAPNEW\Services\Implementation\BomService.cs(1160,44): warning CS8601: Possible null reference assignment. [C:\Users\Rohit Rathod\Desktop\JsapProject\JSAPNEW\JSAPNEW.csproj]
C:\Users\Rohit Rathod\Desktop\JsapProject\JSAPNEW\Services\Implementation\BomService.cs(1161,47): warning CS8601: Possible null reference assignment. [C:\Users\Rohit Rathod\Desktop\JsapProject\JSAPNEW\JSAPNEW.csproj]
C:\Users\Rohit Rathod\Desktop\JsapProject\JSAPNEW\Services\Implementation\BomService.cs(1175,44): warning CS8601: Possible null reference assignment. [C:\Users\Rohit Rathod\Desktop\JsapProject\JSAPNEW\JSAPNEW.csproj]
C:\Users\Rohit Rathod\Desktop\JsapProject\JSAPNEW\Services\Implementation\BomService.cs(1176,53): warning CS8601: Possible null reference assignment. [C:\Users\Rohit Rathod\Desktop\JsapProject\JSAPNEW\JSAPNEW.csproj]
C:\Users\Rohit Rathod\Desktop\JsapProject\JSAPNEW\Services\Implementation\BomService.cs(1178,49): warning CS8601: Possible null reference assignment. [C:\Users\Rohit Rathod\Desktop\JsapProject\JSAPNEW\JSAPNEW.csproj]
C:\Users\Rohit Rathod\Desktop\JsapProject\JSAPNEW\Services\Implementation\BomService.cs(1180,47): warning CS8601: Possible null reference assignment. [C:\Users\Rohit Rathod\Desktop\JsapProject\JSAPNEW\JSAPNEW.csproj]
C:\Users\Rohit Rathod\Desktop\JsapProject\JSAPNEW\Services\Implementation\BomService.cs(1181,47): warning CS8601: Possible null reference assignment. [C:\Users\Rohit Rathod\Desktop\JsapProject\JSAPNEW\JSAPNEW.csproj]
C:\Users\Rohit Rathod\Desktop\JsapProject\JSAPNEW\Services\Implementation\BomService.cs(1196,44): warning CS8601: Possible null reference assignment. [C:\Users\Rohit Rathod\Desktop\JsapProject\JSAPNEW\JSAPNEW.csproj]
C:\Users\Rohit Rathod\Desktop\JsapProject\JSAPNEW\Services\Implementation\BomService.cs(1197,48): warning CS8601: Possible null reference assignment. [C:\Users\Rohit Rathod\Desktop\JsapProject\JSAPNEW\JSAPNEW.csproj]
C:\Users\Rohit Rathod\Desktop\JsapProject\JSAPNEW\Services\Implementation\BomService.cs(1198,47): warning CS8601: Possible null reference assignment. [C:\Users\Rohit Rathod\Desktop\JsapProject\JSAPNEW\JSAPNEW.csproj]
C:\Users\Rohit Rathod\Desktop\JsapProject\JSAPNEW\Services\Implementation\BomService.cs(1200,51): warning CS8601: Possible null reference assignment. [C:\Users\Rohit Rathod\Desktop\JsapProject\JSAPNEW\JSAPNEW.csproj]
C:\Users\Rohit Rathod\Desktop\JsapProject\JSAPNEW\Services\Implementation\ItemMasterService.cs(1074,40): warning CS8601: Possible null reference assignment. [C:\Users\Rohit Rathod\Desktop\JsapProject\JSAPNEW\JSAPNEW.csproj]
C:\Users\Rohit Rathod\Desktop\JsapProject\JSAPNEW\Services\Implementation\ItemMasterService.cs(1370,65): warning CS8604: Possible null reference argument for parameter 'item' in 'bool HashSet<string>.Contains(string item)'. [C:\Users\Rohit Rathod\Desktop\JsapProject\JSAPNEW\JSAPNEW.csproj]
C:\Users\Rohit Rathod\Desktop\JsapProject\JSAPNEW\Services\Implementation\BPmasterService.cs(2156,37): warning CS8601: Possible null reference assignment. [C:\Users\Rohit Rathod\Desktop\JsapProject\JSAPNEW\JSAPNEW.csproj]
C:\Users\Rohit Rathod\Desktop\JsapProject\JSAPNEW\Services\Implementation\BPmasterService.cs(2157,41): warning CS8601: Possible null reference assignment. [C:\Users\Rohit Rathod\Desktop\JsapProject\JSAPNEW\JSAPNEW.csproj]
C:\Users\Rohit Rathod\Desktop\JsapProject\JSAPNEW\Services\Implementation\BPmasterService.cs(2175,42): warning CS8600: Converting null literal or possible null value to non-nullable type. [C:\Users\Rohit Rathod\Desktop\JsapProject\JSAPNEW\JSAPNEW.csproj]
C:\Users\Rohit Rathod\Desktop\JsapProject\JSAPNEW\Services\Implementation\BPmasterService.cs(2179,40): warning CS8601: Possible null reference assignment. [C:\Users\Rohit Rathod\Desktop\JsapProject\JSAPNEW\JSAPNEW.csproj]
C:\Users\Rohit Rathod\Desktop\JsapProject\JSAPNEW\Services\Implementation\ItemMasterService.cs(1755,38): warning CS8601: Possible null reference assignment. [C:\Users\Rohit Rathod\Desktop\JsapProject\JSAPNEW\JSAPNEW.csproj]
C:\Users\Rohit Rathod\Desktop\JsapProject\JSAPNEW\Services\Implementation\ItemMasterService.cs(1772,33): warning CS8601: Possible null reference assignment. [C:\Users\Rohit Rathod\Desktop\JsapProject\JSAPNEW\JSAPNEW.csproj]
C:\Users\Rohit Rathod\Desktop\JsapProject\JSAPNEW\Services\Implementation\ItemMasterService.cs(1773,42): warning CS8601: Possible null reference assignment. [C:\Users\Rohit Rathod\Desktop\JsapProject\JSAPNEW\JSAPNEW.csproj]
C:\Users\Rohit Rathod\Desktop\JsapProject\JSAPNEW\Services\Implementation\ItemMasterService.cs(1774,36): warning CS8601: Possible null reference assignment. [C:\Users\Rohit Rathod\Desktop\JsapProject\JSAPNEW\JSAPNEW.csproj]
C:\Users\Rohit Rathod\Desktop\JsapProject\JSAPNEW\Services\Implementation\ItemMasterService.cs(1775,36): warning CS8601: Possible null reference assignment. [C:\Users\Rohit Rathod\Desktop\JsapProject\JSAPNEW\JSAPNEW.csproj]
C:\Users\Rohit Rathod\Desktop\JsapProject\JSAPNEW\Services\Implementation\ItemMasterService.cs(1776,45): warning CS8601: Possible null reference assignment. [C:\Users\Rohit Rathod\Desktop\JsapProject\JSAPNEW\JSAPNEW.csproj]
C:\Users\Rohit Rathod\Desktop\JsapProject\JSAPNEW\Services\Implementation\ItemMasterService.cs(1890,59): warning CS8625: Cannot convert null literal to non-nullable reference type. [C:\Users\Rohit Rathod\Desktop\JsapProject\JSAPNEW\JSAPNEW.csproj]
C:\Users\Rohit Rathod\Desktop\JsapProject\JSAPNEW\Services\Implementation\ItemMasterService.cs(2089,30): warning CS0168: The variable 'ex' is declared but never used [C:\Users\Rohit Rathod\Desktop\JsapProject\JSAPNEW\JSAPNEW.csproj]
C:\Users\Rohit Rathod\Desktop\JsapProject\JSAPNEW\Services\Implementation\ItemMasterService.cs(2228,79): warning CS8600: Converting null literal or possible null value to non-nullable type. [C:\Users\Rohit Rathod\Desktop\JsapProject\JSAPNEW\JSAPNEW.csproj]
C:\Users\Rohit Rathod\Desktop\JsapProject\JSAPNEW\Services\Implementation\ItemMasterService.cs(2493,32): warning CS8604: Possible null reference argument for parameter 'value' in 'void Dictionary<string, string>.Add(string key, string value)'. [C:\Users\Rohit Rathod\Desktop\JsapProject\JSAPNEW\JSAPNEW.csproj]
C:\Users\Rohit Rathod\Desktop\JsapProject\JSAPNEW\Services\Implementation\ItemMasterService.cs(2501,49): warning CS8604: Possible null reference argument for parameter 'item' in 'bool HashSet<string>.Add(string item)'. [C:\Users\Rohit Rathod\Desktop\JsapProject\JSAPNEW\JSAPNEW.csproj]
C:\Users\Rohit Rathod\Desktop\JsapProject\JSAPNEW\Services\Implementation\BPmasterService.cs(3301,37): warning CS0168: The variable 'ex' is declared but never used [C:\Users\Rohit Rathod\Desktop\JsapProject\JSAPNEW\JSAPNEW.csproj]
C:\Users\Rohit Rathod\Desktop\JsapProject\JSAPNEW\Services\Implementation\TicketService.cs(22,24): warning CS0169: The field 'TicketService._webHostEnvironment' is never used [C:\Users\Rohit Rathod\Desktop\JsapProject\JSAPNEW\JSAPNEW.csproj]
C:\Users\Rohit Rathod\Desktop\JsapProject\JSAPNEW\Controllers\ReportsController.cs(17,46): warning CS0169: The field 'ReportsController._hostingEnvironment' is never used [C:\Users\Rohit Rathod\Desktop\JsapProject\JSAPNEW\JSAPNEW.csproj]

Build succeeded.

C:\Users\Rohit Rathod\Desktop\JsapProject\JSAPNEW\JSAPNEW.csproj : warning NU1901: Package 'NuGet.Packaging' 6.11.0 has a known low severity vulnerability, https://github.com/advisories/GHSA-g4vj-cjjj-v7hg
C:\Users\Rohit Rathod\Desktop\JsapProject\JSAPNEW\JSAPNEW.csproj : warning NU1901: Package 'NuGet.Protocol' 6.11.0 has a known low severity vulnerability, https://github.com/advisories/GHSA-g4vj-cjjj-v7hg
C:\Users\Rohit Rathod\Desktop\JsapProject\JSAPNEW\JSAPNEW.csproj : warning NU1901: Package 'NuGet.Packaging' 6.11.0 has a known low severity vulnerability, https://github.com/advisories/GHSA-g4vj-cjjj-v7hg
C:\Users\Rohit Rathod\Desktop\JsapProject\JSAPNEW\JSAPNEW.csproj : warning NU1901: Package 'NuGet.Protocol' 6.11.0 has a known low severity vulnerability, https://github.com/advisories/GHSA-g4vj-cjjj-v7hg
C:\Users\Rohit Rathod\Desktop\JsapProject\JSAPNEW\Controllers\UserManagementController.cs(7,7): warning CS0105: The using directive for 'Microsoft.AspNetCore.Authorization' appeared previously in this namespace [C:\Users\Rohit Rathod\Desktop\JsapProject\JSAPNEW\JSAPNEW.csproj]
C:\Users\Rohit Rathod\Desktop\JsapProject\JSAPNEW\Models\TicketModels.cs(89,18): warning CS8981: The type name 'updateticketstatusmodel' only contains lower-cased ascii characters. Such names may become reserved for the language. [C:\Users\Rohit Rathod\Desktop\JsapProject\JSAPNEW\JSAPNEW.csproj]
C:\Users\Rohit Rathod\Desktop\JsapProject\JSAPNEW\Controllers\BomController.cs(521,96): warning CS8625: Cannot convert null literal to non-nullable reference type. [C:\Users\Rohit Rathod\Desktop\JsapProject\JSAPNEW\JSAPNEW.csproj]
C:\Users\Rohit Rathod\Desktop\JsapProject\JSAPNEW\Controllers\Auth2Controller.cs(880,115): warning CS8625: Cannot convert null literal to non-nullable reference type. [C:\Users\Rohit Rathod\Desktop\JsapProject\JSAPNEW\JSAPNEW.csproj]
C:\Users\Rohit Rathod\Desktop\JsapProject\JSAPNEW\Controllers\HierarchyController.cs(448,45): warning CS8625: Cannot convert null literal to non-nullable reference type. [C:\Users\Rohit Rathod\Desktop\JsapProject\JSAPNEW\JSAPNEW.csproj]
C:\Users\Rohit Rathod\Desktop\JsapProject\JSAPNEW\Controllers\BPmasterController.cs(674,99): warning CS8625: Cannot convert null literal to non-nullable reference type. [C:\Users\Rohit Rathod\Desktop\JsapProject\JSAPNEW\JSAPNEW.csproj]
C:\Users\Rohit Rathod\Desktop\JsapProject\JSAPNEW\Controllers\BPmasterController.cs(700,97): warning CS8625: Cannot convert null literal to non-nullable reference type. [C:\Users\Rohit Rathod\Desktop\JsapProject\JSAPNEW\JSAPNEW.csproj]
C:\Users\Rohit Rathod\Desktop\JsapProject\JSAPNEW\Controllers\BPmasterController.cs(720,98): warning CS8625: Cannot convert null literal to non-nullable reference type. [C:\Users\Rohit Rathod\Desktop\JsapProject\JSAPNEW\JSAPNEW.csproj]
C:\Users\Rohit Rathod\Desktop\JsapProject\JSAPNEW\Controllers\BPmasterController.cs(1135,99): warning CS8625: Cannot convert null literal to non-nullable reference type. [C:\Users\Rohit Rathod\Desktop\JsapProject\JSAPNEW\JSAPNEW.csproj]
C:\Users\Rohit Rathod\Desktop\JsapProject\JSAPNEW\Controllers\BPmasterController.cs(1161,108): warning CS8625: Cannot convert null literal to non-nullable reference type. [C:\Users\Rohit Rathod\Desktop\JsapProject\JSAPNEW\JSAPNEW.csproj]
C:\Users\Rohit Rathod\Desktop\JsapProject\JSAPNEW\Controllers\BPmasterController.cs(1187,101): warning CS8625: Cannot convert null literal to non-nullable reference type. [C:\Users\Rohit Rathod\Desktop\JsapProject\JSAPNEW\JSAPNEW.csproj]
C:\Users\Rohit Rathod\Desktop\JsapProject\JSAPNEW\Controllers\BPmasterController.cs(1211,109): warning CS8625: Cannot convert null literal to non-nullable reference type. [C:\Users\Rohit Rathod\Desktop\JsapProject\JSAPNEW\JSAPNEW.csproj]
C:\Users\Rohit Rathod\Desktop\JsapProject\JSAPNEW\Controllers\BPmasterController.cs(1235,106): warning CS8625: Cannot convert null literal to non-nullable reference type. [C:\Users\Rohit Rathod\Desktop\JsapProject\JSAPNEW\JSAPNEW.csproj]
C:\Users\Rohit Rathod\Desktop\JsapProject\JSAPNEW\Controllers\HierarchyController.cs(1723,45): warning CS8625: Cannot convert null literal to non-nullable reference type. [C:\Users\Rohit Rathod\Desktop\JsapProject\JSAPNEW\JSAPNEW.csproj]
C:\Users\Rohit Rathod\Desktop\JsapProject\JSAPNEW\Controllers\HierarchyController.cs(1726,45): warning CS8625: Cannot convert null literal to non-nullable reference type. [C:\Users\Rohit Rathod\Desktop\JsapProject\JSAPNEW\JSAPNEW.csproj]
C:\Users\Rohit Rathod\Desktop\JsapProject\JSAPNEW\Services\Implementation\BomService.cs(246,113): warning CS8625: Cannot convert null literal to non-nullable reference type. [C:\Users\Rohit Rathod\Desktop\JsapProject\JSAPNEW\JSAPNEW.csproj]
C:\Users\Rohit Rathod\Desktop\JsapProject\JSAPNEW\Controllers\HierarchyWebController.cs(584,80): warning CS8625: Cannot convert null literal to non-nullable reference type. [C:\Users\Rohit Rathod\Desktop\JsapProject\JSAPNEW\JSAPNEW.csproj]
C:\Users\Rohit Rathod\Desktop\JsapProject\JSAPNEW\Controllers\HierarchyWebController.cs(748,72): warning CS8625: Cannot convert null literal to non-nullable reference type. [C:\Users\Rohit Rathod\Desktop\JsapProject\JSAPNEW\JSAPNEW.csproj]
C:\Users\Rohit Rathod\Desktop\JsapProject\JSAPNEW\Services\Interfaces\IBPmasterService.cs(12,106): warning CS8625: Cannot convert null literal to non-nullable reference type. [C:\Users\Rohit Rathod\Desktop\JsapProject\JSAPNEW\JSAPNEW.csproj]
C:\Users\Rohit Rathod\Desktop\JsapProject\JSAPNEW\Services\Interfaces\IBPmasterService.cs(14,103): warning CS8625: Cannot convert null literal to non-nullable reference type. [C:\Users\Rohit Rathod\Desktop\JsapProject\JSAPNEW\JSAPNEW.csproj]
C:\Users\Rohit Rathod\Desktop\JsapProject\JSAPNEW\Services\Interfaces\IBPmasterService.cs(15,105): warning CS8625: Cannot convert null literal to non-nullable reference type. [C:\Users\Rohit Rathod\Desktop\JsapProject\JSAPNEW\JSAPNEW.csproj]
C:\Users\Rohit Rathod\Desktop\JsapProject\JSAPNEW\Services\Interfaces\IBPmasterService.cs(40,104): warning CS8625: Cannot convert null literal to non-nullable reference type. [C:\Users\Rohit Rathod\Desktop\JsapProject\JSAPNEW\JSAPNEW.csproj]
C:\Users\Rohit Rathod\Desktop\JsapProject\JSAPNEW\Services\Implementation\BPmasterService.cs(80,36): warning CS8625: Cannot convert null literal to non-nullable reference type. [C:\Users\Rohit Rathod\Desktop\JsapProject\JSAPNEW\JSAPNEW.csproj]
C:\Users\Rohit Rathod\Desktop\JsapProject\JSAPNEW\Services\Implementation\BPmasterService.cs(81,34): warning CS8625: Cannot convert null literal to non-nullable reference type. [C:\Users\Rohit Rathod\Desktop\JsapProject\JSAPNEW\JSAPNEW.csproj]
C:\Users\Rohit Rathod\Desktop\JsapProject\JSAPNEW\Services\Implementation\BPmasterService.cs(82,37): warning CS8625: Cannot convert null literal to non-nullable reference type. [C:\Users\Rohit Rathod\Desktop\JsapProject\JSAPNEW\JSAPNEW.csproj]
C:\Users\Rohit Rathod\Desktop\JsapProject\JSAPNEW\Services\Implementation\BPmasterService.cs(83,45): warning CS8625: Cannot convert null literal to non-nullable reference type. [C:\Users\Rohit Rathod\Desktop\JsapProject\JSAPNEW\JSAPNEW.csproj]
C:\Users\Rohit Rathod\Desktop\JsapProject\JSAPNEW\Services\Implementation\BPmasterService.cs(2076,119): warning CS8625: Cannot convert null literal to non-nullable reference type. [C:\Users\Rohit Rathod\Desktop\JsapProject\JSAPNEW\JSAPNEW.csproj]
C:\Users\Rohit Rathod\Desktop\JsapProject\JSAPNEW\Services\Implementation\BPmasterService.cs(2099,116): warning CS8625: Cannot convert null literal to non-nullable reference type. [C:\Users\Rohit Rathod\Desktop\JsapProject\JSAPNEW\JSAPNEW.csproj]
C:\Users\Rohit Rathod\Desktop\JsapProject\JSAPNEW\Services\Implementation\BPmasterService.cs(2122,118): warning CS8625: Cannot convert null literal to non-nullable reference type. [C:\Users\Rohit Rathod\Desktop\JsapProject\JSAPNEW\JSAPNEW.csproj]
C:\Users\Rohit Rathod\Desktop\JsapProject\JSAPNEW\Services\Implementation\BPmasterService.cs(3066,117): warning CS8625: Cannot convert null literal to non-nullable reference type. [C:\Users\Rohit Rathod\Desktop\JsapProject\JSAPNEW\JSAPNEW.csproj]
C:\Users\Rohit Rathod\Desktop\JsapProject\JSAPNEW\Models\HierarchyModels.cs(189,99): warning CS8625: Cannot convert null literal to non-nullable reference type. [C:\Users\Rohit Rathod\Desktop\JsapProject\JSAPNEW\JSAPNEW.csproj]
C:\Users\Rohit Rathod\Desktop\JsapProject\JSAPNEW\Services\Implementation\HierarchyService.cs(17,33): warning CS8601: Possible null reference assignment. [C:\Users\Rohit Rathod\Desktop\JsapProject\JSAPNEW\JSAPNEW.csproj]
C:\Users\Rohit Rathod\Desktop\JsapProject\JSAPNEW\Services\Implementation\HierarchyService.cs(15,16): warning CS8618: Non-nullable field '_connectionString' must contain a non-null value when exiting constructor. Consider adding the 'required' modifier or declaring the field as nullable. [C:\Users\Rohit Rathod\Desktop\JsapProject\JSAPNEW\JSAPNEW.csproj]
C:\Users\Rohit Rathod\Desktop\JsapProject\JSAPNEW\Services\Implementation\HierarchyService.cs(37,26): warning CS8603: Possible null reference return. [C:\Users\Rohit Rathod\Desktop\JsapProject\JSAPNEW\JSAPNEW.csproj]
C:\Users\Rohit Rathod\Desktop\JsapProject\JSAPNEW\Services\Implementation\HierarchyService.cs(38,28): warning CS8603: Possible null reference return. [C:\Users\Rohit Rathod\Desktop\JsapProject\JSAPNEW\JSAPNEW.csproj]
C:\Users\Rohit Rathod\Desktop\JsapProject\JSAPNEW\Services\Implementation\HierarchyService.cs(87,31): warning CS8601: Possible null reference assignment. [C:\Users\Rohit Rathod\Desktop\JsapProject\JSAPNEW\JSAPNEW.csproj]
C:\Users\Rohit Rathod\Desktop\JsapProject\JSAPNEW\Controllers\AdminController.cs(250,19): warning CS8618: Non-nullable property 'Remark' must contain a non-null value when exiting constructor. Consider adding the 'required' modifier or declaring the property as nullable. [C:\Users\Rohit Rathod\Desktop\JsapProject\JSAPNEW\JSAPNEW.csproj]
C:\Users\Rohit Rathod\Desktop\JsapProject\JSAPNEW\Models\TicketModels.cs(240,23): warning CS8618: Non-nullable property 'name' must contain a non-null value when exiting constructor. Consider adding the 'required' modifier or declaring the property as nullable. [C:\Users\Rohit Rathod\Desktop\JsapProject\JSAPNEW\JSAPNEW.csproj]
C:\Users\Rohit Rathod\Desktop\JsapProject\JSAPNEW\Models\TicketModels.cs(241,23): warning CS8618: Non-nullable property 'createdAt' must contain a non-null value when exiting constructor. Consider adding the 'required' modifier or declaring the property as nullable. [C:\Users\Rohit Rathod\Desktop\JsapProject\JSAPNEW\JSAPNEW.csproj]
C:\Users\Rohit Rathod\Desktop\JsapProject\JSAPNEW\Services\Implementation\HierarchyService.cs(94,30): warning CS8601: Possible null reference assignment. [C:\Users\Rohit Rathod\Desktop\JsapProject\JSAPNEW\JSAPNEW.csproj]
C:\Users\Rohit Rathod\Desktop\JsapProject\JSAPNEW\Services\Implementation\HierarchyService.cs(97,34): warning CS8601: Possible null reference assignment. [C:\Users\Rohit Rathod\Desktop\JsapProject\JSAPNEW\JSAPNEW.csproj]
C:\Users\Rohit Rathod\Desktop\JsapProject\JSAPNEW\Services\Implementation\HierarchyService.cs(100,39): warning CS8601: Possible null reference assignment. [C:\Users\Rohit Rathod\Desktop\JsapProject\JSAPNEW\JSAPNEW.csproj]
C:\Users\Rohit Rathod\Desktop\JsapProject\JSAPNEW\Models\TicketModels.cs(213,23): warning CS8618: Non-nullable property 'issue' must contain a non-null value when exiting constructor. Consider adding the 'required' modifier or declaring the property as nullable. [C:\Users\Rohit Rathod\Desktop\JsapProject\JSAPNEW\JSAPNEW.csproj]
C:\Users\Rohit Rathod\Desktop\JsapProject\JSAPNEW\Models\TicketModels.cs(214,23): warning CS8618: Non-nullable property 'description' must contain a non-null value when exiting constructor. Consider adding the 'required' modifier or declaring the property as nullable. [C:\Users\Rohit Rathod\Desktop\JsapProject\JSAPNEW\JSAPNEW.csproj]
C:\Users\Rohit Rathod\Desktop\JsapProject\JSAPNEW\Models\TicketModels.cs(215,23): warning CS8618: Non-nullable property 'Status' must contain a non-null value when exiting constructor. Consider adding the 'required' modifier or declaring the property as nullable. [C:\Users\Rohit Rathod\Desktop\JsapProject\JSAPNEW\JSAPNEW.csproj]
C:\Users\Rohit Rathod\Desktop\JsapProject\JSAPNEW\Models\TicketModels.cs(216,23): warning CS8618: Non-nullable property 'Priority' must contain a non-null value when exiting constructor. Consider adding the 'required' modifier or declaring the property as nullable. [C:\Users\Rohit Rathod\Desktop\JsapProject\JSAPNEW\JSAPNEW.csproj]
C:\Users\Rohit Rathod\Desktop\JsapProject\JSAPNEW\Models\TicketModels.cs(217,23): warning CS8618: Non-nullable property 'CreatedBy' must contain a non-null value when exiting constructor. Consider adding the 'required' modifier or declaring the property as nullable. [C:\Users\Rohit Rathod\Desktop\JsapProject\JSAPNEW\JSAPNEW.csproj]
C:\Users\Rohit Rathod\Desktop\JsapProject\JSAPNEW\Models\TicketModels.cs(218,23): warning CS8618: Non-nullable property 'AssignedTo' must contain a non-null value when exiting constructor. Consider adding the 'required' modifier or declaring the property as nullable. [C:\Users\Rohit Rathod\Desktop\JsapProject\JSAPNEW\JSAPNEW.csproj]
C:\Users\Rohit Rathod\Desktop\JsapProject\JSAPNEW\Models\TicketModels.cs(219,23): warning CS8618: Non-nullable property 'Department' must contain a non-null value when exiting constructor. Consider adding the 'required' modifier or declaring the property as nullable. [C:\Users\Rohit Rathod\Desktop\JsapProject\JSAPNEW\JSAPNEW.csproj]
C:\Users\Rohit Rathod\Desktop\JsapProject\JSAPNEW\Models\TicketModels.cs(220,23): warning CS8618: Non-nullable property 'CatalogOne' must contain a non-null value when exiting constructor. Consider adding the 'required' modifier or declaring the property as nullable. [C:\Users\Rohit Rathod\Desktop\JsapProject\JSAPNEW\JSAPNEW.csproj]
C:\Users\Rohit Rathod\Desktop\JsapProject\JSAPNEW\Models\TicketModels.cs(221,23): warning CS8618: Non-nullable property 'CatalogTwo' must contain a non-null value when exiting constructor. Consider adding the 'required' modifier or declaring the property as nullable. [C:\Users\Rohit Rathod\Desktop\JsapProject\JSAPNEW\JSAPNEW.csproj]
C:\Users\Rohit Rathod\Desktop\JsapProject\JSAPNEW\Models\TicketModels.cs(222,23): warning CS8618: Non-nullable property 'RequestName' must contain a non-null value when exiting constructor. Consider adding the 'required' modifier or declaring the property as nullable. [C:\Users\Rohit Rathod\Desktop\JsapProject\JSAPNEW\JSAPNEW.csproj]
C:\Users\Rohit Rathod\Desktop\JsapProject\JSAPNEW\Models\TicketModels.cs(185,23): warning CS8618: Non-nullable property 'Issue' must contain a non-null value when exiting constructor. Consider adding the 'required' modifier or declaring the property as nullable. [C:\Users\Rohit Rathod\Desktop\JsapProject\JSAPNEW\JSAPNEW.csproj]
C:\Users\Rohit Rathod\Desktop\JsapProject\JSAPNEW\Models\TicketModels.cs(186,23): warning CS8618: Non-nullable property 'Description' must contain a non-null value when exiting constructor. Consider adding the 'required' modifier or declaring the property as nullable. [C:\Users\Rohit Rathod\Desktop\JsapProject\JSAPNEW\JSAPNEW.csproj]
C:\Users\Rohit Rathod\Desktop\JsapProject\JSAPNEW\Models\TicketModels.cs(188,23): warning CS8618: Non-nullable property 'Status' must contain a non-null value when exiting constructor. Consider adding the 'required' modifier or declaring the property as nullable. [C:\Users\Rohit Rathod\Desktop\JsapProject\JSAPNEW\JSAPNEW.csproj]
C:\Users\Rohit Rathod\Desktop\JsapProject\JSAPNEW\Models\TicketModels.cs(190,23): warning CS8618: Non-nullable property 'Priority' must contain a non-null value when exiting constructor. Consider adding the 'required' modifier or declaring the property as nullable. [C:\Users\Rohit Rathod\Desktop\JsapProject\JSAPNEW\JSAPNEW.csproj]
C:\Users\Rohit Rathod\Desktop\JsapProject\JSAPNEW\Models\TicketModels.cs(192,23): warning CS8618: Non-nullable property 'CreatedBy' must contain a non-null value when exiting constructor. Consider adding the 'required' modifier or declaring the property as nullable. [C:\Users\Rohit Rathod\Desktop\JsapProject\JSAPNEW\JSAPNEW.csproj]
C:\Users\Rohit Rathod\Desktop\JsapProject\JSAPNEW\Models\TicketModels.cs(196,23): warning CS8618: Non-nullable property 'Department' must contain a non-null value when exiting constructor. Consider adding the 'required' modifier or declaring the property as nullable. [C:\Users\Rohit Rathod\Desktop\JsapProject\JSAPNEW\JSAPNEW.csproj]
C:\Users\Rohit Rathod\Desktop\JsapProject\JSAPNEW\Models\TicketModels.cs(198,23): warning CS8618: Non-nullable property 'CatalogOne' must contain a non-null value when exiting constructor. Consider adding the 'required' modifier or declaring the property as nullable. [C:\Users\Rohit Rathod\Desktop\JsapProject\JSAPNEW\JSAPNEW.csproj]
C:\Users\Rohit Rathod\Desktop\JsapProject\JSAPNEW\Models\TicketModels.cs(200,23): warning CS8618: Non-nullable property 'CatalogTwo' must contain a non-null value when exiting constructor. Consider adding the 'required' modifier or declaring the property as nullable. [C:\Users\Rohit Rathod\Desktop\JsapProject\JSAPNEW\JSAPNEW.csproj]
C:\Users\Rohit Rathod\Desktop\JsapProject\JSAPNEW\Models\TicketModels.cs(202,23): warning CS8618: Non-nullable property 'RequestName' must contain a non-null value when exiting constructor. Consider adding the 'required' modifier or declaring the property as nullable. [C:\Users\Rohit Rathod\Desktop\JsapProject\JSAPNEW\JSAPNEW.csproj]
C:\Users\Rohit Rathod\Desktop\JsapProject\JSAPNEW\Models\TicketModels.cs(150,23): warning CS8618: Non-nullable property 'Issue' must contain a non-null value when exiting constructor. Consider adding the 'required' modifier or declaring the property as nullable. [C:\Users\Rohit Rathod\Desktop\JsapProject\JSAPNEW\JSAPNEW.csproj]
C:\Users\Rohit Rathod\Desktop\JsapProject\JSAPNEW\Models\TicketModels.cs(151,23): warning CS8618: Non-nullable property 'Description' must contain a non-null value when exiting constructor. Consider adding the 'required' modifier or declaring the property as nullable. [C:\Users\Rohit Rathod\Desktop\JsapProject\JSAPNEW\JSAPNEW.csproj]
C:\Users\Rohit Rathod\Desktop\JsapProject\JSAPNEW\Models\TicketModels.cs(153,23): warning CS8618: Non-nullable property 'Status' must contain a non-null value when exiting constructor. Consider adding the 'required' modifier or declaring the property as nullable. [C:\Users\Rohit Rathod\Desktop\JsapProject\JSAPNEW\JSAPNEW.csproj]
C:\Users\Rohit Rathod\Desktop\JsapProject\JSAPNEW\Models\TicketModels.cs(155,23): warning CS8618: Non-nullable property 'Priority' must contain a non-null value when exiting constructor. Consider adding the 'required' modifier or declaring the property as nullable. [C:\Users\Rohit Rathod\Desktop\JsapProject\JSAPNEW\JSAPNEW.csproj]
C:\Users\Rohit Rathod\Desktop\JsapProject\JSAPNEW\Models\TicketModels.cs(157,23): warning CS8618: Non-nullable property 'CreatedBy' must contain a non-null value when exiting constructor. Consider adding the 'required' modifier or declaring the property as nullable. [C:\Users\Rohit Rathod\Desktop\JsapProject\JSAPNEW\JSAPNEW.csproj]
C:\Users\Rohit Rathod\Desktop\JsapProject\JSAPNEW\Models\TicketModels.cs(161,23): warning CS8618: Non-nullable property 'Department' must contain a non-null value when exiting constructor. Consider adding the 'required' modifier or declaring the property as nullable. [C:\Users\Rohit Rathod\Desktop\JsapProject\JSAPNEW\JSAPNEW.csproj]
C:\Users\Rohit Rathod\Desktop\JsapProject\JSAPNEW\Models\TicketModels.cs(163,23): warning CS8618: Non-nullable property 'CatalogOne' must contain a non-null value when exiting constructor. Consider adding the 'required' modifier or declaring the property as nullable. [C:\Users\Rohit Rathod\Desktop\JsapProject\JSAPNEW\JSAPNEW.csproj]
C:\Users\Rohit Rathod\Desktop\JsapProject\JSAPNEW\Models\TicketModels.cs(165,23): warning CS8618: Non-nullable property 'CatalogTwo' must contain a non-null value when exiting constructor. Consider adding the 'required' modifier or declaring the property as nullable. [C:\Users\Rohit Rathod\Desktop\JsapProject\JSAPNEW\JSAPNEW.csproj]
C:\Users\Rohit Rathod\Desktop\JsapProject\JSAPNEW\Models\TicketModels.cs(167,23): warning CS8618: Non-nullable property 'RequestName' must contain a non-null value when exiting constructor. Consider adding the 'required' modifier or declaring the property as nullable. [C:\Users\Rohit Rathod\Desktop\JsapProject\JSAPNEW\JSAPNEW.csproj]
C:\Users\Rohit Rathod\Desktop\JsapProject\JSAPNEW\Models\TicketModels.cs(141,23): warning CS8618: Non-nullable property 'FilePath' must contain a non-null value when exiting constructor. Consider adding the 'required' modifier or declaring the property as nullable. [C:\Users\Rohit Rathod\Desktop\JsapProject\JSAPNEW\JSAPNEW.csproj]
C:\Users\Rohit Rathod\Desktop\JsapProject\JSAPNEW\Models\TicketModels.cs(142,23): warning CS8618: Non-nullable property 'FileName' must contain a non-null value when exiting constructor. Consider adding the 'required' modifier or declaring the property as nullable. [C:\Users\Rohit Rathod\Desktop\JsapProject\JSAPNEW\JSAPNEW.csproj]
C:\Users\Rohit Rathod\Desktop\JsapProject\JSAPNEW\Models\TicketModels.cs(143,23): warning CS8618: Non-nullable property 'FileType' must contain a non-null value when exiting constructor. Consider adding the 'required' modifier or declaring the property as nullable. [C:\Users\Rohit Rathod\Desktop\JsapProject\JSAPNEW\JSAPNEW.csproj]
C:\Users\Rohit Rathod\Desktop\JsapProject\JSAPNEW\Models\TicketModels.cs(145,23): warning CS8618: Non-nullable property 'FileUrl' must contain a non-null value when exiting constructor. Consider adding the 'required' modifier or declaring the property as nullable. [C:\Users\Rohit Rathod\Desktop\JsapProject\JSAPNEW\JSAPNEW.csproj]
C:\Users\Rohit Rathod\Desktop\JsapProject\JSAPNEW\Models\TicketModels.cs(135,23): warning CS8618: Non-nullable property 'LoginUser' must contain a non-null value when exiting constructor. Consider adding the 'required' modifier or declaring the property as nullable. [C:\Users\Rohit Rathod\Desktop\JsapProject\JSAPNEW\JSAPNEW.csproj]
C:\Users\Rohit Rathod\Desktop\JsapProject\JSAPNEW\Models\TicketModels.cs(136,23): warning CS8618: Non-nullable property 'Comment' must contain a non-null value when exiting constructor. Consider adding the 'required' modifier or declaring the property as nullable. [C:\Users\Rohit Rathod\Desktop\JsapProject\JSAPNEW\JSAPNEW.csproj]
C:\Users\Rohit Rathod\Desktop\JsapProject\JSAPNEW\Models\TicketModels.cs(126,23): warning CS8618: Non-nullable property 'name' must contain a non-null value when exiting constructor. Consider adding the 'required' modifier or declaring the property as nullable. [C:\Users\Rohit Rathod\Desktop\JsapProject\JSAPNEW\JSAPNEW.csproj]
C:\Users\Rohit Rathod\Desktop\JsapProject\JSAPNEW\Models\TicketModels.cs(127,23): warning CS8618: Non-nullable property 'description' must contain a non-null value when exiting constructor. Consider adding the 'required' modifier or declaring the property as nullable. [C:\Users\Rohit Rathod\Desktop\JsapProject\JSAPNEW\JSAPNEW.csproj]
C:\Users\Rohit Rathod\Desktop\JsapProject\JSAPNEW\Models\TicketModels.cs(129,23): warning CS8618: Non-nullable property 'createdAt' must contain a non-null value when exiting constructor. Consider adding the 'required' modifier or declaring the property as nullable. [C:\Users\Rohit Rathod\Desktop\JsapProject\JSAPNEW\JSAPNEW.csproj]
C:\Users\Rohit Rathod\Desktop\JsapProject\JSAPNEW\Models\TicketModels.cs(118,23): warning CS8618: Non-nullable property 'name' must contain a non-null value when exiting constructor. Consider adding the 'required' modifier or declaring the property as nullable. [C:\Users\Rohit Rathod\Desktop\JsapProject\JSAPNEW\JSAPNEW.csproj]
C:\Users\Rohit Rathod\Desktop\JsapProject\JSAPNEW\Models\TicketModels.cs(119,23): warning CS8618: Non-nullable property 'description' must contain a non-null value when exiting constructor. Consider adding the 'required' modifier or declaring the property as nullable. [C:\Users\Rohit Rathod\Desktop\JsapProject\JSAPNEW\JSAPNEW.csproj]
C:\Users\Rohit Rathod\Desktop\JsapProject\JSAPNEW\Models\TicketModels.cs(120,23): warning CS8618: Non-nullable property 'createdAt' must contain a non-null value when exiting constructor. Consider adding the 'required' modifier or declaring the property as nullable. [C:\Users\Rohit Rathod\Desktop\JsapProject\JSAPNEW\JSAPNEW.csproj]
C:\Users\Rohit Rathod\Desktop\JsapProject\JSAPNEW\Models\TicketModels.cs(112,23): warning CS8618: Non-nullable property 'comment' must contain a non-null value when exiting constructor. Consider adding the 'required' modifier or declaring the property as nullable. [C:\Users\Rohit Rathod\Desktop\JsapProject\JSAPNEW\JSAPNEW.csproj]
C:\Users\Rohit Rathod\Desktop\JsapProject\JSAPNEW\Models\TicketModels.cs(101,23): warning CS8618: Non-nullable property 'Message' must contain a non-null value when exiting constructor. Consider adding the 'required' modifier or declaring the property as nullable. [C:\Users\Rohit Rathod\Desktop\JsapProject\JSAPNEW\JSAPNEW.csproj]
C:\Users\Rohit Rathod\Desktop\JsapProject\JSAPNEW\Models\TicketModels.cs(86,23): warning CS8618: Non-nullable property 'name' must contain a non-null value when exiting constructor. Consider adding the 'required' modifier or declaring the property as nullable. [C:\Users\Rohit Rathod\Desktop\JsapProject\JSAPNEW\JSAPNEW.csproj]
C:\Users\Rohit Rathod\Desktop\JsapProject\JSAPNEW\Models\TicketModels.cs(78,34): warning CS8618: Non-nullable property 'name' must contain a non-null value when exiting constructor. Consider adding the 'required' modifier or declaring the property as nullable. [C:\Users\Rohit Rathod\Desktop\JsapProject\JSAPNEW\JSAPNEW.csproj]
C:\Users\Rohit Rathod\Desktop\JsapProject\JSAPNEW\Models\TicketModels.cs(79,34): warning CS8618: Non-nullable property 'description' must contain a non-null value when exiting constructor. Consider adding the 'required' modifier or declaring the property as nullable. [C:\Users\Rohit Rathod\Desktop\JsapProject\JSAPNEW\JSAPNEW.csproj]
C:\Users\Rohit Rathod\Desktop\JsapProject\JSAPNEW\Models\TicketModels.cs(71,34): warning CS8618: Non-nullable property 'name' must contain a non-null value when exiting constructor. Consider adding the 'required' modifier or declaring the property as nullable. [C:\Users\Rohit Rathod\Desktop\JsapProject\JSAPNEW\JSAPNEW.csproj]
C:\Users\Rohit Rathod\Desktop\JsapProject\JSAPNEW\Models\TicketModels.cs(72,34): warning CS8618: Non-nullable property 'description' must contain a non-null value when exiting constructor. Consider adding the 'required' modifier or declaring the property as nullable. [C:\Users\Rohit Rathod\Desktop\JsapProject\JSAPNEW\JSAPNEW.csproj]
C:\Users\Rohit Rathod\Desktop\JsapProject\JSAPNEW\Models\TicketModels.cs(53,23): warning CS8618: Non-nullable property 'issue' must contain a non-null value when exiting constructor. Consider adding the 'required' modifier or declaring the property as nullable. [C:\Users\Rohit Rathod\Desktop\JsapProject\JSAPNEW\JSAPNEW.csproj]
C:\Users\Rohit Rathod\Desktop\JsapProject\JSAPNEW\Models\TicketModels.cs(54,23): warning CS8618: Non-nullable property 'description' must contain a non-null value when exiting constructor. Consider adding the 'required' modifier or declaring the property as nullable. [C:\Users\Rohit Rathod\Desktop\JsapProject\JSAPNEW\JSAPNEW.csproj]
C:\Users\Rohit Rathod\Desktop\JsapProject\JSAPNEW\Models\TicketModels.cs(55,23): warning CS8618: Non-nullable property 'Status' must contain a non-null value when exiting constructor. Consider adding the 'required' modifier or declaring the property as nullable. [C:\Users\Rohit Rathod\Desktop\JsapProject\JSAPNEW\JSAPNEW.csproj]
C:\Users\Rohit Rathod\Desktop\JsapProject\JSAPNEW\Models\TicketModels.cs(56,23): warning CS8618: Non-nullable property 'Priority' must contain a non-null value when exiting constructor. Consider adding the 'required' modifier or declaring the property as nullable. [C:\Users\Rohit Rathod\Desktop\JsapProject\JSAPNEW\JSAPNEW.csproj]
C:\Users\Rohit Rathod\Desktop\JsapProject\JSAPNEW\Models\TicketModels.cs(57,23): warning CS8618: Non-nullable property 'CreatedBy' must contain a non-null value when exiting constructor. Consider adding the 'required' modifier or declaring the property as nullable. [C:\Users\Rohit Rathod\Desktop\JsapProject\JSAPNEW\JSAPNEW.csproj]
C:\Users\Rohit Rathod\Desktop\JsapProject\JSAPNEW\Models\TicketModels.cs(58,23): warning CS8618: Non-nullable property 'AssignedTo' must contain a non-null value when exiting constructor. Consider adding the 'required' modifier or declaring the property as nullable. [C:\Users\Rohit Rathod\Desktop\JsapProject\JSAPNEW\JSAPNEW.csproj]
C:\Users\Rohit Rathod\Desktop\JsapProject\JSAPNEW\Models\TicketModels.cs(59,23): warning CS8618: Non-nullable property 'Department' must contain a non-null value when exiting constructor. Consider adding the 'required' modifier or declaring the property as nullable. [C:\Users\Rohit Rathod\Desktop\JsapProject\JSAPNEW\JSAPNEW.csproj]
C:\Users\Rohit Rathod\Desktop\JsapProject\JSAPNEW\Models\TicketModels.cs(60,23): warning CS8618: Non-nullable property 'CatalogOne' must contain a non-null value when exiting constructor. Consider adding the 'required' modifier or declaring the property as nullable. [C:\Users\Rohit Rathod\Desktop\JsapProject\JSAPNEW\JSAPNEW.csproj]
C:\Users\Rohit Rathod\Desktop\JsapProject\JSAPNEW\Models\TicketModels.cs(61,23): warning CS8618: Non-nullable property 'CatalogTwo' must contain a non-null value when exiting constructor. Consider adding the 'required' modifier or declaring the property as nullable. [C:\Users\Rohit Rathod\Desktop\JsapProject\JSAPNEW\JSAPNEW.csproj]
C:\Users\Rohit Rathod\Desktop\JsapProject\JSAPNEW\Models\TicketModels.cs(62,23): warning CS8618: Non-nullable property 'RequestName' must contain a non-null value when exiting constructor. Consider adding the 'required' modifier or declaring the property as nullable. [C:\Users\Rohit Rathod\Desktop\JsapProject\JSAPNEW\JSAPNEW.csproj]
C:\Users\Rohit Rathod\Desktop\JsapProject\JSAPNEW\Models\TicketModels.cs(64,23): warning CS8618: Non-nullable property 'createdAt' must contain a non-null value when exiting constructor. Consider adding the 'required' modifier or declaring the property as nullable. [C:\Users\Rohit Rathod\Desktop\JsapProject\JSAPNEW\JSAPNEW.csproj]
C:\Users\Rohit Rathod\Desktop\JsapProject\JSAPNEW\Models\TicketModels.cs(65,23): warning CS8618: Non-nullable property 'updateAt' must contain a non-null value when exiting constructor. Consider adding the 'required' modifier or declaring the property as nullable. [C:\Users\Rohit Rathod\Desktop\JsapProject\JSAPNEW\JSAPNEW.csproj]
C:\Users\Rohit Rathod\Desktop\JsapProject\JSAPNEW\Models\TicketModels.cs(45,23): warning CS8618: Non-nullable property 'status' must contain a non-null value when exiting constructor. Consider adding the 'required' modifier or declaring the property as nullable. [C:\Users\Rohit Rathod\Desktop\JsapProject\JSAPNEW\JSAPNEW.csproj]
C:\Users\Rohit Rathod\Desktop\JsapProject\JSAPNEW\Models\TicketModels.cs(39,23): warning CS8618: Non-nullable property 'FilePath' must contain a non-null value when exiting constructor. Consider adding the 'required' modifier or declaring the property as nullable. [C:\Users\Rohit Rathod\Desktop\JsapProject\JSAPNEW\JSAPNEW.csproj]
C:\Users\Rohit Rathod\Desktop\JsapProject\JSAPNEW\Models\TicketModels.cs(40,23): warning CS8618: Non-nullable property 'FileName' must contain a non-null value when exiting constructor. Consider adding the 'required' modifier or declaring the property as nullable. [C:\Users\Rohit Rathod\Desktop\JsapProject\JSAPNEW\JSAPNEW.csproj]
C:\Users\Rohit Rathod\Desktop\JsapProject\JSAPNEW\Models\TicketModels.cs(41,23): warning CS8618: Non-nullable property 'FileType' must contain a non-null value when exiting constructor. Consider adding the 'required' modifier or declaring the property as nullable. [C:\Users\Rohit Rathod\Desktop\JsapProject\JSAPNEW\JSAPNEW.csproj]
C:\Users\Rohit Rathod\Desktop\JsapProject\JSAPNEW\Models\TicketModels.cs(23,23): warning CS8618: Non-nullable property 'Issue' must contain a non-null value when exiting constructor. Consider adding the 'required' modifier or declaring the property as nullable. [C:\Users\Rohit Rathod\Desktop\JsapProject\JSAPNEW\JSAPNEW.csproj]
C:\Users\Rohit Rathod\Desktop\JsapProject\JSAPNEW\Models\TicketModels.cs(24,34): warning CS8618: Non-nullable property 'Description' must contain a non-null value when exiting constructor. Consider adding the 'required' modifier or declaring the property as nullable. [C:\Users\Rohit Rathod\Desktop\JsapProject\JSAPNEW\JSAPNEW.csproj]
C:\Users\Rohit Rathod\Desktop\JsapProject\JSAPNEW\Models\TicketModels.cs(32,34): warning CS8618: Non-nullable property 'CreatedBy' must contain a non-null value when exiting constructor. Consider adding the 'required' modifier or declaring the property as nullable. [C:\Users\Rohit Rathod\Desktop\JsapProject\JSAPNEW\JSAPNEW.csproj]
C:\Users\Rohit Rathod\Desktop\JsapProject\JSAPNEW\Models\ItemMasterModel.cs(924,19): warning CS8618: Non-nullable property 'itemName' must contain a non-null value when exiting constructor. Consider adding the 'required' modifier or declaring the property as nullable. [C:\Users\Rohit Rathod\Desktop\JsapProject\JSAPNEW\JSAPNEW.csproj]
C:\Users\Rohit Rathod\Desktop\JsapProject\JSAPNEW\Models\ItemMasterModel.cs(927,19): warning CS8618: Non-nullable property 'itemGroupName' must contain a non-null value when exiting constructor. Consider adding the 'required' modifier or declaring the property as nullable. [C:\Users\Rohit Rathod\Desktop\JsapProject\JSAPNEW\JSAPNEW.csproj]
C:\Users\Rohit Rathod\Desktop\JsapProject\JSAPNEW\Models\ItemMasterModel.cs(930,19): warning CS8618: Non-nullable property 'chapterName' must contain a non-null value when exiting constructor. Consider adding the 'required' modifier or declaring the property as nullable. [C:\Users\Rohit Rathod\Desktop\JsapProject\JSAPNEW\JSAPNEW.csproj]
C:\Users\Rohit Rathod\Desktop\JsapProject\JSAPNEW\Models\ItemMasterModel.cs(932,19): warning CS8618: Non-nullable property 'unit' must contain a non-null value when exiting constructor. Consider adding the 'required' modifier or declaring the property as nullable. [C:\Users\Rohit Rathod\Desktop\JsapProject\JSAPNEW\JSAPNEW.csproj]
C:\Users\Rohit Rathod\Desktop\JsapProject\JSAPNEW\Models\ItemMasterModel.cs(933,19): warning CS8618: Non-nullable property 'brand' must contain a non-null value when exiting constructor. Consider adding the 'required' modifier or declaring the property as nullable. [C:\Users\Rohit Rathod\Desktop\JsapProject\JSAPNEW\JSAPNEW.csproj]
C:\Users\Rohit Rathod\Desktop\JsapProject\JSAPNEW\Models\ItemMasterModel.cs(934,19): warning CS8618: Non-nullable property 'variety' must contain a non-null value when exiting constructor. Consider adding the 'required' modifier or declaring the property as nullable. [C:\Users\Rohit Rathod\Desktop\JsapProject\JSAPNEW\JSAPNEW.csproj]
C:\Users\Rohit Rathod\Desktop\JsapProject\JSAPNEW\Models\ItemMasterModel.cs(935,19): warning CS8618: Non-nullable property 'subGroup' must contain a non-null value when exiting constructor. Consider adding the 'required' modifier or declaring the property as nullable. [C:\Users\Rohit Rathod\Desktop\JsapProject\JSAPNEW\JSAPNEW.csproj]
C:\Users\Rohit Rathod\Desktop\JsapProject\JSAPNEW\Models\ItemMasterModel.cs(936,19): warning CS8618: Non-nullable property 'sku' must contain a non-null value when exiting constructor. Consider adding the 'required' modifier or declaring the property as nullable. [C:\Users\Rohit Rathod\Desktop\JsapProject\JSAPNEW\JSAPNEW.csproj]
C:\Users\Rohit Rathod\Desktop\JsapProject\JSAPNEW\Models\ItemMasterModel.cs(938,19): warning CS8618: Non-nullable property 'isLitre' must contain a non-null value when exiting constructor. Consider adding the 'required' modifier or declaring the property as nullable. [C:\Users\Rohit Rathod\Desktop\JsapProject\JSAPNEW\JSAPNEW.csproj]
C:\Users\Rohit Rathod\Desktop\JsapProject\JSAPNEW\Models\ItemMasterModel.cs(942,19): warning CS8618: Non-nullable property 'packType' must contain a non-null value when exiting constructor. Consider adding the 'required' modifier or declaring the property as nullable. [C:\Users\Rohit Rathod\Desktop\JsapProject\JSAPNEW\JSAPNEW.csproj]
C:\Users\Rohit Rathod\Desktop\JsapProject\JSAPNEW\Models\ItemMasterModel.cs(943,19): warning CS8618: Non-nullable property 'packingType' must contain a non-null value when exiting constructor. Consider adding the 'required' modifier or declaring the property as nullable. [C:\Users\Rohit Rathod\Desktop\JsapProject\JSAPNEW\JSAPNEW.csproj]
C:\Users\Rohit Rathod\Desktop\JsapProject\JSAPNEW\Models\ItemMasterModel.cs(944,19): warning CS8618: Non-nullable property 'faType' must contain a non-null value when exiting constructor. Consider adding the 'required' modifier or declaring the property as nullable. [C:\Users\Rohit Rathod\Desktop\JsapProject\JSAPNEW\JSAPNEW.csproj]
C:\Users\Rohit Rathod\Desktop\JsapProject\JSAPNEW\Models\ItemMasterModel.cs(945,19): warning CS8618: Non-nullable property 'uom' must contain a non-null value when exiting constructor. Consider adding the 'required' modifier or declaring the property as nullable. [C:\Users\Rohit Rathod\Desktop\JsapProject\JSAPNEW\JSAPNEW.csproj]
C:\Users\Rohit Rathod\Desktop\JsapProject\JSAPNEW\Models\ItemMasterModel.cs(946,19): warning CS8618: Non-nullable property 'utype' must contain a non-null value when exiting constructor. Consider adding the 'required' modifier or declaring the property as nullable. [C:\Users\Rohit Rathod\Desktop\JsapProject\JSAPNEW\JSAPNEW.csproj]
C:\Users\Rohit Rathod\Desktop\JsapProject\JSAPNEW\Models\ItemMasterModel.cs(948,19): warning CS8618: Non-nullable property 'createdByName' must contain a non-null value when exiting constructor. Consider adding the 'required' modifier or declaring the property as nullable. [C:\Users\Rohit Rathod\Desktop\JsapProject\JSAPNEW\JSAPNEW.csproj]
C:\Users\Rohit Rathod\Desktop\JsapProject\JSAPNEW\Controllers\TicketController.cs(97,78): warning CS8604: Possible null reference argument for parameter 'value' in 'TicketCreateModel? JsonConvert.DeserializeObject<TicketCreateModel>(string value)'. [C:\Users\Rohit Rathod\Desktop\JsapProject\JSAPNEW\JSAPNEW.csproj]
C:\Users\Rohit Rathod\Desktop\JsapProject\JSAPNEW\Controllers\TicketController.cs(101,17): warning CS8602: Dereference of a possibly null reference. [C:\Users\Rohit Rathod\Desktop\JsapProject\JSAPNEW\JSAPNEW.csproj]
C:\Users\Rohit Rathod\Desktop\JsapProject\JSAPNEW\Controllers\TicketController.cs(486,30): warning CS0168: The variable 'ex' is declared but never used [C:\Users\Rohit Rathod\Desktop\JsapProject\JSAPNEW\JSAPNEW.csproj]
C:\Users\Rohit Rathod\Desktop\JsapProject\JSAPNEW\Controllers\TicketController.cs(511,30): warning CS0168: The variable 'ex' is declared but never used [C:\Users\Rohit Rathod\Desktop\JsapProject\JSAPNEW\JSAPNEW.csproj]
C:\Users\Rohit Rathod\Desktop\JsapProject\JSAPNEW\Services\Implementation\HierarchyService.cs(362,39): warning CS8625: Cannot convert null literal to non-nullable reference type. [C:\Users\Rohit Rathod\Desktop\JsapProject\JSAPNEW\JSAPNEW.csproj]
C:\Users\Rohit Rathod\Desktop\JsapProject\JSAPNEW\Controllers\WebSessionController.cs(193,23): warning CS8618: Non-nullable property 'company' must contain a non-null value when exiting constructor. Consider adding the 'required' modifier or declaring the property as nullable. [C:\Users\Rohit Rathod\Desktop\JsapProject\JSAPNEW\JSAPNEW.csproj]
C:\Users\Rohit Rathod\Desktop\JsapProject\JSAPNEW\Controllers\WebSessionController.cs(187,23): warning CS8618: Non-nullable property 'UserName' must contain a non-null value when exiting constructor. Consider adding the 'required' modifier or declaring the property as nullable. [C:\Users\Rohit Rathod\Desktop\JsapProject\JSAPNEW\JSAPNEW.csproj]
C:\Users\Rohit Rathod\Desktop\JsapProject\JSAPNEW\Data\Entities\User.cs(7,23): warning CS8618: Non-nullable property 'UserName' must contain a non-null value when exiting constructor. Consider adding the 'required' modifier or declaring the property as nullable. [C:\Users\Rohit Rathod\Desktop\JsapProject\JSAPNEW\JSAPNEW.csproj]
C:\Users\Rohit Rathod\Desktop\JsapProject\JSAPNEW\Data\Entities\User.cs(8,23): warning CS8618: Non-nullable property 'LoginUser' must contain a non-null value when exiting constructor. Consider adding the 'required' modifier or declaring the property as nullable. [C:\Users\Rohit Rathod\Desktop\JsapProject\JSAPNEW\JSAPNEW.csproj]
C:\Users\Rohit Rathod\Desktop\JsapProject\JSAPNEW\Data\Entities\User.cs(9,23): warning CS8618: Non-nullable property 'Password' must contain a non-null value when exiting constructor. Consider adding the 'required' modifier or declaring the property as nullable. [C:\Users\Rohit Rathod\Desktop\JsapProject\JSAPNEW\JSAPNEW.csproj]
C:\Users\Rohit Rathod\Desktop\JsapProject\JSAPNEW\Data\Entities\User.cs(10,23): warning CS8618: Non-nullable property 'FullName' must contain a non-null value when exiting constructor. Consider adding the 'required' modifier or declaring the property as nullable. [C:\Users\Rohit Rathod\Desktop\JsapProject\JSAPNEW\JSAPNEW.csproj]
C:\Users\Rohit Rathod\Desktop\JsapProject\JSAPNEW\Data\Entities\User.cs(11,23): warning CS8618: Non-nullable property 'Role' must contain a non-null value when exiting constructor. Consider adding the 'required' modifier or declaring the property as nullable. [C:\Users\Rohit Rathod\Desktop\JsapProject\JSAPNEW\JSAPNEW.csproj]
C:\Users\Rohit Rathod\Desktop\JsapProject\JSAPNEW\Program.cs(86,40): warning CS8604: Possible null reference argument for parameter 's' in 'byte[] Encoding.GetBytes(string s)'. [C:\Users\Rohit Rathod\Desktop\JsapProject\JSAPNEW\JSAPNEW.csproj]
C:\Users\Rohit Rathod\Desktop\JsapProject\JSAPNEW\Program.cs(159,81): warning CS8604: Possible null reference argument for parameter 'secretKey' in 'string AuthSecurity.CreateSecurityStamp(IDictionary<string, object> userRow, string secretKey, string roleSnapshot)'. [C:\Users\Rohit Rathod\Desktop\JsapProject\JSAPNEW\JSAPNEW.csproj]
C:\Users\Rohit Rathod\Desktop\JsapProject\JSAPNEW\Program.cs(276,36): warning CS8604: Possible null reference argument for parameter 's' in 'byte[] Encoding.GetBytes(string s)'. [C:\Users\Rohit Rathod\Desktop\JsapProject\JSAPNEW\JSAPNEW.csproj]
C:\Users\Rohit Rathod\Desktop\JsapProject\JSAPNEW\Models\TicketsModels.cs(519,23): warning CS8618: Non-nullable property 'FilePath' must contain a non-null value when exiting constructor. Consider adding the 'required' modifier or declaring the property as nullable. [C:\Users\Rohit Rathod\Desktop\JsapProject\JSAPNEW\JSAPNEW.csproj]
C:\Users\Rohit Rathod\Desktop\JsapProject\JSAPNEW\Models\AdvanceRequestModels.cs(13,23): warning CS8618: Non-nullable property 'Branch' must contain a non-null value when exiting constructor. Consider adding the 'required' modifier or declaring the property as nullable. [C:\Users\Rohit Rathod\Desktop\JsapProject\JSAPNEW\JSAPNEW.csproj]
C:\Users\Rohit Rathod\Desktop\JsapProject\JSAPNEW\Models\AdvanceRequestModels.cs(14,23): warning CS8618: Non-nullable property 'CardCode' must contain a non-null value when exiting constructor. Consider adding the 'required' modifier or declaring the property as nullable. [C:\Users\Rohit Rathod\Desktop\JsapProject\JSAPNEW\JSAPNEW.csproj]
C:\Users\Rohit Rathod\Desktop\JsapProject\JSAPNEW\Models\AdvanceRequestModels.cs(15,23): warning CS8618: Non-nullable property 'CardName' must contain a non-null value when exiting constructor. Consider adding the 'required' modifier or declaring the property as nullable. [C:\Users\Rohit Rathod\Desktop\JsapProject\JSAPNEW\JSAPNEW.csproj]
C:\Users\Rohit Rathod\Desktop\JsapProject\JSAPNEW\Models\AdvanceRequestModels.cs(16,23): warning CS8618: Non-nullable property 'Balance' must contain a non-null value when exiting constructor. Consider adding the 'required' modifier or declaring the property as nullable. [C:\Users\Rohit Rathod\Desktop\JsapProject\JSAPNEW\JSAPNEW.csproj]
C:\Users\Rohit Rathod\Desktop\JsapProject\JSAPNEW\Models\AdvanceRequestModels.cs(17,23): warning CS8618: Non-nullable property 'U_CardCode' must contain a non-null value when exiting constructor. Consider adding the 'required' modifier or declaring the property as nullable. [C:\Users\Rohit Rathod\Desktop\JsapProject\JSAPNEW\JSAPNEW.csproj]
C:\Users\Rohit Rathod\Desktop\JsapProject\JSAPNEW\Models\AdvanceRequestModels.cs(18,23): warning CS8618: Non-nullable property 'Series' must contain a non-null value when exiting constructor. Consider adding the 'required' modifier or declaring the property as nullable. [C:\Users\Rohit Rathod\Desktop\JsapProject\JSAPNEW\JSAPNEW.csproj]
C:\Users\Rohit Rathod\Desktop\JsapProject\JSAPNEW\Models\AdvanceRequestModels.cs(25,23): warning CS8618: Non-nullable property 'message' must contain a non-null value when exiting constructor. Consider adding the 'required' modifier or declaring the property as nullable. [C:\Users\Rohit Rathod\Desktop\JsapProject\JSAPNEW\JSAPNEW.csproj]
C:\Users\Rohit Rathod\Desktop\JsapProject\JSAPNEW\Models\AdvanceRequestModels.cs(49,23): warning CS8618: Non-nullable property 'AttachmentName' must contain a non-null value when exiting constructor. Consider adding the 'required' modifier or declaring the property as nullable. [C:\Users\Rohit Rathod\Desktop\JsapProject\JSAPNEW\JSAPNEW.csproj]
C:\Users\Rohit Rathod\Desktop\JsapProject\JSAPNEW\Models\AdvanceRequestModels.cs(50,23): warning CS8618: Non-nullable property 'AttachmentExtension' must contain a non-null value when exiting constructor. Consider adding the 'required' modifier or declaring the property as nullable. [C:\Users\Rohit Rathod\Desktop\JsapProject\JSAPNEW\JSAPNEW.csproj]
C:\Users\Rohit Rathod\Desktop\JsapProject\JSAPNEW\Models\AdvanceRequestModels.cs(51,23): warning CS8618: Non-nullable property 'AttachmentPath' must contain a non-null value when exiting constructor. Consider adding the 'required' modifier or declaring the property as nullable. [C:\Users\Rohit Rathod\Desktop\JsapProject\JSAPNEW\JSAPNEW.csproj]
C:\Users\Rohit Rathod\Desktop\JsapProject\JSAPNEW\Models\AdvanceRequestModels.cs(33,34): warning CS8618: Non-nullable property 'Type' must contain a non-null value when exiting constructor. Consider adding the 'required' modifier or declaring the property as nullable. [C:\Users\Rohit Rathod\Desktop\JsapProject\JSAPNEW\JSAPNEW.csproj]
C:\Users\Rohit Rathod\Desktop\JsapProject\JSAPNEW\Models\AdvanceRequestModels.cs(34,34): warning CS8618: Non-nullable property 'Search' must contain a non-null value when exiting constructor. Consider adding the 'required' modifier or declaring the property as nullable. [C:\Users\Rohit Rathod\Desktop\JsapProject\JSAPNEW\JSAPNEW.csproj]
C:\Users\Rohit Rathod\Desktop\JsapProject\JSAPNEW\Models\AdvanceRequestModels.cs(38,34): warning CS8618: Non-nullable property 'Remark' must contain a non-null value when exiting constructor. Consider adding the 'required' modifier or declaring the property as nullable. [C:\Users\Rohit Rathod\Desktop\JsapProject\JSAPNEW\JSAPNEW.csproj]
C:\Users\Rohit Rathod\Desktop\JsapProject\JSAPNEW\Models\AdvanceRequestModels.cs(39,34): warning CS8618: Non-nullable property 'Priority' must contain a non-null value when exiting constructor. Consider adding the 'required' modifier or declaring the property as nullable. [C:\Users\Rohit Rathod\Desktop\JsapProject\JSAPNEW\JSAPNEW.csproj]
C:\Users\Rohit Rathod\Desktop\JsapProject\JSAPNEW\Models\TicketsModels.cs(506,23): warning CS8618: Non-nullable property 'UserName' must contain a non-null value when exiting constructor. Consider adding the 'required' modifier or declaring the property as nullable. [C:\Users\Rohit Rathod\Desktop\JsapProject\JSAPNEW\JSAPNEW.csproj]
C:\Users\Rohit Rathod\Desktop\JsapProject\JSAPNEW\Models\TicketsModels.cs(507,23): warning CS8618: Non-nullable property 'FileName' must contain a non-null value when exiting constructor. Consider adding the 'required' modifier or declaring the property as nullable. [C:\Users\Rohit Rathod\Desktop\JsapProject\JSAPNEW\JSAPNEW.csproj]
C:\Users\Rohit Rathod\Desktop\JsapProject\JSAPNEW\Models\TicketsModels.cs(508,23): warning CS8618: Non-nullable property 'FilePath' must contain a non-null value when exiting constructor. Consider adding the 'required' modifier or declaring the property as nullable. [C:\Users\Rohit Rathod\Desktop\JsapProject\JSAPNEW\JSAPNEW.csproj]
C:\Users\Rohit Rathod\Desktop\JsapProject\JSAPNEW\Models\TicketsModels.cs(481,23): warning CS8618: Non-nullable property 'FileName' must contain a non-null value when exiting constructor. Consider adding the 'required' modifier or declaring the property as nullable. [C:\Users\Rohit Rathod\Desktop\JsapProject\JSAPNEW\JSAPNEW.csproj]
C:\Users\Rohit Rathod\Desktop\JsapProject\JSAPNEW\Models\TicketsModels.cs(482,23): warning CS8618: Non-nullable property 'FilePath' must contain a non-null value when exiting constructor. Consider adding the 'required' modifier or declaring the property as nullable. [C:\Users\Rohit Rathod\Desktop\JsapProject\JSAPNEW\JSAPNEW.csproj]
C:\Users\Rohit Rathod\Desktop\JsapProject\JSAPNEW\Models\TicketsModels.cs(467,45): warning CS8618: Non-nullable property 'UserSummary' must contain a non-null value when exiting constructor. Consider adding the 'required' modifier or declaring the property as nullable. [C:\Users\Rohit Rathod\Desktop\JsapProject\JSAPNEW\JSAPNEW.csproj]
C:\Users\Rohit Rathod\Desktop\JsapProject\JSAPNEW\Models\TicketsModels.cs(468,38): warning CS8618: Non-nullable property 'DateWise' must contain a non-null value when exiting constructor. Consider adding the 'required' modifier or declaring the property as nullable. [C:\Users\Rohit Rathod\Desktop\JsapProject\JSAPNEW\JSAPNEW.csproj]
C:\Users\Rohit Rathod\Desktop\JsapProject\JSAPNEW\Models\TicketsModels.cs(469,42): warning CS8618: Non-nullable property 'AssigneeWise' must contain a non-null value when exiting constructor. Consider adding the 'required' modifier or declaring the property as nullable. [C:\Users\Rohit Rathod\Desktop\JsapProject\JSAPNEW\JSAPNEW.csproj]
C:\Users\Rohit Rathod\Desktop\JsapProject\JSAPNEW\Models\TicketsModels.cs(470,41): warning CS8618: Non-nullable property 'ProjectWise' must contain a non-null value when exiting constructor. Consider adding the 'required' modifier or declaring the property as nullable. [C:\Users\Rohit Rathod\Desktop\JsapProject\JSAPNEW\JSAPNEW.csproj]
C:\Users\Rohit Rathod\Desktop\JsapProject\JSAPNEW\Models\TicketsModels.cs(459,45): warning CS8618: Non-nullable property 'UserSummary' must contain a non-null value when exiting constructor. Consider adding the 'required' modifier or declaring the property as nullable. [C:\Users\Rohit Rathod\Desktop\JsapProject\JSAPNEW\JSAPNEW.csproj]
C:\Users\Rohit Rathod\Desktop\JsapProject\JSAPNEW\Models\TicketsModels.cs(460,38): warning CS8618: Non-nullable property 'DateWiseAssigned' must contain a non-null value when exiting constructor. Consider adding the 'required' modifier or declaring the property as nullable. [C:\Users\Rohit Rathod\Desktop\JsapProject\JSAPNEW\JSAPNEW.csproj]
C:\Users\Rohit Rathod\Desktop\JsapProject\JSAPNEW\Models\TicketsModels.cs(461,38): warning CS8618: Non-nullable property 'DateWiseClosed' must contain a non-null value when exiting constructor. Consider adding the 'required' modifier or declaring the property as nullable. [C:\Users\Rohit Rathod\Desktop\JsapProject\JSAPNEW\JSAPNEW.csproj]
C:\Users\Rohit Rathod\Desktop\JsapProject\JSAPNEW\Models\TicketsModels.cs(462,41): warning CS8618: Non-nullable property 'ProjectWise' must contain a non-null value when exiting constructor. Consider adding the 'required' modifier or declaring the property as nullable. [C:\Users\Rohit Rathod\Desktop\JsapProject\JSAPNEW\JSAPNEW.csproj]
C:\Users\Rohit Rathod\Desktop\JsapProject\JSAPNEW\Models\TicketsModels.cs(452,41): warning CS8618: Non-nullable property 'UserSummary' must contain a non-null value when exiting constructor. Consider adding the 'required' modifier or declaring the property as nullable. [C:\Users\Rohit Rathod\Desktop\JsapProject\JSAPNEW\JSAPNEW.csproj]
C:\Users\Rohit Rathod\Desktop\JsapProject\JSAPNEW\Models\TicketsModels.cs(453,38): warning CS8618: Non-nullable property 'DateWise' must contain a non-null value when exiting constructor. Consider adding the 'required' modifier or declaring the property as nullable. [C:\Users\Rohit Rathod\Desktop\JsapProject\JSAPNEW\JSAPNEW.csproj]
C:\Users\Rohit Rathod\Desktop\JsapProject\JSAPNEW\Models\TicketsModels.cs(454,41): warning CS8618: Non-nullable property 'ProjectWise' must contain a non-null value when exiting constructor. Consider adding the 'required' modifier or declaring the property as nullable. [C:\Users\Rohit Rathod\Desktop\JsapProject\JSAPNEW\JSAPNEW.csproj]
C:\Users\Rohit Rathod\Desktop\JsapProject\JSAPNEW\Models\TicketsModels.cs(440,23): warning CS8618: Non-nullable property 'AssigneeName' must contain a non-null value when exiting constructor. Consider adding the 'required' modifier or declaring the property as nullable. [C:\Users\Rohit Rathod\Desktop\JsapProject\JSAPNEW\JSAPNEW.csproj]
C:\Users\Rohit Rathod\Desktop\JsapProject\JSAPNEW\Models\TicketsModels.cs(441,23): warning CS8618: Non-nullable property 'AssigneeEmail' must contain a non-null value when exiting constructor. Consider adding the 'required' modifier or declaring the property as nullable. [C:\Users\Rohit Rathod\Desktop\JsapProject\JSAPNEW\JSAPNEW.csproj]
C:\Users\Rohit Rathod\Desktop\JsapProject\JSAPNEW\Models\TicketsModels.cs(442,23): warning CS8618: Non-nullable property 'MonthYear' must contain a non-null value when exiting constructor. Consider adding the 'required' modifier or declaring the property as nullable. [C:\Users\Rohit Rathod\Desktop\JsapProject\JSAPNEW\JSAPNEW.csproj]
C:\Users\Rohit Rathod\Desktop\JsapProject\JSAPNEW\Models\TicketsModels.cs(427,23): warning CS8618: Non-nullable property 'ProjectName' must contain a non-null value when exiting constructor. Consider adding the 'required' modifier or declaring the property as nullable. [C:\Users\Rohit Rathod\Desktop\JsapProject\JSAPNEW\JSAPNEW.csproj]
C:\Users\Rohit Rathod\Desktop\JsapProject\JSAPNEW\Models\TicketsModels.cs(428,23): warning CS8618: Non-nullable property 'MonthYear' must contain a non-null value when exiting constructor. Consider adding the 'required' modifier or declaring the property as nullable. [C:\Users\Rohit Rathod\Desktop\JsapProject\JSAPNEW\JSAPNEW.csproj]
C:\Users\Rohit Rathod\Desktop\JsapProject\JSAPNEW\Models\AdvanceRequestModels.cs(65,23): warning CS8618: Non-nullable property 'company' must contain a non-null value when exiting constructor. Consider adding the 'required' modifier or declaring the property as nullable. [C:\Users\Rohit Rathod\Desktop\JsapProject\JSAPNEW\JSAPNEW.csproj]
C:\Users\Rohit Rathod\Desktop\JsapProject\JSAPNEW\Models\AdvanceRequestModels.cs(67,23): warning CS8618: Non-nullable property 'Type' must contain a non-null value when exiting constructor. Consider adding the 'required' modifier or declaring the property as nullable. [C:\Users\Rohit Rathod\Desktop\JsapProject\JSAPNEW\JSAPNEW.csproj]
C:\Users\Rohit Rathod\Desktop\JsapProject\JSAPNEW\Models\AdvanceRequestModels.cs(68,23): warning CS8618: Non-nullable property 'Search' must contain a non-null value when exiting constructor. Consider adding the 'required' modifier or declaring the property as nullable. [C:\Users\Rohit Rathod\Desktop\JsapProject\JSAPNEW\JSAPNEW.csproj]
C:\Users\Rohit Rathod\Desktop\JsapProject\JSAPNEW\Models\AdvanceRequestModels.cs(69,23): warning CS8618: Non-nullable property 'partyName' must contain a non-null value when exiting constructor. Consider adding the 'required' modifier or declaring the property as nullable. [C:\Users\Rohit Rathod\Desktop\JsapProject\JSAPNEW\JSAPNEW.csproj]
C:\Users\Rohit Rathod\Desktop\JsapProject\JSAPNEW\Models\AdvanceRequestModels.cs(71,23): warning CS8618: Non-nullable property 'DepartmentName' must contain a non-null value when exiting constructor. Consider adding the 'required' modifier or declaring the property as nullable. [C:\Users\Rohit Rathod\Desktop\JsapProject\JSAPNEW\JSAPNEW.csproj]
C:\Users\Rohit Rathod\Desktop\JsapProject\JSAPNEW\Models\AdvanceRequestModels.cs(72,23): warning CS8618: Non-nullable property 'Amount' must contain a non-null value when exiting constructor. Consider adding the 'required' modifier or declaring the property as nullable. [C:\Users\Rohit Rathod\Desktop\JsapProject\JSAPNEW\JSAPNEW.csproj]
C:\Users\Rohit Rathod\Desktop\JsapProject\JSAPNEW\Models\AdvanceRequestModels.cs(73,23): warning CS8618: Non-nullable property 'Purpose' must contain a non-null value when exiting constructor. Consider adding the 'required' modifier or declaring the property as nullable. [C:\Users\Rohit Rathod\Desktop\JsapProject\JSAPNEW\JSAPNEW.csproj]
C:\Users\Rohit Rathod\Desktop\JsapProject\JSAPNEW\Models\AdvanceRequestModels.cs(74,23): warning CS8618: Non-nullable property 'Remark' must contain a non-null value when exiting constructor. Consider adding the 'required' modifier or declaring the property as nullable. [C:\Users\Rohit Rathod\Desktop\JsapProject\JSAPNEW\JSAPNEW.csproj]
C:\Users\Rohit Rathod\Desktop\JsapProject\JSAPNEW\Models\AdvanceRequestModels.cs(75,23): warning CS8618: Non-nullable property 'Priority' must contain a non-null value when exiting constructor. Consider adding the 'required' modifier or declaring the property as nullable. [C:\Users\Rohit Rathod\Desktop\JsapProject\JSAPNEW\JSAPNEW.csproj]
C:\Users\Rohit Rathod\Desktop\JsapProject\JSAPNEW\Models\AdvanceRequestModels.cs(76,23): warning CS8618: Non-nullable property 'ExpectedPayDate' must contain a non-null value when exiting constructor. Consider adding the 'required' modifier or declaring the property as nullable. [C:\Users\Rohit Rathod\Desktop\JsapProject\JSAPNEW\JSAPNEW.csproj]
C:\Users\Rohit Rathod\Desktop\JsapProject\JSAPNEW\Models\AdvanceRequestModels.cs(77,23): warning CS8618: Non-nullable property 'ExpectedGrpoDate' must contain a non-null value when exiting constructor. Consider adding the 'required' modifier or declaring the property as nullable. [C:\Users\Rohit Rathod\Desktop\JsapProject\JSAPNEW\JSAPNEW.csproj]
C:\Users\Rohit Rathod\Desktop\JsapProject\JSAPNEW\Models\AdvanceRequestModels.cs(79,23): warning CS8618: Non-nullable property 'CreatedByName' must contain a non-null value when exiting constructor. Consider adding the 'required' modifier or declaring the property as nullable. [C:\Users\Rohit Rathod\Desktop\JsapProject\JSAPNEW\JSAPNEW.csproj]
C:\Users\Rohit Rathod\Desktop\JsapProject\JSAPNEW\Models\AdvanceRequestModels.cs(80,23): warning CS8618: Non-nullable property 'CreatedDate' must contain a non-null value when exiting constructor. Consider adding the 'required' modifier or declaring the property as nullable. [C:\Users\Rohit Rathod\Desktop\JsapProject\JSAPNEW\JSAPNEW.csproj]
C:\Users\Rohit Rathod\Desktop\JsapProject\JSAPNEW\Models\AdvanceRequestModels.cs(81,23): warning CS8618: Non-nullable property 'UpdatedDate' must contain a non-null value when exiting constructor. Consider adding the 'required' modifier or declaring the property as nullable. [C:\Users\Rohit Rathod\Desktop\JsapProject\JSAPNEW\JSAPNEW.csproj]
C:\Users\Rohit Rathod\Desktop\JsapProject\JSAPNEW\Models\AdvanceRequestModels.cs(82,23): warning CS8618: Non-nullable property 'UpdatedByName' must contain a non-null value when exiting constructor. Consider adding the 'required' modifier or declaring the property as nullable. [C:\Users\Rohit Rathod\Desktop\JsapProject\JSAPNEW\JSAPNEW.csproj]
C:\Users\Rohit Rathod\Desktop\JsapProject\JSAPNEW\Models\AdvanceRequestModels.cs(83,23): warning CS8618: Non-nullable property 'UpdatedStatus' must contain a non-null value when exiting constructor. Consider adding the 'required' modifier or declaring the property as nullable. [C:\Users\Rohit Rathod\Desktop\JsapProject\JSAPNEW\JSAPNEW.csproj]
C:\Users\Rohit Rathod\Desktop\JsapProject\JSAPNEW\Models\AdvanceRequestModels.cs(84,23): warning CS8618: Non-nullable property 'emiMonth' must contain a non-null value when exiting constructor. Consider adding the 'required' modifier or declaring the property as nullable. [C:\Users\Rohit Rathod\Desktop\JsapProject\JSAPNEW\JSAPNEW.csproj]
C:\Users\Rohit Rathod\Desktop\JsapProject\JSAPNEW\Models\AdvanceRequestModels.cs(85,23): warning CS8618: Non-nullable property 'po' must contain a non-null value when exiting constructor. Consider adding the 'required' modifier or declaring the property as nullable. [C:\Users\Rohit Rathod\Desktop\JsapProject\JSAPNEW\JSAPNEW.csproj]
C:\Users\Rohit Rathod\Desktop\JsapProject\JSAPNEW\Models\AdvanceRequestModels.cs(88,23): warning CS8618: Non-nullable property 'Status' must contain a non-null value when exiting constructor. Consider adding the 'required' modifier or declaring the property as nullable. [C:\Users\Rohit Rathod\Desktop\JsapProject\JSAPNEW\JSAPNEW.csproj]
C:\Users\Rohit Rathod\Desktop\JsapProject\JSAPNEW\Models\TicketsModels.cs(415,23): warning CS8618: Non-nullable property 'MonthYear' must contain a non-null value when exiting constructor. Consider adding the 'required' modifier or declaring the property as nullable. [C:\Users\Rohit Rathod\Desktop\JsapProject\JSAPNEW\JSAPNEW.csproj]
C:\Users\Rohit Rathod\Desktop\JsapProject\JSAPNEW\Services\Implementation\UserService.cs(33,33): warning CS8601: Possible null reference assignment. [C:\Users\Rohit Rathod\Desktop\JsapProject\JSAPNEW\JSAPNEW.csproj]
C:\Users\Rohit Rathod\Desktop\JsapProject\JSAPNEW\Services\Implementation\UserService.cs(29,16): warning CS8618: Non-nullable field '_connectionString' must contain a non-null value when exiting constructor. Consider adding the 'required' modifier or declaring the field as nullable. [C:\Users\Rohit Rathod\Desktop\JsapProject\JSAPNEW\JSAPNEW.csproj]
C:\Users\Rohit Rathod\Desktop\JsapProject\JSAPNEW\Models\TicketsModels.cs(399,23): warning CS8618: Non-nullable property 'UserName' must contain a non-null value when exiting constructor. Consider adding the 'required' modifier or declaring the property as nullable. [C:\Users\Rohit Rathod\Desktop\JsapProject\JSAPNEW\JSAPNEW.csproj]
C:\Users\Rohit Rathod\Desktop\JsapProject\JSAPNEW\Models\TicketsModels.cs(400,23): warning CS8618: Non-nullable property 'UserEmail' must contain a non-null value when exiting constructor. Consider adding the 'required' modifier or declaring the property as nullable. [C:\Users\Rohit Rathod\Desktop\JsapProject\JSAPNEW\JSAPNEW.csproj]
C:\Users\Rohit Rathod\Desktop\JsapProject\JSAPNEW\Models\TicketsModels.cs(401,23): warning CS8618: Non-nullable property 'EmpId' must contain a non-null value when exiting constructor. Consider adding the 'required' modifier or declaring the property as nullable. [C:\Users\Rohit Rathod\Desktop\JsapProject\JSAPNEW\JSAPNEW.csproj]
C:\Users\Rohit Rathod\Desktop\JsapProject\JSAPNEW\Models\TicketsModels.cs(402,23): warning CS8618: Non-nullable property 'MonthYear' must contain a non-null value when exiting constructor. Consider adding the 'required' modifier or declaring the property as nullable. [C:\Users\Rohit Rathod\Desktop\JsapProject\JSAPNEW\JSAPNEW.csproj]
C:\Users\Rohit Rathod\Desktop\JsapProject\JSAPNEW\Services\AuthSecurity.cs(31,34): warning CS0618: 'Encryption' is obsolete: 'Legacy encryption for migration only. Use PasswordHasher for new passwords.' [C:\Users\Rohit Rathod\Desktop\JsapProject\JSAPNEW\JSAPNEW.csproj]
C:\Users\Rohit Rathod\Desktop\JsapProject\JSAPNEW\Models\TicketsModels.cs(381,23): warning CS8618: Non-nullable property 'UserName' must contain a non-null value when exiting constructor. Consider adding the 'required' modifier or declaring the property as nullable. [C:\Users\Rohit Rathod\Desktop\JsapProject\JSAPNEW\JSAPNEW.csproj]
C:\Users\Rohit Rathod\Desktop\JsapProject\JSAPNEW\Models\TicketsModels.cs(382,23): warning CS8618: Non-nullable property 'UserEmail' must contain a non-null value when exiting constructor. Consider adding the 'required' modifier or declaring the property as nullable. [C:\Users\Rohit Rathod\Desktop\JsapProject\JSAPNEW\JSAPNEW.csproj]
C:\Users\Rohit Rathod\Desktop\JsapProject\JSAPNEW\Models\TicketsModels.cs(383,23): warning CS8618: Non-nullable property 'EmpId' must contain a non-null value when exiting constructor. Consider adding the 'required' modifier or declaring the property as nullable. [C:\Users\Rohit Rathod\Desktop\JsapProject\JSAPNEW\JSAPNEW.csproj]
C:\Users\Rohit Rathod\Desktop\JsapProject\JSAPNEW\Models\TicketsModels.cs(384,23): warning CS8618: Non-nullable property 'MonthYear' must contain a non-null value when exiting constructor. Consider adding the 'required' modifier or declaring the property as nullable. [C:\Users\Rohit Rathod\Desktop\JsapProject\JSAPNEW\JSAPNEW.csproj]
C:\Users\Rohit Rathod\Desktop\JsapProject\JSAPNEW\Models\TicketsModels.cs(362,23): warning CS8618: Non-nullable property 'UserName' must contain a non-null value when exiting constructor. Consider adding the 'required' modifier or declaring the property as nullable. [C:\Users\Rohit Rathod\Desktop\JsapProject\JSAPNEW\JSAPNEW.csproj]
C:\Users\Rohit Rathod\Desktop\JsapProject\JSAPNEW\Models\TicketsModels.cs(363,23): warning CS8618: Non-nullable property 'UserEmail' must contain a non-null value when exiting constructor. Consider adding the 'required' modifier or declaring the property as nullable. [C:\Users\Rohit Rathod\Desktop\JsapProject\JSAPNEW\JSAPNEW.csproj]
C:\Users\Rohit Rathod\Desktop\JsapProject\JSAPNEW\Models\TicketsModels.cs(364,23): warning CS8618: Non-nullable property 'EmpId' must contain a non-null value when exiting constructor. Consider adding the 'required' modifier or declaring the property as nullable. [C:\Users\Rohit Rathod\Desktop\JsapProject\JSAPNEW\JSAPNEW.csproj]
C:\Users\Rohit Rathod\Desktop\JsapProject\JSAPNEW\Models\TicketsModels.cs(365,23): warning CS8618: Non-nullable property 'MonthYear' must contain a non-null value when exiting constructor. Consider adding the 'required' modifier or declaring the property as nullable. [C:\Users\Rohit Rathod\Desktop\JsapProject\JSAPNEW\JSAPNEW.csproj]
C:\Users\Rohit Rathod\Desktop\JsapProject\JSAPNEW\Controllers\AdminController.cs(20,24): warning CS8601: Possible null reference assignment. [C:\Users\Rohit Rathod\Desktop\JsapProject\JSAPNEW\JSAPNEW.csproj]
C:\Users\Rohit Rathod\Desktop\JsapProject\JSAPNEW\Controllers\AdminController.cs(17,16): warning CS8618: Non-nullable field '_connStr' must contain a non-null value when exiting constructor. Consider adding the 'required' modifier or declaring the field as nullable. [C:\Users\Rohit Rathod\Desktop\JsapProject\JSAPNEW\JSAPNEW.csproj]
C:\Users\Rohit Rathod\Desktop\JsapProject\JSAPNEW\Services\Implementation\Adminservice.cs(23,30): warning CS8600: Converting null literal or possible null value to non-nullable type. [C:\Users\Rohit Rathod\Desktop\JsapProject\JSAPNEW\JSAPNEW.csproj]
C:\Users\Rohit Rathod\Desktop\JsapProject\JSAPNEW\Models\AdvanceRequestModels.cs(105,23): warning CS8618: Non-nullable property 'StageName' must contain a non-null value when exiting constructor. Consider adding the 'required' modifier or declaring the property as nullable. [C:\Users\Rohit Rathod\Desktop\JsapProject\JSAPNEW\JSAPNEW.csproj]
C:\Users\Rohit Rathod\Desktop\JsapProject\JSAPNEW\Models\AdvanceRequestModels.cs(107,23): warning CS8618: Non-nullable property 'AssignedTo' must contain a non-null value when exiting constructor. Consider adding the 'required' modifier or declaring the property as nullable. [C:\Users\Rohit Rathod\Desktop\JsapProject\JSAPNEW\JSAPNEW.csproj]
C:\Users\Rohit Rathod\Desktop\JsapProject\JSAPNEW\Models\AdvanceRequestModels.cs(108,23): warning CS8618: Non-nullable property 'ActionStatus' must contain a non-null value when exiting constructor. Consider adding the 'required' modifier or declaring the property as nullable. [C:\Users\Rohit Rathod\Desktop\JsapProject\JSAPNEW\JSAPNEW.csproj]
C:\Users\Rohit Rathod\Desktop\JsapProject\JSAPNEW\Models\AdvanceRequestModels.cs(110,23): warning CS8618: Non-nullable property 'Description' must contain a non-null value when exiting constructor. Consider adding the 'required' modifier or declaring the property as nullable. [C:\Users\Rohit Rathod\Desktop\JsapProject\JSAPNEW\JSAPNEW.csproj]
C:\Users\Rohit Rathod\Desktop\JsapProject\JSAPNEW\Models\AdvanceRequestModels.cs(94,23): warning CS8618: Non-nullable property 'Status' must contain a non-null value when exiting constructor. Consider adding the 'required' modifier or declaring the property as nullable. [C:\Users\Rohit Rathod\Desktop\JsapProject\JSAPNEW\JSAPNEW.csproj]
C:\Users\Rohit Rathod\Desktop\JsapProject\JSAPNEW\Models\AdvanceRequestModels.cs(99,23): warning CS8618: Non-nullable property 'UpdatedOn' must contain a non-null value when exiting constructor. Consider adding the 'required' modifier or declaring the property as nullable. [C:\Users\Rohit Rathod\Desktop\JsapProject\JSAPNEW\JSAPNEW.csproj]
C:\Users\Rohit Rathod\Desktop\JsapProject\JSAPNEW\Models\AdvanceRequestModels.cs(100,23): warning CS8618: Non-nullable property 'CreatedOn' must contain a non-null value when exiting constructor. Consider adding the 'required' modifier or declaring the property as nullable. [C:\Users\Rohit Rathod\Desktop\JsapProject\JSAPNEW\JSAPNEW.csproj]
C:\Users\Rohit Rathod\Desktop\JsapProject\JSAPNEW\Models\TicketsModels.cs(325,23): warning CS8618: Non-nullable property 'UserName' must contain a non-null value when exiting constructor. Consider adding the 'required' modifier or declaring the property as nullable. [C:\Users\Rohit Rathod\Desktop\JsapProject\JSAPNEW\JSAPNEW.csproj]
C:\Users\Rohit Rathod\Desktop\JsapProject\JSAPNEW\Models\TicketsModels.cs(326,23): warning CS8618: Non-nullable property 'UserEmail' must contain a non-null value when exiting constructor. Consider adding the 'required' modifier or declaring the property as nullable. [C:\Users\Rohit Rathod\Desktop\JsapProject\JSAPNEW\JSAPNEW.csproj]
C:\Users\Rohit Rathod\Desktop\JsapProject\JSAPNEW\Models\TicketsModels.cs(327,23): warning CS8618: Non-nullable property 'Action' must contain a non-null value when exiting constructor. Consider adding the 'required' modifier or declaring the property as nullable. [C:\Users\Rohit Rathod\Desktop\JsapProject\JSAPNEW\JSAPNEW.csproj]
C:\Users\Rohit Rathod\Desktop\JsapProject\JSAPNEW\Models\TicketsModels.cs(328,23): warning CS8618: Non-nullable property 'OldValue' must contain a non-null value when exiting constructor. Consider adding the 'required' modifier or declaring the property as nullable. [C:\Users\Rohit Rathod\Desktop\JsapProject\JSAPNEW\JSAPNEW.csproj]
C:\Users\Rohit Rathod\Desktop\JsapProject\JSAPNEW\Models\TicketsModels.cs(329,23): warning CS8618: Non-nullable property 'NewValue' must contain a non-null value when exiting constructor. Consider adding the 'required' modifier or declaring the property as nullable. [C:\Users\Rohit Rathod\Desktop\JsapProject\JSAPNEW\JSAPNEW.csproj]
C:\Users\Rohit Rathod\Desktop\JsapProject\JSAPNEW\Models\TicketsModels.cs(330,23): warning CS8618: Non-nullable property 'Description' must contain a non-null value when exiting constructor. Consider adding the 'required' modifier or declaring the property as nullable. [C:\Users\Rohit Rathod\Desktop\JsapProject\JSAPNEW\JSAPNEW.csproj]
C:\Users\Rohit Rathod\Desktop\JsapProject\JSAPNEW\Models\TicketsModels.cs(295,23): warning CS8618: Non-nullable property 'TicketTitle' must contain a non-null value when exiting constructor. Consider adding the 'required' modifier or declaring the property as nullable. [C:\Users\Rohit Rathod\Desktop\JsapProject\JSAPNEW\JSAPNEW.csproj]
C:\Users\Rohit Rathod\Desktop\JsapProject\JSAPNEW\Models\TicketsModels.cs(297,23): warning CS8618: Non-nullable property 'UserName' must contain a non-null value when exiting constructor. Consider adding the 'required' modifier or declaring the property as nullable. [C:\Users\Rohit Rathod\Desktop\JsapProject\JSAPNEW\JSAPNEW.csproj]
C:\Users\Rohit Rathod\Desktop\JsapProject\JSAPNEW\Models\TicketsModels.cs(298,23): warning CS8618: Non-nullable property 'UserEmail' must contain a non-null value when exiting constructor. Consider adding the 'required' modifier or declaring the property as nullable. [C:\Users\Rohit Rathod\Desktop\JsapProject\JSAPNEW\JSAPNEW.csproj]
C:\Users\Rohit Rathod\Desktop\JsapProject\JSAPNEW\Models\TicketsModels.cs(299,23): warning CS8618: Non-nullable property 'Comment' must contain a non-null value when exiting constructor. Consider adding the 'required' modifier or declaring the property as nullable. [C:\Users\Rohit Rathod\Desktop\JsapProject\JSAPNEW\JSAPNEW.csproj]
C:\Users\Rohit Rathod\Desktop\JsapProject\JSAPNEW\Models\TicketsModels.cs(265,23): warning CS8618: Non-nullable property 'Comment' must contain a non-null value when exiting constructor. Consider adding the 'required' modifier or declaring the property as nullable. [C:\Users\Rohit Rathod\Desktop\JsapProject\JSAPNEW\JSAPNEW.csproj]
C:\Users\Rohit Rathod\Desktop\JsapProject\JSAPNEW\Controllers\AdminController.cs(138,8): warning CS8602: Dereference of a possibly null reference. [C:\Users\Rohit Rathod\Desktop\JsapProject\JSAPNEW\JSAPNEW.csproj]
C:\Users\Rohit Rathod\Desktop\JsapProject\JSAPNEW\Services\Implementation\UserService.cs(127,42): warning CS8601: Possible null reference assignment. [C:\Users\Rohit Rathod\Desktop\JsapProject\JSAPNEW\JSAPNEW.csproj]
C:\Users\Rohit Rathod\Desktop\JsapProject\JSAPNEW\Services\Implementation\UserService.cs(164,76): warning CS8604: Possible null reference argument for parameter 'secretKey' in 'string AuthSecurity.CreateSecurityStamp(string? passwordHash, string secretKey, params object?[] stateParts)'. [C:\Users\Rohit Rathod\Desktop\JsapProject\JSAPNEW\JSAPNEW.csproj]
C:\Users\Rohit Rathod\Desktop\JsapProject\JSAPNEW\Services\Implementation\UserService.cs(165,105): warning CS8604: Possible null reference argument for parameter 'secretKey' in 'string AuthSecurity.CreateSecurityStamp(IDictionary<string, object> userRow, string secretKey, string roleSnapshot)'. [C:\Users\Rohit Rathod\Desktop\JsapProject\JSAPNEW\JSAPNEW.csproj]
C:\Users\Rohit Rathod\Desktop\JsapProject\JSAPNEW\Models\TicketsModels.cs(257,23): warning CS8618: Non-nullable property 'Comment' must contain a non-null value when exiting constructor. Consider adding the 'required' modifier or declaring the property as nullable. [C:\Users\Rohit Rathod\Desktop\JsapProject\JSAPNEW\JSAPNEW.csproj]
C:\Users\Rohit Rathod\Desktop\JsapProject\JSAPNEW\Controllers\UserManagementController.cs(39,30): warning CS8629: Nullable value type may be null. [C:\Users\Rohit Rathod\Desktop\JsapProject\JSAPNEW\JSAPNEW.csproj]
C:\Users\Rohit Rathod\Desktop\JsapProject\JSAPNEW\Models\AdvanceRequestModels.cs(117,31): warning CS8618: Non-nullable property 'Header' must contain a non-null value when exiting constructor. Consider adding the 'required' modifier or declaring the property as nullable. [C:\Users\Rohit Rathod\Desktop\JsapProject\JSAPNEW\JSAPNEW.csproj]
C:\Users\Rohit Rathod\Desktop\JsapProject\JSAPNEW\Models\AdvanceRequestModels.cs(118,29): warning CS8618: Non-nullable property 'PayFlow' must contain a non-null value when exiting constructor. Consider adding the 'required' modifier or declaring the property as nullable. [C:\Users\Rohit Rathod\Desktop\JsapProject\JSAPNEW\JSAPNEW.csproj]
C:\Users\Rohit Rathod\Desktop\JsapProject\JSAPNEW\Models\AdvanceRequestModels.cs(119,40): warning CS8618: Non-nullable property 'Stages' must contain a non-null value when exiting constructor. Consider adding the 'required' modifier or declaring the property as nullable. [C:\Users\Rohit Rathod\Desktop\JsapProject\JSAPNEW\JSAPNEW.csproj]
C:\Users\Rohit Rathod\Desktop\JsapProject\JSAPNEW\Models\AdvanceRequestModels.cs(120,39): warning CS8618: Non-nullable property 'Attachments' must contain a non-null value when exiting constructor. Consider adding the 'required' modifier or declaring the property as nullable. [C:\Users\Rohit Rathod\Desktop\JsapProject\JSAPNEW\JSAPNEW.csproj]
C:\Users\Rohit Rathod\Desktop\JsapProject\JSAPNEW\Models\TicketsModels.cs(217,23): warning CS8618: Non-nullable property 'HoldReason' must contain a non-null value when exiting constructor. Consider adding the 'required' modifier or declaring the property as nullable. [C:\Users\Rohit Rathod\Desktop\JsapProject\JSAPNEW\JSAPNEW.csproj]
C:\Users\Rohit Rathod\Desktop\JsapProject\JSAPNEW\Models\TicketsModels.cs(188,23): warning CS8618: Non-nullable property 'FullName' must contain a non-null value when exiting constructor. Consider adding the 'required' modifier or declaring the property as nullable. [C:\Users\Rohit Rathod\Desktop\JsapProject\JSAPNEW\JSAPNEW.csproj]
C:\Users\Rohit Rathod\Desktop\JsapProject\JSAPNEW\Models\TicketsModels.cs(189,23): warning CS8618: Non-nullable property 'UserEmail' must contain a non-null value when exiting constructor. Consider adding the 'required' modifier or declaring the property as nullable. [C:\Users\Rohit Rathod\Desktop\JsapProject\JSAPNEW\JSAPNEW.csproj]
C:\Users\Rohit Rathod\Desktop\JsapProject\JSAPNEW\Models\TicketsModels.cs(190,23): warning CS8618: Non-nullable property 'EmpId' must contain a non-null value when exiting constructor. Consider adding the 'required' modifier or declaring the property as nullable. [C:\Users\Rohit Rathod\Desktop\JsapProject\JSAPNEW\JSAPNEW.csproj]
C:\Users\Rohit Rathod\Desktop\JsapProject\JSAPNEW\Models\AdvanceRequestModels.cs(127,23): warning CS8618: Non-nullable property 'fileName' must contain a non-null value when exiting constructor. Consider adding the 'required' modifier or declaring the property as nullable. [C:\Users\Rohit Rathod\Desktop\JsapProject\JSAPNEW\JSAPNEW.csproj]
C:\Users\Rohit Rathod\Desktop\JsapProject\JSAPNEW\Models\AdvanceRequestModels.cs(128,23): warning CS8618: Non-nullable property 'fileExtension' must contain a non-null value when exiting constructor. Consider adding the 'required' modifier or declaring the property as nullable. [C:\Users\Rohit Rathod\Desktop\JsapProject\JSAPNEW\JSAPNEW.csproj]
C:\Users\Rohit Rathod\Desktop\JsapProject\JSAPNEW\Models\AdvanceRequestModels.cs(129,23): warning CS8618: Non-nullable property 'filePath' must contain a non-null value when exiting constructor. Consider adding the 'required' modifier or declaring the property as nullable. [C:\Users\Rohit Rathod\Desktop\JsapProject\JSAPNEW\JSAPNEW.csproj]
C:\Users\Rohit Rathod\Desktop\JsapProject\JSAPNEW\Models\AdvanceRequestModels.cs(131,23): warning CS8618: Non-nullable property 'createdAt' must contain a non-null value when exiting constructor. Consider adding the 'required' modifier or declaring the property as nullable. [C:\Users\Rohit Rathod\Desktop\JsapProject\JSAPNEW\JSAPNEW.csproj]
C:\Users\Rohit Rathod\Desktop\JsapProject\JSAPNEW\Models\AdvanceRequestModels.cs(132,23): warning CS8618: Non-nullable property 'DownloadUrl' must contain a non-null value when exiting constructor. Consider adding the 'required' modifier or declaring the property as nullable. [C:\Users\Rohit Rathod\Desktop\JsapProject\JSAPNEW\JSAPNEW.csproj]
C:\Users\Rohit Rathod\Desktop\JsapProject\JSAPNEW\Services\Implementation\Adminservice.cs(60,30): warning CS8600: Converting null literal or possible null value to non-nullable type. [C:\Users\Rohit Rathod\Desktop\JsapProject\JSAPNEW\JSAPNEW.csproj]
C:\Users\Rohit Rathod\Desktop\JsapProject\JSAPNEW\Services\Implementation\Adminservice.cs(82,47): warning CS8601: Possible null reference assignment. [C:\Users\Rohit Rathod\Desktop\JsapProject\JSAPNEW\JSAPNEW.csproj]
C:\Users\Rohit Rathod\Desktop\JsapProject\JSAPNEW\Services\Implementation\Adminservice.cs(83,45): warning CS8601: Possible null reference assignment. [C:\Users\Rohit Rathod\Desktop\JsapProject\JSAPNEW\JSAPNEW.csproj]
C:\Users\Rohit Rathod\Desktop\JsapProject\JSAPNEW\Services\Implementation\Adminservice.cs(85,46): warning CS8601: Possible null reference assignment. [C:\Users\Rohit Rathod\Desktop\JsapProject\JSAPNEW\JSAPNEW.csproj]
C:\Users\Rohit Rathod\Desktop\JsapProject\JSAPNEW\Services\Implementation\Adminservice.cs(86,47): warning CS8601: Possible null reference assignment. [C:\Users\Rohit Rathod\Desktop\JsapProject\JSAPNEW\JSAPNEW.csproj]
C:\Users\Rohit Rathod\Desktop\JsapProject\JSAPNEW\Services\Implementation\Adminservice.cs(88,47): warning CS8601: Possible null reference assignment. [C:\Users\Rohit Rathod\Desktop\JsapProject\JSAPNEW\JSAPNEW.csproj]
C:\Users\Rohit Rathod\Desktop\JsapProject\JSAPNEW\Services\Implementation\Adminservice.cs(89,47): warning CS8601: Possible null reference assignment. [C:\Users\Rohit Rathod\Desktop\JsapProject\JSAPNEW\JSAPNEW.csproj]
C:\Users\Rohit Rathod\Desktop\JsapProject\JSAPNEW\Services\Implementation\Adminservice.cs(90,49): warning CS8601: Possible null reference assignment. [C:\Users\Rohit Rathod\Desktop\JsapProject\JSAPNEW\JSAPNEW.csproj]
C:\Users\Rohit Rathod\Desktop\JsapProject\JSAPNEW\Services\Implementation\Adminservice.cs(91,49): warning CS8601: Possible null reference assignment. [C:\Users\Rohit Rathod\Desktop\JsapProject\JSAPNEW\JSAPNEW.csproj]
C:\Users\Rohit Rathod\Desktop\JsapProject\JSAPNEW\Services\Implementation\Adminservice.cs(92,49): warning CS8601: Possible null reference assignment. [C:\Users\Rohit Rathod\Desktop\JsapProject\JSAPNEW\JSAPNEW.csproj]
C:\Users\Rohit Rathod\Desktop\JsapProject\JSAPNEW\Services\Implementation\Adminservice.cs(96,40): warning CS8602: Dereference of a possibly null reference. [C:\Users\Rohit Rathod\Desktop\JsapProject\JSAPNEW\JSAPNEW.csproj]
C:\Users\Rohit Rathod\Desktop\JsapProject\JSAPNEW\Services\Implementation\Adminservice.cs(94,50): warning CS8601: Possible null reference assignment. [C:\Users\Rohit Rathod\Desktop\JsapProject\JSAPNEW\JSAPNEW.csproj]
C:\Users\Rohit Rathod\Desktop\JsapProject\JSAPNEW\Services\Implementation\AdvanceRequestService.cs(31,33): warning CS8601: Possible null reference assignment. [C:\Users\Rohit Rathod\Desktop\JsapProject\JSAPNEW\JSAPNEW.csproj]
C:\Users\Rohit Rathod\Desktop\JsapProject\JSAPNEW\Services\Implementation\AdvanceRequestService.cs(28,16): warning CS8618: Non-nullable field '_connectionString' must contain a non-null value when exiting constructor. Consider adding the 'required' modifier or declaring the field as nullable. [C:\Users\Rohit Rathod\Desktop\JsapProject\JSAPNEW\JSAPNEW.csproj]
C:\Users\Rohit Rathod\Desktop\JsapProject\JSAPNEW\Models\TicketsModels.cs(120,23): warning CS8618: Non-nullable property 'ProjectName' must contain a non-null value when exiting constructor. Consider adding the 'required' modifier or declaring the property as nullable. [C:\Users\Rohit Rathod\Desktop\JsapProject\JSAPNEW\JSAPNEW.csproj]
C:\Users\Rohit Rathod\Desktop\JsapProject\JSAPNEW\Models\TicketsModels.cs(121,23): warning CS8618: Non-nullable property 'Title' must contain a non-null value when exiting constructor. Consider adding the 'required' modifier or declaring the property as nullable. [C:\Users\Rohit Rathod\Desktop\JsapProject\JSAPNEW\JSAPNEW.csproj]
C:\Users\Rohit Rathod\Desktop\JsapProject\JSAPNEW\Models\TicketsModels.cs(122,23): warning CS8618: Non-nullable property 'Description' must contain a non-null value when exiting constructor. Consider adding the 'required' modifier or declaring the property as nullable. [C:\Users\Rohit Rathod\Desktop\JsapProject\JSAPNEW\JSAPNEW.csproj]
C:\Users\Rohit Rathod\Desktop\JsapProject\JSAPNEW\Models\TicketsModels.cs(123,23): warning CS8618: Non-nullable property 'Status' must contain a non-null value when exiting constructor. Consider adding the 'required' modifier or declaring the property as nullable. [C:\Users\Rohit Rathod\Desktop\JsapProject\JSAPNEW\JSAPNEW.csproj]
C:\Users\Rohit Rathod\Desktop\JsapProject\JSAPNEW\Models\TicketsModels.cs(124,23): warning CS8618: Non-nullable property 'Priority' must contain a non-null value when exiting constructor. Consider adding the 'required' modifier or declaring the property as nullable. [C:\Users\Rohit Rathod\Desktop\JsapProject\JSAPNEW\JSAPNEW.csproj]
C:\Users\Rohit Rathod\Desktop\JsapProject\JSAPNEW\Models\TicketsModels.cs(126,23): warning CS8618: Non-nullable property 'FromUserName' must contain a non-null value when exiting constructor. Consider adding the 'required' modifier or declaring the property as nullable. [C:\Users\Rohit Rathod\Desktop\JsapProject\JSAPNEW\JSAPNEW.csproj]
C:\Users\Rohit Rathod\Desktop\JsapProject\JSAPNEW\Models\TicketsModels.cs(127,23): warning CS8618: Non-nullable property 'FromUserEmail' must contain a non-null value when exiting constructor. Consider adding the 'required' modifier or declaring the property as nullable. [C:\Users\Rohit Rathod\Desktop\JsapProject\JSAPNEW\JSAPNEW.csproj]
C:\Users\Rohit Rathod\Desktop\JsapProject\JSAPNEW\Models\TicketsModels.cs(129,23): warning CS8618: Non-nullable property 'AssignerName' must contain a non-null value when exiting constructor. Consider adding the 'required' modifier or declaring the property as nullable. [C:\Users\Rohit Rathod\Desktop\JsapProject\JSAPNEW\JSAPNEW.csproj]
C:\Users\Rohit Rathod\Desktop\JsapProject\JSAPNEW\Models\TicketsModels.cs(131,23): warning CS8618: Non-nullable property 'AssigneeName' must contain a non-null value when exiting constructor. Consider adding the 'required' modifier or declaring the property as nullable. [C:\Users\Rohit Rathod\Desktop\JsapProject\JSAPNEW\JSAPNEW.csproj]
C:\Users\Rohit Rathod\Desktop\JsapProject\JSAPNEW\Models\TicketsModels.cs(132,23): warning CS8618: Non-nullable property 'AssigneeEmail' must contain a non-null value when exiting constructor. Consider adding the 'required' modifier or declaring the property as nullable. [C:\Users\Rohit Rathod\Desktop\JsapProject\JSAPNEW\JSAPNEW.csproj]
C:\Users\Rohit Rathod\Desktop\JsapProject\JSAPNEW\Models\TicketsModels.cs(138,23): warning CS8618: Non-nullable property 'MonthYear' must contain a non-null value when exiting constructor. Consider adding the 'required' modifier or declaring the property as nullable. [C:\Users\Rohit Rathod\Desktop\JsapProject\JSAPNEW\JSAPNEW.csproj]
C:\Users\Rohit Rathod\Desktop\JsapProject\JSAPNEW\Services\Implementation\UserService.cs(202,28): warning CS8603: Possible null reference return. [C:\Users\Rohit Rathod\Desktop\JsapProject\JSAPNEW\JSAPNEW.csproj]
C:\Users\Rohit Rathod\Desktop\JsapProject\JSAPNEW\Services\Implementation\UserService.cs(239,33): warning CS8601: Possible null reference assignment. [C:\Users\Rohit Rathod\Desktop\JsapProject\JSAPNEW\JSAPNEW.csproj]
C:\Users\Rohit Rathod\Desktop\JsapProject\JSAPNEW\Services\Implementation\UserService.cs(240,39): warning CS8601: Possible null reference assignment. [C:\Users\Rohit Rathod\Desktop\JsapProject\JSAPNEW\JSAPNEW.csproj]
C:\Users\Rohit Rathod\Desktop\JsapProject\JSAPNEW\Services\Implementation\UserService.cs(241,32): warning CS8601: Possible null reference assignment. [C:\Users\Rohit Rathod\Desktop\JsapProject\JSAPNEW\JSAPNEW.csproj]
C:\Users\Rohit Rathod\Desktop\JsapProject\JSAPNEW\Services\Implementation\UserService.cs(243,33): warning CS8601: Possible null reference assignment. [C:\Users\Rohit Rathod\Desktop\JsapProject\JSAPNEW\JSAPNEW.csproj]
C:\Users\Rohit Rathod\Desktop\JsapProject\JSAPNEW\Services\Implementation\UserService.cs(244,32): warning CS8601: Possible null reference assignment. [C:\Users\Rohit Rathod\Desktop\JsapProject\JSAPNEW\JSAPNEW.csproj]
C:\Users\Rohit Rathod\Desktop\JsapProject\JSAPNEW\Services\Implementation\UserService.cs(247,82): warning CS8604: Possible null reference argument for parameter 'secretKey' in 'string AuthSecurity.CreateSecurityStamp(IDictionary<string, object> userRow, string secretKey, string roleSnapshot)'. [C:\Users\Rohit Rathod\Desktop\JsapProject\JSAPNEW\JSAPNEW.csproj]
C:\Users\Rohit Rathod\Desktop\JsapProject\JSAPNEW\Services\Implementation\UserService.cs(248,82): warning CS8604: Possible null reference argument for parameter 'secretKey' in 'string AuthSecurity.CreateSecurityStamp(IDictionary<string, object> userRow, string secretKey, string roleSnapshot)'. [C:\Users\Rohit Rathod\Desktop\JsapProject\JSAPNEW\JSAPNEW.csproj]
C:\Users\Rohit Rathod\Desktop\JsapProject\JSAPNEW\Models\TicketsModels.cs(97,23): warning CS8618: Non-nullable property 'Title' must contain a non-null value when exiting constructor. Consider adding the 'required' modifier or declaring the property as nullable. [C:\Users\Rohit Rathod\Desktop\JsapProject\JSAPNEW\JSAPNEW.csproj]
C:\Users\Rohit Rathod\Desktop\JsapProject\JSAPNEW\Models\TicketsModels.cs(98,23): warning CS8618: Non-nullable property 'Description' must contain a non-null value when exiting constructor. Consider adding the 'required' modifier or declaring the property as nullable. [C:\Users\Rohit Rathod\Desktop\JsapProject\JSAPNEW\JSAPNEW.csproj]
C:\Users\Rohit Rathod\Desktop\JsapProject\JSAPNEW\Models\TicketsModels.cs(99,23): warning CS8618: Non-nullable property 'Priority' must contain a non-null value when exiting constructor. Consider adding the 'required' modifier or declaring the property as nullable. [C:\Users\Rohit Rathod\Desktop\JsapProject\JSAPNEW\JSAPNEW.csproj]
C:\Users\Rohit Rathod\Desktop\JsapProject\JSAPNEW\Models\TicketsModels.cs(87,23): warning CS8618: Non-nullable property 'Title' must contain a non-null value when exiting constructor. Consider adding the 'required' modifier or declaring the property as nullable. [C:\Users\Rohit Rathod\Desktop\JsapProject\JSAPNEW\JSAPNEW.csproj]
C:\Users\Rohit Rathod\Desktop\JsapProject\JSAPNEW\Models\TicketsModels.cs(88,23): warning CS8618: Non-nullable property 'Description' must contain a non-null value when exiting constructor. Consider adding the 'required' modifier or declaring the property as nullable. [C:\Users\Rohit Rathod\Desktop\JsapProject\JSAPNEW\JSAPNEW.csproj]
C:\Users\Rohit Rathod\Desktop\JsapProject\JSAPNEW\Services\Implementation\Adminservice.cs(113,30): warning CS8600: Converting null literal or possible null value to non-nullable type. [C:\Users\Rohit Rathod\Desktop\JsapProject\JSAPNEW\JSAPNEW.csproj]
C:\Users\Rohit Rathod\Desktop\JsapProject\JSAPNEW\Controllers\UserManagementController.cs(94,32): warning CS8601: Possible null reference assignment. [C:\Users\Rohit Rathod\Desktop\JsapProject\JSAPNEW\JSAPNEW.csproj]
C:\Users\Rohit Rathod\Desktop\JsapProject\JSAPNEW\Models\TicketsModels.cs(61,23): warning CS8618: Non-nullable property 'ProjectName' must contain a non-null value when exiting constructor. Consider adding the 'required' modifier or declaring the property as nullable. [C:\Users\Rohit Rathod\Desktop\JsapProject\JSAPNEW\JSAPNEW.csproj]
C:\Users\Rohit Rathod\Desktop\JsapProject\JSAPNEW\Models\TicketsModels.cs(62,23): warning CS8618: Non-nullable property 'Description' must contain a non-null value when exiting constructor. Consider adding the 'required' modifier or declaring the property as nullable. [C:\Users\Rohit Rathod\Desktop\JsapProject\JSAPNEW\JSAPNEW.csproj]
C:\Users\Rohit Rathod\Desktop\JsapProject\JSAPNEW\Models\TicketsModels.cs(66,23): warning CS8618: Non-nullable property 'CreatedByName' must contain a non-null value when exiting constructor. Consider adding the 'required' modifier or declaring the property as nullable. [C:\Users\Rohit Rathod\Desktop\JsapProject\JSAPNEW\JSAPNEW.csproj]
C:\Users\Rohit Rathod\Desktop\JsapProject\JSAPNEW\Models\TicketsModels.cs(38,23): warning CS8618: Non-nullable property 'ProjectName' must contain a non-null value when exiting constructor. Consider adding the 'required' modifier or declaring the property as nullable. [C:\Users\Rohit Rathod\Desktop\JsapProject\JSAPNEW\JSAPNEW.csproj]
C:\Users\Rohit Rathod\Desktop\JsapProject\JSAPNEW\Models\TicketsModels.cs(39,23): warning CS8618: Non-nullable property 'Description' must contain a non-null value when exiting constructor. Consider adding the 'required' modifier or declaring the property as nullable. [C:\Users\Rohit Rathod\Desktop\JsapProject\JSAPNEW\JSAPNEW.csproj]
C:\Users\Rohit Rathod\Desktop\JsapProject\JSAPNEW\Models\TicketsModels.cs(30,23): warning CS8618: Non-nullable property 'ProjectName' must contain a non-null value when exiting constructor. Consider adding the 'required' modifier or declaring the property as nullable. [C:\Users\Rohit Rathod\Desktop\JsapProject\JSAPNEW\JSAPNEW.csproj]
C:\Users\Rohit Rathod\Desktop\JsapProject\JSAPNEW\Models\TicketsModels.cs(31,23): warning CS8618: Non-nullable property 'Description' must contain a non-null value when exiting constructor. Consider adding the 'required' modifier or declaring the property as nullable. [C:\Users\Rohit Rathod\Desktop\JsapProject\JSAPNEW\JSAPNEW.csproj]
C:\Users\Rohit Rathod\Desktop\JsapProject\JSAPNEW\Models\TicketsModels.cs(21,23): warning CS8618: Non-nullable property 'Message' must contain a non-null value when exiting constructor. Consider adding the 'required' modifier or declaring the property as nullable. [C:\Users\Rohit Rathod\Desktop\JsapProject\JSAPNEW\JSAPNEW.csproj]
C:\Users\Rohit Rathod\Desktop\JsapProject\JSAPNEW\Models\TicketsModels.cs(14,18): warning CS8618: Non-nullable property 'Data' must contain a non-null value when exiting constructor. Consider adding the 'required' modifier or declaring the property as nullable. [C:\Users\Rohit Rathod\Desktop\JsapProject\JSAPNEW\JSAPNEW.csproj]
C:\Users\Rohit Rathod\Desktop\JsapProject\JSAPNEW\Services\Implementation\Auth2Service.cs(21,33): warning CS8601: Possible null reference assignment. [C:\Users\Rohit Rathod\Desktop\JsapProject\JSAPNEW\JSAPNEW.csproj]
C:\Users\Rohit Rathod\Desktop\JsapProject\JSAPNEW\Services\Implementation\Auth2Service.cs(18,16): warning CS8618: Non-nullable field '_connectionString' must contain a non-null value when exiting constructor. Consider adding the 'required' modifier or declaring the field as nullable. [C:\Users\Rohit Rathod\Desktop\JsapProject\JSAPNEW\JSAPNEW.csproj]
C:\Users\Rohit Rathod\Desktop\JsapProject\JSAPNEW\Models\TicketsModels.cs(9,23): warning CS8618: Non-nullable property 'Message' must contain a non-null value when exiting constructor. Consider adding the 'required' modifier or declaring the property as nullable. [C:\Users\Rohit Rathod\Desktop\JsapProject\JSAPNEW\JSAPNEW.csproj]
C:\Users\Rohit Rathod\Desktop\JsapProject\JSAPNEW\Models\TaskModels.cs(443,23): warning CS8618: Non-nullable property 'TaskId' must contain a non-null value when exiting constructor. Consider adding the 'required' modifier or declaring the property as nullable. [C:\Users\Rohit Rathod\Desktop\JsapProject\JSAPNEW\JSAPNEW.csproj]
C:\Users\Rohit Rathod\Desktop\JsapProject\JSAPNEW\Services\Implementation\HierarchyService.cs(841,20): warning CS8603: Possible null reference return. [C:\Users\Rohit Rathod\Desktop\JsapProject\JSAPNEW\JSAPNEW.csproj]
C:\Users\Rohit Rathod\Desktop\JsapProject\JSAPNEW\Services\Implementation\HierarchyService.cs(851,20): warning CS8603: Possible null reference return. [C:\Users\Rohit Rathod\Desktop\JsapProject\JSAPNEW\JSAPNEW.csproj]
C:\Users\Rohit Rathod\Desktop\JsapProject\JSAPNEW\Services\Implementation\Auth2Service.cs(34,36): warning CS8601: Possible null reference assignment. [C:\Users\Rohit Rathod\Desktop\JsapProject\JSAPNEW\JSAPNEW.csproj]
C:\Users\Rohit Rathod\Desktop\JsapProject\JSAPNEW\Services\Implementation\Auth2Service.cs(38,35): warning CS8601: Possible null reference assignment. [C:\Users\Rohit Rathod\Desktop\JsapProject\JSAPNEW\JSAPNEW.csproj]
C:\Users\Rohit Rathod\Desktop\JsapProject\JSAPNEW\Services\Implementation\HierarchyService.cs(887,38): warning CS8602: Dereference of a possibly null reference. [C:\Users\Rohit Rathod\Desktop\JsapProject\JSAPNEW\JSAPNEW.csproj]
C:\Users\Rohit Rathod\Desktop\JsapProject\JSAPNEW\Services\Implementation\HierarchyService.cs(890,75): warning CS8625: Cannot convert null literal to non-nullable reference type. [C:\Users\Rohit Rathod\Desktop\JsapProject\JSAPNEW\JSAPNEW.csproj]
C:\Users\Rohit Rathod\Desktop\JsapProject\JSAPNEW\Models\TaskModels.cs(311,23): warning CS8618: Non-nullable property 'TaskId' must contain a non-null value when exiting constructor. Consider adding the 'required' modifier or declaring the property as nullable. [C:\Users\Rohit Rathod\Desktop\JsapProject\JSAPNEW\JSAPNEW.csproj]
C:\Users\Rohit Rathod\Desktop\JsapProject\JSAPNEW\Models\TaskModels.cs(313,23): warning CS8618: Non-nullable property 'EmployeeName' must contain a non-null value when exiting constructor. Consider adding the 'required' modifier or declaring the property as nullable. [C:\Users\Rohit Rathod\Desktop\JsapProject\JSAPNEW\JSAPNEW.csproj]
C:\Users\Rohit Rathod\Desktop\JsapProject\JSAPNEW\Models\TaskModels.cs(315,23): warning CS8618: Non-nullable property 'UpdateText' must contain a non-null value when exiting constructor. Consider adding the 'required' modifier or declaring the property as nullable. [C:\Users\Rohit Rathod\Desktop\JsapProject\JSAPNEW\JSAPNEW.csproj]
C:\Users\Rohit Rathod\Desktop\JsapProject\JSAPNEW\Models\TaskModels.cs(300,23): warning CS8618: Non-nullable property 'TaskId' must contain a non-null value when exiting constructor. Consider adding the 'required' modifier or declaring the property as nullable. [C:\Users\Rohit Rathod\Desktop\JsapProject\JSAPNEW\JSAPNEW.csproj]
C:\Users\Rohit Rathod\Desktop\JsapProject\JSAPNEW\Models\TaskModels.cs(289,29): warning CS8618: Non-nullable property 'MyTasks' must contain a non-null value when exiting constructor. Consider adding the 'required' modifier or declaring the property as nullable. [C:\Users\Rohit Rathod\Desktop\JsapProject\JSAPNEW\JSAPNEW.csproj]
C:\Users\Rohit Rathod\Desktop\JsapProject\JSAPNEW\Models\TaskModels.cs(290,29): warning CS8618: Non-nullable property 'TeamTasks' must contain a non-null value when exiting constructor. Consider adding the 'required' modifier or declaring the property as nullable. [C:\Users\Rohit Rathod\Desktop\JsapProject\JSAPNEW\JSAPNEW.csproj]
C:\Users\Rohit Rathod\Desktop\JsapProject\JSAPNEW\Models\TaskModels.cs(278,23): warning CS8618: Non-nullable property 'EmployeeName' must contain a non-null value when exiting constructor. Consider adding the 'required' modifier or declaring the property as nullable. [C:\Users\Rohit Rathod\Desktop\JsapProject\JSAPNEW\JSAPNEW.csproj]
C:\Users\Rohit Rathod\Desktop\JsapProject\JSAPNEW\Models\TaskModels.cs(265,23): warning CS8618: Non-nullable property 'Section' must contain a non-null value when exiting constructor. Consider adding the 'required' modifier or declaring the property as nullable. [C:\Users\Rohit Rathod\Desktop\JsapProject\JSAPNEW\JSAPNEW.csproj]
C:\Users\Rohit Rathod\Desktop\JsapProject\JSAPNEW\Services\Implementation\HierarchyService.cs(970,71): warning CS8625: Cannot convert null literal to non-nullable reference type. [C:\Users\Rohit Rathod\Desktop\JsapProject\JSAPNEW\JSAPNEW.csproj]
C:\Users\Rohit Rathod\Desktop\JsapProject\JSAPNEW\Models\TaskModels.cs(242,23): warning CS8618: Non-nullable property 'TaskId' must contain a non-null value when exiting constructor. Consider adding the 'required' modifier or declaring the property as nullable. [C:\Users\Rohit Rathod\Desktop\JsapProject\JSAPNEW\JSAPNEW.csproj]
C:\Users\Rohit Rathod\Desktop\JsapProject\JSAPNEW\Models\TaskModels.cs(243,23): warning CS8618: Non-nullable property 'TaskName' must contain a non-null value when exiting constructor. Consider adding the 'required' modifier or declaring the property as nullable. [C:\Users\Rohit Rathod\Desktop\JsapProject\JSAPNEW\JSAPNEW.csproj]
C:\Users\Rohit Rathod\Desktop\JsapProject\JSAPNEW\Models\TaskModels.cs(247,23): warning CS8618: Non-nullable property 'Status' must contain a non-null value when exiting constructor. Consider adding the 'required' modifier or declaring the property as nullable. [C:\Users\Rohit Rathod\Desktop\JsapProject\JSAPNEW\JSAPNEW.csproj]
C:\Users\Rohit Rathod\Desktop\JsapProject\JSAPNEW\Models\TaskModels.cs(233,23): warning CS8618: Non-nullable property 'TaskId' must contain a non-null value when exiting constructor. Consider adding the 'required' modifier or declaring the property as nullable. [C:\Users\Rohit Rathod\Desktop\JsapProject\JSAPNEW\JSAPNEW.csproj]
C:\Users\Rohit Rathod\Desktop\JsapProject\JSAPNEW\Services\Implementation\Auth2Service.cs(77,48): warning CS8601: Possible null reference assignment. [C:\Users\Rohit Rathod\Desktop\JsapProject\JSAPNEW\JSAPNEW.csproj]
C:\Users\Rohit Rathod\Desktop\JsapProject\JSAPNEW\Models\TaskModels.cs(201,23): warning CS8618: Non-nullable property 'Message' must contain a non-null value when exiting constructor. Consider adding the 'required' modifier or declaring the property as nullable. [C:\Users\Rohit Rathod\Desktop\JsapProject\JSAPNEW\JSAPNEW.csproj]
C:\Users\Rohit Rathod\Desktop\JsapProject\JSAPNEW\Services\Implementation\HierarchyService.cs(1052,63): warning CS8629: Nullable value type may be null. [C:\Users\Rohit Rathod\Desktop\JsapProject\JSAPNEW\JSAPNEW.csproj]
C:\Users\Rohit Rathod\Desktop\JsapProject\JSAPNEW\Models\TaskModels.cs(54,23): warning CS8618: Non-nullable property 'TaskName' must contain a non-null value when exiting constructor. Consider adding the 'required' modifier or declaring the property as nullable. [C:\Users\Rohit Rathod\Desktop\JsapProject\JSAPNEW\JSAPNEW.csproj]
C:\Users\Rohit Rathod\Desktop\JsapProject\JSAPNEW\Models\TaskModels.cs(60,23): warning CS8618: Non-nullable property 'ProjectName' must contain a non-null value when exiting constructor. Consider adding the 'required' modifier or declaring the property as nullable. [C:\Users\Rohit Rathod\Desktop\JsapProject\JSAPNEW\JSAPNEW.csproj]
C:\Users\Rohit Rathod\Desktop\JsapProject\JSAPNEW\Models\TaskModels.cs(63,23): warning CS8618: Non-nullable property 'ModuleName' must contain a non-null value when exiting constructor. Consider adding the 'required' modifier or declaring the property as nullable. [C:\Users\Rohit Rathod\Desktop\JsapProject\JSAPNEW\JSAPNEW.csproj]
C:\Users\Rohit Rathod\Desktop\JsapProject\JSAPNEW\Services\Implementation\Auth2Service.cs(143,51): warning CS8601: Possible null reference assignment. [C:\Users\Rohit Rathod\Desktop\JsapProject\JSAPNEW\JSAPNEW.csproj]
C:\Users\Rohit Rathod\Desktop\JsapProject\JSAPNEW\Services\Implementation\Auth2Service.cs(146,48): warning CS8601: Possible null reference assignment. [C:\Users\Rohit Rathod\Desktop\JsapProject\JSAPNEW\JSAPNEW.csproj]
C:\Users\Rohit Rathod\Desktop\JsapProject\JSAPNEW\Models\AdvanceRequestModels.cs(147,23): warning CS8618: Non-nullable property 'Remarks' must contain a non-null value when exiting constructor. Consider adding the 'required' modifier or declaring the property as nullable. [C:\Users\Rohit Rathod\Desktop\JsapProject\JSAPNEW\JSAPNEW.csproj]
C:\Users\Rohit Rathod\Desktop\JsapProject\JSAPNEW\Models\AdvanceRequestModels.cs(148,23): warning CS8618: Non-nullable property 'Action' must contain a non-null value when exiting constructor. Consider adding the 'required' modifier or declaring the property as nullable. [C:\Users\Rohit Rathod\Desktop\JsapProject\JSAPNEW\JSAPNEW.csproj]
C:\Users\Rohit Rathod\Desktop\JsapProject\JSAPNEW\Services\Implementation\AdvanceRequestService.cs(250,25): warning CS0472: The result of the expression is always 'true' since a value of type 'int' is never equal to 'null' of type 'int?' [C:\Users\Rohit Rathod\Desktop\JsapProject\JSAPNEW\JSAPNEW.csproj]
C:\Users\Rohit Rathod\Desktop\JsapProject\JSAPNEW\Services\Implementation\AdvanceRequestService.cs(259,25): warning CS0472: The result of the expression is always 'true' since a value of type 'int' is never equal to 'null' of type 'int?' [C:\Users\Rohit Rathod\Desktop\JsapProject\JSAPNEW\JSAPNEW.csproj]
C:\Users\Rohit Rathod\Desktop\JsapProject\JSAPNEW\Services\Implementation\AdvanceRequestService.cs(268,25): warning CS0472: The result of the expression is always 'true' since a value of type 'int' is never equal to 'null' of type 'int?' [C:\Users\Rohit Rathod\Desktop\JsapProject\JSAPNEW\JSAPNEW.csproj]
C:\Users\Rohit Rathod\Desktop\JsapProject\JSAPNEW\Models\TaskModels.cs(11,23): warning CS8618: Non-nullable property 'TaskId' must contain a non-null value when exiting constructor. Consider adding the 'required' modifier or declaring the property as nullable. [C:\Users\Rohit Rathod\Desktop\JsapProject\JSAPNEW\JSAPNEW.csproj]
C:\Users\Rohit Rathod\Desktop\JsapProject\JSAPNEW\Models\TaskModels.cs(12,23): warning CS8618: Non-nullable property 'TaskName' must contain a non-null value when exiting constructor. Consider adding the 'required' modifier or declaring the property as nullable. [C:\Users\Rohit Rathod\Desktop\JsapProject\JSAPNEW\JSAPNEW.csproj]
C:\Users\Rohit Rathod\Desktop\JsapProject\JSAPNEW\Models\TaskModels.cs(13,23): warning CS8618: Non-nullable property 'Description' must contain a non-null value when exiting constructor. Consider adding the 'required' modifier or declaring the property as nullable. [C:\Users\Rohit Rathod\Desktop\JsapProject\JSAPNEW\JSAPNEW.csproj]
C:\Users\Rohit Rathod\Desktop\JsapProject\JSAPNEW\Models\TaskModels.cs(14,23): warning CS8618: Non-nullable property 'ProjectName' must contain a non-null value when exiting constructor. Consider adding the 'required' modifier or declaring the property as nullable. [C:\Users\Rohit Rathod\Desktop\JsapProject\JSAPNEW\JSAPNEW.csproj]
C:\Users\Rohit Rathod\Desktop\JsapProject\JSAPNEW\Models\TaskModels.cs(15,23): warning CS8618: Non-nullable property 'ModuleName' must contain a non-null value when exiting constructor. Consider adding the 'required' modifier or declaring the property as nullable. [C:\Users\Rohit Rathod\Desktop\JsapProject\JSAPNEW\JSAPNEW.csproj]
C:\Users\Rohit Rathod\Desktop\JsapProject\JSAPNEW\Models\TaskModels.cs(16,23): warning CS8618: Non-nullable property 'AssignedTo' must contain a non-null value when exiting constructor. Consider adding the 'required' modifier or declaring the property as nullable. [C:\Users\Rohit Rathod\Desktop\JsapProject\JSAPNEW\JSAPNEW.csproj]
C:\Users\Rohit Rathod\Desktop\JsapProject\JSAPNEW\Models\TaskModels.cs(17,23): warning CS8618: Non-nullable property 'CreatedBy' must contain a non-null value when exiting constructor. Consider adding the 'required' modifier or declaring the property as nullable. [C:\Users\Rohit Rathod\Desktop\JsapProject\JSAPNEW\JSAPNEW.csproj]
C:\Users\Rohit Rathod\Desktop\JsapProject\JSAPNEW\Models\TaskModels.cs(22,23): warning CS8618: Non-nullable property 'Status' must contain a non-null value when exiting constructor. Consider adding the 'required' modifier or declaring the property as nullable. [C:\Users\Rohit Rathod\Desktop\JsapProject\JSAPNEW\JSAPNEW.csproj]
C:\Users\Rohit Rathod\Desktop\JsapProject\JSAPNEW\Models\TaskModels.cs(30,23): warning CS8618: Non-nullable property 'Priority' must contain a non-null value when exiting constructor. Consider adding the 'required' modifier or declaring the property as nullable. [C:\Users\Rohit Rathod\Desktop\JsapProject\JSAPNEW\JSAPNEW.csproj]
C:\Users\Rohit Rathod\Desktop\JsapProject\JSAPNEW\Models\TaskModels.cs(31,23): warning CS8618: Non-nullable property 'LastModifiedBy' must contain a non-null value when exiting constructor. Consider adding the 'required' modifier or declaring the property as nullable. [C:\Users\Rohit Rathod\Desktop\JsapProject\JSAPNEW\JSAPNEW.csproj]
C:\Users\Rohit Rathod\Desktop\JsapProject\JSAPNEW\Models\TaskModels.cs(34,23): warning CS8618: Non-nullable property 'DeptName' must contain a non-null value when exiting constructor. Consider adding the 'required' modifier or declaring the property as nullable. [C:\Users\Rohit Rathod\Desktop\JsapProject\JSAPNEW\JSAPNEW.csproj]
C:\Users\Rohit Rathod\Desktop\JsapProject\JSAPNEW\Models\TaskModels.cs(40,23): warning CS8618: Non-nullable property 'TaskType' must contain a non-null value when exiting constructor. Consider adding the 'required' modifier or declaring the property as nullable. [C:\Users\Rohit Rathod\Desktop\JsapProject\JSAPNEW\JSAPNEW.csproj]
C:\Users\Rohit Rathod\Desktop\JsapProject\JSAPNEW\Models\TaskModels.cs(42,23): warning CS8618: Non-nullable property 'Remarks' must contain a non-null value when exiting constructor. Consider adding the 'required' modifier or declaring the property as nullable. [C:\Users\Rohit Rathod\Desktop\JsapProject\JSAPNEW\JSAPNEW.csproj]
C:\Users\Rohit Rathod\Desktop\JsapProject\JSAPNEW\Models\AdvanceRequestModels.cs(155,23): warning CS8618: Non-nullable property 'Type' must contain a non-null value when exiting constructor. Consider adding the 'required' modifier or declaring the property as nullable. [C:\Users\Rohit Rathod\Desktop\JsapProject\JSAPNEW\JSAPNEW.csproj]
C:\Users\Rohit Rathod\Desktop\JsapProject\JSAPNEW\Models\AdvanceRequestModels.cs(156,23): warning CS8618: Non-nullable property 'Search' must contain a non-null value when exiting constructor. Consider adding the 'required' modifier or declaring the property as nullable. [C:\Users\Rohit Rathod\Desktop\JsapProject\JSAPNEW\JSAPNEW.csproj]
C:\Users\Rohit Rathod\Desktop\JsapProject\JSAPNEW\Models\AdvanceRequestModels.cs(159,23): warning CS8618: Non-nullable property 'Purpose' must contain a non-null value when exiting constructor. Consider adding the 'required' modifier or declaring the property as nullable. [C:\Users\Rohit Rathod\Desktop\JsapProject\JSAPNEW\JSAPNEW.csproj]
C:\Users\Rohit Rathod\Desktop\JsapProject\JSAPNEW\Models\AdvanceRequestModels.cs(160,23): warning CS8618: Non-nullable property 'Remark' must contain a non-null value when exiting constructor. Consider adding the 'required' modifier or declaring the property as nullable. [C:\Users\Rohit Rathod\Desktop\JsapProject\JSAPNEW\JSAPNEW.csproj]
C:\Users\Rohit Rathod\Desktop\JsapProject\JSAPNEW\Models\AdvanceRequestModels.cs(161,23): warning CS8618: Non-nullable property 'Priority' must contain a non-null value when exiting constructor. Consider adding the 'required' modifier or declaring the property as nullable. [C:\Users\Rohit Rathod\Desktop\JsapProject\JSAPNEW\JSAPNEW.csproj]
C:\Users\Rohit Rathod\Desktop\JsapProject\JSAPNEW\Models\AdvanceRequestModels.cs(164,23): warning CS8618: Non-nullable property 'EmiMonth' must contain a non-null value when exiting constructor. Consider adding the 'required' modifier or declaring the property as nullable. [C:\Users\Rohit Rathod\Desktop\JsapProject\JSAPNEW\JSAPNEW.csproj]
C:\Users\Rohit Rathod\Desktop\JsapProject\JSAPNEW\Models\AdvanceRequestModels.cs(171,23): warning CS8618: Non-nullable property 'deptName' must contain a non-null value when exiting constructor. Consider adding the 'required' modifier or declaring the property as nullable. [C:\Users\Rohit Rathod\Desktop\JsapProject\JSAPNEW\JSAPNEW.csproj]
C:\Users\Rohit Rathod\Desktop\JsapProject\JSAPNEW\Services\Implementation\AdvanceRequestService.cs(289,22): warning CS8602: Dereference of a possibly null reference. [C:\Users\Rohit Rathod\Desktop\JsapProject\JSAPNEW\JSAPNEW.csproj]
C:\Users\Rohit Rathod\Desktop\JsapProject\JSAPNEW\Services\Implementation\AdvanceRequestService.cs(312,42): warning CS8601: Possible null reference assignment. [C:\Users\Rohit Rathod\Desktop\JsapProject\JSAPNEW\JSAPNEW.csproj]
C:\Users\Rohit Rathod\Desktop\JsapProject\JSAPNEW\Services\Implementation\AdvanceRequestService.cs(325,26): warning CS8601: Possible null reference assignment. [C:\Users\Rohit Rathod\Desktop\JsapProject\JSAPNEW\JSAPNEW.csproj]
C:\Users\Rohit Rathod\Desktop\JsapProject\JSAPNEW\Services\Implementation\Auth2Service.cs(206,48): warning CS8601: Possible null reference assignment. [C:\Users\Rohit Rathod\Desktop\JsapProject\JSAPNEW\JSAPNEW.csproj]
C:\Users\Rohit Rathod\Desktop\JsapProject\JSAPNEW\Controllers\CreditLimitController.cs(159,21): warning CS8604: Possible null reference argument for parameter 'attachment' in 'Task<CreateDocumentResultV2> ICreditLimitService.CreateDocumentWithAttachmentAsyncV2(CreateDocumentDtoV2 request, IFormFile attachment)'. [C:\Users\Rohit Rathod\Desktop\JsapProject\JSAPNEW\JSAPNEW.csproj]
C:\Users\Rohit Rathod\Desktop\JsapProject\JSAPNEW\Controllers\DashboardWebController.cs(80,29): warning CS8600: Converting null literal or possible null value to non-nullable type. [C:\Users\Rohit Rathod\Desktop\JsapProject\JSAPNEW\JSAPNEW.csproj]
C:\Users\Rohit Rathod\Desktop\JsapProject\JSAPNEW\Controllers\DashboardWebController.cs(88,20): warning CS8602: Dereference of a possibly null reference. [C:\Users\Rohit Rathod\Desktop\JsapProject\JSAPNEW\JSAPNEW.csproj]
C:\Users\Rohit Rathod\Desktop\JsapProject\JSAPNEW\Services\Implementation\Auth2Service.cs(248,38): warning CS8601: Possible null reference assignment. [C:\Users\Rohit Rathod\Desktop\JsapProject\JSAPNEW\JSAPNEW.csproj]
C:\Users\Rohit Rathod\Desktop\JsapProject\JSAPNEW\Services\Implementation\Auth2Service.cs(249,41): warning CS8601: Possible null reference assignment. [C:\Users\Rohit Rathod\Desktop\JsapProject\JSAPNEW\JSAPNEW.csproj]
C:\Users\Rohit Rathod\Desktop\JsapProject\JSAPNEW\Services\Implementation\Auth2Service.cs(288,30): warning CS0168: The variable 'ex' is declared but never used [C:\Users\Rohit Rathod\Desktop\JsapProject\JSAPNEW\JSAPNEW.csproj]
C:\Users\Rohit Rathod\Desktop\JsapProject\JSAPNEW\Services\Implementation\HierarchyService.cs(1099,83): warning CS8602: Dereference of a possibly null reference. [C:\Users\Rohit Rathod\Desktop\JsapProject\JSAPNEW\JSAPNEW.csproj]
C:\Users\Rohit Rathod\Desktop\JsapProject\JSAPNEW\Services\Implementation\Auth2Service.cs(509,30): warning CS0168: The variable 'ex' is declared but never used [C:\Users\Rohit Rathod\Desktop\JsapProject\JSAPNEW\JSAPNEW.csproj]
C:\Users\Rohit Rathod\Desktop\JsapProject\JSAPNEW\Controllers\Bom2Controller.cs(819,78): warning CS8604: Possible null reference argument for parameter 'request' in 'Task<IEnumerable<BomResponse>> IBom2Service.CreateBomWithComponentsAsync(BomRequest2 request, List<IFormFile> files)'. [C:\Users\Rohit Rathod\Desktop\JsapProject\JSAPNEW\JSAPNEW.csproj]
C:\Users\Rohit Rathod\Desktop\JsapProject\JSAPNEW\Services\Implementation\AdvanceRequestService.cs(913,36): warning CS8600: Converting null literal or possible null value to non-nullable type. [C:\Users\Rohit Rathod\Desktop\JsapProject\JSAPNEW\JSAPNEW.csproj]
C:\Users\Rohit Rathod\Desktop\JsapProject\JSAPNEW\Services\Implementation\Auth2Service.cs(848,35): warning CS8625: Cannot convert null literal to non-nullable reference type. [C:\Users\Rohit Rathod\Desktop\JsapProject\JSAPNEW\JSAPNEW.csproj]
C:\Users\Rohit Rathod\Desktop\JsapProject\JSAPNEW\Services\Implementation\HierarchyService.cs(2067,107): warning CS8625: Cannot convert null literal to non-nullable reference type. [C:\Users\Rohit Rathod\Desktop\JsapProject\JSAPNEW\JSAPNEW.csproj]
C:\Users\Rohit Rathod\Desktop\JsapProject\JSAPNEW\Services\Implementation\HierarchyService.cs(2088,89): warning CS8625: Cannot convert null literal to non-nullable reference type. [C:\Users\Rohit Rathod\Desktop\JsapProject\JSAPNEW\JSAPNEW.csproj]
C:\Users\Rohit Rathod\Desktop\JsapProject\JSAPNEW\Services\Implementation\HierarchyService.cs(2088,95): warning CS8625: Cannot convert null literal to non-nullable reference type. [C:\Users\Rohit Rathod\Desktop\JsapProject\JSAPNEW\JSAPNEW.csproj]
C:\Users\Rohit Rathod\Desktop\JsapProject\JSAPNEW\Services\Implementation\AdvanceRequestService.cs(1060,20): warning CS8602: Dereference of a possibly null reference. [C:\Users\Rohit Rathod\Desktop\JsapProject\JSAPNEW\JSAPNEW.csproj]
C:\Users\Rohit Rathod\Desktop\JsapProject\JSAPNEW\Services\Implementation\AdvanceRequestService.cs(1070,20): warning CS8602: Dereference of a possibly null reference. [C:\Users\Rohit Rathod\Desktop\JsapProject\JSAPNEW\JSAPNEW.csproj]
C:\Users\Rohit Rathod\Desktop\JsapProject\JSAPNEW\Services\Implementation\HierarchyService.cs(2121,20): warning CS8603: Possible null reference return. [C:\Users\Rohit Rathod\Desktop\JsapProject\JSAPNEW\JSAPNEW.csproj]
C:\Users\Rohit Rathod\Desktop\JsapProject\JSAPNEW\Services\Implementation\Auth2Service.cs(965,45): warning CS8601: Possible null reference assignment. [C:\Users\Rohit Rathod\Desktop\JsapProject\JSAPNEW\JSAPNEW.csproj]
C:\Users\Rohit Rathod\Desktop\JsapProject\JSAPNEW\Services\Implementation\Auth2Service.cs(967,46): warning CS8601: Possible null reference assignment. [C:\Users\Rohit Rathod\Desktop\JsapProject\JSAPNEW\JSAPNEW.csproj]
C:\Users\Rohit Rathod\Desktop\JsapProject\JSAPNEW\Services\Implementation\Auth2Service.cs(968,48): warning CS8601: Possible null reference assignment. [C:\Users\Rohit Rathod\Desktop\JsapProject\JSAPNEW\JSAPNEW.csproj]
C:\Users\Rohit Rathod\Desktop\JsapProject\JSAPNEW\Services\Implementation\Auth2Service.cs(970,47): warning CS8601: Possible null reference assignment. [C:\Users\Rohit Rathod\Desktop\JsapProject\JSAPNEW\JSAPNEW.csproj]
C:\Users\Rohit Rathod\Desktop\JsapProject\JSAPNEW\Services\Implementation\AdvanceRequestService.cs(1160,32): warning CS8602: Dereference of a possibly null reference. [C:\Users\Rohit Rathod\Desktop\JsapProject\JSAPNEW\JSAPNEW.csproj]
C:\Users\Rohit Rathod\Desktop\JsapProject\JSAPNEW\Services\Implementation\AdvanceRequestService.cs(1162,36): warning CS8601: Possible null reference assignment. [C:\Users\Rohit Rathod\Desktop\JsapProject\JSAPNEW\JSAPNEW.csproj]
C:\Users\Rohit Rathod\Desktop\JsapProject\JSAPNEW\Models\ReportsModels.cs(80,47): warning CS8618: Non-nullable property 'budgets' must contain a non-null value when exiting constructor. Consider adding the 'required' modifier or declaring the property as nullable. [C:\Users\Rohit Rathod\Desktop\JsapProject\JSAPNEW\JSAPNEW.csproj]
C:\Users\Rohit Rathod\Desktop\JsapProject\JSAPNEW\Models\ReportsModels.cs(63,23): warning CS8618: Non-nullable property 'Company' must contain a non-null value when exiting constructor. Consider adding the 'required' modifier or declaring the property as nullable. [C:\Users\Rohit Rathod\Desktop\JsapProject\JSAPNEW\JSAPNEW.csproj]
C:\Users\Rohit Rathod\Desktop\JsapProject\JSAPNEW\Models\ReportsModels.cs(66,23): warning CS8618: Non-nullable property 'ObjectName' must contain a non-null value when exiting constructor. Consider adding the 'required' modifier or declaring the property as nullable. [C:\Users\Rohit Rathod\Desktop\JsapProject\JSAPNEW\JSAPNEW.csproj]
C:\Users\Rohit Rathod\Desktop\JsapProject\JSAPNEW\Models\ReportsModels.cs(67,23): warning CS8618: Non-nullable property 'CardCode' must contain a non-null value when exiting constructor. Consider adding the 'required' modifier or declaring the property as nullable. [C:\Users\Rohit Rathod\Desktop\JsapProject\JSAPNEW\JSAPNEW.csproj]
C:\Users\Rohit Rathod\Desktop\JsapProject\JSAPNEW\Models\ReportsModels.cs(68,23): warning CS8618: Non-nullable property 'CardName' must contain a non-null value when exiting constructor. Consider adding the 'required' modifier or declaring the property as nullable. [C:\Users\Rohit Rathod\Desktop\JsapProject\JSAPNEW\JSAPNEW.csproj]
C:\Users\Rohit Rathod\Desktop\JsapProject\JSAPNEW\Models\ReportsModels.cs(71,23): warning CS8618: Non-nullable property 'CurrentMonth' must contain a non-null value when exiting constructor. Consider adding the 'required' modifier or declaring the property as nullable. [C:\Users\Rohit Rathod\Desktop\JsapProject\JSAPNEW\JSAPNEW.csproj]
C:\Users\Rohit Rathod\Desktop\JsapProject\JSAPNEW\Models\ReportsModels.cs(72,23): warning CS8618: Non-nullable property 'BudgetOwner' must contain a non-null value when exiting constructor. Consider adding the 'required' modifier or declaring the property as nullable. [C:\Users\Rohit Rathod\Desktop\JsapProject\JSAPNEW\JSAPNEW.csproj]
C:\Users\Rohit Rathod\Desktop\JsapProject\JSAPNEW\Models\ReportsModels.cs(73,23): warning CS8618: Non-nullable property 'OwnerCode' must contain a non-null value when exiting constructor. Consider adding the 'required' modifier or declaring the property as nullable. [C:\Users\Rohit Rathod\Desktop\JsapProject\JSAPNEW\JSAPNEW.csproj]
C:\Users\Rohit Rathod\Desktop\JsapProject\JSAPNEW\Models\ReportsModels.cs(74,23): warning CS8618: Non-nullable property 'ApproverName' must contain a non-null value when exiting constructor. Consider adding the 'required' modifier or declaring the property as nullable. [C:\Users\Rohit Rathod\Desktop\JsapProject\JSAPNEW\JSAPNEW.csproj]
C:\Users\Rohit Rathod\Desktop\JsapProject\JSAPNEW\Models\ReportsModels.cs(75,23): warning CS8618: Non-nullable property 'ApprovalCode' must contain a non-null value when exiting constructor. Consider adding the 'required' modifier or declaring the property as nullable. [C:\Users\Rohit Rathod\Desktop\JsapProject\JSAPNEW\JSAPNEW.csproj]
C:\Users\Rohit Rathod\Desktop\JsapProject\JSAPNEW\Models\ReportsModels.cs(54,44): warning CS8618: Non-nullable property 'Advance' must contain a non-null value when exiting constructor. Consider adding the 'required' modifier or declaring the property as nullable. [C:\Users\Rohit Rathod\Desktop\JsapProject\JSAPNEW\JSAPNEW.csproj]
C:\Users\Rohit Rathod\Desktop\JsapProject\JSAPNEW\Models\ReportsModels.cs(55,46): warning CS8618: Non-nullable property 'BOMs' must contain a non-null value when exiting constructor. Consider adding the 'required' modifier or declaring the property as nullable. [C:\Users\Rohit Rathod\Desktop\JsapProject\JSAPNEW\JSAPNEW.csproj]
C:\Users\Rohit Rathod\Desktop\JsapProject\JSAPNEW\Models\ReportsModels.cs(56,46): warning CS8618: Non-nullable property 'Items' must contain a non-null value when exiting constructor. Consider adding the 'required' modifier or declaring the property as nullable. [C:\Users\Rohit Rathod\Desktop\JsapProject\JSAPNEW\JSAPNEW.csproj]
C:\Users\Rohit Rathod\Desktop\JsapProject\JSAPNEW\Models\ReportsModels.cs(50,23): warning CS8618: Non-nullable property 'U_Brand' must contain a non-null value when exiting constructor. Consider adding the 'required' modifier or declaring the property as nullable. [C:\Users\Rohit Rathod\Desktop\JsapProject\JSAPNEW\JSAPNEW.csproj]
C:\Users\Rohit Rathod\Desktop\JsapProject\JSAPNEW\Models\ReportsModels.cs(45,23): warning CS8618: Non-nullable property 'PrcCode' must contain a non-null value when exiting constructor. Consider adding the 'required' modifier or declaring the property as nullable. [C:\Users\Rohit Rathod\Desktop\JsapProject\JSAPNEW\JSAPNEW.csproj]
C:\Users\Rohit Rathod\Desktop\JsapProject\JSAPNEW\Models\ReportsModels.cs(46,23): warning CS8618: Non-nullable property 'PrcName' must contain a non-null value when exiting constructor. Consider adding the 'required' modifier or declaring the property as nullable. [C:\Users\Rohit Rathod\Desktop\JsapProject\JSAPNEW\JSAPNEW.csproj]
C:\Users\Rohit Rathod\Desktop\JsapProject\JSAPNEW\Services\Implementation\AdvanceRequestService.cs(1191,25): warning CS8622: Nullability of reference types in type of parameter 's' of 'int int.Parse(string s)' doesn't match the target delegate 'Func<string?, int>' (possibly because of nullability attributes). [C:\Users\Rohit Rathod\Desktop\JsapProject\JSAPNEW\JSAPNEW.csproj]
C:\Users\Rohit Rathod\Desktop\JsapProject\JSAPNEW\Services\Implementation\AdvanceRequestService.cs(1234,32): warning CS8602: Dereference of a possibly null reference. [C:\Users\Rohit Rathod\Desktop\JsapProject\JSAPNEW\JSAPNEW.csproj]
C:\Users\Rohit Rathod\Desktop\JsapProject\JSAPNEW\Services\Implementation\AdvanceRequestService.cs(1236,36): warning CS8601: Possible null reference assignment. [C:\Users\Rohit Rathod\Desktop\JsapProject\JSAPNEW\JSAPNEW.csproj]
C:\Users\Rohit Rathod\Desktop\JsapProject\JSAPNEW\Models\QcModels.cs(459,23): warning CS8618: Non-nullable property 'SubParameterName' must contain a non-null value when exiting constructor. Consider adding the 'required' modifier or declaring the property as nullable. [C:\Users\Rohit Rathod\Desktop\JsapProject\JSAPNEW\JSAPNEW.csproj]
C:\Users\Rohit Rathod\Desktop\JsapProject\JSAPNEW\Models\QcModels.cs(451,23): warning CS8618: Non-nullable property 'ParameterName' must contain a non-null value when exiting constructor. Consider adding the 'required' modifier or declaring the property as nullable. [C:\Users\Rohit Rathod\Desktop\JsapProject\JSAPNEW\JSAPNEW.csproj]
C:\Users\Rohit Rathod\Desktop\JsapProject\JSAPNEW\Models\QcModels.cs(445,23): warning CS8618: Non-nullable property 'Message' must contain a non-null value when exiting constructor. Consider adding the 'required' modifier or declaring the property as nullable. [C:\Users\Rohit Rathod\Desktop\JsapProject\JSAPNEW\JSAPNEW.csproj]
C:\Users\Rohit Rathod\Desktop\JsapProject\JSAPNEW\Models\ReportsModels.cs(9,23): warning CS8618: Non-nullable property 'U_Main_Group' must contain a non-null value when exiting constructor. Consider adding the 'required' modifier or declaring the property as nullable. [C:\Users\Rohit Rathod\Desktop\JsapProject\JSAPNEW\JSAPNEW.csproj]
C:\Users\Rohit Rathod\Desktop\JsapProject\JSAPNEW\Models\ReportsModels.cs(10,23): warning CS8618: Non-nullable property 'U_Chain' must contain a non-null value when exiting constructor. Consider adding the 'required' modifier or declaring the property as nullable. [C:\Users\Rohit Rathod\Desktop\JsapProject\JSAPNEW\JSAPNEW.csproj]
C:\Users\Rohit Rathod\Desktop\JsapProject\JSAPNEW\Models\ReportsModels.cs(11,23): warning CS8618: Non-nullable property 'State' must contain a non-null value when exiting constructor. Consider adding the 'required' modifier or declaring the property as nullable. [C:\Users\Rohit Rathod\Desktop\JsapProject\JSAPNEW\JSAPNEW.csproj]
C:\Users\Rohit Rathod\Desktop\JsapProject\JSAPNEW\Models\ReportsModels.cs(12,23): warning CS8618: Non-nullable property 'CardCode' must contain a non-null value when exiting constructor. Consider adding the 'required' modifier or declaring the property as nullable. [C:\Users\Rohit Rathod\Desktop\JsapProject\JSAPNEW\JSAPNEW.csproj]
C:\Users\Rohit Rathod\Desktop\JsapProject\JSAPNEW\Models\ReportsModels.cs(13,23): warning CS8618: Non-nullable property 'CardName' must contain a non-null value when exiting constructor. Consider adding the 'required' modifier or declaring the property as nullable. [C:\Users\Rohit Rathod\Desktop\JsapProject\JSAPNEW\JSAPNEW.csproj]
C:\Users\Rohit Rathod\Desktop\JsapProject\JSAPNEW\Models\ReportsModels.cs(14,23): warning CS8618: Non-nullable property 'SKU' must contain a non-null value when exiting constructor. Consider adding the 'required' modifier or declaring the property as nullable. [C:\Users\Rohit Rathod\Desktop\JsapProject\JSAPNEW\JSAPNEW.csproj]
C:\Users\Rohit Rathod\Desktop\JsapProject\JSAPNEW\Models\ReportsModels.cs(15,23): warning CS8618: Non-nullable property 'ItmsGrpNam' must contain a non-null value when exiting constructor. Consider adding the 'required' modifier or declaring the property as nullable. [C:\Users\Rohit Rathod\Desktop\JsapProject\JSAPNEW\JSAPNEW.csproj]
C:\Users\Rohit Rathod\Desktop\JsapProject\JSAPNEW\Models\ReportsModels.cs(17,23): warning CS8618: Non-nullable property 'ItemCode' must contain a non-null value when exiting constructor. Consider adding the 'required' modifier or declaring the property as nullable. [C:\Users\Rohit Rathod\Desktop\JsapProject\JSAPNEW\JSAPNEW.csproj]
C:\Users\Rohit Rathod\Desktop\JsapProject\JSAPNEW\Models\ReportsModels.cs(18,23): warning CS8618: Non-nullable property 'ItemName' must contain a non-null value when exiting constructor. Consider adding the 'required' modifier or declaring the property as nullable. [C:\Users\Rohit Rathod\Desktop\JsapProject\JSAPNEW\JSAPNEW.csproj]
C:\Users\Rohit Rathod\Desktop\JsapProject\JSAPNEW\Models\ReportsModels.cs(19,23): warning CS8618: Non-nullable property 'SalPackUn' must contain a non-null value when exiting constructor. Consider adding the 'required' modifier or declaring the property as nullable. [C:\Users\Rohit Rathod\Desktop\JsapProject\JSAPNEW\JSAPNEW.csproj]
C:\Users\Rohit Rathod\Desktop\JsapProject\JSAPNEW\Models\ReportsModels.cs(20,23): warning CS8618: Non-nullable property 'Quantity' must contain a non-null value when exiting constructor. Consider adding the 'required' modifier or declaring the property as nullable. [C:\Users\Rohit Rathod\Desktop\JsapProject\JSAPNEW\JSAPNEW.csproj]
C:\Users\Rohit Rathod\Desktop\JsapProject\JSAPNEW\Models\ReportsModels.cs(21,23): warning CS8618: Non-nullable property 'Liter' must contain a non-null value when exiting constructor. Consider adding the 'required' modifier or declaring the property as nullable. [C:\Users\Rohit Rathod\Desktop\JsapProject\JSAPNEW\JSAPNEW.csproj]
C:\Users\Rohit Rathod\Desktop\JsapProject\JSAPNEW\Models\ReportsModels.cs(22,23): warning CS8618: Non-nullable property 'LineTotal' must contain a non-null value when exiting constructor. Consider adding the 'required' modifier or declaring the property as nullable. [C:\Users\Rohit Rathod\Desktop\JsapProject\JSAPNEW\JSAPNEW.csproj]
C:\Users\Rohit Rathod\Desktop\JsapProject\JSAPNEW\Models\ReportsModels.cs(23,23): warning CS8618: Non-nullable property 'Realise' must contain a non-null value when exiting constructor. Consider adding the 'required' modifier or declaring the property as nullable. [C:\Users\Rohit Rathod\Desktop\JsapProject\JSAPNEW\JSAPNEW.csproj]
C:\Users\Rohit Rathod\Desktop\JsapProject\JSAPNEW\Models\ReportsModels.cs(24,23): warning CS8618: Non-nullable property 'SchemeQty' must contain a non-null value when exiting constructor. Consider adding the 'required' modifier or declaring the property as nullable. [C:\Users\Rohit Rathod\Desktop\JsapProject\JSAPNEW\JSAPNEW.csproj]
C:\Users\Rohit Rathod\Desktop\JsapProject\JSAPNEW\Models\ReportsModels.cs(25,23): warning CS8618: Non-nullable property 'SchemeSaleAmt' must contain a non-null value when exiting constructor. Consider adding the 'required' modifier or declaring the property as nullable. [C:\Users\Rohit Rathod\Desktop\JsapProject\JSAPNEW\JSAPNEW.csproj]
C:\Users\Rohit Rathod\Desktop\JsapProject\JSAPNEW\Models\ReportsModels.cs(26,23): warning CS8618: Non-nullable property 'SchemeAmt' must contain a non-null value when exiting constructor. Consider adding the 'required' modifier or declaring the property as nullable. [C:\Users\Rohit Rathod\Desktop\JsapProject\JSAPNEW\JSAPNEW.csproj]
C:\Users\Rohit Rathod\Desktop\JsapProject\JSAPNEW\Models\ReportsModels.cs(27,23): warning CS8618: Non-nullable property 'COGS' must contain a non-null value when exiting constructor. Consider adding the 'required' modifier or declaring the property as nullable. [C:\Users\Rohit Rathod\Desktop\JsapProject\JSAPNEW\JSAPNEW.csproj]
C:\Users\Rohit Rathod\Desktop\JsapProject\JSAPNEW\Models\ReportsModels.cs(29,23): warning CS8618: Non-nullable property 'VARIETY' must contain a non-null value when exiting constructor. Consider adding the 'required' modifier or declaring the property as nullable. [C:\Users\Rohit Rathod\Desktop\JsapProject\JSAPNEW\JSAPNEW.csproj]
C:\Users\Rohit Rathod\Desktop\JsapProject\JSAPNEW\Models\ReportsModels.cs(30,23): warning CS8618: Non-nullable property 'Type' must contain a non-null value when exiting constructor. Consider adding the 'required' modifier or declaring the property as nullable. [C:\Users\Rohit Rathod\Desktop\JsapProject\JSAPNEW\JSAPNEW.csproj]
C:\Users\Rohit Rathod\Desktop\JsapProject\JSAPNEW\Models\ReportsModels.cs(31,23): warning CS8618: Non-nullable property 'Brand' must contain a non-null value when exiting constructor. Consider adding the 'required' modifier or declaring the property as nullable. [C:\Users\Rohit Rathod\Desktop\JsapProject\JSAPNEW\JSAPNEW.csproj]
C:\Users\Rohit Rathod\Desktop\JsapProject\JSAPNEW\Models\ReportsModels.cs(32,23): warning CS8618: Non-nullable property 'Location' must contain a non-null value when exiting constructor. Consider adding the 'required' modifier or declaring the property as nullable. [C:\Users\Rohit Rathod\Desktop\JsapProject\JSAPNEW\JSAPNEW.csproj]
C:\Users\Rohit Rathod\Desktop\JsapProject\JSAPNEW\Models\ReportsModels.cs(33,23): warning CS8618: Non-nullable property 'Year' must contain a non-null value when exiting constructor. Consider adding the 'required' modifier or declaring the property as nullable. [C:\Users\Rohit Rathod\Desktop\JsapProject\JSAPNEW\JSAPNEW.csproj]
C:\Users\Rohit Rathod\Desktop\JsapProject\JSAPNEW\Models\ReportsModels.cs(35,23): warning CS8618: Non-nullable property 'MonthName' must contain a non-null value when exiting constructor. Consider adding the 'required' modifier or declaring the property as nullable. [C:\Users\Rohit Rathod\Desktop\JsapProject\JSAPNEW\JSAPNEW.csproj]
C:\Users\Rohit Rathod\Desktop\JsapProject\JSAPNEW\Models\ReportsModels.cs(36,23): warning CS8618: Non-nullable property 'Box' must contain a non-null value when exiting constructor. Consider adding the 'required' modifier or declaring the property as nullable. [C:\Users\Rohit Rathod\Desktop\JsapProject\JSAPNEW\JSAPNEW.csproj]
C:\Users\Rohit Rathod\Desktop\JsapProject\JSAPNEW\Models\ReportsModels.cs(39,23): warning CS8618: Non-nullable property 'LiterYN' must contain a non-null value when exiting constructor. Consider adding the 'required' modifier or declaring the property as nullable. [C:\Users\Rohit Rathod\Desktop\JsapProject\JSAPNEW\JSAPNEW.csproj]
C:\Users\Rohit Rathod\Desktop\JsapProject\JSAPNEW\Models\ReportsModels.cs(40,23): warning CS8618: Non-nullable property 'PACKTYPE' must contain a non-null value when exiting constructor. Consider adding the 'required' modifier or declaring the property as nullable. [C:\Users\Rohit Rathod\Desktop\JsapProject\JSAPNEW\JSAPNEW.csproj]
C:\Users\Rohit Rathod\Desktop\JsapProject\JSAPNEW\Models\QcModels.cs(409,23): warning CS8618: Non-nullable property 'FormNumber' must contain a non-null value when exiting constructor. Consider adding the 'required' modifier or declaring the property as nullable. [C:\Users\Rohit Rathod\Desktop\JsapProject\JSAPNEW\JSAPNEW.csproj]
C:\Users\Rohit Rathod\Desktop\JsapProject\JSAPNEW\Models\QcModels.cs(411,23): warning CS8618: Non-nullable property 'status' must contain a non-null value when exiting constructor. Consider adding the 'required' modifier or declaring the property as nullable. [C:\Users\Rohit Rathod\Desktop\JsapProject\JSAPNEW\JSAPNEW.csproj]
C:\Users\Rohit Rathod\Desktop\JsapProject\JSAPNEW\Models\QcModels.cs(412,23): warning CS8618: Non-nullable property 'remarks' must contain a non-null value when exiting constructor. Consider adding the 'required' modifier or declaring the property as nullable. [C:\Users\Rohit Rathod\Desktop\JsapProject\JSAPNEW\JSAPNEW.csproj]
C:\Users\Rohit Rathod\Desktop\JsapProject\JSAPNEW\Models\QcModels.cs(413,23): warning CS8618: Non-nullable property 'createdBy' must contain a non-null value when exiting constructor. Consider adding the 'required' modifier or declaring the property as nullable. [C:\Users\Rohit Rathod\Desktop\JsapProject\JSAPNEW\JSAPNEW.csproj]
C:\Users\Rohit Rathod\Desktop\JsapProject\JSAPNEW\Models\QcModels.cs(415,23): warning CS8618: Non-nullable property 'modifiedByName' must contain a non-null value when exiting constructor. Consider adding the 'required' modifier or declaring the property as nullable. [C:\Users\Rohit Rathod\Desktop\JsapProject\JSAPNEW\JSAPNEW.csproj]
C:\Users\Rohit Rathod\Desktop\JsapProject\JSAPNEW\Models\QcModels.cs(403,23): warning CS8618: Non-nullable property 'Remarks' must contain a non-null value when exiting constructor. Consider adding the 'required' modifier or declaring the property as nullable. [C:\Users\Rohit Rathod\Desktop\JsapProject\JSAPNEW\JSAPNEW.csproj]
C:\Users\Rohit Rathod\Desktop\JsapProject\JSAPNEW\Models\QcModels.cs(379,23): warning CS8618: Non-nullable property 'StageName' must contain a non-null value when exiting constructor. Consider adding the 'required' modifier or declaring the property as nullable. [C:\Users\Rohit Rathod\Desktop\JsapProject\JSAPNEW\JSAPNEW.csproj]
C:\Users\Rohit Rathod\Desktop\JsapProject\JSAPNEW\Models\QcModels.cs(381,23): warning CS8618: Non-nullable property 'AssignedTo' must contain a non-null value when exiting constructor. Consider adding the 'required' modifier or declaring the property as nullable. [C:\Users\Rohit Rathod\Desktop\JsapProject\JSAPNEW\JSAPNEW.csproj]
C:\Users\Rohit Rathod\Desktop\JsapProject\JSAPNEW\Models\QcModels.cs(383,23): warning CS8618: Non-nullable property 'ActionStatus' must contain a non-null value when exiting constructor. Consider adding the 'required' modifier or declaring the property as nullable. [C:\Users\Rohit Rathod\Desktop\JsapProject\JSAPNEW\JSAPNEW.csproj]
C:\Users\Rohit Rathod\Desktop\JsapProject\JSAPNEW\Models\QcModels.cs(385,23): warning CS8618: Non-nullable property 'Description' must contain a non-null value when exiting constructor. Consider adding the 'required' modifier or declaring the property as nullable. [C:\Users\Rohit Rathod\Desktop\JsapProject\JSAPNEW\JSAPNEW.csproj]
C:\Users\Rohit Rathod\Desktop\JsapProject\JSAPNEW\Models\QcModels.cs(358,23): warning CS8618: Non-nullable property 'DocNum' must contain a non-null value when exiting constructor. Consider adding the 'required' modifier or declaring the property as nullable. [C:\Users\Rohit Rathod\Desktop\JsapProject\JSAPNEW\JSAPNEW.csproj]
C:\Users\Rohit Rathod\Desktop\JsapProject\JSAPNEW\Models\QcModels.cs(360,23): warning CS8618: Non-nullable property 'DocumentName' must contain a non-null value when exiting constructor. Consider adding the 'required' modifier or declaring the property as nullable. [C:\Users\Rohit Rathod\Desktop\JsapProject\JSAPNEW\JSAPNEW.csproj]
C:\Users\Rohit Rathod\Desktop\JsapProject\JSAPNEW\Models\QcModels.cs(366,23): warning CS8618: Non-nullable property 'FlowStatus' must contain a non-null value when exiting constructor. Consider adding the 'required' modifier or declaring the property as nullable. [C:\Users\Rohit Rathod\Desktop\JsapProject\JSAPNEW\JSAPNEW.csproj]
C:\Users\Rohit Rathod\Desktop\JsapProject\JSAPNEW\Models\QcModels.cs(369,23): warning CS8618: Non-nullable property 'TemplateName' must contain a non-null value when exiting constructor. Consider adding the 'required' modifier or declaring the property as nullable. [C:\Users\Rohit Rathod\Desktop\JsapProject\JSAPNEW\JSAPNEW.csproj]
C:\Users\Rohit Rathod\Desktop\JsapProject\JSAPNEW\Models\QcModels.cs(373,23): warning CS8618: Non-nullable property 'status' must contain a non-null value when exiting constructor. Consider adding the 'required' modifier or declaring the property as nullable. [C:\Users\Rohit Rathod\Desktop\JsapProject\JSAPNEW\JSAPNEW.csproj]
C:\Users\Rohit Rathod\Desktop\JsapProject\JSAPNEW\Models\QcModels.cs(333,23): warning CS8618: Non-nullable property 'DocNum' must contain a non-null value when exiting constructor. Consider adding the 'required' modifier or declaring the property as nullable. [C:\Users\Rohit Rathod\Desktop\JsapProject\JSAPNEW\JSAPNEW.csproj]
C:\Users\Rohit Rathod\Desktop\JsapProject\JSAPNEW\Models\QcModels.cs(335,23): warning CS8618: Non-nullable property 'DocumentName' must contain a non-null value when exiting constructor. Consider adding the 'required' modifier or declaring the property as nullable. [C:\Users\Rohit Rathod\Desktop\JsapProject\JSAPNEW\JSAPNEW.csproj]
C:\Users\Rohit Rathod\Desktop\JsapProject\JSAPNEW\Models\QcModels.cs(339,23): warning CS8618: Non-nullable property 'FlowStatus' must contain a non-null value when exiting constructor. Consider adding the 'required' modifier or declaring the property as nullable. [C:\Users\Rohit Rathod\Desktop\JsapProject\JSAPNEW\JSAPNEW.csproj]
C:\Users\Rohit Rathod\Desktop\JsapProject\JSAPNEW\Models\QcModels.cs(343,23): warning CS8618: Non-nullable property 'RejectedAtStageName' must contain a non-null value when exiting constructor. Consider adding the 'required' modifier or declaring the property as nullable. [C:\Users\Rohit Rathod\Desktop\JsapProject\JSAPNEW\JSAPNEW.csproj]
C:\Users\Rohit Rathod\Desktop\JsapProject\JSAPNEW\Models\QcModels.cs(345,23): warning CS8618: Non-nullable property 'RejectionRemarks' must contain a non-null value when exiting constructor. Consider adding the 'required' modifier or declaring the property as nullable. [C:\Users\Rohit Rathod\Desktop\JsapProject\JSAPNEW\JSAPNEW.csproj]
C:\Users\Rohit Rathod\Desktop\JsapProject\JSAPNEW\Models\QcModels.cs(346,23): warning CS8618: Non-nullable property 'TemplateName' must contain a non-null value when exiting constructor. Consider adding the 'required' modifier or declaring the property as nullable. [C:\Users\Rohit Rathod\Desktop\JsapProject\JSAPNEW\JSAPNEW.csproj]
C:\Users\Rohit Rathod\Desktop\JsapProject\JSAPNEW\Models\QcModels.cs(274,23): warning CS8618: Non-nullable property 'DocNum' must contain a non-null value when exiting constructor. Consider adding the 'required' modifier or declaring the property as nullable. [C:\Users\Rohit Rathod\Desktop\JsapProject\JSAPNEW\JSAPNEW.csproj]
C:\Users\Rohit Rathod\Desktop\JsapProject\JSAPNEW\Models\QcModels.cs(276,23): warning CS8618: Non-nullable property 'DocumentName' must contain a non-null value when exiting constructor. Consider adding the 'required' modifier or declaring the property as nullable. [C:\Users\Rohit Rathod\Desktop\JsapProject\JSAPNEW\JSAPNEW.csproj]
C:\Users\Rohit Rathod\Desktop\JsapProject\JSAPNEW\Models\QcModels.cs(281,23): warning CS8618: Non-nullable property 'FlowStatus' must contain a non-null value when exiting constructor. Consider adding the 'required' modifier or declaring the property as nullable. [C:\Users\Rohit Rathod\Desktop\JsapProject\JSAPNEW\JSAPNEW.csproj]
C:\Users\Rohit Rathod\Desktop\JsapProject\JSAPNEW\Models\QcModels.cs(285,23): warning CS8618: Non-nullable property 'TemplateName' must contain a non-null value when exiting constructor. Consider adding the 'required' modifier or declaring the property as nullable. [C:\Users\Rohit Rathod\Desktop\JsapProject\JSAPNEW\JSAPNEW.csproj]
C:\Users\Rohit Rathod\Desktop\JsapProject\JSAPNEW\Models\QcModels.cs(286,23): warning CS8618: Non-nullable property 'CurrentStageName' must contain a non-null value when exiting constructor. Consider adding the 'required' modifier or declaring the property as nullable. [C:\Users\Rohit Rathod\Desktop\JsapProject\JSAPNEW\JSAPNEW.csproj]
C:\Users\Rohit Rathod\Desktop\JsapProject\JSAPNEW\Models\QcModels.cs(245,23): warning CS8618: Non-nullable property 'DocNum' must contain a non-null value when exiting constructor. Consider adding the 'required' modifier or declaring the property as nullable. [C:\Users\Rohit Rathod\Desktop\JsapProject\JSAPNEW\JSAPNEW.csproj]
C:\Users\Rohit Rathod\Desktop\JsapProject\JSAPNEW\Models\QcModels.cs(246,23): warning CS8618: Non-nullable property 'ItemCode' must contain a non-null value when exiting constructor. Consider adding the 'required' modifier or declaring the property as nullable. [C:\Users\Rohit Rathod\Desktop\JsapProject\JSAPNEW\JSAPNEW.csproj]
C:\Users\Rohit Rathod\Desktop\JsapProject\JSAPNEW\Models\QcModels.cs(247,23): warning CS8618: Non-nullable property 'ItemName' must contain a non-null value when exiting constructor. Consider adding the 'required' modifier or declaring the property as nullable. [C:\Users\Rohit Rathod\Desktop\JsapProject\JSAPNEW\JSAPNEW.csproj]
C:\Users\Rohit Rathod\Desktop\JsapProject\JSAPNEW\Models\QcModels.cs(248,23): warning CS8618: Non-nullable property 'status' must contain a non-null value when exiting constructor. Consider adding the 'required' modifier or declaring the property as nullable. [C:\Users\Rohit Rathod\Desktop\JsapProject\JSAPNEW\JSAPNEW.csproj]
C:\Users\Rohit Rathod\Desktop\JsapProject\JSAPNEW\Models\QcModels.cs(249,23): warning CS8618: Non-nullable property 'objType' must contain a non-null value when exiting constructor. Consider adding the 'required' modifier or declaring the property as nullable. [C:\Users\Rohit Rathod\Desktop\JsapProject\JSAPNEW\JSAPNEW.csproj]
C:\Users\Rohit Rathod\Desktop\JsapProject\JSAPNEW\Models\QcModels.cs(250,23): warning CS8618: Non-nullable property 'plannedQty' must contain a non-null value when exiting constructor. Consider adding the 'required' modifier or declaring the property as nullable. [C:\Users\Rohit Rathod\Desktop\JsapProject\JSAPNEW\JSAPNEW.csproj]
C:\Users\Rohit Rathod\Desktop\JsapProject\JSAPNEW\Models\QcModels.cs(251,23): warning CS8618: Non-nullable property 'Warehouse' must contain a non-null value when exiting constructor. Consider adding the 'required' modifier or declaring the property as nullable. [C:\Users\Rohit Rathod\Desktop\JsapProject\JSAPNEW\JSAPNEW.csproj]
C:\Users\Rohit Rathod\Desktop\JsapProject\JSAPNEW\Models\QcModels.cs(252,23): warning CS8618: Non-nullable property 'Type' must contain a non-null value when exiting constructor. Consider adding the 'required' modifier or declaring the property as nullable. [C:\Users\Rohit Rathod\Desktop\JsapProject\JSAPNEW\JSAPNEW.csproj]
C:\Users\Rohit Rathod\Desktop\JsapProject\JSAPNEW\Models\QcModels.cs(254,23): warning CS8618: Non-nullable property 'BaseQty' must contain a non-null value when exiting constructor. Consider adding the 'required' modifier or declaring the property as nullable. [C:\Users\Rohit Rathod\Desktop\JsapProject\JSAPNEW\JSAPNEW.csproj]
C:\Users\Rohit Rathod\Desktop\JsapProject\JSAPNEW\Models\QcModels.cs(256,23): warning CS8618: Non-nullable property 'Box' must contain a non-null value when exiting constructor. Consider adding the 'required' modifier or declaring the property as nullable. [C:\Users\Rohit Rathod\Desktop\JsapProject\JSAPNEW\JSAPNEW.csproj]
C:\Users\Rohit Rathod\Desktop\JsapProject\JSAPNEW\Models\QcModels.cs(257,23): warning CS8618: Non-nullable property 'Litre' must contain a non-null value when exiting constructor. Consider adding the 'required' modifier or declaring the property as nullable. [C:\Users\Rohit Rathod\Desktop\JsapProject\JSAPNEW\JSAPNEW.csproj]
C:\Users\Rohit Rathod\Desktop\JsapProject\JSAPNEW\Models\QcModels.cs(258,23): warning CS8618: Non-nullable property 'Date' must contain a non-null value when exiting constructor. Consider adding the 'required' modifier or declaring the property as nullable. [C:\Users\Rohit Rathod\Desktop\JsapProject\JSAPNEW\JSAPNEW.csproj]
C:\Users\Rohit Rathod\Desktop\JsapProject\JSAPNEW\Models\QcModels.cs(240,23): warning CS8618: Non-nullable property 'DocNum' must contain a non-null value when exiting constructor. Consider adding the 'required' modifier or declaring the property as nullable. [C:\Users\Rohit Rathod\Desktop\JsapProject\JSAPNEW\JSAPNEW.csproj]
C:\Users\Rohit Rathod\Desktop\JsapProject\JSAPNEW\Models\QcModels.cs(233,23): warning CS8618: Non-nullable property 'Remark' must contain a non-null value when exiting constructor. Consider adding the 'required' modifier or declaring the property as nullable. [C:\Users\Rohit Rathod\Desktop\JsapProject\JSAPNEW\JSAPNEW.csproj]
C:\Users\Rohit Rathod\Desktop\JsapProject\JSAPNEW\Models\QcModels.cs(235,23): warning CS8618: Non-nullable property 'ImagePath' must contain a non-null value when exiting constructor. Consider adding the 'required' modifier or declaring the property as nullable. [C:\Users\Rohit Rathod\Desktop\JsapProject\JSAPNEW\JSAPNEW.csproj]
C:\Users\Rohit Rathod\Desktop\JsapProject\JSAPNEW\Models\QcModels.cs(298,23): warning CS8618: Non-nullable property 'DocNum' must contain a non-null value when exiting constructor. Consider adding the 'required' modifier or declaring the property as nullable. [C:\Users\Rohit Rathod\Desktop\JsapProject\JSAPNEW\JSAPNEW.csproj]
C:\Users\Rohit Rathod\Desktop\JsapProject\JSAPNEW\Models\QcModels.cs(300,23): warning CS8618: Non-nullable property 'DocumentName' must contain a non-null value when exiting constructor. Consider adding the 'required' modifier or declaring the property as nullable. [C:\Users\Rohit Rathod\Desktop\JsapProject\JSAPNEW\JSAPNEW.csproj]
C:\Users\Rohit Rathod\Desktop\JsapProject\JSAPNEW\Models\QcModels.cs(308,23): warning CS8618: Non-nullable property 'ApprovalRemarks' must contain a non-null value when exiting constructor. Consider adding the 'required' modifier or declaring the property as nullable. [C:\Users\Rohit Rathod\Desktop\JsapProject\JSAPNEW\JSAPNEW.csproj]
C:\Users\Rohit Rathod\Desktop\JsapProject\JSAPNEW\Models\QcModels.cs(311,23): warning CS8618: Non-nullable property 'FlowStatus' must contain a non-null value when exiting constructor. Consider adding the 'required' modifier or declaring the property as nullable. [C:\Users\Rohit Rathod\Desktop\JsapProject\JSAPNEW\JSAPNEW.csproj]
C:\Users\Rohit Rathod\Desktop\JsapProject\JSAPNEW\Models\QcModels.cs(316,23): warning CS8618: Non-nullable property 'HanaStatus' must contain a non-null value when exiting constructor. Consider adding the 'required' modifier or declaring the property as nullable. [C:\Users\Rohit Rathod\Desktop\JsapProject\JSAPNEW\JSAPNEW.csproj]
C:\Users\Rohit Rathod\Desktop\JsapProject\JSAPNEW\Models\QcModels.cs(319,23): warning CS8618: Non-nullable property 'ApprovedAtStageName' must contain a non-null value when exiting constructor. Consider adding the 'required' modifier or declaring the property as nullable. [C:\Users\Rohit Rathod\Desktop\JsapProject\JSAPNEW\JSAPNEW.csproj]
C:\Users\Rohit Rathod\Desktop\JsapProject\JSAPNEW\Models\QcModels.cs(320,23): warning CS8618: Non-nullable property 'TemplateName' must contain a non-null value when exiting constructor. Consider adding the 'required' modifier or declaring the property as nullable. [C:\Users\Rohit Rathod\Desktop\JsapProject\JSAPNEW\JSAPNEW.csproj]
C:\Users\Rohit Rathod\Desktop\JsapProject\JSAPNEW\Models\QcModels.cs(321,23): warning CS8618: Non-nullable property 'ApprovedByUser' must contain a non-null value when exiting constructor. Consider adding the 'required' modifier or declaring the property as nullable. [C:\Users\Rohit Rathod\Desktop\JsapProject\JSAPNEW\JSAPNEW.csproj]
C:\Users\Rohit Rathod\Desktop\JsapProject\JSAPNEW\Models\QcModels.cs(225,45): warning CS8618: Non-nullable property 'ItemParamList' must contain a non-null value when exiting constructor. Consider adding the 'required' modifier or declaring the property as nullable. [C:\Users\Rohit Rathod\Desktop\JsapProject\JSAPNEW\JSAPNEW.csproj]
C:\Users\Rohit Rathod\Desktop\JsapProject\JSAPNEW\Models\QcModels.cs(220,23): warning CS8618: Non-nullable property 'Remark' must contain a non-null value when exiting constructor. Consider adding the 'required' modifier or declaring the property as nullable. [C:\Users\Rohit Rathod\Desktop\JsapProject\JSAPNEW\JSAPNEW.csproj]
C:\Users\Rohit Rathod\Desktop\JsapProject\JSAPNEW\Models\QcModels.cs(213,42): warning CS8618: Non-nullable property 'ItemDataList' must contain a non-null value when exiting constructor. Consider adding the 'required' modifier or declaring the property as nullable. [C:\Users\Rohit Rathod\Desktop\JsapProject\JSAPNEW\JSAPNEW.csproj]
C:\Users\Rohit Rathod\Desktop\JsapProject\JSAPNEW\Models\QcModels.cs(195,26): warning CS8618: Non-nullable property 'Form' must contain a non-null value when exiting constructor. Consider adding the 'required' modifier or declaring the property as nullable. [C:\Users\Rohit Rathod\Desktop\JsapProject\JSAPNEW\JSAPNEW.csproj]
C:\Users\Rohit Rathod\Desktop\JsapProject\JSAPNEW\Models\QcModels.cs(196,42): warning CS8618: Non-nullable property 'QualitySettings' must contain a non-null value when exiting constructor. Consider adding the 'required' modifier or declaring the property as nullable. [C:\Users\Rohit Rathod\Desktop\JsapProject\JSAPNEW\JSAPNEW.csproj]
C:\Users\Rohit Rathod\Desktop\JsapProject\JSAPNEW\Models\QcModels.cs(197,38): warning CS8618: Non-nullable property 'Documents' must contain a non-null value when exiting constructor. Consider adding the 'required' modifier or declaring the property as nullable. [C:\Users\Rohit Rathod\Desktop\JsapProject\JSAPNEW\JSAPNEW.csproj]
C:\Users\Rohit Rathod\Desktop\JsapProject\JSAPNEW\Models\QcModels.cs(198,41): warning CS8618: Non-nullable property 'Parameters' must contain a non-null value when exiting constructor. Consider adding the 'required' modifier or declaring the property as nullable. [C:\Users\Rohit Rathod\Desktop\JsapProject\JSAPNEW\JSAPNEW.csproj]
C:\Users\Rohit Rathod\Desktop\JsapProject\JSAPNEW\Models\QcModels.cs(173,36): warning CS8618: Non-nullable property 'ItemData' must contain a non-null value when exiting constructor. Consider adding the 'required' modifier or declaring the property as nullable. [C:\Users\Rohit Rathod\Desktop\JsapProject\JSAPNEW\JSAPNEW.csproj]
C:\Users\Rohit Rathod\Desktop\JsapProject\JSAPNEW\Models\QcModels.cs(174,26): warning CS8618: Non-nullable property 'Form' must contain a non-null value when exiting constructor. Consider adding the 'required' modifier or declaring the property as nullable. [C:\Users\Rohit Rathod\Desktop\JsapProject\JSAPNEW\JSAPNEW.csproj]
C:\Users\Rohit Rathod\Desktop\JsapProject\JSAPNEW\Models\QcModels.cs(175,42): warning CS8618: Non-nullable property 'QualitySettings' must contain a non-null value when exiting constructor. Consider adding the 'required' modifier or declaring the property as nullable. [C:\Users\Rohit Rathod\Desktop\JsapProject\JSAPNEW\JSAPNEW.csproj]
C:\Users\Rohit Rathod\Desktop\JsapProject\JSAPNEW\Models\QcModels.cs(176,38): warning CS8618: Non-nullable property 'Documents' must contain a non-null value when exiting constructor. Consider adding the 'required' modifier or declaring the property as nullable. [C:\Users\Rohit Rathod\Desktop\JsapProject\JSAPNEW\JSAPNEW.csproj]
C:\Users\Rohit Rathod\Desktop\JsapProject\JSAPNEW\Models\QcModels.cs(177,41): warning CS8618: Non-nullable property 'Parameters' must contain a non-null value when exiting constructor. Consider adding the 'required' modifier or declaring the property as nullable. [C:\Users\Rohit Rathod\Desktop\JsapProject\JSAPNEW\JSAPNEW.csproj]
C:\Users\Rohit Rathod\Desktop\JsapProject\JSAPNEW\Models\QcModels.cs(178,44): warning CS8618: Non-nullable property 'SubParameters' must contain a non-null value when exiting constructor. Consider adding the 'required' modifier or declaring the property as nullable. [C:\Users\Rohit Rathod\Desktop\JsapProject\JSAPNEW\JSAPNEW.csproj]
C:\Users\Rohit Rathod\Desktop\JsapProject\JSAPNEW\Models\QcModels.cs(154,23): warning CS8618: Non-nullable property 'SubParameterName' must contain a non-null value when exiting constructor. Consider adding the 'required' modifier or declaring the property as nullable. [C:\Users\Rohit Rathod\Desktop\JsapProject\JSAPNEW\JSAPNEW.csproj]
C:\Users\Rohit Rathod\Desktop\JsapProject\JSAPNEW\Models\QcModels.cs(161,23): warning CS8618: Non-nullable property 'ImagePath' must contain a non-null value when exiting constructor. Consider adding the 'required' modifier or declaring the property as nullable. [C:\Users\Rohit Rathod\Desktop\JsapProject\JSAPNEW\JSAPNEW.csproj]
C:\Users\Rohit Rathod\Desktop\JsapProject\JSAPNEW\Models\QcModels.cs(162,23): warning CS8618: Non-nullable property 'DownloadUrl' must contain a non-null value when exiting constructor. Consider adding the 'required' modifier or declaring the property as nullable. [C:\Users\Rohit Rathod\Desktop\JsapProject\JSAPNEW\JSAPNEW.csproj]
C:\Users\Rohit Rathod\Desktop\JsapProject\JSAPNEW\Models\QcModels.cs(164,23): warning CS8618: Non-nullable property 'Remark' must contain a non-null value when exiting constructor. Consider adding the 'required' modifier or declaring the property as nullable. [C:\Users\Rohit Rathod\Desktop\JsapProject\JSAPNEW\JSAPNEW.csproj]
C:\Users\Rohit Rathod\Desktop\JsapProject\JSAPNEW\Models\QcModels.cs(167,23): warning CS8618: Non-nullable property 'ParameterName' must contain a non-null value when exiting constructor. Consider adding the 'required' modifier or declaring the property as nullable. [C:\Users\Rohit Rathod\Desktop\JsapProject\JSAPNEW\JSAPNEW.csproj]
C:\Users\Rohit Rathod\Desktop\JsapProject\JSAPNEW\Models\QcModels.cs(184,23): warning CS8618: Non-nullable property 'ParameterName' must contain a non-null value when exiting constructor. Consider adding the 'required' modifier or declaring the property as nullable. [C:\Users\Rohit Rathod\Desktop\JsapProject\JSAPNEW\JSAPNEW.csproj]
C:\Users\Rohit Rathod\Desktop\JsapProject\JSAPNEW\Models\QcModels.cs(188,23): warning CS8618: Non-nullable property 'SubParameterName' must contain a non-null value when exiting constructor. Consider adding the 'required' modifier or declaring the property as nullable. [C:\Users\Rohit Rathod\Desktop\JsapProject\JSAPNEW\JSAPNEW.csproj]
C:\Users\Rohit Rathod\Desktop\JsapProject\JSAPNEW\Models\QcModels.cs(127,23): warning CS8618: Non-nullable property 'DocumentTypeName' must contain a non-null value when exiting constructor. Consider adding the 'required' modifier or declaring the property as nullable. [C:\Users\Rohit Rathod\Desktop\JsapProject\JSAPNEW\JSAPNEW.csproj]
C:\Users\Rohit Rathod\Desktop\JsapProject\JSAPNEW\Models\QcModels.cs(128,23): warning CS8618: Non-nullable property 'HanaId' must contain a non-null value when exiting constructor. Consider adding the 'required' modifier or declaring the property as nullable. [C:\Users\Rohit Rathod\Desktop\JsapProject\JSAPNEW\JSAPNEW.csproj]
C:\Users\Rohit Rathod\Desktop\JsapProject\JSAPNEW\Models\QcModels.cs(130,23): warning CS8618: Non-nullable property 'DocumentPath' must contain a non-null value when exiting constructor. Consider adding the 'required' modifier or declaring the property as nullable. [C:\Users\Rohit Rathod\Desktop\JsapProject\JSAPNEW\JSAPNEW.csproj]
C:\Users\Rohit Rathod\Desktop\JsapProject\JSAPNEW\Models\QcModels.cs(138,23): warning CS8618: Non-nullable property 'ParameterName' must contain a non-null value when exiting constructor. Consider adding the 'required' modifier or declaring the property as nullable. [C:\Users\Rohit Rathod\Desktop\JsapProject\JSAPNEW\JSAPNEW.csproj]
C:\Users\Rohit Rathod\Desktop\JsapProject\JSAPNEW\Models\QcModels.cs(144,23): warning CS8618: Non-nullable property 'Value' must contain a non-null value when exiting constructor. Consider adding the 'required' modifier or declaring the property as nullable. [C:\Users\Rohit Rathod\Desktop\JsapProject\JSAPNEW\JSAPNEW.csproj]
C:\Users\Rohit Rathod\Desktop\JsapProject\JSAPNEW\Models\QcModels.cs(145,23): warning CS8618: Non-nullable property 'Remark' must contain a non-null value when exiting constructor. Consider adding the 'required' modifier or declaring the property as nullable. [C:\Users\Rohit Rathod\Desktop\JsapProject\JSAPNEW\JSAPNEW.csproj]
C:\Users\Rohit Rathod\Desktop\JsapProject\JSAPNEW\Models\QcModels.cs(102,23): warning CS8618: Non-nullable property 'FormNumber' must contain a non-null value when exiting constructor. Consider adding the 'required' modifier or declaring the property as nullable. [C:\Users\Rohit Rathod\Desktop\JsapProject\JSAPNEW\JSAPNEW.csproj]
C:\Users\Rohit Rathod\Desktop\JsapProject\JSAPNEW\Models\QcModels.cs(104,23): warning CS8618: Non-nullable property 'Status' must contain a non-null value when exiting constructor. Consider adding the 'required' modifier or declaring the property as nullable. [C:\Users\Rohit Rathod\Desktop\JsapProject\JSAPNEW\JSAPNEW.csproj]
C:\Users\Rohit Rathod\Desktop\JsapProject\JSAPNEW\Models\QcModels.cs(105,23): warning CS8618: Non-nullable property 'Remarks' must contain a non-null value when exiting constructor. Consider adding the 'required' modifier or declaring the property as nullable. [C:\Users\Rohit Rathod\Desktop\JsapProject\JSAPNEW\JSAPNEW.csproj]
C:\Users\Rohit Rathod\Desktop\JsapProject\JSAPNEW\Models\QcModels.cs(106,23): warning CS8618: Non-nullable property 'CreatedBy' must contain a non-null value when exiting constructor. Consider adding the 'required' modifier or declaring the property as nullable. [C:\Users\Rohit Rathod\Desktop\JsapProject\JSAPNEW\JSAPNEW.csproj]
C:\Users\Rohit Rathod\Desktop\JsapProject\JSAPNEW\Models\QcModels.cs(108,23): warning CS8618: Non-nullable property 'ModifiedBy' must contain a non-null value when exiting constructor. Consider adding the 'required' modifier or declaring the property as nullable. [C:\Users\Rohit Rathod\Desktop\JsapProject\JSAPNEW\JSAPNEW.csproj]
C:\Users\Rohit Rathod\Desktop\JsapProject\JSAPNEW\Models\QcModels.cs(67,23): warning CS8618: Non-nullable property 'Message' must contain a non-null value when exiting constructor. Consider adding the 'required' modifier or declaring the property as nullable. [C:\Users\Rohit Rathod\Desktop\JsapProject\JSAPNEW\JSAPNEW.csproj]
C:\Users\Rohit Rathod\Desktop\JsapProject\JSAPNEW\Models\QcModels.cs(58,23): warning CS8618: Non-nullable property 'SubParameterName' must contain a non-null value when exiting constructor. Consider adding the 'required' modifier or declaring the property as nullable. [C:\Users\Rohit Rathod\Desktop\JsapProject\JSAPNEW\JSAPNEW.csproj]
C:\Users\Rohit Rathod\Desktop\JsapProject\JSAPNEW\Models\QcModels.cs(51,23): warning CS8618: Non-nullable property 'Message' must contain a non-null value when exiting constructor. Consider adding the 'required' modifier or declaring the property as nullable. [C:\Users\Rohit Rathod\Desktop\JsapProject\JSAPNEW\JSAPNEW.csproj]
C:\Users\Rohit Rathod\Desktop\JsapProject\JSAPNEW\Models\QcModels.cs(42,23): warning CS8618: Non-nullable property 'ParameterName' must contain a non-null value when exiting constructor. Consider adding the 'required' modifier or declaring the property as nullable. [C:\Users\Rohit Rathod\Desktop\JsapProject\JSAPNEW\JSAPNEW.csproj]
C:\Users\Rohit Rathod\Desktop\JsapProject\JSAPNEW\Models\QcModels.cs(81,23): warning CS8618: Non-nullable property 'Result' must contain a non-null value when exiting constructor. Consider adding the 'required' modifier or declaring the property as nullable. [C:\Users\Rohit Rathod\Desktop\JsapProject\JSAPNEW\JSAPNEW.csproj]
C:\Users\Rohit Rathod\Desktop\JsapProject\JSAPNEW\Models\QcModels.cs(85,23): warning CS8618: Non-nullable property 'ItemCode' must contain a non-null value when exiting constructor. Consider adding the 'required' modifier or declaring the property as nullable. [C:\Users\Rohit Rathod\Desktop\JsapProject\JSAPNEW\JSAPNEW.csproj]
C:\Users\Rohit Rathod\Desktop\JsapProject\JSAPNEW\Models\QcModels.cs(86,23): warning CS8618: Non-nullable property 'ItemName' must contain a non-null value when exiting constructor. Consider adding the 'required' modifier or declaring the property as nullable. [C:\Users\Rohit Rathod\Desktop\JsapProject\JSAPNEW\JSAPNEW.csproj]
C:\Users\Rohit Rathod\Desktop\JsapProject\JSAPNEW\Models\QcModels.cs(87,23): warning CS8618: Non-nullable property 'Status' must contain a non-null value when exiting constructor. Consider adding the 'required' modifier or declaring the property as nullable. [C:\Users\Rohit Rathod\Desktop\JsapProject\JSAPNEW\JSAPNEW.csproj]
C:\Users\Rohit Rathod\Desktop\JsapProject\JSAPNEW\Models\QcModels.cs(88,23): warning CS8618: Non-nullable property 'ObjType' must contain a non-null value when exiting constructor. Consider adding the 'required' modifier or declaring the property as nullable. [C:\Users\Rohit Rathod\Desktop\JsapProject\JSAPNEW\JSAPNEW.csproj]
C:\Users\Rohit Rathod\Desktop\JsapProject\JSAPNEW\Models\QcModels.cs(89,23): warning CS8618: Non-nullable property 'PlannedQty' must contain a non-null value when exiting constructor. Consider adding the 'required' modifier or declaring the property as nullable. [C:\Users\Rohit Rathod\Desktop\JsapProject\JSAPNEW\JSAPNEW.csproj]
C:\Users\Rohit Rathod\Desktop\JsapProject\JSAPNEW\Models\QcModels.cs(90,23): warning CS8618: Non-nullable property 'Warehouse' must contain a non-null value when exiting constructor. Consider adding the 'required' modifier or declaring the property as nullable. [C:\Users\Rohit Rathod\Desktop\JsapProject\JSAPNEW\JSAPNEW.csproj]
C:\Users\Rohit Rathod\Desktop\JsapProject\JSAPNEW\Models\QcModels.cs(91,23): warning CS8618: Non-nullable property 'Type' must contain a non-null value when exiting constructor. Consider adding the 'required' modifier or declaring the property as nullable. [C:\Users\Rohit Rathod\Desktop\JsapProject\JSAPNEW\JSAPNEW.csproj]
C:\Users\Rohit Rathod\Desktop\JsapProject\JSAPNEW\Models\QcModels.cs(92,23): warning CS8618: Non-nullable property 'BaseQty' must contain a non-null value when exiting constructor. Consider adding the 'required' modifier or declaring the property as nullable. [C:\Users\Rohit Rathod\Desktop\JsapProject\JSAPNEW\JSAPNEW.csproj]
C:\Users\Rohit Rathod\Desktop\JsapProject\JSAPNEW\Models\QcModels.cs(94,23): warning CS8618: Non-nullable property 'Box' must contain a non-null value when exiting constructor. Consider adding the 'required' modifier or declaring the property as nullable. [C:\Users\Rohit Rathod\Desktop\JsapProject\JSAPNEW\JSAPNEW.csproj]
C:\Users\Rohit Rathod\Desktop\JsapProject\JSAPNEW\Models\QcModels.cs(95,23): warning CS8618: Non-nullable property 'Litre' must contain a non-null value when exiting constructor. Consider adding the 'required' modifier or declaring the property as nullable. [C:\Users\Rohit Rathod\Desktop\JsapProject\JSAPNEW\JSAPNEW.csproj]
C:\Users\Rohit Rathod\Desktop\JsapProject\JSAPNEW\Models\QcModels.cs(96,23): warning CS8618: Non-nullable property 'Date' must contain a non-null value when exiting constructor. Consider adding the 'required' modifier or declaring the property as nullable. [C:\Users\Rohit Rathod\Desktop\JsapProject\JSAPNEW\JSAPNEW.csproj]
C:\Users\Rohit Rathod\Desktop\JsapProject\JSAPNEW\Models\QcModels.cs(24,23): warning CS8618: Non-nullable property 'FormNumber' must contain a non-null value when exiting constructor. Consider adding the 'required' modifier or declaring the property as nullable. [C:\Users\Rohit Rathod\Desktop\JsapProject\JSAPNEW\JSAPNEW.csproj]
C:\Users\Rohit Rathod\Desktop\JsapProject\JSAPNEW\Models\QcModels.cs(26,23): warning CS8618: Non-nullable property 'Status' must contain a non-null value when exiting constructor. Consider adding the 'required' modifier or declaring the property as nullable. [C:\Users\Rohit Rathod\Desktop\JsapProject\JSAPNEW\JSAPNEW.csproj]
C:\Users\Rohit Rathod\Desktop\JsapProject\JSAPNEW\Models\QcModels.cs(28,23): warning CS8618: Non-nullable property 'CreatedBy' must contain a non-null value when exiting constructor. Consider adding the 'required' modifier or declaring the property as nullable. [C:\Users\Rohit Rathod\Desktop\JsapProject\JSAPNEW\JSAPNEW.csproj]
C:\Users\Rohit Rathod\Desktop\JsapProject\JSAPNEW\Models\QcModels.cs(11,23): warning CS8618: Non-nullable property 'Message' must contain a non-null value when exiting constructor. Consider adding the 'required' modifier or declaring the property as nullable. [C:\Users\Rohit Rathod\Desktop\JsapProject\JSAPNEW\JSAPNEW.csproj]
C:\Users\Rohit Rathod\Desktop\JsapProject\JSAPNEW\Models\QcModels.cs(16,23): warning CS8618: Non-nullable property 'DocumentTypeName' must contain a non-null value when exiting constructor. Consider adding the 'required' modifier or declaring the property as nullable. [C:\Users\Rohit Rathod\Desktop\JsapProject\JSAPNEW\JSAPNEW.csproj]
C:\Users\Rohit Rathod\Desktop\JsapProject\JSAPNEW\Models\QcModels.cs(19,23): warning CS8618: Non-nullable property 'DocumentPath' must contain a non-null value when exiting constructor. Consider adding the 'required' modifier or declaring the property as nullable. [C:\Users\Rohit Rathod\Desktop\JsapProject\JSAPNEW\JSAPNEW.csproj]
C:\Users\Rohit Rathod\Desktop\JsapProject\JSAPNEW\Models\QcModels.cs(6,23): warning CS8618: Non-nullable property 'Message' must contain a non-null value when exiting constructor. Consider adding the 'required' modifier or declaring the property as nullable. [C:\Users\Rohit Rathod\Desktop\JsapProject\JSAPNEW\JSAPNEW.csproj]
C:\Users\Rohit Rathod\Desktop\JsapProject\JSAPNEW\Models\PrdoModels.cs(146,23): warning CS8618: Non-nullable property 'StageName' must contain a non-null value when exiting constructor. Consider adding the 'required' modifier or declaring the property as nullable. [C:\Users\Rohit Rathod\Desktop\JsapProject\JSAPNEW\JSAPNEW.csproj]
C:\Users\Rohit Rathod\Desktop\JsapProject\JSAPNEW\Models\PrdoModels.cs(148,23): warning CS8618: Non-nullable property 'AssignedTo' must contain a non-null value when exiting constructor. Consider adding the 'required' modifier or declaring the property as nullable. [C:\Users\Rohit Rathod\Desktop\JsapProject\JSAPNEW\JSAPNEW.csproj]
C:\Users\Rohit Rathod\Desktop\JsapProject\JSAPNEW\Models\PrdoModels.cs(149,23): warning CS8618: Non-nullable property 'ActionStatus' must contain a non-null value when exiting constructor. Consider adding the 'required' modifier or declaring the property as nullable. [C:\Users\Rohit Rathod\Desktop\JsapProject\JSAPNEW\JSAPNEW.csproj]
C:\Users\Rohit Rathod\Desktop\JsapProject\JSAPNEW\Models\PrdoModels.cs(151,23): warning CS8618: Non-nullable property 'Description' must contain a non-null value when exiting constructor. Consider adding the 'required' modifier or declaring the property as nullable. [C:\Users\Rohit Rathod\Desktop\JsapProject\JSAPNEW\JSAPNEW.csproj]
C:\Users\Rohit Rathod\Desktop\JsapProject\JSAPNEW\Models\PrdoModels.cs(152,23): warning CS8618: Non-nullable property 'ApprovalRequired' must contain a non-null value when exiting constructor. Consider adding the 'required' modifier or declaring the property as nullable. [C:\Users\Rohit Rathod\Desktop\JsapProject\JSAPNEW\JSAPNEW.csproj]
C:\Users\Rohit Rathod\Desktop\JsapProject\JSAPNEW\Models\PrdoModels.cs(153,23): warning CS8618: Non-nullable property 'RejectRequired' must contain a non-null value when exiting constructor. Consider adding the 'required' modifier or declaring the property as nullable. [C:\Users\Rohit Rathod\Desktop\JsapProject\JSAPNEW\JSAPNEW.csproj]
C:\Users\Rohit Rathod\Desktop\JsapProject\JSAPNEW\Models\PrdoModels.cs(157,23): warning CS8618: Non-nullable property 'ItemCode' must contain a non-null value when exiting constructor. Consider adding the 'required' modifier or declaring the property as nullable. [C:\Users\Rohit Rathod\Desktop\JsapProject\JSAPNEW\JSAPNEW.csproj]
C:\Users\Rohit Rathod\Desktop\JsapProject\JSAPNEW\Models\PrdoModels.cs(158,23): warning CS8618: Non-nullable property 'WhsCode' must contain a non-null value when exiting constructor. Consider adding the 'required' modifier or declaring the property as nullable. [C:\Users\Rohit Rathod\Desktop\JsapProject\JSAPNEW\JSAPNEW.csproj]
C:\Users\Rohit Rathod\Desktop\JsapProject\JSAPNEW\Models\PrdoModels.cs(159,23): warning CS8618: Non-nullable property 'WhsName' must contain a non-null value when exiting constructor. Consider adding the 'required' modifier or declaring the property as nullable. [C:\Users\Rohit Rathod\Desktop\JsapProject\JSAPNEW\JSAPNEW.csproj]
C:\Users\Rohit Rathod\Desktop\JsapProject\JSAPNEW\Models\PrdoModels.cs(161,23): warning CS8618: Non-nullable property 'StockQty' must contain a non-null value when exiting constructor. Consider adding the 'required' modifier or declaring the property as nullable. [C:\Users\Rohit Rathod\Desktop\JsapProject\JSAPNEW\JSAPNEW.csproj]
C:\Users\Rohit Rathod\Desktop\JsapProject\JSAPNEW\Models\PrdoModels.cs(167,23): warning CS8618: Non-nullable property 'ItemCode' must contain a non-null value when exiting constructor. Consider adding the 'required' modifier or declaring the property as nullable. [C:\Users\Rohit Rathod\Desktop\JsapProject\JSAPNEW\JSAPNEW.csproj]
C:\Users\Rohit Rathod\Desktop\JsapProject\JSAPNEW\Models\PrdoModels.cs(168,23): warning CS8618: Non-nullable property 'ItemName' must contain a non-null value when exiting constructor. Consider adding the 'required' modifier or declaring the property as nullable. [C:\Users\Rohit Rathod\Desktop\JsapProject\JSAPNEW\JSAPNEW.csproj]
C:\Users\Rohit Rathod\Desktop\JsapProject\JSAPNEW\Models\PrdoModels.cs(169,23): warning CS8618: Non-nullable property 'Warehouse' must contain a non-null value when exiting constructor. Consider adding the 'required' modifier or declaring the property as nullable. [C:\Users\Rohit Rathod\Desktop\JsapProject\JSAPNEW\JSAPNEW.csproj]
C:\Users\Rohit Rathod\Desktop\JsapProject\JSAPNEW\Models\PrdoModels.cs(174,23): warning CS8618: Non-nullable property 'Comments' must contain a non-null value when exiting constructor. Consider adding the 'required' modifier or declaring the property as nullable. [C:\Users\Rohit Rathod\Desktop\JsapProject\JSAPNEW\JSAPNEW.csproj]
C:\Users\Rohit Rathod\Desktop\JsapProject\JSAPNEW\Models\PrdoModels.cs(175,23): warning CS8618: Non-nullable property 'CreatedBy' must contain a non-null value when exiting constructor. Consider adding the 'required' modifier or declaring the property as nullable. [C:\Users\Rohit Rathod\Desktop\JsapProject\JSAPNEW\JSAPNEW.csproj]
C:\Users\Rohit Rathod\Desktop\JsapProject\JSAPNEW\Models\PrdoModels.cs(176,23): warning CS8618: Non-nullable property 'status' must contain a non-null value when exiting constructor. Consider adding the 'required' modifier or declaring the property as nullable. [C:\Users\Rohit Rathod\Desktop\JsapProject\JSAPNEW\JSAPNEW.csproj]
C:\Users\Rohit Rathod\Desktop\JsapProject\JSAPNEW\Models\PrdoModels.cs(112,41): warning CS8618: Non-nullable property 'ProductionOrderHeader' must contain a non-null value when exiting constructor. Consider adding the 'required' modifier or declaring the property as nullable. [C:\Users\Rohit Rathod\Desktop\JsapProject\JSAPNEW\JSAPNEW.csproj]
C:\Users\Rohit Rathod\Desktop\JsapProject\JSAPNEW\Models\PrdoModels.cs(113,47): warning CS8618: Non-nullable property 'ProductionOrderDetails' must contain a non-null value when exiting constructor. Consider adding the 'required' modifier or declaring the property as nullable. [C:\Users\Rohit Rathod\Desktop\JsapProject\JSAPNEW\JSAPNEW.csproj]
C:\Users\Rohit Rathod\Desktop\JsapProject\JSAPNEW\Models\PrdoModels.cs(119,23): warning CS8618: Non-nullable property 'DocEntry' must contain a non-null value when exiting constructor. Consider adding the 'required' modifier or declaring the property as nullable. [C:\Users\Rohit Rathod\Desktop\JsapProject\JSAPNEW\JSAPNEW.csproj]
C:\Users\Rohit Rathod\Desktop\JsapProject\JSAPNEW\Models\PrdoModels.cs(123,23): warning CS8618: Non-nullable property 'CurrentStage' must contain a non-null value when exiting constructor. Consider adding the 'required' modifier or declaring the property as nullable. [C:\Users\Rohit Rathod\Desktop\JsapProject\JSAPNEW\JSAPNEW.csproj]
C:\Users\Rohit Rathod\Desktop\JsapProject\JSAPNEW\Models\PrdoModels.cs(124,23): warning CS8618: Non-nullable property 'CurrentStatus' must contain a non-null value when exiting constructor. Consider adding the 'required' modifier or declaring the property as nullable. [C:\Users\Rohit Rathod\Desktop\JsapProject\JSAPNEW\JSAPNEW.csproj]
C:\Users\Rohit Rathod\Desktop\JsapProject\JSAPNEW\Models\PrdoModels.cs(106,23): warning CS8618: Non-nullable property 'Remarks' must contain a non-null value when exiting constructor. Consider adding the 'required' modifier or declaring the property as nullable. [C:\Users\Rohit Rathod\Desktop\JsapProject\JSAPNEW\JSAPNEW.csproj]
C:\Users\Rohit Rathod\Desktop\JsapProject\JSAPNEW\Services\Implementation\UserService.cs(1533,28): warning CS8603: Possible null reference return. [C:\Users\Rohit Rathod\Desktop\JsapProject\JSAPNEW\JSAPNEW.csproj]
C:\Users\Rohit Rathod\Desktop\JsapProject\JSAPNEW\Services\Implementation\UserService.cs(1580,24): warning CS8603: Possible null reference return. [C:\Users\Rohit Rathod\Desktop\JsapProject\JSAPNEW\JSAPNEW.csproj]
C:\Users\Rohit Rathod\Desktop\JsapProject\JSAPNEW\Models\PrdoModels.cs(82,23): warning CS8618: Non-nullable property 'DocIds' must contain a non-null value when exiting constructor. Consider adding the 'required' modifier or declaring the property as nullable. [C:\Users\Rohit Rathod\Desktop\JsapProject\JSAPNEW\JSAPNEW.csproj]
C:\Users\Rohit Rathod\Desktop\JsapProject\JSAPNEW\Models\PrdoModels.cs(129,23): warning CS8618: Non-nullable property 'DocEntry' must contain a non-null value when exiting constructor. Consider adding the 'required' modifier or declaring the property as nullable. [C:\Users\Rohit Rathod\Desktop\JsapProject\JSAPNEW\JSAPNEW.csproj]
C:\Users\Rohit Rathod\Desktop\JsapProject\JSAPNEW\Models\PrdoModels.cs(130,23): warning CS8618: Non-nullable property 'Status' must contain a non-null value when exiting constructor. Consider adding the 'required' modifier or declaring the property as nullable. [C:\Users\Rohit Rathod\Desktop\JsapProject\JSAPNEW\JSAPNEW.csproj]
C:\Users\Rohit Rathod\Desktop\JsapProject\JSAPNEW\Models\PrdoModels.cs(131,23): warning CS8618: Non-nullable property 'Type' must contain a non-null value when exiting constructor. Consider adding the 'required' modifier or declaring the property as nullable. [C:\Users\Rohit Rathod\Desktop\JsapProject\JSAPNEW\JSAPNEW.csproj]
C:\Users\Rohit Rathod\Desktop\JsapProject\JSAPNEW\Models\PrdoModels.cs(132,23): warning CS8618: Non-nullable property 'Warehouse' must contain a non-null value when exiting constructor. Consider adding the 'required' modifier or declaring the property as nullable. [C:\Users\Rohit Rathod\Desktop\JsapProject\JSAPNEW\JSAPNEW.csproj]
C:\Users\Rohit Rathod\Desktop\JsapProject\JSAPNEW\Models\PrdoModels.cs(134,23): warning CS8618: Non-nullable property 'ItemCode' must contain a non-null value when exiting constructor. Consider adding the 'required' modifier or declaring the property as nullable. [C:\Users\Rohit Rathod\Desktop\JsapProject\JSAPNEW\JSAPNEW.csproj]
C:\Users\Rohit Rathod\Desktop\JsapProject\JSAPNEW\Models\PrdoModels.cs(135,23): warning CS8618: Non-nullable property 'ItemName' must contain a non-null value when exiting constructor. Consider adding the 'required' modifier or declaring the property as nullable. [C:\Users\Rohit Rathod\Desktop\JsapProject\JSAPNEW\JSAPNEW.csproj]
C:\Users\Rohit Rathod\Desktop\JsapProject\JSAPNEW\Models\PrdoModels.cs(136,23): warning CS8618: Non-nullable property 'ItemSubGroup' must contain a non-null value when exiting constructor. Consider adding the 'required' modifier or declaring the property as nullable. [C:\Users\Rohit Rathod\Desktop\JsapProject\JSAPNEW\JSAPNEW.csproj]
C:\Users\Rohit Rathod\Desktop\JsapProject\JSAPNEW\Models\PrdoModels.cs(140,23): warning CS8618: Non-nullable property 'Comments' must contain a non-null value when exiting constructor. Consider adding the 'required' modifier or declaring the property as nullable. [C:\Users\Rohit Rathod\Desktop\JsapProject\JSAPNEW\JSAPNEW.csproj]
C:\Users\Rohit Rathod\Desktop\JsapProject\JSAPNEW\Models\PrdoModels.cs(141,23): warning CS8618: Non-nullable property 'CreatedBy' must contain a non-null value when exiting constructor. Consider adding the 'required' modifier or declaring the property as nullable. [C:\Users\Rohit Rathod\Desktop\JsapProject\JSAPNEW\JSAPNEW.csproj]
C:\Users\Rohit Rathod\Desktop\JsapProject\JSAPNEW\Models\PrdoModels.cs(72,23): warning CS8618: Non-nullable property 'UserName' must contain a non-null value when exiting constructor. Consider adding the 'required' modifier or declaring the property as nullable. [C:\Users\Rohit Rathod\Desktop\JsapProject\JSAPNEW\JSAPNEW.csproj]
C:\Users\Rohit Rathod\Desktop\JsapProject\JSAPNEW\Models\PrdoModels.cs(76,23): warning CS8618: Non-nullable property 'Type' must contain a non-null value when exiting constructor. Consider adding the 'required' modifier or declaring the property as nullable. [C:\Users\Rohit Rathod\Desktop\JsapProject\JSAPNEW\JSAPNEW.csproj]
C:\Users\Rohit Rathod\Desktop\JsapProject\JSAPNEW\Models\PrdoModels.cs(8,23): warning CS8618: Non-nullable property 'Message' must contain a non-null value when exiting constructor. Consider adding the 'required' modifier or declaring the property as nullable. [C:\Users\Rohit Rathod\Desktop\JsapProject\JSAPNEW\JSAPNEW.csproj]
C:\Users\Rohit Rathod\Desktop\JsapProject\JSAPNEW\Models\PermissionModels.cs(108,23): warning CS8618: Non-nullable property 'moduleName' must contain a non-null value when exiting constructor. Consider adding the 'required' modifier or declaring the property as nullable. [C:\Users\Rohit Rathod\Desktop\JsapProject\JSAPNEW\JSAPNEW.csproj]
C:\Users\Rohit Rathod\Desktop\JsapProject\JSAPNEW\Models\PermissionModels.cs(109,23): warning CS8618: Non-nullable property 'permissionType' must contain a non-null value when exiting constructor. Consider adding the 'required' modifier or declaring the property as nullable. [C:\Users\Rohit Rathod\Desktop\JsapProject\JSAPNEW\JSAPNEW.csproj]
C:\Users\Rohit Rathod\Desktop\JsapProject\JSAPNEW\Models\PermissionModels.cs(110,23): warning CS8618: Non-nullable property 'modulePermission' must contain a non-null value when exiting constructor. Consider adding the 'required' modifier or declaring the property as nullable. [C:\Users\Rohit Rathod\Desktop\JsapProject\JSAPNEW\JSAPNEW.csproj]
C:\Users\Rohit Rathod\Desktop\JsapProject\JSAPNEW\Models\PrdoModels.cs(32,23): warning CS8618: Non-nullable property 'ItemCode' must contain a non-null value when exiting constructor. Consider adding the 'required' modifier or declaring the property as nullable. [C:\Users\Rohit Rathod\Desktop\JsapProject\JSAPNEW\JSAPNEW.csproj]
C:\Users\Rohit Rathod\Desktop\JsapProject\JSAPNEW\Models\PrdoModels.cs(33,23): warning CS8618: Non-nullable property 'ItemName' must contain a non-null value when exiting constructor. Consider adding the 'required' modifier or declaring the property as nullable. [C:\Users\Rohit Rathod\Desktop\JsapProject\JSAPNEW\JSAPNEW.csproj]
C:\Users\Rohit Rathod\Desktop\JsapProject\JSAPNEW\Models\PrdoModels.cs(34,23): warning CS8618: Non-nullable property 'ItemSubGroup' must contain a non-null value when exiting constructor. Consider adding the 'required' modifier or declaring the property as nullable. [C:\Users\Rohit Rathod\Desktop\JsapProject\JSAPNEW\JSAPNEW.csproj]
C:\Users\Rohit Rathod\Desktop\JsapProject\JSAPNEW\Models\PrdoModels.cs(35,23): warning CS8618: Non-nullable property 'Warehouse' must contain a non-null value when exiting constructor. Consider adding the 'required' modifier or declaring the property as nullable. [C:\Users\Rohit Rathod\Desktop\JsapProject\JSAPNEW\JSAPNEW.csproj]
C:\Users\Rohit Rathod\Desktop\JsapProject\JSAPNEW\Models\PrdoModels.cs(40,23): warning CS8618: Non-nullable property 'CreatedBy' must contain a non-null value when exiting constructor. Consider adding the 'required' modifier or declaring the property as nullable. [C:\Users\Rohit Rathod\Desktop\JsapProject\JSAPNEW\JSAPNEW.csproj]
C:\Users\Rohit Rathod\Desktop\JsapProject\JSAPNEW\Models\PrdoModels.cs(41,23): warning CS8618: Non-nullable property 'Comments' must contain a non-null value when exiting constructor. Consider adding the 'required' modifier or declaring the property as nullable. [C:\Users\Rohit Rathod\Desktop\JsapProject\JSAPNEW\JSAPNEW.csproj]
C:\Users\Rohit Rathod\Desktop\JsapProject\JSAPNEW\Models\PermissionModels.cs(101,23): warning CS8618: Non-nullable property 'permissionType' must contain a non-null value when exiting constructor. Consider adding the 'required' modifier or declaring the property as nullable. [C:\Users\Rohit Rathod\Desktop\JsapProject\JSAPNEW\JSAPNEW.csproj]
C:\Users\Rohit Rathod\Desktop\JsapProject\JSAPNEW\Models\PrdoModels.cs(15,23): warning CS8618: Non-nullable property 'ItemCode' must contain a non-null value when exiting constructor. Consider adding the 'required' modifier or declaring the property as nullable. [C:\Users\Rohit Rathod\Desktop\JsapProject\JSAPNEW\JSAPNEW.csproj]
C:\Users\Rohit Rathod\Desktop\JsapProject\JSAPNEW\Models\PrdoModels.cs(16,23): warning CS8618: Non-nullable property 'ItemName' must contain a non-null value when exiting constructor. Consider adding the 'required' modifier or declaring the property as nullable. [C:\Users\Rohit Rathod\Desktop\JsapProject\JSAPNEW\JSAPNEW.csproj]
C:\Users\Rohit Rathod\Desktop\JsapProject\JSAPNEW\Models\PrdoModels.cs(17,23): warning CS8618: Non-nullable property 'Warehouse' must contain a non-null value when exiting constructor. Consider adding the 'required' modifier or declaring the property as nullable. [C:\Users\Rohit Rathod\Desktop\JsapProject\JSAPNEW\JSAPNEW.csproj]
C:\Users\Rohit Rathod\Desktop\JsapProject\JSAPNEW\Models\PrdoModels.cs(22,23): warning CS8618: Non-nullable property 'CreatedBy' must contain a non-null value when exiting constructor. Consider adding the 'required' modifier or declaring the property as nullable. [C:\Users\Rohit Rathod\Desktop\JsapProject\JSAPNEW\JSAPNEW.csproj]
C:\Users\Rohit Rathod\Desktop\JsapProject\JSAPNEW\Models\PrdoModels.cs(23,23): warning CS8618: Non-nullable property 'ApprovalStatus' must contain a non-null value when exiting constructor. Consider adding the 'required' modifier or declaring the property as nullable. [C:\Users\Rohit Rathod\Desktop\JsapProject\JSAPNEW\JSAPNEW.csproj]
C:\Users\Rohit Rathod\Desktop\JsapProject\JSAPNEW\Models\PrdoModels.cs(25,23): warning CS8618: Non-nullable property 'ApprovalRemarks' must contain a non-null value when exiting constructor. Consider adding the 'required' modifier or declaring the property as nullable. [C:\Users\Rohit Rathod\Desktop\JsapProject\JSAPNEW\JSAPNEW.csproj]
C:\Users\Rohit Rathod\Desktop\JsapProject\JSAPNEW\Models\PermissionModels.cs(85,23): warning CS8618: Non-nullable property 'GroupName' must contain a non-null value when exiting constructor. Consider adding the 'required' modifier or declaring the property as nullable. [C:\Users\Rohit Rathod\Desktop\JsapProject\JSAPNEW\JSAPNEW.csproj]
C:\Users\Rohit Rathod\Desktop\JsapProject\JSAPNEW\Models\PermissionModels.cs(86,23): warning CS8618: Non-nullable property 'Description' must contain a non-null value when exiting constructor. Consider adding the 'required' modifier or declaring the property as nullable. [C:\Users\Rohit Rathod\Desktop\JsapProject\JSAPNEW\JSAPNEW.csproj]
C:\Users\Rohit Rathod\Desktop\JsapProject\JSAPNEW\Models\PrdoModels.cs(48,23): warning CS8618: Non-nullable property 'ItemCode' must contain a non-null value when exiting constructor. Consider adding the 'required' modifier or declaring the property as nullable. [C:\Users\Rohit Rathod\Desktop\JsapProject\JSAPNEW\JSAPNEW.csproj]
C:\Users\Rohit Rathod\Desktop\JsapProject\JSAPNEW\Models\PrdoModels.cs(49,23): warning CS8618: Non-nullable property 'ItemName' must contain a non-null value when exiting constructor. Consider adding the 'required' modifier or declaring the property as nullable. [C:\Users\Rohit Rathod\Desktop\JsapProject\JSAPNEW\JSAPNEW.csproj]
C:\Users\Rohit Rathod\Desktop\JsapProject\JSAPNEW\Models\PrdoModels.cs(50,23): warning CS8618: Non-nullable property 'Warehouse' must contain a non-null value when exiting constructor. Consider adding the 'required' modifier or declaring the property as nullable. [C:\Users\Rohit Rathod\Desktop\JsapProject\JSAPNEW\JSAPNEW.csproj]
C:\Users\Rohit Rathod\Desktop\JsapProject\JSAPNEW\Models\PrdoModels.cs(55,23): warning CS8618: Non-nullable property 'Comments' must contain a non-null value when exiting constructor. Consider adding the 'required' modifier or declaring the property as nullable. [C:\Users\Rohit Rathod\Desktop\JsapProject\JSAPNEW\JSAPNEW.csproj]
C:\Users\Rohit Rathod\Desktop\JsapProject\JSAPNEW\Models\PrdoModels.cs(56,23): warning CS8618: Non-nullable property 'CreatedBy' must contain a non-null value when exiting constructor. Consider adding the 'required' modifier or declaring the property as nullable. [C:\Users\Rohit Rathod\Desktop\JsapProject\JSAPNEW\JSAPNEW.csproj]
C:\Users\Rohit Rathod\Desktop\JsapProject\JSAPNEW\Models\PrdoModels.cs(57,23): warning CS8618: Non-nullable property 'ApprovalStatus' must contain a non-null value when exiting constructor. Consider adding the 'required' modifier or declaring the property as nullable. [C:\Users\Rohit Rathod\Desktop\JsapProject\JSAPNEW\JSAPNEW.csproj]
C:\Users\Rohit Rathod\Desktop\JsapProject\JSAPNEW\Models\PrdoModels.cs(59,23): warning CS8618: Non-nullable property 'ApprovalRemarks' must contain a non-null value when exiting constructor. Consider adding the 'required' modifier or declaring the property as nullable. [C:\Users\Rohit Rathod\Desktop\JsapProject\JSAPNEW\JSAPNEW.csproj]
C:\Users\Rohit Rathod\Desktop\JsapProject\JSAPNEW\Models\PermissionModels.cs(80,23): warning CS8618: Non-nullable property 'ModuleName' must contain a non-null value when exiting constructor. Consider adding the 'required' modifier or declaring the property as nullable. [C:\Users\Rohit Rathod\Desktop\JsapProject\JSAPNEW\JSAPNEW.csproj]
C:\Users\Rohit Rathod\Desktop\JsapProject\JSAPNEW\Models\PermissionModels.cs(97,23): warning CS8618: Non-nullable property 'PermissionType' must contain a non-null value when exiting constructor. Consider adding the 'required' modifier or declaring the property as nullable. [C:\Users\Rohit Rathod\Desktop\JsapProject\JSAPNEW\JSAPNEW.csproj]
C:\Users\Rohit Rathod\Desktop\JsapProject\JSAPNEW\Models\PermissionModels.cs(91,23): warning CS8618: Non-nullable property 'ModuleName' must contain a non-null value when exiting constructor. Consider adding the 'required' modifier or declaring the property as nullable. [C:\Users\Rohit Rathod\Desktop\JsapProject\JSAPNEW\JSAPNEW.csproj]
C:\Users\Rohit Rathod\Desktop\JsapProject\JSAPNEW\Models\PermissionModels.cs(92,23): warning CS8618: Non-nullable property 'Description' must contain a non-null value when exiting constructor. Consider adding the 'required' modifier or declaring the property as nullable. [C:\Users\Rohit Rathod\Desktop\JsapProject\JSAPNEW\JSAPNEW.csproj]
C:\Users\Rohit Rathod\Desktop\JsapProject\JSAPNEW\Models\PermissionModels.cs(60,23): warning CS8618: Non-nullable property 'ModuleName' must contain a non-null value when exiting constructor. Consider adding the 'required' modifier or declaring the property as nullable. [C:\Users\Rohit Rathod\Desktop\JsapProject\JSAPNEW\JSAPNEW.csproj]
C:\Users\Rohit Rathod\Desktop\JsapProject\JSAPNEW\Models\PermissionModels.cs(61,23): warning CS8618: Non-nullable property 'PermissionType' must contain a non-null value when exiting constructor. Consider adding the 'required' modifier or declaring the property as nullable. [C:\Users\Rohit Rathod\Desktop\JsapProject\JSAPNEW\JSAPNEW.csproj]
C:\Users\Rohit Rathod\Desktop\JsapProject\JSAPNEW\Models\PermissionModels.cs(52,23): warning CS8618: Non-nullable property 'ModuleName' must contain a non-null value when exiting constructor. Consider adding the 'required' modifier or declaring the property as nullable. [C:\Users\Rohit Rathod\Desktop\JsapProject\JSAPNEW\JSAPNEW.csproj]
C:\Users\Rohit Rathod\Desktop\JsapProject\JSAPNEW\Models\PermissionModels.cs(54,23): warning CS8618: Non-nullable property 'PermissionType' must contain a non-null value when exiting constructor. Consider adding the 'required' modifier or declaring the property as nullable. [C:\Users\Rohit Rathod\Desktop\JsapProject\JSAPNEW\JSAPNEW.csproj]
C:\Users\Rohit Rathod\Desktop\JsapProject\JSAPNEW\Models\PermissionModels.cs(46,23): warning CS8618: Non-nullable property 'ModuleName' must contain a non-null value when exiting constructor. Consider adding the 'required' modifier or declaring the property as nullable. [C:\Users\Rohit Rathod\Desktop\JsapProject\JSAPNEW\JSAPNEW.csproj]
C:\Users\Rohit Rathod\Desktop\JsapProject\JSAPNEW\Models\PermissionModels.cs(47,23): warning CS8618: Non-nullable property 'PermissionType' must contain a non-null value when exiting constructor. Consider adding the 'required' modifier or declaring the property as nullable. [C:\Users\Rohit Rathod\Desktop\JsapProject\JSAPNEW\JSAPNEW.csproj]
C:\Users\Rohit Rathod\Desktop\JsapProject\JSAPNEW\Models\PermissionModels.cs(36,23): warning CS8618: Non-nullable property 'PermissionId' must contain a non-null value when exiting constructor. Consider adding the 'required' modifier or declaring the property as nullable. [C:\Users\Rohit Rathod\Desktop\JsapProject\JSAPNEW\JSAPNEW.csproj]
C:\Users\Rohit Rathod\Desktop\JsapProject\JSAPNEW\Models\PermissionModels.cs(29,23): warning CS8618: Non-nullable property 'LoginUser' must contain a non-null value when exiting constructor. Consider adding the 'required' modifier or declaring the property as nullable. [C:\Users\Rohit Rathod\Desktop\JsapProject\JSAPNEW\JSAPNEW.csproj]
C:\Users\Rohit Rathod\Desktop\JsapProject\JSAPNEW\Models\PermissionModels.cs(30,23): warning CS8618: Non-nullable property 'UserEmail' must contain a non-null value when exiting constructor. Consider adding the 'required' modifier or declaring the property as nullable. [C:\Users\Rohit Rathod\Desktop\JsapProject\JSAPNEW\JSAPNEW.csproj]
C:\Users\Rohit Rathod\Desktop\JsapProject\JSAPNEW\Models\PermissionModels.cs(23,23): warning CS8618: Non-nullable property 'GroupName' must contain a non-null value when exiting constructor. Consider adding the 'required' modifier or declaring the property as nullable. [C:\Users\Rohit Rathod\Desktop\JsapProject\JSAPNEW\JSAPNEW.csproj]
C:\Users\Rohit Rathod\Desktop\JsapProject\JSAPNEW\Models\PermissionModels.cs(24,23): warning CS8618: Non-nullable property 'Description' must contain a non-null value when exiting constructor. Consider adding the 'required' modifier or declaring the property as nullable. [C:\Users\Rohit Rathod\Desktop\JsapProject\JSAPNEW\JSAPNEW.csproj]
C:\Users\Rohit Rathod\Desktop\JsapProject\JSAPNEW\Models\PermissionModels.cs(72,23): warning CS8618: Non-nullable property 'ModuleName' must contain a non-null value when exiting constructor. Consider adding the 'required' modifier or declaring the property as nullable. [C:\Users\Rohit Rathod\Desktop\JsapProject\JSAPNEW\JSAPNEW.csproj]
C:\Users\Rohit Rathod\Desktop\JsapProject\JSAPNEW\Models\PermissionModels.cs(74,23): warning CS8618: Non-nullable property 'PermissionType' must contain a non-null value when exiting constructor. Consider adding the 'required' modifier or declaring the property as nullable. [C:\Users\Rohit Rathod\Desktop\JsapProject\JSAPNEW\JSAPNEW.csproj]
C:\Users\Rohit Rathod\Desktop\JsapProject\JSAPNEW\Models\PermissionModels.cs(76,23): warning CS8618: Non-nullable property 'GroupName' must contain a non-null value when exiting constructor. Consider adding the 'required' modifier or declaring the property as nullable. [C:\Users\Rohit Rathod\Desktop\JsapProject\JSAPNEW\JSAPNEW.csproj]
C:\Users\Rohit Rathod\Desktop\JsapProject\JSAPNEW\Models\PermissionModels.cs(11,23): warning CS8618: Non-nullable property 'Message' must contain a non-null value when exiting constructor. Consider adding the 'required' modifier or declaring the property as nullable. [C:\Users\Rohit Rathod\Desktop\JsapProject\JSAPNEW\JSAPNEW.csproj]
C:\Users\Rohit Rathod\Desktop\JsapProject\JSAPNEW\Models\PermissionModels.cs(6,23): warning CS8618: Non-nullable property 'Message' must contain a non-null value when exiting constructor. Consider adding the 'required' modifier or declaring the property as nullable. [C:\Users\Rohit Rathod\Desktop\JsapProject\JSAPNEW\JSAPNEW.csproj]
C:\Users\Rohit Rathod\Desktop\JsapProject\JSAPNEW\Models\PermissionModels.cs(7,18): warning CS8618: Non-nullable property 'Data' must contain a non-null value when exiting constructor. Consider adding the 'required' modifier or declaring the property as nullable. [C:\Users\Rohit Rathod\Desktop\JsapProject\JSAPNEW\JSAPNEW.csproj]
C:\Users\Rohit Rathod\Desktop\JsapProject\JSAPNEW\Models\NotificationModels.cs(53,23): warning CS8618: Non-nullable property 'pageName' must contain a non-null value when exiting constructor. Consider adding the 'required' modifier or declaring the property as nullable. [C:\Users\Rohit Rathod\Desktop\JsapProject\JSAPNEW\JSAPNEW.csproj]
C:\Users\Rohit Rathod\Desktop\JsapProject\JSAPNEW\Models\NotificationModels.cs(54,23): warning CS8618: Non-nullable property 'pageUrl' must contain a non-null value when exiting constructor. Consider adding the 'required' modifier or declaring the property as nullable. [C:\Users\Rohit Rathod\Desktop\JsapProject\JSAPNEW\JSAPNEW.csproj]
C:\Users\Rohit Rathod\Desktop\JsapProject\JSAPNEW\Models\NotificationModels.cs(38,23): warning CS8618: Non-nullable property 'fcmToken' must contain a non-null value when exiting constructor. Consider adding the 'required' modifier or declaring the property as nullable. [C:\Users\Rohit Rathod\Desktop\JsapProject\JSAPNEW\JSAPNEW.csproj]
C:\Users\Rohit Rathod\Desktop\JsapProject\JSAPNEW\Models\NotificationModels.cs(44,23): warning CS8618: Non-nullable property 'title' must contain a non-null value when exiting constructor. Consider adding the 'required' modifier or declaring the property as nullable. [C:\Users\Rohit Rathod\Desktop\JsapProject\JSAPNEW\JSAPNEW.csproj]
C:\Users\Rohit Rathod\Desktop\JsapProject\JSAPNEW\Models\NotificationModels.cs(45,23): warning CS8618: Non-nullable property 'message' must contain a non-null value when exiting constructor. Consider adding the 'required' modifier or declaring the property as nullable. [C:\Users\Rohit Rathod\Desktop\JsapProject\JSAPNEW\JSAPNEW.csproj]
C:\Users\Rohit Rathod\Desktop\JsapProject\JSAPNEW\Models\NotificationModels.cs(47,23): warning CS8618: Non-nullable property 'data' must contain a non-null value when exiting constructor. Consider adding the 'required' modifier or declaring the property as nullable. [C:\Users\Rohit Rathod\Desktop\JsapProject\JSAPNEW\JSAPNEW.csproj]
C:\Users\Rohit Rathod\Desktop\JsapProject\JSAPNEW\Models\NotificationModels.cs(17,23): warning CS8618: Non-nullable property 'Message' must contain a non-null value when exiting constructor. Consider adding the 'required' modifier or declaring the property as nullable. [C:\Users\Rohit Rathod\Desktop\JsapProject\JSAPNEW\JSAPNEW.csproj]
C:\Users\Rohit Rathod\Desktop\JsapProject\JSAPNEW\Models\PaymentModels.cs(6,23): warning CS8618: Non-nullable property 'BRANCH' must contain a non-null value when exiting constructor. Consider adding the 'required' modifier or declaring the property as nullable. [C:\Users\Rohit Rathod\Desktop\JsapProject\JSAPNEW\JSAPNEW.csproj]
C:\Users\Rohit Rathod\Desktop\JsapProject\JSAPNEW\Models\PaymentModels.cs(9,23): warning CS8618: Non-nullable property 'CardCode' must contain a non-null value when exiting constructor. Consider adding the 'required' modifier or declaring the property as nullable. [C:\Users\Rohit Rathod\Desktop\JsapProject\JSAPNEW\JSAPNEW.csproj]
C:\Users\Rohit Rathod\Desktop\JsapProject\JSAPNEW\Models\PaymentModels.cs(10,23): warning CS8618: Non-nullable property 'TargetPath' must contain a non-null value when exiting constructor. Consider adding the 'required' modifier or declaring the property as nullable. [C:\Users\Rohit Rathod\Desktop\JsapProject\JSAPNEW\JSAPNEW.csproj]
C:\Users\Rohit Rathod\Desktop\JsapProject\JSAPNEW\Models\PaymentModels.cs(11,23): warning CS8618: Non-nullable property 'FileName' must contain a non-null value when exiting constructor. Consider adding the 'required' modifier or declaring the property as nullable. [C:\Users\Rohit Rathod\Desktop\JsapProject\JSAPNEW\JSAPNEW.csproj]
C:\Users\Rohit Rathod\Desktop\JsapProject\JSAPNEW\Models\PaymentModels.cs(12,23): warning CS8618: Non-nullable property 'FileExt' must contain a non-null value when exiting constructor. Consider adding the 'required' modifier or declaring the property as nullable. [C:\Users\Rohit Rathod\Desktop\JsapProject\JSAPNEW\JSAPNEW.csproj]
C:\Users\Rohit Rathod\Desktop\JsapProject\JSAPNEW\Models\PaymentModels.cs(13,23): warning CS8618: Non-nullable property 'CardName' must contain a non-null value when exiting constructor. Consider adding the 'required' modifier or declaring the property as nullable. [C:\Users\Rohit Rathod\Desktop\JsapProject\JSAPNEW\JSAPNEW.csproj]
C:\Users\Rohit Rathod\Desktop\JsapProject\JSAPNEW\Models\PaymentModels.cs(16,23): warning CS8618: Non-nullable property 'DocType' must contain a non-null value when exiting constructor. Consider adding the 'required' modifier or declaring the property as nullable. [C:\Users\Rohit Rathod\Desktop\JsapProject\JSAPNEW\JSAPNEW.csproj]
C:\Users\Rohit Rathod\Desktop\JsapProject\JSAPNEW\Models\PaymentModels.cs(18,23): warning CS8618: Non-nullable property 'ACCOUNT' must contain a non-null value when exiting constructor. Consider adding the 'required' modifier or declaring the property as nullable. [C:\Users\Rohit Rathod\Desktop\JsapProject\JSAPNEW\JSAPNEW.csproj]
C:\Users\Rohit Rathod\Desktop\JsapProject\JSAPNEW\Models\PaymentModels.cs(19,23): warning CS8618: Non-nullable property 'IFSC' must contain a non-null value when exiting constructor. Consider adding the 'required' modifier or declaring the property as nullable. [C:\Users\Rohit Rathod\Desktop\JsapProject\JSAPNEW\JSAPNEW.csproj]
C:\Users\Rohit Rathod\Desktop\JsapProject\JSAPNEW\Models\PaymentModels.cs(20,23): warning CS8618: Non-nullable property 'Status' must contain a non-null value when exiting constructor. Consider adding the 'required' modifier or declaring the property as nullable. [C:\Users\Rohit Rathod\Desktop\JsapProject\JSAPNEW\JSAPNEW.csproj]
C:\Users\Rohit Rathod\Desktop\JsapProject\JSAPNEW\Models\PaymentModels.cs(33,23): warning CS8618: Non-nullable property 'Type' must contain a non-null value when exiting constructor. Consider adding the 'required' modifier or declaring the property as nullable. [C:\Users\Rohit Rathod\Desktop\JsapProject\JSAPNEW\JSAPNEW.csproj]
C:\Users\Rohit Rathod\Desktop\JsapProject\JSAPNEW\Models\PaymentModels.cs(34,23): warning CS8618: Non-nullable property 'Branch' must contain a non-null value when exiting constructor. Consider adding the 'required' modifier or declaring the property as nullable. [C:\Users\Rohit Rathod\Desktop\JsapProject\JSAPNEW\JSAPNEW.csproj]
C:\Users\Rohit Rathod\Desktop\JsapProject\JSAPNEW\Models\PaymentModels.cs(36,23): warning CS8618: Non-nullable property 'CardName' must contain a non-null value when exiting constructor. Consider adding the 'required' modifier or declaring the property as nullable. [C:\Users\Rohit Rathod\Desktop\JsapProject\JSAPNEW\JSAPNEW.csproj]
C:\Users\Rohit Rathod\Desktop\JsapProject\JSAPNEW\Models\PaymentModels.cs(37,23): warning CS8618: Non-nullable property 'PaymentMode' must contain a non-null value when exiting constructor. Consider adding the 'required' modifier or declaring the property as nullable. [C:\Users\Rohit Rathod\Desktop\JsapProject\JSAPNEW\JSAPNEW.csproj]
C:\Users\Rohit Rathod\Desktop\JsapProject\JSAPNEW\Models\PaymentModels.cs(38,23): warning CS8618: Non-nullable property 'Comments' must contain a non-null value when exiting constructor. Consider adding the 'required' modifier or declaring the property as nullable. [C:\Users\Rohit Rathod\Desktop\JsapProject\JSAPNEW\JSAPNEW.csproj]
C:\Users\Rohit Rathod\Desktop\JsapProject\JSAPNEW\Models\PaymentModels.cs(39,23): warning CS8618: Non-nullable property 'NUMATCARD' must contain a non-null value when exiting constructor. Consider adding the 'required' modifier or declaring the property as nullable. [C:\Users\Rohit Rathod\Desktop\JsapProject\JSAPNEW\JSAPNEW.csproj]
C:\Users\Rohit Rathod\Desktop\JsapProject\JSAPNEW\Models\PaymentModels.cs(42,23): warning CS8618: Non-nullable property 'DocType' must contain a non-null value when exiting constructor. Consider adding the 'required' modifier or declaring the property as nullable. [C:\Users\Rohit Rathod\Desktop\JsapProject\JSAPNEW\JSAPNEW.csproj]
C:\Users\Rohit Rathod\Desktop\JsapProject\JSAPNEW\Models\PaymentModels.cs(44,23): warning CS8618: Non-nullable property 'DueDate' must contain a non-null value when exiting constructor. Consider adding the 'required' modifier or declaring the property as nullable. [C:\Users\Rohit Rathod\Desktop\JsapProject\JSAPNEW\JSAPNEW.csproj]
C:\Users\Rohit Rathod\Desktop\JsapProject\JSAPNEW\Models\PaymentModels.cs(45,23): warning CS8618: Non-nullable property 'TOTALPAYMENT' must contain a non-null value when exiting constructor. Consider adding the 'required' modifier or declaring the property as nullable. [C:\Users\Rohit Rathod\Desktop\JsapProject\JSAPNEW\JSAPNEW.csproj]
C:\Users\Rohit Rathod\Desktop\JsapProject\JSAPNEW\Models\PaymentModels.cs(46,23): warning CS8618: Non-nullable property 'TOTAL' must contain a non-null value when exiting constructor. Consider adding the 'required' modifier or declaring the property as nullable. [C:\Users\Rohit Rathod\Desktop\JsapProject\JSAPNEW\JSAPNEW.csproj]
C:\Users\Rohit Rathod\Desktop\JsapProject\JSAPNEW\Models\PaymentModels.cs(47,23): warning CS8618: Non-nullable property 'trgtPath' must contain a non-null value when exiting constructor. Consider adding the 'required' modifier or declaring the property as nullable. [C:\Users\Rohit Rathod\Desktop\JsapProject\JSAPNEW\JSAPNEW.csproj]
C:\Users\Rohit Rathod\Desktop\JsapProject\JSAPNEW\Models\PaymentModels.cs(48,23): warning CS8618: Non-nullable property 'FileName' must contain a non-null value when exiting constructor. Consider adding the 'required' modifier or declaring the property as nullable. [C:\Users\Rohit Rathod\Desktop\JsapProject\JSAPNEW\JSAPNEW.csproj]
C:\Users\Rohit Rathod\Desktop\JsapProject\JSAPNEW\Models\PaymentModels.cs(49,23): warning CS8618: Non-nullable property 'FileExt' must contain a non-null value when exiting constructor. Consider adding the 'required' modifier or declaring the property as nullable. [C:\Users\Rohit Rathod\Desktop\JsapProject\JSAPNEW\JSAPNEW.csproj]
C:\Users\Rohit Rathod\Desktop\JsapProject\JSAPNEW\Models\NotificationModels.cs(27,23): warning CS8618: Non-nullable property 'title' must contain a non-null value when exiting constructor. Consider adding the 'required' modifier or declaring the property as nullable. [C:\Users\Rohit Rathod\Desktop\JsapProject\JSAPNEW\JSAPNEW.csproj]
C:\Users\Rohit Rathod\Desktop\JsapProject\JSAPNEW\Models\NotificationModels.cs(28,23): warning CS8618: Non-nullable property 'message' must contain a non-null value when exiting constructor. Consider adding the 'required' modifier or declaring the property as nullable. [C:\Users\Rohit Rathod\Desktop\JsapProject\JSAPNEW\JSAPNEW.csproj]
C:\Users\Rohit Rathod\Desktop\JsapProject\JSAPNEW\Models\NotificationModels.cs(29,23): warning CS8618: Non-nullable property 'data' must contain a non-null value when exiting constructor. Consider adding the 'required' modifier or declaring the property as nullable. [C:\Users\Rohit Rathod\Desktop\JsapProject\JSAPNEW\JSAPNEW.csproj]
C:\Users\Rohit Rathod\Desktop\JsapProject\JSAPNEW\Models\NotificationModels.cs(30,23): warning CS8618: Non-nullable property 'status' must contain a non-null value when exiting constructor. Consider adding the 'required' modifier or declaring the property as nullable. [C:\Users\Rohit Rathod\Desktop\JsapProject\JSAPNEW\JSAPNEW.csproj]
C:\Users\Rohit Rathod\Desktop\JsapProject\JSAPNEW\Models\NotificationModels.cs(31,23): warning CS8618: Non-nullable property 'sentAt' must contain a non-null value when exiting constructor. Consider adding the 'required' modifier or declaring the property as nullable. [C:\Users\Rohit Rathod\Desktop\JsapProject\JSAPNEW\JSAPNEW.csproj]
C:\Users\Rohit Rathod\Desktop\JsapProject\JSAPNEW\Models\NotificationModels.cs(32,23): warning CS8618: Non-nullable property 'pageName' must contain a non-null value when exiting constructor. Consider adding the 'required' modifier or declaring the property as nullable. [C:\Users\Rohit Rathod\Desktop\JsapProject\JSAPNEW\JSAPNEW.csproj]
C:\Users\Rohit Rathod\Desktop\JsapProject\JSAPNEW\Models\NotificationModels.cs(33,23): warning CS8618: Non-nullable property 'pageUrl' must contain a non-null value when exiting constructor. Consider adding the 'required' modifier or declaring the property as nullable. [C:\Users\Rohit Rathod\Desktop\JsapProject\JSAPNEW\JSAPNEW.csproj]
C:\Users\Rohit Rathod\Desktop\JsapProject\JSAPNEW\Models\ItemMasterModel.cs(899,23): warning CS8618: Non-nullable property 'ApiName' must contain a non-null value when exiting constructor. Consider adding the 'required' modifier or declaring the property as nullable. [C:\Users\Rohit Rathod\Desktop\JsapProject\JSAPNEW\JSAPNEW.csproj]
C:\Users\Rohit Rathod\Desktop\JsapProject\JSAPNEW\Models\ItemMasterModel.cs(900,23): warning CS8618: Non-nullable property 'ErrorMessage' must contain a non-null value when exiting constructor. Consider adding the 'required' modifier or declaring the property as nullable. [C:\Users\Rohit Rathod\Desktop\JsapProject\JSAPNEW\JSAPNEW.csproj]
C:\Users\Rohit Rathod\Desktop\JsapProject\JSAPNEW\Models\ItemMasterModel.cs(901,23): warning CS8618: Non-nullable property 'ErrorCode' must contain a non-null value when exiting constructor. Consider adding the 'required' modifier or declaring the property as nullable. [C:\Users\Rohit Rathod\Desktop\JsapProject\JSAPNEW\JSAPNEW.csproj]
C:\Users\Rohit Rathod\Desktop\JsapProject\JSAPNEW\Models\ItemMasterModel.cs(902,23): warning CS8618: Non-nullable property 'Payload' must contain a non-null value when exiting constructor. Consider adding the 'required' modifier or declaring the property as nullable. [C:\Users\Rohit Rathod\Desktop\JsapProject\JSAPNEW\JSAPNEW.csproj]
C:\Users\Rohit Rathod\Desktop\JsapProject\JSAPNEW\Models\ItemMasterModel.cs(909,23): warning CS8618: Non-nullable property 'stageName' must contain a non-null value when exiting constructor. Consider adding the 'required' modifier or declaring the property as nullable. [C:\Users\Rohit Rathod\Desktop\JsapProject\JSAPNEW\JSAPNEW.csproj]
C:\Users\Rohit Rathod\Desktop\JsapProject\JSAPNEW\Models\ItemMasterModel.cs(911,23): warning CS8618: Non-nullable property 'assignedTo' must contain a non-null value when exiting constructor. Consider adding the 'required' modifier or declaring the property as nullable. [C:\Users\Rohit Rathod\Desktop\JsapProject\JSAPNEW\JSAPNEW.csproj]
C:\Users\Rohit Rathod\Desktop\JsapProject\JSAPNEW\Models\ItemMasterModel.cs(912,23): warning CS8618: Non-nullable property 'actionStatus' must contain a non-null value when exiting constructor. Consider adding the 'required' modifier or declaring the property as nullable. [C:\Users\Rohit Rathod\Desktop\JsapProject\JSAPNEW\JSAPNEW.csproj]
C:\Users\Rohit Rathod\Desktop\JsapProject\JSAPNEW\Models\ItemMasterModel.cs(914,23): warning CS8618: Non-nullable property 'description' must contain a non-null value when exiting constructor. Consider adding the 'required' modifier or declaring the property as nullable. [C:\Users\Rohit Rathod\Desktop\JsapProject\JSAPNEW\JSAPNEW.csproj]
C:\Users\Rohit Rathod\Desktop\JsapProject\JSAPNEW\Models\ItemMasterModel.cs(839,23): warning CS8618: Non-nullable property 'Message' must contain a non-null value when exiting constructor. Consider adding the 'required' modifier or declaring the property as nullable. [C:\Users\Rohit Rathod\Desktop\JsapProject\JSAPNEW\JSAPNEW.csproj]
C:\Users\Rohit Rathod\Desktop\JsapProject\JSAPNEW\Models\ItemMasterModel.cs(761,23): warning CS8618: Non-nullable property 'itemName' must contain a non-null value when exiting constructor. Consider adding the 'required' modifier or declaring the property as nullable. [C:\Users\Rohit Rathod\Desktop\JsapProject\JSAPNEW\JSAPNEW.csproj]
C:\Users\Rohit Rathod\Desktop\JsapProject\JSAPNEW\Models\ItemMasterModel.cs(757,23): warning CS8618: Non-nullable property 'UgpEntry' must contain a non-null value when exiting constructor. Consider adding the 'required' modifier or declaring the property as nullable. [C:\Users\Rohit Rathod\Desktop\JsapProject\JSAPNEW\JSAPNEW.csproj]
C:\Users\Rohit Rathod\Desktop\JsapProject\JSAPNEW\Models\ItemMasterModel.cs(685,23): warning CS8618: Non-nullable property 'hanastatusText' must contain a non-null value when exiting constructor. Consider adding the 'required' modifier or declaring the property as nullable. [C:\Users\Rohit Rathod\Desktop\JsapProject\JSAPNEW\JSAPNEW.csproj]
C:\Users\Rohit Rathod\Desktop\JsapProject\JSAPNEW\Models\ItemMasterModel.cs(678,23): warning CS8618: Non-nullable property 'Status' must contain a non-null value when exiting constructor. Consider adding the 'required' modifier or declaring the property as nullable. [C:\Users\Rohit Rathod\Desktop\JsapProject\JSAPNEW\JSAPNEW.csproj]
C:\Users\Rohit Rathod\Desktop\JsapProject\JSAPNEW\Models\ItemMasterModel.cs(673,23): warning CS8618: Non-nullable property 'ObjName' must contain a non-null value when exiting constructor. Consider adding the 'required' modifier or declaring the property as nullable. [C:\Users\Rohit Rathod\Desktop\JsapProject\JSAPNEW\JSAPNEW.csproj]
C:\Users\Rohit Rathod\Desktop\JsapProject\JSAPNEW\Models\ItemMasterModel.cs(666,39): warning CS8618: Non-nullable property 'Data' must contain a non-null value when exiting constructor. Consider adding the 'required' modifier or declaring the property as nullable. [C:\Users\Rohit Rathod\Desktop\JsapProject\JSAPNEW\JSAPNEW.csproj]
C:\Users\Rohit Rathod\Desktop\JsapProject\JSAPNEW\Services\Implementation\HierarchyService.cs(2388,27): warning CS8602: Dereference of a possibly null reference. [C:\Users\Rohit Rathod\Desktop\JsapProject\JSAPNEW\JSAPNEW.csproj]
C:\Users\Rohit Rathod\Desktop\JsapProject\JSAPNEW\Models\ItemMasterModel.cs(649,23): warning CS8618: Non-nullable property 'documentType' must contain a non-null value when exiting constructor. Consider adding the 'required' modifier or declaring the property as nullable. [C:\Users\Rohit Rathod\Desktop\JsapProject\JSAPNEW\JSAPNEW.csproj]
C:\Users\Rohit Rathod\Desktop\JsapProject\JSAPNEW\Models\ItemMasterModel.cs(650,23): warning CS8618: Non-nullable property 'branch' must contain a non-null value when exiting constructor. Consider adding the 'required' modifier or declaring the property as nullable. [C:\Users\Rohit Rathod\Desktop\JsapProject\JSAPNEW\JSAPNEW.csproj]
C:\Users\Rohit Rathod\Desktop\JsapProject\JSAPNEW\Models\ItemMasterModel.cs(651,23): warning CS8618: Non-nullable property 'action' must contain a non-null value when exiting constructor. Consider adding the 'required' modifier or declaring the property as nullable. [C:\Users\Rohit Rathod\Desktop\JsapProject\JSAPNEW\JSAPNEW.csproj]
C:\Users\Rohit Rathod\Desktop\JsapProject\JSAPNEW\Models\ItemMasterModel.cs(652,23): warning CS8618: Non-nullable property 'username' must contain a non-null value when exiting constructor. Consider adding the 'required' modifier or declaring the property as nullable. [C:\Users\Rohit Rathod\Desktop\JsapProject\JSAPNEW\JSAPNEW.csproj]
C:\Users\Rohit Rathod\Desktop\JsapProject\JSAPNEW\Models\ItemMasterModel.cs(653,23): warning CS8618: Non-nullable property 'fromDate' must contain a non-null value when exiting constructor. Consider adding the 'required' modifier or declaring the property as nullable. [C:\Users\Rohit Rathod\Desktop\JsapProject\JSAPNEW\JSAPNEW.csproj]
C:\Users\Rohit Rathod\Desktop\JsapProject\JSAPNEW\Models\ItemMasterModel.cs(654,23): warning CS8618: Non-nullable property 'toDate' must contain a non-null value when exiting constructor. Consider adding the 'required' modifier or declaring the property as nullable. [C:\Users\Rohit Rathod\Desktop\JsapProject\JSAPNEW\JSAPNEW.csproj]
C:\Users\Rohit Rathod\Desktop\JsapProject\JSAPNEW\Models\ItemMasterModel.cs(655,23): warning CS8618: Non-nullable property 'timeLimit' must contain a non-null value when exiting constructor. Consider adding the 'required' modifier or declaring the property as nullable. [C:\Users\Rohit Rathod\Desktop\JsapProject\JSAPNEW\JSAPNEW.csproj]
C:\Users\Rohit Rathod\Desktop\JsapProject\JSAPNEW\Models\ItemMasterModel.cs(657,23): warning CS8618: Non-nullable property 'createdBy' must contain a non-null value when exiting constructor. Consider adding the 'required' modifier or declaring the property as nullable. [C:\Users\Rohit Rathod\Desktop\JsapProject\JSAPNEW\JSAPNEW.csproj]
C:\Users\Rohit Rathod\Desktop\JsapProject\JSAPNEW\Models\ItemMasterModel.cs(658,23): warning CS8618: Non-nullable property 'createdOn' must contain a non-null value when exiting constructor. Consider adding the 'required' modifier or declaring the property as nullable. [C:\Users\Rohit Rathod\Desktop\JsapProject\JSAPNEW\JSAPNEW.csproj]
C:\Users\Rohit Rathod\Desktop\JsapProject\JSAPNEW\Models\ItemMasterModel.cs(659,23): warning CS8618: Non-nullable property 'status' must contain a non-null value when exiting constructor. Consider adding the 'required' modifier or declaring the property as nullable. [C:\Users\Rohit Rathod\Desktop\JsapProject\JSAPNEW\JSAPNEW.csproj]
C:\Users\Rohit Rathod\Desktop\JsapProject\JSAPNEW\Models\ItemMasterModel.cs(845,23): warning CS8618: Non-nullable property 'ItemName' must contain a non-null value when exiting constructor. Consider adding the 'required' modifier or declaring the property as nullable. [C:\Users\Rohit Rathod\Desktop\JsapProject\JSAPNEW\JSAPNEW.csproj]
C:\Users\Rohit Rathod\Desktop\JsapProject\JSAPNEW\Models\ItemMasterModel.cs(846,23): warning CS8618: Non-nullable property 'ItemsGroupCode' must contain a non-null value when exiting constructor. Consider adding the 'required' modifier or declaring the property as nullable. [C:\Users\Rohit Rathod\Desktop\JsapProject\JSAPNEW\JSAPNEW.csproj]
C:\Users\Rohit Rathod\Desktop\JsapProject\JSAPNEW\Models\ItemMasterModel.cs(847,23): warning CS8618: Non-nullable property 'U_Rev_tax_Rate' must contain a non-null value when exiting constructor. Consider adding the 'required' modifier or declaring the property as nullable. [C:\Users\Rohit Rathod\Desktop\JsapProject\JSAPNEW\JSAPNEW.csproj]
C:\Users\Rohit Rathod\Desktop\JsapProject\JSAPNEW\Models\ItemMasterModel.cs(848,23): warning CS8618: Non-nullable property 'U_Tax_Rate' must contain a non-null value when exiting constructor. Consider adding the 'required' modifier or declaring the property as nullable. [C:\Users\Rohit Rathod\Desktop\JsapProject\JSAPNEW\JSAPNEW.csproj]
C:\Users\Rohit Rathod\Desktop\JsapProject\JSAPNEW\Models\ItemMasterModel.cs(849,23): warning CS8618: Non-nullable property 'PurchaseItem' must contain a non-null value when exiting constructor. Consider adding the 'required' modifier or declaring the property as nullable. [C:\Users\Rohit Rathod\Desktop\JsapProject\JSAPNEW\JSAPNEW.csproj]
C:\Users\Rohit Rathod\Desktop\JsapProject\JSAPNEW\Models\ItemMasterModel.cs(850,23): warning CS8618: Non-nullable property 'InventoryItem' must contain a non-null value when exiting constructor. Consider adding the 'required' modifier or declaring the property as nullable. [C:\Users\Rohit Rathod\Desktop\JsapProject\JSAPNEW\JSAPNEW.csproj]
C:\Users\Rohit Rathod\Desktop\JsapProject\JSAPNEW\Models\ItemMasterModel.cs(851,23): warning CS8618: Non-nullable property 'SalesItem' must contain a non-null value when exiting constructor. Consider adding the 'required' modifier or declaring the property as nullable. [C:\Users\Rohit Rathod\Desktop\JsapProject\JSAPNEW\JSAPNEW.csproj]
C:\Users\Rohit Rathod\Desktop\JsapProject\JSAPNEW\Models\ItemMasterModel.cs(853,23): warning CS8618: Non-nullable property 'U_Unit' must contain a non-null value when exiting constructor. Consider adding the 'required' modifier or declaring the property as nullable. [C:\Users\Rohit Rathod\Desktop\JsapProject\JSAPNEW\JSAPNEW.csproj]
C:\Users\Rohit Rathod\Desktop\JsapProject\JSAPNEW\Models\ItemMasterModel.cs(854,23): warning CS8618: Non-nullable property 'U_Brand' must contain a non-null value when exiting constructor. Consider adding the 'required' modifier or declaring the property as nullable. [C:\Users\Rohit Rathod\Desktop\JsapProject\JSAPNEW\JSAPNEW.csproj]
C:\Users\Rohit Rathod\Desktop\JsapProject\JSAPNEW\Models\ItemMasterModel.cs(855,23): warning CS8618: Non-nullable property 'U_Sub_Group' must contain a non-null value when exiting constructor. Consider adding the 'required' modifier or declaring the property as nullable. [C:\Users\Rohit Rathod\Desktop\JsapProject\JSAPNEW\JSAPNEW.csproj]
C:\Users\Rohit Rathod\Desktop\JsapProject\JSAPNEW\Models\ItemMasterModel.cs(856,23): warning CS8618: Non-nullable property 'U_Variety' must contain a non-null value when exiting constructor. Consider adding the 'required' modifier or declaring the property as nullable. [C:\Users\Rohit Rathod\Desktop\JsapProject\JSAPNEW\JSAPNEW.csproj]
C:\Users\Rohit Rathod\Desktop\JsapProject\JSAPNEW\Models\ItemMasterModel.cs(857,23): warning CS8618: Non-nullable property 'U_SKU' must contain a non-null value when exiting constructor. Consider adding the 'required' modifier or declaring the property as nullable. [C:\Users\Rohit Rathod\Desktop\JsapProject\JSAPNEW\JSAPNEW.csproj]
C:\Users\Rohit Rathod\Desktop\JsapProject\JSAPNEW\Models\ItemMasterModel.cs(858,23): warning CS8618: Non-nullable property 'U_IsLitre' must contain a non-null value when exiting constructor. Consider adding the 'required' modifier or declaring the property as nullable. [C:\Users\Rohit Rathod\Desktop\JsapProject\JSAPNEW\JSAPNEW.csproj]
C:\Users\Rohit Rathod\Desktop\JsapProject\JSAPNEW\Models\ItemMasterModel.cs(861,23): warning CS8618: Non-nullable property 'U_PACK_TYPE' must contain a non-null value when exiting constructor. Consider adding the 'required' modifier or declaring the property as nullable. [C:\Users\Rohit Rathod\Desktop\JsapProject\JSAPNEW\JSAPNEW.csproj]
C:\Users\Rohit Rathod\Desktop\JsapProject\JSAPNEW\Models\ItemMasterModel.cs(863,23): warning CS8618: Non-nullable property 'U_Packing_Type' must contain a non-null value when exiting constructor. Consider adding the 'required' modifier or declaring the property as nullable. [C:\Users\Rohit Rathod\Desktop\JsapProject\JSAPNEW\JSAPNEW.csproj]
C:\Users\Rohit Rathod\Desktop\JsapProject\JSAPNEW\Models\ItemMasterModel.cs(869,23): warning CS8618: Non-nullable property 'SalesUnit' must contain a non-null value when exiting constructor. Consider adding the 'required' modifier or declaring the property as nullable. [C:\Users\Rohit Rathod\Desktop\JsapProject\JSAPNEW\JSAPNEW.csproj]
C:\Users\Rohit Rathod\Desktop\JsapProject\JSAPNEW\Models\ItemMasterModel.cs(870,23): warning CS8618: Non-nullable property 'SalesPackagingUnit' must contain a non-null value when exiting constructor. Consider adding the 'required' modifier or declaring the property as nullable. [C:\Users\Rohit Rathod\Desktop\JsapProject\JSAPNEW\JSAPNEW.csproj]
C:\Users\Rohit Rathod\Desktop\JsapProject\JSAPNEW\Models\ItemMasterModel.cs(871,23): warning CS8618: Non-nullable property 'InventoryUOM' must contain a non-null value when exiting constructor. Consider adding the 'required' modifier or declaring the property as nullable. [C:\Users\Rohit Rathod\Desktop\JsapProject\JSAPNEW\JSAPNEW.csproj]
C:\Users\Rohit Rathod\Desktop\JsapProject\JSAPNEW\Models\ItemMasterModel.cs(872,23): warning CS8618: Non-nullable property 'PurchaseUnit' must contain a non-null value when exiting constructor. Consider adding the 'required' modifier or declaring the property as nullable. [C:\Users\Rohit Rathod\Desktop\JsapProject\JSAPNEW\JSAPNEW.csproj]
C:\Users\Rohit Rathod\Desktop\JsapProject\JSAPNEW\Models\ItemMasterModel.cs(873,23): warning CS8618: Non-nullable property 'PurchasePackagingUnit' must contain a non-null value when exiting constructor. Consider adding the 'required' modifier or declaring the property as nullable. [C:\Users\Rohit Rathod\Desktop\JsapProject\JSAPNEW\JSAPNEW.csproj]
C:\Users\Rohit Rathod\Desktop\JsapProject\JSAPNEW\Models\ItemMasterModel.cs(877,23): warning CS8618: Non-nullable property 'CostAccountingMethod' must contain a non-null value when exiting constructor. Consider adding the 'required' modifier or declaring the property as nullable. [C:\Users\Rohit Rathod\Desktop\JsapProject\JSAPNEW\JSAPNEW.csproj]
C:\Users\Rohit Rathod\Desktop\JsapProject\JSAPNEW\Models\ItemMasterModel.cs(878,23): warning CS8618: Non-nullable property 'WTLiable' must contain a non-null value when exiting constructor. Consider adding the 'required' modifier or declaring the property as nullable. [C:\Users\Rohit Rathod\Desktop\JsapProject\JSAPNEW\JSAPNEW.csproj]
C:\Users\Rohit Rathod\Desktop\JsapProject\JSAPNEW\Models\ItemMasterModel.cs(879,23): warning CS8618: Non-nullable property 'IssueMethod' must contain a non-null value when exiting constructor. Consider adding the 'required' modifier or declaring the property as nullable. [C:\Users\Rohit Rathod\Desktop\JsapProject\JSAPNEW\JSAPNEW.csproj]
C:\Users\Rohit Rathod\Desktop\JsapProject\JSAPNEW\Models\ItemMasterModel.cs(880,23): warning CS8618: Non-nullable property 'ManageBatchNumbers' must contain a non-null value when exiting constructor. Consider adding the 'required' modifier or declaring the property as nullable. [C:\Users\Rohit Rathod\Desktop\JsapProject\JSAPNEW\JSAPNEW.csproj]
C:\Users\Rohit Rathod\Desktop\JsapProject\JSAPNEW\Models\ItemMasterModel.cs(888,23): warning CS8618: Non-nullable property 'GLMethod' must contain a non-null value when exiting constructor. Consider adding the 'required' modifier or declaring the property as nullable. [C:\Users\Rohit Rathod\Desktop\JsapProject\JSAPNEW\JSAPNEW.csproj]
C:\Users\Rohit Rathod\Desktop\JsapProject\JSAPNEW\Models\ItemMasterModel.cs(893,23): warning CS8618: Non-nullable property 'U_TYPE' must contain a non-null value when exiting constructor. Consider adding the 'required' modifier or declaring the property as nullable. [C:\Users\Rohit Rathod\Desktop\JsapProject\JSAPNEW\JSAPNEW.csproj]
C:\Users\Rohit Rathod\Desktop\JsapProject\JSAPNEW\Models\ItemMasterModel.cs(623,34): warning CS8618: Non-nullable property 'remarks' must contain a non-null value when exiting constructor. Consider adding the 'required' modifier or declaring the property as nullable. [C:\Users\Rohit Rathod\Desktop\JsapProject\JSAPNEW\JSAPNEW.csproj]
C:\Users\Rohit Rathod\Desktop\JsapProject\JSAPNEW\Models\ItemMasterModel.cs(628,23): warning CS8618: Non-nullable property 'stageName' must contain a non-null value when exiting constructor. Consider adding the 'required' modifier or declaring the property as nullable. [C:\Users\Rohit Rathod\Desktop\JsapProject\JSAPNEW\JSAPNEW.csproj]
C:\Users\Rohit Rathod\Desktop\JsapProject\JSAPNEW\Models\ItemMasterModel.cs(630,23): warning CS8618: Non-nullable property 'assignedTo' must contain a non-null value when exiting constructor. Consider adding the 'required' modifier or declaring the property as nullable. [C:\Users\Rohit Rathod\Desktop\JsapProject\JSAPNEW\JSAPNEW.csproj]
C:\Users\Rohit Rathod\Desktop\JsapProject\JSAPNEW\Models\ItemMasterModel.cs(631,23): warning CS8618: Non-nullable property 'actionStatus' must contain a non-null value when exiting constructor. Consider adding the 'required' modifier or declaring the property as nullable. [C:\Users\Rohit Rathod\Desktop\JsapProject\JSAPNEW\JSAPNEW.csproj]
C:\Users\Rohit Rathod\Desktop\JsapProject\JSAPNEW\Models\ItemMasterModel.cs(632,23): warning CS8618: Non-nullable property 'actionDate' must contain a non-null value when exiting constructor. Consider adding the 'required' modifier or declaring the property as nullable. [C:\Users\Rohit Rathod\Desktop\JsapProject\JSAPNEW\JSAPNEW.csproj]
C:\Users\Rohit Rathod\Desktop\JsapProject\JSAPNEW\Models\ItemMasterModel.cs(633,23): warning CS8618: Non-nullable property 'description' must contain a non-null value when exiting constructor. Consider adding the 'required' modifier or declaring the property as nullable. [C:\Users\Rohit Rathod\Desktop\JsapProject\JSAPNEW\JSAPNEW.csproj]
C:\Users\Rohit Rathod\Desktop\JsapProject\JSAPNEW\Models\ItemMasterModel.cs(608,23): warning CS8618: Non-nullable property 'Message' must contain a non-null value when exiting constructor. Consider adding the 'required' modifier or declaring the property as nullable. [C:\Users\Rohit Rathod\Desktop\JsapProject\JSAPNEW\JSAPNEW.csproj]
C:\Users\Rohit Rathod\Desktop\JsapProject\JSAPNEW\Models\ItemMasterModel.cs(767,23): warning CS8618: Non-nullable property 'ItemName' must contain a non-null value when exiting constructor. Consider adding the 'required' modifier or declaring the property as nullable. [C:\Users\Rohit Rathod\Desktop\JsapProject\JSAPNEW\JSAPNEW.csproj]
C:\Users\Rohit Rathod\Desktop\JsapProject\JSAPNEW\Models\ItemMasterModel.cs(768,23): warning CS8618: Non-nullable property 'ItemGroupCode' must contain a non-null value when exiting constructor. Consider adding the 'required' modifier or declaring the property as nullable. [C:\Users\Rohit Rathod\Desktop\JsapProject\JSAPNEW\JSAPNEW.csproj]
C:\Users\Rohit Rathod\Desktop\JsapProject\JSAPNEW\Models\ItemMasterModel.cs(770,23): warning CS8618: Non-nullable property 'TaxRate' must contain a non-null value when exiting constructor. Consider adding the 'required' modifier or declaring the property as nullable. [C:\Users\Rohit Rathod\Desktop\JsapProject\JSAPNEW\JSAPNEW.csproj]
C:\Users\Rohit Rathod\Desktop\JsapProject\JSAPNEW\Models\ItemMasterModel.cs(771,23): warning CS8618: Non-nullable property 'ChapterId' must contain a non-null value when exiting constructor. Consider adding the 'required' modifier or declaring the property as nullable. [C:\Users\Rohit Rathod\Desktop\JsapProject\JSAPNEW\JSAPNEW.csproj]
C:\Users\Rohit Rathod\Desktop\JsapProject\JSAPNEW\Models\ItemMasterModel.cs(772,23): warning CS8618: Non-nullable property 'ChapterName' must contain a non-null value when exiting constructor. Consider adding the 'required' modifier or declaring the property as nullable. [C:\Users\Rohit Rathod\Desktop\JsapProject\JSAPNEW\JSAPNEW.csproj]
C:\Users\Rohit Rathod\Desktop\JsapProject\JSAPNEW\Models\ItemMasterModel.cs(773,23): warning CS8618: Non-nullable property 'Unit' must contain a non-null value when exiting constructor. Consider adding the 'required' modifier or declaring the property as nullable. [C:\Users\Rohit Rathod\Desktop\JsapProject\JSAPNEW\JSAPNEW.csproj]
C:\Users\Rohit Rathod\Desktop\JsapProject\JSAPNEW\Models\ItemMasterModel.cs(774,23): warning CS8618: Non-nullable property 'Brand' must contain a non-null value when exiting constructor. Consider adding the 'required' modifier or declaring the property as nullable. [C:\Users\Rohit Rathod\Desktop\JsapProject\JSAPNEW\JSAPNEW.csproj]
C:\Users\Rohit Rathod\Desktop\JsapProject\JSAPNEW\Models\ItemMasterModel.cs(775,23): warning CS8618: Non-nullable property 'Variety' must contain a non-null value when exiting constructor. Consider adding the 'required' modifier or declaring the property as nullable. [C:\Users\Rohit Rathod\Desktop\JsapProject\JSAPNEW\JSAPNEW.csproj]
C:\Users\Rohit Rathod\Desktop\JsapProject\JSAPNEW\Models\ItemMasterModel.cs(776,23): warning CS8618: Non-nullable property 'SubGroup' must contain a non-null value when exiting constructor. Consider adding the 'required' modifier or declaring the property as nullable. [C:\Users\Rohit Rathod\Desktop\JsapProject\JSAPNEW\JSAPNEW.csproj]
C:\Users\Rohit Rathod\Desktop\JsapProject\JSAPNEW\Models\ItemMasterModel.cs(777,23): warning CS8618: Non-nullable property 'Sku' must contain a non-null value when exiting constructor. Consider adding the 'required' modifier or declaring the property as nullable. [C:\Users\Rohit Rathod\Desktop\JsapProject\JSAPNEW\JSAPNEW.csproj]
C:\Users\Rohit Rathod\Desktop\JsapProject\JSAPNEW\Models\ItemMasterModel.cs(778,23): warning CS8618: Non-nullable property 'IsLitre' must contain a non-null value when exiting constructor. Consider adding the 'required' modifier or declaring the property as nullable. [C:\Users\Rohit Rathod\Desktop\JsapProject\JSAPNEW\JSAPNEW.csproj]
C:\Users\Rohit Rathod\Desktop\JsapProject\JSAPNEW\Models\ItemMasterModel.cs(781,23): warning CS8618: Non-nullable property 'PackType' must contain a non-null value when exiting constructor. Consider adding the 'required' modifier or declaring the property as nullable. [C:\Users\Rohit Rathod\Desktop\JsapProject\JSAPNEW\JSAPNEW.csproj]
C:\Users\Rohit Rathod\Desktop\JsapProject\JSAPNEW\Models\ItemMasterModel.cs(782,23): warning CS8618: Non-nullable property 'PackingType' must contain a non-null value when exiting constructor. Consider adding the 'required' modifier or declaring the property as nullable. [C:\Users\Rohit Rathod\Desktop\JsapProject\JSAPNEW\JSAPNEW.csproj]
C:\Users\Rohit Rathod\Desktop\JsapProject\JSAPNEW\Models\ItemMasterModel.cs(783,23): warning CS8618: Non-nullable property 'FaType' must contain a non-null value when exiting constructor. Consider adding the 'required' modifier or declaring the property as nullable. [C:\Users\Rohit Rathod\Desktop\JsapProject\JSAPNEW\JSAPNEW.csproj]
C:\Users\Rohit Rathod\Desktop\JsapProject\JSAPNEW\Models\ItemMasterModel.cs(785,23): warning CS8618: Non-nullable property 'Action' must contain a non-null value when exiting constructor. Consider adding the 'required' modifier or declaring the property as nullable. [C:\Users\Rohit Rathod\Desktop\JsapProject\JSAPNEW\JSAPNEW.csproj]
C:\Users\Rohit Rathod\Desktop\JsapProject\JSAPNEW\Models\ItemMasterModel.cs(787,23): warning CS8618: Non-nullable property 'Uom' must contain a non-null value when exiting constructor. Consider adding the 'required' modifier or declaring the property as nullable. [C:\Users\Rohit Rathod\Desktop\JsapProject\JSAPNEW\JSAPNEW.csproj]
C:\Users\Rohit Rathod\Desktop\JsapProject\JSAPNEW\Models\ItemMasterModel.cs(788,23): warning CS8618: Non-nullable property 'SalesUom' must contain a non-null value when exiting constructor. Consider adding the 'required' modifier or declaring the property as nullable. [C:\Users\Rohit Rathod\Desktop\JsapProject\JSAPNEW\JSAPNEW.csproj]
C:\Users\Rohit Rathod\Desktop\JsapProject\JSAPNEW\Models\ItemMasterModel.cs(789,23): warning CS8618: Non-nullable property 'InvUom' must contain a non-null value when exiting constructor. Consider adding the 'required' modifier or declaring the property as nullable. [C:\Users\Rohit Rathod\Desktop\JsapProject\JSAPNEW\JSAPNEW.csproj]
C:\Users\Rohit Rathod\Desktop\JsapProject\JSAPNEW\Models\ItemMasterModel.cs(790,23): warning CS8618: Non-nullable property 'PurchaseUom' must contain a non-null value when exiting constructor. Consider adding the 'required' modifier or declaring the property as nullable. [C:\Users\Rohit Rathod\Desktop\JsapProject\JSAPNEW\JSAPNEW.csproj]
C:\Users\Rohit Rathod\Desktop\JsapProject\JSAPNEW\Models\ItemMasterModel.cs(794,23): warning CS8618: Non-nullable property 'UomGroup' must contain a non-null value when exiting constructor. Consider adding the 'required' modifier or declaring the property as nullable. [C:\Users\Rohit Rathod\Desktop\JsapProject\JSAPNEW\JSAPNEW.csproj]
C:\Users\Rohit Rathod\Desktop\JsapProject\JSAPNEW\Models\ItemMasterModel.cs(798,23): warning CS8618: Non-nullable property 'PrchseItem' must contain a non-null value when exiting constructor. Consider adding the 'required' modifier or declaring the property as nullable. [C:\Users\Rohit Rathod\Desktop\JsapProject\JSAPNEW\JSAPNEW.csproj]
C:\Users\Rohit Rathod\Desktop\JsapProject\JSAPNEW\Models\ItemMasterModel.cs(799,23): warning CS8618: Non-nullable property 'InvItem' must contain a non-null value when exiting constructor. Consider adding the 'required' modifier or declaring the property as nullable. [C:\Users\Rohit Rathod\Desktop\JsapProject\JSAPNEW\JSAPNEW.csproj]
C:\Users\Rohit Rathod\Desktop\JsapProject\JSAPNEW\Models\ItemMasterModel.cs(801,23): warning CS8618: Non-nullable property 'SalUnitMsr' must contain a non-null value when exiting constructor. Consider adding the 'required' modifier or declaring the property as nullable. [C:\Users\Rohit Rathod\Desktop\JsapProject\JSAPNEW\JSAPNEW.csproj]
C:\Users\Rohit Rathod\Desktop\JsapProject\JSAPNEW\Models\ItemMasterModel.cs(803,23): warning CS8618: Non-nullable property 'EvalSystem' must contain a non-null value when exiting constructor. Consider adding the 'required' modifier or declaring the property as nullable. [C:\Users\Rohit Rathod\Desktop\JsapProject\JSAPNEW\JSAPNEW.csproj]
C:\Users\Rohit Rathod\Desktop\JsapProject\JSAPNEW\Models\ItemMasterModel.cs(804,23): warning CS8618: Non-nullable property 'ThreeType' must contain a non-null value when exiting constructor. Consider adding the 'required' modifier or declaring the property as nullable. [C:\Users\Rohit Rathod\Desktop\JsapProject\JSAPNEW\JSAPNEW.csproj]
C:\Users\Rohit Rathod\Desktop\JsapProject\JSAPNEW\Models\ItemMasterModel.cs(805,23): warning CS8618: Non-nullable property 'ManSerNum' must contain a non-null value when exiting constructor. Consider adding the 'required' modifier or declaring the property as nullable. [C:\Users\Rohit Rathod\Desktop\JsapProject\JSAPNEW\JSAPNEW.csproj]
C:\Users\Rohit Rathod\Desktop\JsapProject\JSAPNEW\Models\ItemMasterModel.cs(814,23): warning CS8618: Non-nullable property 'PurPackMsr' must contain a non-null value when exiting constructor. Consider adding the 'required' modifier or declaring the property as nullable. [C:\Users\Rohit Rathod\Desktop\JsapProject\JSAPNEW\JSAPNEW.csproj]
C:\Users\Rohit Rathod\Desktop\JsapProject\JSAPNEW\Models\ItemMasterModel.cs(817,23): warning CS8618: Non-nullable property 'ManBtchNum' must contain a non-null value when exiting constructor. Consider adding the 'required' modifier or declaring the property as nullable. [C:\Users\Rohit Rathod\Desktop\JsapProject\JSAPNEW\JSAPNEW.csproj]
C:\Users\Rohit Rathod\Desktop\JsapProject\JSAPNEW\Models\ItemMasterModel.cs(818,23): warning CS8618: Non-nullable property 'GenEntry' must contain a non-null value when exiting constructor. Consider adding the 'required' modifier or declaring the property as nullable. [C:\Users\Rohit Rathod\Desktop\JsapProject\JSAPNEW\JSAPNEW.csproj]
C:\Users\Rohit Rathod\Desktop\JsapProject\JSAPNEW\Models\ItemMasterModel.cs(819,23): warning CS8618: Non-nullable property 'WtLiable' must contain a non-null value when exiting constructor. Consider adding the 'required' modifier or declaring the property as nullable. [C:\Users\Rohit Rathod\Desktop\JsapProject\JSAPNEW\JSAPNEW.csproj]
C:\Users\Rohit Rathod\Desktop\JsapProject\JSAPNEW\Models\ItemMasterModel.cs(820,23): warning CS8618: Non-nullable property 'IssueMethod' must contain a non-null value when exiting constructor. Consider adding the 'required' modifier or declaring the property as nullable. [C:\Users\Rohit Rathod\Desktop\JsapProject\JSAPNEW\JSAPNEW.csproj]
C:\Users\Rohit Rathod\Desktop\JsapProject\JSAPNEW\Models\ItemMasterModel.cs(821,23): warning CS8618: Non-nullable property 'MngMethod' must contain a non-null value when exiting constructor. Consider adding the 'required' modifier or declaring the property as nullable. [C:\Users\Rohit Rathod\Desktop\JsapProject\JSAPNEW\JSAPNEW.csproj]
C:\Users\Rohit Rathod\Desktop\JsapProject\JSAPNEW\Models\ItemMasterModel.cs(822,23): warning CS8618: Non-nullable property 'InvntoryUom' must contain a non-null value when exiting constructor. Consider adding the 'required' modifier or declaring the property as nullable. [C:\Users\Rohit Rathod\Desktop\JsapProject\JSAPNEW\JSAPNEW.csproj]
C:\Users\Rohit Rathod\Desktop\JsapProject\JSAPNEW\Models\ItemMasterModel.cs(824,23): warning CS8618: Non-nullable property 'GstRelevant' must contain a non-null value when exiting constructor. Consider adding the 'required' modifier or declaring the property as nullable. [C:\Users\Rohit Rathod\Desktop\JsapProject\JSAPNEW\JSAPNEW.csproj]
C:\Users\Rohit Rathod\Desktop\JsapProject\JSAPNEW\Models\ItemMasterModel.cs(825,23): warning CS8618: Non-nullable property 'GstTaxCtg' must contain a non-null value when exiting constructor. Consider adding the 'required' modifier or declaring the property as nullable. [C:\Users\Rohit Rathod\Desktop\JsapProject\JSAPNEW\JSAPNEW.csproj]
C:\Users\Rohit Rathod\Desktop\JsapProject\JSAPNEW\Models\ItemMasterModel.cs(826,23): warning CS8618: Non-nullable property 'SellItem' must contain a non-null value when exiting constructor. Consider adding the 'required' modifier or declaring the property as nullable. [C:\Users\Rohit Rathod\Desktop\JsapProject\JSAPNEW\JSAPNEW.csproj]
C:\Users\Rohit Rathod\Desktop\JsapProject\JSAPNEW\Models\ItemMasterModel.cs(827,23): warning CS8618: Non-nullable property 'PrcrmntMtd' must contain a non-null value when exiting constructor. Consider adding the 'required' modifier or declaring the property as nullable. [C:\Users\Rohit Rathod\Desktop\JsapProject\JSAPNEW\JSAPNEW.csproj]
C:\Users\Rohit Rathod\Desktop\JsapProject\JSAPNEW\Models\ItemMasterModel.cs(828,23): warning CS8618: Non-nullable property 'CreateDate' must contain a non-null value when exiting constructor. Consider adding the 'required' modifier or declaring the property as nullable. [C:\Users\Rohit Rathod\Desktop\JsapProject\JSAPNEW\JSAPNEW.csproj]
C:\Users\Rohit Rathod\Desktop\JsapProject\JSAPNEW\Models\ItemMasterModel.cs(829,23): warning CS8618: Non-nullable property 'UpdationDate' must contain a non-null value when exiting constructor. Consider adding the 'required' modifier or declaring the property as nullable. [C:\Users\Rohit Rathod\Desktop\JsapProject\JSAPNEW\JSAPNEW.csproj]
C:\Users\Rohit Rathod\Desktop\JsapProject\JSAPNEW\Models\ItemMasterModel.cs(830,23): warning CS8618: Non-nullable property 'SapCreateDate' must contain a non-null value when exiting constructor. Consider adding the 'required' modifier or declaring the property as nullable. [C:\Users\Rohit Rathod\Desktop\JsapProject\JSAPNEW\JSAPNEW.csproj]
C:\Users\Rohit Rathod\Desktop\JsapProject\JSAPNEW\Models\ItemMasterModel.cs(831,23): warning CS8618: Non-nullable property 'SapUpdationDate' must contain a non-null value when exiting constructor. Consider adding the 'required' modifier or declaring the property as nullable. [C:\Users\Rohit Rathod\Desktop\JsapProject\JSAPNEW\JSAPNEW.csproj]
C:\Users\Rohit Rathod\Desktop\JsapProject\JSAPNEW\Services\Implementation\HierarchyService.cs(2399,27): warning CS8602: Dereference of a possibly null reference. [C:\Users\Rohit Rathod\Desktop\JsapProject\JSAPNEW\JSAPNEW.csproj]
C:\Users\Rohit Rathod\Desktop\JsapProject\JSAPNEW\Models\ItemMasterModel.cs(593,23): warning CS8618: Non-nullable property 'Branch' must contain a non-null value when exiting constructor. Consider adding the 'required' modifier or declaring the property as nullable. [C:\Users\Rohit Rathod\Desktop\JsapProject\JSAPNEW\JSAPNEW.csproj]
C:\Users\Rohit Rathod\Desktop\JsapProject\JSAPNEW\Models\ItemMasterModel.cs(594,23): warning CS8618: Non-nullable property 'Username' must contain a non-null value when exiting constructor. Consider adding the 'required' modifier or declaring the property as nullable. [C:\Users\Rohit Rathod\Desktop\JsapProject\JSAPNEW\JSAPNEW.csproj]
C:\Users\Rohit Rathod\Desktop\JsapProject\JSAPNEW\Models\ItemMasterModel.cs(595,23): warning CS8618: Non-nullable property 'DocumentType' must contain a non-null value when exiting constructor. Consider adding the 'required' modifier or declaring the property as nullable. [C:\Users\Rohit Rathod\Desktop\JsapProject\JSAPNEW\JSAPNEW.csproj]
C:\Users\Rohit Rathod\Desktop\JsapProject\JSAPNEW\Models\ItemMasterModel.cs(599,23): warning CS8618: Non-nullable property 'Action' must contain a non-null value when exiting constructor. Consider adding the 'required' modifier or declaring the property as nullable. [C:\Users\Rohit Rathod\Desktop\JsapProject\JSAPNEW\JSAPNEW.csproj]
C:\Users\Rohit Rathod\Desktop\JsapProject\JSAPNEW\Models\ItemMasterModel.cs(694,23): warning CS8618: Non-nullable property 'ItemName' must contain a non-null value when exiting constructor. Consider adding the 'required' modifier or declaring the property as nullable. [C:\Users\Rohit Rathod\Desktop\JsapProject\JSAPNEW\JSAPNEW.csproj]
C:\Users\Rohit Rathod\Desktop\JsapProject\JSAPNEW\Models\ItemMasterModel.cs(697,23): warning CS8618: Non-nullable property 'TaxRate' must contain a non-null value when exiting constructor. Consider adding the 'required' modifier or declaring the property as nullable. [C:\Users\Rohit Rathod\Desktop\JsapProject\JSAPNEW\JSAPNEW.csproj]
C:\Users\Rohit Rathod\Desktop\JsapProject\JSAPNEW\Models\ItemMasterModel.cs(699,23): warning CS8618: Non-nullable property 'ChapterName' must contain a non-null value when exiting constructor. Consider adding the 'required' modifier or declaring the property as nullable. [C:\Users\Rohit Rathod\Desktop\JsapProject\JSAPNEW\JSAPNEW.csproj]
C:\Users\Rohit Rathod\Desktop\JsapProject\JSAPNEW\Models\ItemMasterModel.cs(700,23): warning CS8618: Non-nullable property 'Unit' must contain a non-null value when exiting constructor. Consider adding the 'required' modifier or declaring the property as nullable. [C:\Users\Rohit Rathod\Desktop\JsapProject\JSAPNEW\JSAPNEW.csproj]
C:\Users\Rohit Rathod\Desktop\JsapProject\JSAPNEW\Models\ItemMasterModel.cs(701,23): warning CS8618: Non-nullable property 'Brand' must contain a non-null value when exiting constructor. Consider adding the 'required' modifier or declaring the property as nullable. [C:\Users\Rohit Rathod\Desktop\JsapProject\JSAPNEW\JSAPNEW.csproj]
C:\Users\Rohit Rathod\Desktop\JsapProject\JSAPNEW\Models\ItemMasterModel.cs(702,23): warning CS8618: Non-nullable property 'Variety' must contain a non-null value when exiting constructor. Consider adding the 'required' modifier or declaring the property as nullable. [C:\Users\Rohit Rathod\Desktop\JsapProject\JSAPNEW\JSAPNEW.csproj]
C:\Users\Rohit Rathod\Desktop\JsapProject\JSAPNEW\Models\ItemMasterModel.cs(703,23): warning CS8618: Non-nullable property 'SubGroup' must contain a non-null value when exiting constructor. Consider adding the 'required' modifier or declaring the property as nullable. [C:\Users\Rohit Rathod\Desktop\JsapProject\JSAPNEW\JSAPNEW.csproj]
C:\Users\Rohit Rathod\Desktop\JsapProject\JSAPNEW\Models\ItemMasterModel.cs(704,23): warning CS8618: Non-nullable property 'Sku' must contain a non-null value when exiting constructor. Consider adding the 'required' modifier or declaring the property as nullable. [C:\Users\Rohit Rathod\Desktop\JsapProject\JSAPNEW\JSAPNEW.csproj]
C:\Users\Rohit Rathod\Desktop\JsapProject\JSAPNEW\Models\ItemMasterModel.cs(705,23): warning CS8618: Non-nullable property 'IsLitre' must contain a non-null value when exiting constructor. Consider adding the 'required' modifier or declaring the property as nullable. [C:\Users\Rohit Rathod\Desktop\JsapProject\JSAPNEW\JSAPNEW.csproj]
C:\Users\Rohit Rathod\Desktop\JsapProject\JSAPNEW\Models\ItemMasterModel.cs(709,23): warning CS8618: Non-nullable property 'PackType' must contain a non-null value when exiting constructor. Consider adding the 'required' modifier or declaring the property as nullable. [C:\Users\Rohit Rathod\Desktop\JsapProject\JSAPNEW\JSAPNEW.csproj]
C:\Users\Rohit Rathod\Desktop\JsapProject\JSAPNEW\Models\ItemMasterModel.cs(710,23): warning CS8618: Non-nullable property 'PackingType' must contain a non-null value when exiting constructor. Consider adding the 'required' modifier or declaring the property as nullable. [C:\Users\Rohit Rathod\Desktop\JsapProject\JSAPNEW\JSAPNEW.csproj]
C:\Users\Rohit Rathod\Desktop\JsapProject\JSAPNEW\Models\ItemMasterModel.cs(711,23): warning CS8618: Non-nullable property 'FaType' must contain a non-null value when exiting constructor. Consider adding the 'required' modifier or declaring the property as nullable. [C:\Users\Rohit Rathod\Desktop\JsapProject\JSAPNEW\JSAPNEW.csproj]
C:\Users\Rohit Rathod\Desktop\JsapProject\JSAPNEW\Models\ItemMasterModel.cs(712,23): warning CS8618: Non-nullable property 'Uom' must contain a non-null value when exiting constructor. Consider adding the 'required' modifier or declaring the property as nullable. [C:\Users\Rohit Rathod\Desktop\JsapProject\JSAPNEW\JSAPNEW.csproj]
C:\Users\Rohit Rathod\Desktop\JsapProject\JSAPNEW\Models\ItemMasterModel.cs(713,23): warning CS8618: Non-nullable property 'SalesUom' must contain a non-null value when exiting constructor. Consider adding the 'required' modifier or declaring the property as nullable. [C:\Users\Rohit Rathod\Desktop\JsapProject\JSAPNEW\JSAPNEW.csproj]
C:\Users\Rohit Rathod\Desktop\JsapProject\JSAPNEW\Models\ItemMasterModel.cs(714,23): warning CS8618: Non-nullable property 'InvUom' must contain a non-null value when exiting constructor. Consider adding the 'required' modifier or declaring the property as nullable. [C:\Users\Rohit Rathod\Desktop\JsapProject\JSAPNEW\JSAPNEW.csproj]
C:\Users\Rohit Rathod\Desktop\JsapProject\JSAPNEW\Models\ItemMasterModel.cs(715,23): warning CS8618: Non-nullable property 'PurchaseUom' must contain a non-null value when exiting constructor. Consider adding the 'required' modifier or declaring the property as nullable. [C:\Users\Rohit Rathod\Desktop\JsapProject\JSAPNEW\JSAPNEW.csproj]
C:\Users\Rohit Rathod\Desktop\JsapProject\JSAPNEW\Models\ItemMasterModel.cs(718,23): warning CS8618: Non-nullable property 'UomGroup' must contain a non-null value when exiting constructor. Consider adding the 'required' modifier or declaring the property as nullable. [C:\Users\Rohit Rathod\Desktop\JsapProject\JSAPNEW\JSAPNEW.csproj]
C:\Users\Rohit Rathod\Desktop\JsapProject\JSAPNEW\Models\ItemMasterModel.cs(722,23): warning CS8618: Non-nullable property 'PrchseItem' must contain a non-null value when exiting constructor. Consider adding the 'required' modifier or declaring the property as nullable. [C:\Users\Rohit Rathod\Desktop\JsapProject\JSAPNEW\JSAPNEW.csproj]
C:\Users\Rohit Rathod\Desktop\JsapProject\JSAPNEW\Models\ItemMasterModel.cs(723,23): warning CS8618: Non-nullable property 'InvItem' must contain a non-null value when exiting constructor. Consider adding the 'required' modifier or declaring the property as nullable. [C:\Users\Rohit Rathod\Desktop\JsapProject\JSAPNEW\JSAPNEW.csproj]
C:\Users\Rohit Rathod\Desktop\JsapProject\JSAPNEW\Models\ItemMasterModel.cs(725,23): warning CS8618: Non-nullable property 'SalUnitMsr' must contain a non-null value when exiting constructor. Consider adding the 'required' modifier or declaring the property as nullable. [C:\Users\Rohit Rathod\Desktop\JsapProject\JSAPNEW\JSAPNEW.csproj]
C:\Users\Rohit Rathod\Desktop\JsapProject\JSAPNEW\Models\ItemMasterModel.cs(727,23): warning CS8618: Non-nullable property 'EvalSystem' must contain a non-null value when exiting constructor. Consider adding the 'required' modifier or declaring the property as nullable. [C:\Users\Rohit Rathod\Desktop\JsapProject\JSAPNEW\JSAPNEW.csproj]
C:\Users\Rohit Rathod\Desktop\JsapProject\JSAPNEW\Models\ItemMasterModel.cs(728,23): warning CS8618: Non-nullable property 'ThreeType' must contain a non-null value when exiting constructor. Consider adding the 'required' modifier or declaring the property as nullable. [C:\Users\Rohit Rathod\Desktop\JsapProject\JSAPNEW\JSAPNEW.csproj]
C:\Users\Rohit Rathod\Desktop\JsapProject\JSAPNEW\Models\ItemMasterModel.cs(729,23): warning CS8618: Non-nullable property 'ManSerNum' must contain a non-null value when exiting constructor. Consider adding the 'required' modifier or declaring the property as nullable. [C:\Users\Rohit Rathod\Desktop\JsapProject\JSAPNEW\JSAPNEW.csproj]
C:\Users\Rohit Rathod\Desktop\JsapProject\JSAPNEW\Models\ItemMasterModel.cs(738,23): warning CS8618: Non-nullable property 'PurPackMsr' must contain a non-null value when exiting constructor. Consider adding the 'required' modifier or declaring the property as nullable. [C:\Users\Rohit Rathod\Desktop\JsapProject\JSAPNEW\JSAPNEW.csproj]
C:\Users\Rohit Rathod\Desktop\JsapProject\JSAPNEW\Models\ItemMasterModel.cs(741,23): warning CS8618: Non-nullable property 'ManBtchNum' must contain a non-null value when exiting constructor. Consider adding the 'required' modifier or declaring the property as nullable. [C:\Users\Rohit Rathod\Desktop\JsapProject\JSAPNEW\JSAPNEW.csproj]
C:\Users\Rohit Rathod\Desktop\JsapProject\JSAPNEW\Models\ItemMasterModel.cs(742,23): warning CS8618: Non-nullable property 'GenEntry' must contain a non-null value when exiting constructor. Consider adding the 'required' modifier or declaring the property as nullable. [C:\Users\Rohit Rathod\Desktop\JsapProject\JSAPNEW\JSAPNEW.csproj]
C:\Users\Rohit Rathod\Desktop\JsapProject\JSAPNEW\Models\ItemMasterModel.cs(743,23): warning CS8618: Non-nullable property 'WtLiable' must contain a non-null value when exiting constructor. Consider adding the 'required' modifier or declaring the property as nullable. [C:\Users\Rohit Rathod\Desktop\JsapProject\JSAPNEW\JSAPNEW.csproj]
C:\Users\Rohit Rathod\Desktop\JsapProject\JSAPNEW\Models\ItemMasterModel.cs(744,23): warning CS8618: Non-nullable property 'IssueMethod' must contain a non-null value when exiting constructor. Consider adding the 'required' modifier or declaring the property as nullable. [C:\Users\Rohit Rathod\Desktop\JsapProject\JSAPNEW\JSAPNEW.csproj]
C:\Users\Rohit Rathod\Desktop\JsapProject\JSAPNEW\Models\ItemMasterModel.cs(745,23): warning CS8618: Non-nullable property 'MngMethod' must contain a non-null value when exiting constructor. Consider adding the 'required' modifier or declaring the property as nullable. [C:\Users\Rohit Rathod\Desktop\JsapProject\JSAPNEW\JSAPNEW.csproj]
C:\Users\Rohit Rathod\Desktop\JsapProject\JSAPNEW\Models\ItemMasterModel.cs(746,23): warning CS8618: Non-nullable property 'InvntoryUom' must contain a non-null value when exiting constructor. Consider adding the 'required' modifier or declaring the property as nullable. [C:\Users\Rohit Rathod\Desktop\JsapProject\JSAPNEW\JSAPNEW.csproj]
C:\Users\Rohit Rathod\Desktop\JsapProject\JSAPNEW\Models\ItemMasterModel.cs(748,23): warning CS8618: Non-nullable property 'GstRelevant' must contain a non-null value when exiting constructor. Consider adding the 'required' modifier or declaring the property as nullable. [C:\Users\Rohit Rathod\Desktop\JsapProject\JSAPNEW\JSAPNEW.csproj]
C:\Users\Rohit Rathod\Desktop\JsapProject\JSAPNEW\Models\ItemMasterModel.cs(749,23): warning CS8618: Non-nullable property 'GstTaxCtg' must contain a non-null value when exiting constructor. Consider adding the 'required' modifier or declaring the property as nullable. [C:\Users\Rohit Rathod\Desktop\JsapProject\JSAPNEW\JSAPNEW.csproj]
C:\Users\Rohit Rathod\Desktop\JsapProject\JSAPNEW\Models\ItemMasterModel.cs(577,23): warning CS8618: Non-nullable property 'branch' must contain a non-null value when exiting constructor. Consider adding the 'required' modifier or declaring the property as nullable. [C:\Users\Rohit Rathod\Desktop\JsapProject\JSAPNEW\JSAPNEW.csproj]
C:\Users\Rohit Rathod\Desktop\JsapProject\JSAPNEW\Models\ItemMasterModel.cs(578,23): warning CS8618: Non-nullable property 'username' must contain a non-null value when exiting constructor. Consider adding the 'required' modifier or declaring the property as nullable. [C:\Users\Rohit Rathod\Desktop\JsapProject\JSAPNEW\JSAPNEW.csproj]
C:\Users\Rohit Rathod\Desktop\JsapProject\JSAPNEW\Models\ItemMasterModel.cs(579,23): warning CS8618: Non-nullable property 'documentType' must contain a non-null value when exiting constructor. Consider adding the 'required' modifier or declaring the property as nullable. [C:\Users\Rohit Rathod\Desktop\JsapProject\JSAPNEW\JSAPNEW.csproj]
C:\Users\Rohit Rathod\Desktop\JsapProject\JSAPNEW\Models\ItemMasterModel.cs(580,23): warning CS8618: Non-nullable property 'fromDate' must contain a non-null value when exiting constructor. Consider adding the 'required' modifier or declaring the property as nullable. [C:\Users\Rohit Rathod\Desktop\JsapProject\JSAPNEW\JSAPNEW.csproj]
C:\Users\Rohit Rathod\Desktop\JsapProject\JSAPNEW\Models\ItemMasterModel.cs(581,23): warning CS8618: Non-nullable property 'toDate' must contain a non-null value when exiting constructor. Consider adding the 'required' modifier or declaring the property as nullable. [C:\Users\Rohit Rathod\Desktop\JsapProject\JSAPNEW\JSAPNEW.csproj]
C:\Users\Rohit Rathod\Desktop\JsapProject\JSAPNEW\Models\ItemMasterModel.cs(582,23): warning CS8618: Non-nullable property 'timeLimit' must contain a non-null value when exiting constructor. Consider adding the 'required' modifier or declaring the property as nullable. [C:\Users\Rohit Rathod\Desktop\JsapProject\JSAPNEW\JSAPNEW.csproj]
C:\Users\Rohit Rathod\Desktop\JsapProject\JSAPNEW\Models\ItemMasterModel.cs(583,23): warning CS8618: Non-nullable property 'createdOn' must contain a non-null value when exiting constructor. Consider adding the 'required' modifier or declaring the property as nullable. [C:\Users\Rohit Rathod\Desktop\JsapProject\JSAPNEW\JSAPNEW.csproj]
C:\Users\Rohit Rathod\Desktop\JsapProject\JSAPNEW\Models\ItemMasterModel.cs(584,23): warning CS8618: Non-nullable property 'action' must contain a non-null value when exiting constructor. Consider adding the 'required' modifier or declaring the property as nullable. [C:\Users\Rohit Rathod\Desktop\JsapProject\JSAPNEW\JSAPNEW.csproj]
C:\Users\Rohit Rathod\Desktop\JsapProject\JSAPNEW\Models\ItemMasterModel.cs(585,23): warning CS8618: Non-nullable property 'createdBy' must contain a non-null value when exiting constructor. Consider adding the 'required' modifier or declaring the property as nullable. [C:\Users\Rohit Rathod\Desktop\JsapProject\JSAPNEW\JSAPNEW.csproj]
C:\Users\Rohit Rathod\Desktop\JsapProject\JSAPNEW\Models\ItemMasterModel.cs(586,23): warning CS8618: Non-nullable property 'createdByUser' must contain a non-null value when exiting constructor. Consider adding the 'required' modifier or declaring the property as nullable. [C:\Users\Rohit Rathod\Desktop\JsapProject\JSAPNEW\JSAPNEW.csproj]
C:\Users\Rohit Rathod\Desktop\JsapProject\JSAPNEW\Models\ItemMasterModel.cs(529,23): warning CS8618: Non-nullable property 'ObjName' must contain a non-null value when exiting constructor. Consider adding the 'required' modifier or declaring the property as nullable. [C:\Users\Rohit Rathod\Desktop\JsapProject\JSAPNEW\JSAPNEW.csproj]
C:\Users\Rohit Rathod\Desktop\JsapProject\JSAPNEW\Models\ItemMasterModel.cs(523,23): warning CS8618: Non-nullable property 'USER_CODE' must contain a non-null value when exiting constructor. Consider adding the 'required' modifier or declaring the property as nullable. [C:\Users\Rohit Rathod\Desktop\JsapProject\JSAPNEW\JSAPNEW.csproj]
C:\Users\Rohit Rathod\Desktop\JsapProject\JSAPNEW\Services\Implementation\UserService.cs(1606,28): warning CS8603: Possible null reference return. [C:\Users\Rohit Rathod\Desktop\JsapProject\JSAPNEW\JSAPNEW.csproj]
C:\Users\Rohit Rathod\Desktop\JsapProject\JSAPNEW\Services\Implementation\UserService.cs(1641,24): warning CS8603: Possible null reference return. [C:\Users\Rohit Rathod\Desktop\JsapProject\JSAPNEW\JSAPNEW.csproj]
C:\Users\Rohit Rathod\Desktop\JsapProject\JSAPNEW\Models\ItemMasterModel.cs(533,23): warning CS8618: Non-nullable property 'Branch' must contain a non-null value when exiting constructor. Consider adding the 'required' modifier or declaring the property as nullable. [C:\Users\Rohit Rathod\Desktop\JsapProject\JSAPNEW\JSAPNEW.csproj]
C:\Users\Rohit Rathod\Desktop\JsapProject\JSAPNEW\Models\ItemMasterModel.cs(534,23): warning CS8618: Non-nullable property 'UserId' must contain a non-null value when exiting constructor. Consider adding the 'required' modifier or declaring the property as nullable. [C:\Users\Rohit Rathod\Desktop\JsapProject\JSAPNEW\JSAPNEW.csproj]
C:\Users\Rohit Rathod\Desktop\JsapProject\JSAPNEW\Models\ItemMasterModel.cs(536,23): warning CS8618: Non-nullable property 'FromDate' must contain a non-null value when exiting constructor. Consider adding the 'required' modifier or declaring the property as nullable. [C:\Users\Rohit Rathod\Desktop\JsapProject\JSAPNEW\JSAPNEW.csproj]
C:\Users\Rohit Rathod\Desktop\JsapProject\JSAPNEW\Models\ItemMasterModel.cs(537,23): warning CS8618: Non-nullable property 'ToDate' must contain a non-null value when exiting constructor. Consider adding the 'required' modifier or declaring the property as nullable. [C:\Users\Rohit Rathod\Desktop\JsapProject\JSAPNEW\JSAPNEW.csproj]
C:\Users\Rohit Rathod\Desktop\JsapProject\JSAPNEW\Models\ItemMasterModel.cs(539,23): warning CS8618: Non-nullable property 'Rights' must contain a non-null value when exiting constructor. Consider adding the 'required' modifier or declaring the property as nullable. [C:\Users\Rohit Rathod\Desktop\JsapProject\JSAPNEW\JSAPNEW.csproj]
C:\Users\Rohit Rathod\Desktop\JsapProject\JSAPNEW\Models\ItemMasterModel.cs(540,23): warning CS8618: Non-nullable property 'CreatedBy' must contain a non-null value when exiting constructor. Consider adding the 'required' modifier or declaring the property as nullable. [C:\Users\Rohit Rathod\Desktop\JsapProject\JSAPNEW\JSAPNEW.csproj]
C:\Users\Rohit Rathod\Desktop\JsapProject\JSAPNEW\Models\ItemMasterModel.cs(542,23): warning CS8618: Non-nullable property 'DeletedBy' must contain a non-null value when exiting constructor. Consider adding the 'required' modifier or declaring the property as nullable. [C:\Users\Rohit Rathod\Desktop\JsapProject\JSAPNEW\JSAPNEW.csproj]
C:\Users\Rohit Rathod\Desktop\JsapProject\JSAPNEW\Models\ItemMasterModel.cs(558,23): warning CS8618: Non-nullable property 'documentType' must contain a non-null value when exiting constructor. Consider adding the 'required' modifier or declaring the property as nullable. [C:\Users\Rohit Rathod\Desktop\JsapProject\JSAPNEW\JSAPNEW.csproj]
C:\Users\Rohit Rathod\Desktop\JsapProject\JSAPNEW\Models\ItemMasterModel.cs(559,23): warning CS8618: Non-nullable property 'branch' must contain a non-null value when exiting constructor. Consider adding the 'required' modifier or declaring the property as nullable. [C:\Users\Rohit Rathod\Desktop\JsapProject\JSAPNEW\JSAPNEW.csproj]
C:\Users\Rohit Rathod\Desktop\JsapProject\JSAPNEW\Models\ItemMasterModel.cs(560,23): warning CS8618: Non-nullable property 'action' must contain a non-null value when exiting constructor. Consider adding the 'required' modifier or declaring the property as nullable. [C:\Users\Rohit Rathod\Desktop\JsapProject\JSAPNEW\JSAPNEW.csproj]
C:\Users\Rohit Rathod\Desktop\JsapProject\JSAPNEW\Models\ItemMasterModel.cs(561,23): warning CS8618: Non-nullable property 'username' must contain a non-null value when exiting constructor. Consider adding the 'required' modifier or declaring the property as nullable. [C:\Users\Rohit Rathod\Desktop\JsapProject\JSAPNEW\JSAPNEW.csproj]
C:\Users\Rohit Rathod\Desktop\JsapProject\JSAPNEW\Models\ItemMasterModel.cs(562,23): warning CS8618: Non-nullable property 'fromDate' must contain a non-null value when exiting constructor. Consider adding the 'required' modifier or declaring the property as nullable. [C:\Users\Rohit Rathod\Desktop\JsapProject\JSAPNEW\JSAPNEW.csproj]
C:\Users\Rohit Rathod\Desktop\JsapProject\JSAPNEW\Models\ItemMasterModel.cs(563,23): warning CS8618: Non-nullable property 'toDate' must contain a non-null value when exiting constructor. Consider adding the 'required' modifier or declaring the property as nullable. [C:\Users\Rohit Rathod\Desktop\JsapProject\JSAPNEW\JSAPNEW.csproj]
C:\Users\Rohit Rathod\Desktop\JsapProject\JSAPNEW\Models\ItemMasterModel.cs(564,23): warning CS8618: Non-nullable property 'timeLimit' must contain a non-null value when exiting constructor. Consider adding the 'required' modifier or declaring the property as nullable. [C:\Users\Rohit Rathod\Desktop\JsapProject\JSAPNEW\JSAPNEW.csproj]
C:\Users\Rohit Rathod\Desktop\JsapProject\JSAPNEW\Models\ItemMasterModel.cs(566,23): warning CS8618: Non-nullable property 'createdBy' must contain a non-null value when exiting constructor. Consider adding the 'required' modifier or declaring the property as nullable. [C:\Users\Rohit Rathod\Desktop\JsapProject\JSAPNEW\JSAPNEW.csproj]
C:\Users\Rohit Rathod\Desktop\JsapProject\JSAPNEW\Models\ItemMasterModel.cs(567,23): warning CS8618: Non-nullable property 'createdOn' must contain a non-null value when exiting constructor. Consider adding the 'required' modifier or declaring the property as nullable. [C:\Users\Rohit Rathod\Desktop\JsapProject\JSAPNEW\JSAPNEW.csproj]
C:\Users\Rohit Rathod\Desktop\JsapProject\JSAPNEW\Models\ItemMasterModel.cs(569,23): warning CS8618: Non-nullable property 'Status' must contain a non-null value when exiting constructor. Consider adding the 'required' modifier or declaring the property as nullable. [C:\Users\Rohit Rathod\Desktop\JsapProject\JSAPNEW\JSAPNEW.csproj]
C:\Users\Rohit Rathod\Desktop\JsapProject\JSAPNEW\Models\ItemMasterModel.cs(570,23): warning CS8618: Non-nullable property 'HanaStatus' must contain a non-null value when exiting constructor. Consider adding the 'required' modifier or declaring the property as nullable. [C:\Users\Rohit Rathod\Desktop\JsapProject\JSAPNEW\JSAPNEW.csproj]
C:\Users\Rohit Rathod\Desktop\JsapProject\JSAPNEW\Models\ItemMasterModel.cs(436,23): warning CS8618: Non-nullable property 'company' must contain a non-null value when exiting constructor. Consider adding the 'required' modifier or declaring the property as nullable. [C:\Users\Rohit Rathod\Desktop\JsapProject\JSAPNEW\JSAPNEW.csproj]
C:\Users\Rohit Rathod\Desktop\JsapProject\JSAPNEW\Models\ItemMasterModel.cs(438,23): warning CS8618: Non-nullable property 'itemName' must contain a non-null value when exiting constructor. Consider adding the 'required' modifier or declaring the property as nullable. [C:\Users\Rohit Rathod\Desktop\JsapProject\JSAPNEW\JSAPNEW.csproj]
C:\Users\Rohit Rathod\Desktop\JsapProject\JSAPNEW\Models\ItemMasterModel.cs(441,23): warning CS8618: Non-nullable property 'subGroup' must contain a non-null value when exiting constructor. Consider adding the 'required' modifier or declaring the property as nullable. [C:\Users\Rohit Rathod\Desktop\JsapProject\JSAPNEW\JSAPNEW.csproj]
C:\Users\Rohit Rathod\Desktop\JsapProject\JSAPNEW\Models\ItemMasterModel.cs(442,23): warning CS8618: Non-nullable property 'actionByName' must contain a non-null value when exiting constructor. Consider adding the 'required' modifier or declaring the property as nullable. [C:\Users\Rohit Rathod\Desktop\JsapProject\JSAPNEW\JSAPNEW.csproj]
C:\Users\Rohit Rathod\Desktop\JsapProject\JSAPNEW\Models\ItemMasterModel.cs(443,23): warning CS8618: Non-nullable property 'createdDate' must contain a non-null value when exiting constructor. Consider adding the 'required' modifier or declaring the property as nullable. [C:\Users\Rohit Rathod\Desktop\JsapProject\JSAPNEW\JSAPNEW.csproj]
C:\Users\Rohit Rathod\Desktop\JsapProject\JSAPNEW\Models\ItemMasterModel.cs(444,23): warning CS8618: Non-nullable property 'updatedDate' must contain a non-null value when exiting constructor. Consider adding the 'required' modifier or declaring the property as nullable. [C:\Users\Rohit Rathod\Desktop\JsapProject\JSAPNEW\JSAPNEW.csproj]
C:\Users\Rohit Rathod\Desktop\JsapProject\JSAPNEW\Models\ItemMasterModel.cs(446,23): warning CS8618: Non-nullable property 'status' must contain a non-null value when exiting constructor. Consider adding the 'required' modifier or declaring the property as nullable. [C:\Users\Rohit Rathod\Desktop\JsapProject\JSAPNEW\JSAPNEW.csproj]
C:\Users\Rohit Rathod\Desktop\JsapProject\JSAPNEW\Models\ItemMasterModel.cs(452,23): warning CS8618: Non-nullable property 'InitDataId' must contain a non-null value when exiting constructor. Consider adding the 'required' modifier or declaring the property as nullable. [C:\Users\Rohit Rathod\Desktop\JsapProject\JSAPNEW\JSAPNEW.csproj]
C:\Users\Rohit Rathod\Desktop\JsapProject\JSAPNEW\Models\ItemMasterModel.cs(453,23): warning CS8618: Non-nullable property 'ItemName' must contain a non-null value when exiting constructor. Consider adding the 'required' modifier or declaring the property as nullable. [C:\Users\Rohit Rathod\Desktop\JsapProject\JSAPNEW\JSAPNEW.csproj]
C:\Users\Rohit Rathod\Desktop\JsapProject\JSAPNEW\Models\ItemMasterModel.cs(456,23): warning CS8618: Non-nullable property 'TaxRate' must contain a non-null value when exiting constructor. Consider adding the 'required' modifier or declaring the property as nullable. [C:\Users\Rohit Rathod\Desktop\JsapProject\JSAPNEW\JSAPNEW.csproj]
C:\Users\Rohit Rathod\Desktop\JsapProject\JSAPNEW\Models\ItemMasterModel.cs(458,23): warning CS8618: Non-nullable property 'ChapterName' must contain a non-null value when exiting constructor. Consider adding the 'required' modifier or declaring the property as nullable. [C:\Users\Rohit Rathod\Desktop\JsapProject\JSAPNEW\JSAPNEW.csproj]
C:\Users\Rohit Rathod\Desktop\JsapProject\JSAPNEW\Models\ItemMasterModel.cs(459,23): warning CS8618: Non-nullable property 'Unit' must contain a non-null value when exiting constructor. Consider adding the 'required' modifier or declaring the property as nullable. [C:\Users\Rohit Rathod\Desktop\JsapProject\JSAPNEW\JSAPNEW.csproj]
C:\Users\Rohit Rathod\Desktop\JsapProject\JSAPNEW\Models\ItemMasterModel.cs(460,23): warning CS8618: Non-nullable property 'Brand' must contain a non-null value when exiting constructor. Consider adding the 'required' modifier or declaring the property as nullable. [C:\Users\Rohit Rathod\Desktop\JsapProject\JSAPNEW\JSAPNEW.csproj]
C:\Users\Rohit Rathod\Desktop\JsapProject\JSAPNEW\Models\ItemMasterModel.cs(461,23): warning CS8618: Non-nullable property 'Variety' must contain a non-null value when exiting constructor. Consider adding the 'required' modifier or declaring the property as nullable. [C:\Users\Rohit Rathod\Desktop\JsapProject\JSAPNEW\JSAPNEW.csproj]
C:\Users\Rohit Rathod\Desktop\JsapProject\JSAPNEW\Models\ItemMasterModel.cs(462,23): warning CS8618: Non-nullable property 'SubGroup' must contain a non-null value when exiting constructor. Consider adding the 'required' modifier or declaring the property as nullable. [C:\Users\Rohit Rathod\Desktop\JsapProject\JSAPNEW\JSAPNEW.csproj]
C:\Users\Rohit Rathod\Desktop\JsapProject\JSAPNEW\Models\ItemMasterModel.cs(463,23): warning CS8618: Non-nullable property 'Sku' must contain a non-null value when exiting constructor. Consider adding the 'required' modifier or declaring the property as nullable. [C:\Users\Rohit Rathod\Desktop\JsapProject\JSAPNEW\JSAPNEW.csproj]
C:\Users\Rohit Rathod\Desktop\JsapProject\JSAPNEW\Models\ItemMasterModel.cs(464,23): warning CS8618: Non-nullable property 'IsLitre' must contain a non-null value when exiting constructor. Consider adding the 'required' modifier or declaring the property as nullable. [C:\Users\Rohit Rathod\Desktop\JsapProject\JSAPNEW\JSAPNEW.csproj]
C:\Users\Rohit Rathod\Desktop\JsapProject\JSAPNEW\Models\ItemMasterModel.cs(465,23): warning CS8618: Non-nullable property 'Litre' must contain a non-null value when exiting constructor. Consider adding the 'required' modifier or declaring the property as nullable. [C:\Users\Rohit Rathod\Desktop\JsapProject\JSAPNEW\JSAPNEW.csproj]
C:\Users\Rohit Rathod\Desktop\JsapProject\JSAPNEW\Models\ItemMasterModel.cs(466,23): warning CS8618: Non-nullable property 'purchaseUom' must contain a non-null value when exiting constructor. Consider adding the 'required' modifier or declaring the property as nullable. [C:\Users\Rohit Rathod\Desktop\JsapProject\JSAPNEW\JSAPNEW.csproj]
C:\Users\Rohit Rathod\Desktop\JsapProject\JSAPNEW\Models\ItemMasterModel.cs(467,23): warning CS8618: Non-nullable property 'salesUom' must contain a non-null value when exiting constructor. Consider adding the 'required' modifier or declaring the property as nullable. [C:\Users\Rohit Rathod\Desktop\JsapProject\JSAPNEW\JSAPNEW.csproj]
C:\Users\Rohit Rathod\Desktop\JsapProject\JSAPNEW\Models\ItemMasterModel.cs(468,23): warning CS8618: Non-nullable property 'invUom' must contain a non-null value when exiting constructor. Consider adding the 'required' modifier or declaring the property as nullable. [C:\Users\Rohit Rathod\Desktop\JsapProject\JSAPNEW\JSAPNEW.csproj]
C:\Users\Rohit Rathod\Desktop\JsapProject\JSAPNEW\Models\ItemMasterModel.cs(469,23): warning CS8618: Non-nullable property 'GrossWeight' must contain a non-null value when exiting constructor. Consider adding the 'required' modifier or declaring the property as nullable. [C:\Users\Rohit Rathod\Desktop\JsapProject\JSAPNEW\JSAPNEW.csproj]
C:\Users\Rohit Rathod\Desktop\JsapProject\JSAPNEW\Models\ItemMasterModel.cs(470,23): warning CS8618: Non-nullable property 'Mrp' must contain a non-null value when exiting constructor. Consider adding the 'required' modifier or declaring the property as nullable. [C:\Users\Rohit Rathod\Desktop\JsapProject\JSAPNEW\JSAPNEW.csproj]
C:\Users\Rohit Rathod\Desktop\JsapProject\JSAPNEW\Models\ItemMasterModel.cs(471,23): warning CS8618: Non-nullable property 'PackType' must contain a non-null value when exiting constructor. Consider adding the 'required' modifier or declaring the property as nullable. [C:\Users\Rohit Rathod\Desktop\JsapProject\JSAPNEW\JSAPNEW.csproj]
C:\Users\Rohit Rathod\Desktop\JsapProject\JSAPNEW\Models\ItemMasterModel.cs(472,23): warning CS8618: Non-nullable property 'PackingType' must contain a non-null value when exiting constructor. Consider adding the 'required' modifier or declaring the property as nullable. [C:\Users\Rohit Rathod\Desktop\JsapProject\JSAPNEW\JSAPNEW.csproj]
C:\Users\Rohit Rathod\Desktop\JsapProject\JSAPNEW\Models\ItemMasterModel.cs(473,23): warning CS8618: Non-nullable property 'FaType' must contain a non-null value when exiting constructor. Consider adding the 'required' modifier or declaring the property as nullable. [C:\Users\Rohit Rathod\Desktop\JsapProject\JSAPNEW\JSAPNEW.csproj]
C:\Users\Rohit Rathod\Desktop\JsapProject\JSAPNEW\Models\ItemMasterModel.cs(474,23): warning CS8618: Non-nullable property 'Uom' must contain a non-null value when exiting constructor. Consider adding the 'required' modifier or declaring the property as nullable. [C:\Users\Rohit Rathod\Desktop\JsapProject\JSAPNEW\JSAPNEW.csproj]
C:\Users\Rohit Rathod\Desktop\JsapProject\JSAPNEW\Models\ItemMasterModel.cs(475,23): warning CS8618: Non-nullable property 'Utype' must contain a non-null value when exiting constructor. Consider adding the 'required' modifier or declaring the property as nullable. [C:\Users\Rohit Rathod\Desktop\JsapProject\JSAPNEW\JSAPNEW.csproj]
C:\Users\Rohit Rathod\Desktop\JsapProject\JSAPNEW\Models\ItemMasterModel.cs(476,23): warning CS8618: Non-nullable property 'createDate' must contain a non-null value when exiting constructor. Consider adding the 'required' modifier or declaring the property as nullable. [C:\Users\Rohit Rathod\Desktop\JsapProject\JSAPNEW\JSAPNEW.csproj]
C:\Users\Rohit Rathod\Desktop\JsapProject\JSAPNEW\Models\ItemMasterModel.cs(477,23): warning CS8618: Non-nullable property 'CreatedByName' must contain a non-null value when exiting constructor. Consider adding the 'required' modifier or declaring the property as nullable. [C:\Users\Rohit Rathod\Desktop\JsapProject\JSAPNEW\JSAPNEW.csproj]
C:\Users\Rohit Rathod\Desktop\JsapProject\JSAPNEW\Models\ItemMasterModel.cs(478,23): warning CS8618: Non-nullable property 'Status' must contain a non-null value when exiting constructor. Consider adding the 'required' modifier or declaring the property as nullable. [C:\Users\Rohit Rathod\Desktop\JsapProject\JSAPNEW\JSAPNEW.csproj]
C:\Users\Rohit Rathod\Desktop\JsapProject\JSAPNEW\Models\ItemMasterModel.cs(479,23): warning CS8618: Non-nullable property 'flag' must contain a non-null value when exiting constructor. Consider adding the 'required' modifier or declaring the property as nullable. [C:\Users\Rohit Rathod\Desktop\JsapProject\JSAPNEW\JSAPNEW.csproj]
C:\Users\Rohit Rathod\Desktop\JsapProject\JSAPNEW\Services\Implementation\HierarchyService.cs(2411,28): warning CS8602: Dereference of a possibly null reference. [C:\Users\Rohit Rathod\Desktop\JsapProject\JSAPNEW\JSAPNEW.csproj]
C:\Users\Rohit Rathod\Desktop\JsapProject\JSAPNEW\Models\ItemMasterModel.cs(361,34): warning CS8618: Non-nullable property 'remarks' must contain a non-null value when exiting constructor. Consider adding the 'required' modifier or declaring the property as nullable. [C:\Users\Rohit Rathod\Desktop\JsapProject\JSAPNEW\JSAPNEW.csproj]
C:\Users\Rohit Rathod\Desktop\JsapProject\JSAPNEW\Models\ItemMasterModel.cs(486,23): warning CS8618: Non-nullable property 'action' must contain a non-null value when exiting constructor. Consider adding the 'required' modifier or declaring the property as nullable. [C:\Users\Rohit Rathod\Desktop\JsapProject\JSAPNEW\JSAPNEW.csproj]
C:\Users\Rohit Rathod\Desktop\JsapProject\JSAPNEW\Models\ItemMasterModel.cs(487,23): warning CS8618: Non-nullable property 'itemName' must contain a non-null value when exiting constructor. Consider adding the 'required' modifier or declaring the property as nullable. [C:\Users\Rohit Rathod\Desktop\JsapProject\JSAPNEW\JSAPNEW.csproj]
C:\Users\Rohit Rathod\Desktop\JsapProject\JSAPNEW\Models\ItemMasterModel.cs(489,23): warning CS8618: Non-nullable property 'itemGroupName' must contain a non-null value when exiting constructor. Consider adding the 'required' modifier or declaring the property as nullable. [C:\Users\Rohit Rathod\Desktop\JsapProject\JSAPNEW\JSAPNEW.csproj]
C:\Users\Rohit Rathod\Desktop\JsapProject\JSAPNEW\Models\ItemMasterModel.cs(491,23): warning CS8618: Non-nullable property 'chapterId' must contain a non-null value when exiting constructor. Consider adding the 'required' modifier or declaring the property as nullable. [C:\Users\Rohit Rathod\Desktop\JsapProject\JSAPNEW\JSAPNEW.csproj]
C:\Users\Rohit Rathod\Desktop\JsapProject\JSAPNEW\Models\ItemMasterModel.cs(492,23): warning CS8618: Non-nullable property 'ChapterName' must contain a non-null value when exiting constructor. Consider adding the 'required' modifier or declaring the property as nullable. [C:\Users\Rohit Rathod\Desktop\JsapProject\JSAPNEW\JSAPNEW.csproj]
C:\Users\Rohit Rathod\Desktop\JsapProject\JSAPNEW\Models\ItemMasterModel.cs(493,23): warning CS8618: Non-nullable property 'unit' must contain a non-null value when exiting constructor. Consider adding the 'required' modifier or declaring the property as nullable. [C:\Users\Rohit Rathod\Desktop\JsapProject\JSAPNEW\JSAPNEW.csproj]
C:\Users\Rohit Rathod\Desktop\JsapProject\JSAPNEW\Models\ItemMasterModel.cs(494,23): warning CS8618: Non-nullable property 'brand' must contain a non-null value when exiting constructor. Consider adding the 'required' modifier or declaring the property as nullable. [C:\Users\Rohit Rathod\Desktop\JsapProject\JSAPNEW\JSAPNEW.csproj]
C:\Users\Rohit Rathod\Desktop\JsapProject\JSAPNEW\Models\ItemMasterModel.cs(495,23): warning CS8618: Non-nullable property 'variety' must contain a non-null value when exiting constructor. Consider adding the 'required' modifier or declaring the property as nullable. [C:\Users\Rohit Rathod\Desktop\JsapProject\JSAPNEW\JSAPNEW.csproj]
C:\Users\Rohit Rathod\Desktop\JsapProject\JSAPNEW\Models\ItemMasterModel.cs(496,23): warning CS8618: Non-nullable property 'subGroup' must contain a non-null value when exiting constructor. Consider adding the 'required' modifier or declaring the property as nullable. [C:\Users\Rohit Rathod\Desktop\JsapProject\JSAPNEW\JSAPNEW.csproj]
C:\Users\Rohit Rathod\Desktop\JsapProject\JSAPNEW\Models\ItemMasterModel.cs(497,23): warning CS8618: Non-nullable property 'sku' must contain a non-null value when exiting constructor. Consider adding the 'required' modifier or declaring the property as nullable. [C:\Users\Rohit Rathod\Desktop\JsapProject\JSAPNEW\JSAPNEW.csproj]
C:\Users\Rohit Rathod\Desktop\JsapProject\JSAPNEW\Models\ItemMasterModel.cs(498,23): warning CS8618: Non-nullable property 'isLitre' must contain a non-null value when exiting constructor. Consider adding the 'required' modifier or declaring the property as nullable. [C:\Users\Rohit Rathod\Desktop\JsapProject\JSAPNEW\JSAPNEW.csproj]
C:\Users\Rohit Rathod\Desktop\JsapProject\JSAPNEW\Models\ItemMasterModel.cs(501,23): warning CS8618: Non-nullable property 'packType' must contain a non-null value when exiting constructor. Consider adding the 'required' modifier or declaring the property as nullable. [C:\Users\Rohit Rathod\Desktop\JsapProject\JSAPNEW\JSAPNEW.csproj]
C:\Users\Rohit Rathod\Desktop\JsapProject\JSAPNEW\Models\ItemMasterModel.cs(502,23): warning CS8618: Non-nullable property 'packingType' must contain a non-null value when exiting constructor. Consider adding the 'required' modifier or declaring the property as nullable. [C:\Users\Rohit Rathod\Desktop\JsapProject\JSAPNEW\JSAPNEW.csproj]
C:\Users\Rohit Rathod\Desktop\JsapProject\JSAPNEW\Models\ItemMasterModel.cs(503,23): warning CS8618: Non-nullable property 'faType' must contain a non-null value when exiting constructor. Consider adding the 'required' modifier or declaring the property as nullable. [C:\Users\Rohit Rathod\Desktop\JsapProject\JSAPNEW\JSAPNEW.csproj]
C:\Users\Rohit Rathod\Desktop\JsapProject\JSAPNEW\Models\ItemMasterModel.cs(504,23): warning CS8618: Non-nullable property 'uom' must contain a non-null value when exiting constructor. Consider adding the 'required' modifier or declaring the property as nullable. [C:\Users\Rohit Rathod\Desktop\JsapProject\JSAPNEW\JSAPNEW.csproj]
C:\Users\Rohit Rathod\Desktop\JsapProject\JSAPNEW\Models\ItemMasterModel.cs(505,23): warning CS8618: Non-nullable property 'salesUom' must contain a non-null value when exiting constructor. Consider adding the 'required' modifier or declaring the property as nullable. [C:\Users\Rohit Rathod\Desktop\JsapProject\JSAPNEW\JSAPNEW.csproj]
C:\Users\Rohit Rathod\Desktop\JsapProject\JSAPNEW\Models\ItemMasterModel.cs(506,23): warning CS8618: Non-nullable property 'invUom' must contain a non-null value when exiting constructor. Consider adding the 'required' modifier or declaring the property as nullable. [C:\Users\Rohit Rathod\Desktop\JsapProject\JSAPNEW\JSAPNEW.csproj]
C:\Users\Rohit Rathod\Desktop\JsapProject\JSAPNEW\Models\ItemMasterModel.cs(507,23): warning CS8618: Non-nullable property 'purchaseUom' must contain a non-null value when exiting constructor. Consider adding the 'required' modifier or declaring the property as nullable. [C:\Users\Rohit Rathod\Desktop\JsapProject\JSAPNEW\JSAPNEW.csproj]
C:\Users\Rohit Rathod\Desktop\JsapProject\JSAPNEW\Models\ItemMasterModel.cs(511,23): warning CS8618: Non-nullable property 'uomGroup' must contain a non-null value when exiting constructor. Consider adding the 'required' modifier or declaring the property as nullable. [C:\Users\Rohit Rathod\Desktop\JsapProject\JSAPNEW\JSAPNEW.csproj]
C:\Users\Rohit Rathod\Desktop\JsapProject\JSAPNEW\Models\ItemMasterModel.cs(514,23): warning CS8618: Non-nullable property 'u_type' must contain a non-null value when exiting constructor. Consider adding the 'required' modifier or declaring the property as nullable. [C:\Users\Rohit Rathod\Desktop\JsapProject\JSAPNEW\JSAPNEW.csproj]
C:\Users\Rohit Rathod\Desktop\JsapProject\JSAPNEW\Models\ItemMasterModel.cs(373,23): warning CS8618: Non-nullable property 'ChapterName' must contain a non-null value when exiting constructor. Consider adding the 'required' modifier or declaring the property as nullable. [C:\Users\Rohit Rathod\Desktop\JsapProject\JSAPNEW\JSAPNEW.csproj]
C:\Users\Rohit Rathod\Desktop\JsapProject\JSAPNEW\Models\ItemMasterModel.cs(303,23): warning CS8618: Non-nullable property 'ChapterName' must contain a non-null value when exiting constructor. Consider adding the 'required' modifier or declaring the property as nullable. [C:\Users\Rohit Rathod\Desktop\JsapProject\JSAPNEW\JSAPNEW.csproj]
C:\Users\Rohit Rathod\Desktop\JsapProject\JSAPNEW\Models\ItemMasterModel.cs(263,23): warning CS8618: Non-nullable property 'ItemName' must contain a non-null value when exiting constructor. Consider adding the 'required' modifier or declaring the property as nullable. [C:\Users\Rohit Rathod\Desktop\JsapProject\JSAPNEW\JSAPNEW.csproj]
C:\Users\Rohit Rathod\Desktop\JsapProject\JSAPNEW\Models\ItemMasterModel.cs(266,23): warning CS8618: Non-nullable property 'TaxRate' must contain a non-null value when exiting constructor. Consider adding the 'required' modifier or declaring the property as nullable. [C:\Users\Rohit Rathod\Desktop\JsapProject\JSAPNEW\JSAPNEW.csproj]
C:\Users\Rohit Rathod\Desktop\JsapProject\JSAPNEW\Models\ItemMasterModel.cs(268,23): warning CS8618: Non-nullable property 'ChapterName' must contain a non-null value when exiting constructor. Consider adding the 'required' modifier or declaring the property as nullable. [C:\Users\Rohit Rathod\Desktop\JsapProject\JSAPNEW\JSAPNEW.csproj]
C:\Users\Rohit Rathod\Desktop\JsapProject\JSAPNEW\Models\ItemMasterModel.cs(269,23): warning CS8618: Non-nullable property 'Unit' must contain a non-null value when exiting constructor. Consider adding the 'required' modifier or declaring the property as nullable. [C:\Users\Rohit Rathod\Desktop\JsapProject\JSAPNEW\JSAPNEW.csproj]
C:\Users\Rohit Rathod\Desktop\JsapProject\JSAPNEW\Models\ItemMasterModel.cs(270,23): warning CS8618: Non-nullable property 'Brand' must contain a non-null value when exiting constructor. Consider adding the 'required' modifier or declaring the property as nullable. [C:\Users\Rohit Rathod\Desktop\JsapProject\JSAPNEW\JSAPNEW.csproj]
C:\Users\Rohit Rathod\Desktop\JsapProject\JSAPNEW\Models\ItemMasterModel.cs(271,23): warning CS8618: Non-nullable property 'Variety' must contain a non-null value when exiting constructor. Consider adding the 'required' modifier or declaring the property as nullable. [C:\Users\Rohit Rathod\Desktop\JsapProject\JSAPNEW\JSAPNEW.csproj]
C:\Users\Rohit Rathod\Desktop\JsapProject\JSAPNEW\Models\ItemMasterModel.cs(272,23): warning CS8618: Non-nullable property 'SubGroup' must contain a non-null value when exiting constructor. Consider adding the 'required' modifier or declaring the property as nullable. [C:\Users\Rohit Rathod\Desktop\JsapProject\JSAPNEW\JSAPNEW.csproj]
C:\Users\Rohit Rathod\Desktop\JsapProject\JSAPNEW\Models\ItemMasterModel.cs(273,23): warning CS8618: Non-nullable property 'Sku' must contain a non-null value when exiting constructor. Consider adding the 'required' modifier or declaring the property as nullable. [C:\Users\Rohit Rathod\Desktop\JsapProject\JSAPNEW\JSAPNEW.csproj]
C:\Users\Rohit Rathod\Desktop\JsapProject\JSAPNEW\Models\ItemMasterModel.cs(274,23): warning CS8618: Non-nullable property 'IsLitre' must contain a non-null value when exiting constructor. Consider adding the 'required' modifier or declaring the property as nullable. [C:\Users\Rohit Rathod\Desktop\JsapProject\JSAPNEW\JSAPNEW.csproj]
C:\Users\Rohit Rathod\Desktop\JsapProject\JSAPNEW\Models\ItemMasterModel.cs(275,23): warning CS8618: Non-nullable property 'GrossWeight' must contain a non-null value when exiting constructor. Consider adding the 'required' modifier or declaring the property as nullable. [C:\Users\Rohit Rathod\Desktop\JsapProject\JSAPNEW\JSAPNEW.csproj]
C:\Users\Rohit Rathod\Desktop\JsapProject\JSAPNEW\Models\ItemMasterModel.cs(276,23): warning CS8618: Non-nullable property 'Mrp' must contain a non-null value when exiting constructor. Consider adding the 'required' modifier or declaring the property as nullable. [C:\Users\Rohit Rathod\Desktop\JsapProject\JSAPNEW\JSAPNEW.csproj]
C:\Users\Rohit Rathod\Desktop\JsapProject\JSAPNEW\Models\ItemMasterModel.cs(277,23): warning CS8618: Non-nullable property 'PackType' must contain a non-null value when exiting constructor. Consider adding the 'required' modifier or declaring the property as nullable. [C:\Users\Rohit Rathod\Desktop\JsapProject\JSAPNEW\JSAPNEW.csproj]
C:\Users\Rohit Rathod\Desktop\JsapProject\JSAPNEW\Models\ItemMasterModel.cs(278,23): warning CS8618: Non-nullable property 'PackingType' must contain a non-null value when exiting constructor. Consider adding the 'required' modifier or declaring the property as nullable. [C:\Users\Rohit Rathod\Desktop\JsapProject\JSAPNEW\JSAPNEW.csproj]
C:\Users\Rohit Rathod\Desktop\JsapProject\JSAPNEW\Models\ItemMasterModel.cs(279,23): warning CS8618: Non-nullable property 'FaType' must contain a non-null value when exiting constructor. Consider adding the 'required' modifier or declaring the property as nullable. [C:\Users\Rohit Rathod\Desktop\JsapProject\JSAPNEW\JSAPNEW.csproj]
C:\Users\Rohit Rathod\Desktop\JsapProject\JSAPNEW\Models\ItemMasterModel.cs(280,23): warning CS8618: Non-nullable property 'Uom' must contain a non-null value when exiting constructor. Consider adding the 'required' modifier or declaring the property as nullable. [C:\Users\Rohit Rathod\Desktop\JsapProject\JSAPNEW\JSAPNEW.csproj]
C:\Users\Rohit Rathod\Desktop\JsapProject\JSAPNEW\Models\ItemMasterModel.cs(281,23): warning CS8618: Non-nullable property 'Utype' must contain a non-null value when exiting constructor. Consider adding the 'required' modifier or declaring the property as nullable. [C:\Users\Rohit Rathod\Desktop\JsapProject\JSAPNEW\JSAPNEW.csproj]
C:\Users\Rohit Rathod\Desktop\JsapProject\JSAPNEW\Models\ItemMasterModel.cs(282,23): warning CS8618: Non-nullable property 'CreatedByName' must contain a non-null value when exiting constructor. Consider adding the 'required' modifier or declaring the property as nullable. [C:\Users\Rohit Rathod\Desktop\JsapProject\JSAPNEW\JSAPNEW.csproj]
C:\Users\Rohit Rathod\Desktop\JsapProject\JSAPNEW\Models\ItemMasterModel.cs(283,23): warning CS8618: Non-nullable property 'CreateDate' must contain a non-null value when exiting constructor. Consider adding the 'required' modifier or declaring the property as nullable. [C:\Users\Rohit Rathod\Desktop\JsapProject\JSAPNEW\JSAPNEW.csproj]
C:\Users\Rohit Rathod\Desktop\JsapProject\JSAPNEW\Models\ItemMasterModel.cs(284,23): warning CS8618: Non-nullable property 'flag' must contain a non-null value when exiting constructor. Consider adding the 'required' modifier or declaring the property as nullable. [C:\Users\Rohit Rathod\Desktop\JsapProject\JSAPNEW\JSAPNEW.csproj]
C:\Users\Rohit Rathod\Desktop\JsapProject\JSAPNEW\Models\ItemMasterModel.cs(110,23): warning CS8618: Non-nullable property 'BuyUOM' must contain a non-null value when exiting constructor. Consider adding the 'required' modifier or declaring the property as nullable. [C:\Users\Rohit Rathod\Desktop\JsapProject\JSAPNEW\JSAPNEW.csproj]
C:\Users\Rohit Rathod\Desktop\JsapProject\JSAPNEW\Models\ItemMasterModel.cs(106,23): warning CS8618: Non-nullable property 'Brand' must contain a non-null value when exiting constructor. Consider adding the 'required' modifier or declaring the property as nullable. [C:\Users\Rohit Rathod\Desktop\JsapProject\JSAPNEW\JSAPNEW.csproj]
C:\Users\Rohit Rathod\Desktop\JsapProject\JSAPNEW\Models\ItemMasterModel.cs(102,23): warning CS8618: Non-nullable property 'ItmsGrpNam' must contain a non-null value when exiting constructor. Consider adding the 'required' modifier or declaring the property as nullable. [C:\Users\Rohit Rathod\Desktop\JsapProject\JSAPNEW\JSAPNEW.csproj]
C:\Users\Rohit Rathod\Desktop\JsapProject\JSAPNEW\Models\ItemMasterModel.cs(96,23): warning CS8618: Non-nullable property 'BuyUnitMsr' must contain a non-null value when exiting constructor. Consider adding the 'required' modifier or declaring the property as nullable. [C:\Users\Rohit Rathod\Desktop\JsapProject\JSAPNEW\JSAPNEW.csproj]
C:\Users\Rohit Rathod\Desktop\JsapProject\JSAPNEW\Models\ItemMasterModel.cs(92,23): warning CS8618: Non-nullable property 'FaType' must contain a non-null value when exiting constructor. Consider adding the 'required' modifier or declaring the property as nullable. [C:\Users\Rohit Rathod\Desktop\JsapProject\JSAPNEW\JSAPNEW.csproj]
C:\Users\Rohit Rathod\Desktop\JsapProject\JSAPNEW\Models\ItemMasterModel.cs(86,23): warning CS8618: Non-nullable property 'Unit' must contain a non-null value when exiting constructor. Consider adding the 'required' modifier or declaring the property as nullable. [C:\Users\Rohit Rathod\Desktop\JsapProject\JSAPNEW\JSAPNEW.csproj]
C:\Users\Rohit Rathod\Desktop\JsapProject\JSAPNEW\Models\ItemMasterModel.cs(82,23): warning CS8618: Non-nullable property 'SKU' must contain a non-null value when exiting constructor. Consider adding the 'required' modifier or declaring the property as nullable. [C:\Users\Rohit Rathod\Desktop\JsapProject\JSAPNEW\JSAPNEW.csproj]
C:\Users\Rohit Rathod\Desktop\JsapProject\JSAPNEW\Models\ItemMasterModel.cs(77,23): warning CS8618: Non-nullable property 'SalUnitMsr' must contain a non-null value when exiting constructor. Consider adding the 'required' modifier or declaring the property as nullable. [C:\Users\Rohit Rathod\Desktop\JsapProject\JSAPNEW\JSAPNEW.csproj]
C:\Users\Rohit Rathod\Desktop\JsapProject\JSAPNEW\Models\ItemMasterModel.cs(73,23): warning CS8618: Non-nullable property 'SalPackMsr' must contain a non-null value when exiting constructor. Consider adding the 'required' modifier or declaring the property as nullable. [C:\Users\Rohit Rathod\Desktop\JsapProject\JSAPNEW\JSAPNEW.csproj]
C:\Users\Rohit Rathod\Desktop\JsapProject\JSAPNEW\Models\ItemMasterModel.cs(68,23): warning CS8618: Non-nullable property 'PurPackMsr' must contain a non-null value when exiting constructor. Consider adding the 'required' modifier or declaring the property as nullable. [C:\Users\Rohit Rathod\Desktop\JsapProject\JSAPNEW\JSAPNEW.csproj]
C:\Users\Rohit Rathod\Desktop\JsapProject\JSAPNEW\Models\ItemMasterModel.cs(230,23): warning CS8618: Non-nullable property 'InitDataId' must contain a non-null value when exiting constructor. Consider adding the 'required' modifier or declaring the property as nullable. [C:\Users\Rohit Rathod\Desktop\JsapProject\JSAPNEW\JSAPNEW.csproj]
C:\Users\Rohit Rathod\Desktop\JsapProject\JSAPNEW\Models\ItemMasterModel.cs(231,23): warning CS8618: Non-nullable property 'ItemName' must contain a non-null value when exiting constructor. Consider adding the 'required' modifier or declaring the property as nullable. [C:\Users\Rohit Rathod\Desktop\JsapProject\JSAPNEW\JSAPNEW.csproj]
C:\Users\Rohit Rathod\Desktop\JsapProject\JSAPNEW\Models\ItemMasterModel.cs(234,23): warning CS8618: Non-nullable property 'TaxRate' must contain a non-null value when exiting constructor. Consider adding the 'required' modifier or declaring the property as nullable. [C:\Users\Rohit Rathod\Desktop\JsapProject\JSAPNEW\JSAPNEW.csproj]
C:\Users\Rohit Rathod\Desktop\JsapProject\JSAPNEW\Models\ItemMasterModel.cs(236,23): warning CS8618: Non-nullable property 'ChapterName' must contain a non-null value when exiting constructor. Consider adding the 'required' modifier or declaring the property as nullable. [C:\Users\Rohit Rathod\Desktop\JsapProject\JSAPNEW\JSAPNEW.csproj]
C:\Users\Rohit Rathod\Desktop\JsapProject\JSAPNEW\Models\ItemMasterModel.cs(237,23): warning CS8618: Non-nullable property 'Unit' must contain a non-null value when exiting constructor. Consider adding the 'required' modifier or declaring the property as nullable. [C:\Users\Rohit Rathod\Desktop\JsapProject\JSAPNEW\JSAPNEW.csproj]
C:\Users\Rohit Rathod\Desktop\JsapProject\JSAPNEW\Models\ItemMasterModel.cs(238,23): warning CS8618: Non-nullable property 'Brand' must contain a non-null value when exiting constructor. Consider adding the 'required' modifier or declaring the property as nullable. [C:\Users\Rohit Rathod\Desktop\JsapProject\JSAPNEW\JSAPNEW.csproj]
C:\Users\Rohit Rathod\Desktop\JsapProject\JSAPNEW\Models\ItemMasterModel.cs(239,23): warning CS8618: Non-nullable property 'Variety' must contain a non-null value when exiting constructor. Consider adding the 'required' modifier or declaring the property as nullable. [C:\Users\Rohit Rathod\Desktop\JsapProject\JSAPNEW\JSAPNEW.csproj]
C:\Users\Rohit Rathod\Desktop\JsapProject\JSAPNEW\Models\ItemMasterModel.cs(240,23): warning CS8618: Non-nullable property 'SubGroup' must contain a non-null value when exiting constructor. Consider adding the 'required' modifier or declaring the property as nullable. [C:\Users\Rohit Rathod\Desktop\JsapProject\JSAPNEW\JSAPNEW.csproj]
C:\Users\Rohit Rathod\Desktop\JsapProject\JSAPNEW\Models\ItemMasterModel.cs(241,23): warning CS8618: Non-nullable property 'Sku' must contain a non-null value when exiting constructor. Consider adding the 'required' modifier or declaring the property as nullable. [C:\Users\Rohit Rathod\Desktop\JsapProject\JSAPNEW\JSAPNEW.csproj]
C:\Users\Rohit Rathod\Desktop\JsapProject\JSAPNEW\Models\ItemMasterModel.cs(242,23): warning CS8618: Non-nullable property 'IsLitre' must contain a non-null value when exiting constructor. Consider adding the 'required' modifier or declaring the property as nullable. [C:\Users\Rohit Rathod\Desktop\JsapProject\JSAPNEW\JSAPNEW.csproj]
C:\Users\Rohit Rathod\Desktop\JsapProject\JSAPNEW\Models\ItemMasterModel.cs(244,23): warning CS8618: Non-nullable property 'SalesUom' must contain a non-null value when exiting constructor. Consider adding the 'required' modifier or declaring the property as nullable. [C:\Users\Rohit Rathod\Desktop\JsapProject\JSAPNEW\JSAPNEW.csproj]
C:\Users\Rohit Rathod\Desktop\JsapProject\JSAPNEW\Models\ItemMasterModel.cs(245,23): warning CS8618: Non-nullable property 'InvUom' must contain a non-null value when exiting constructor. Consider adding the 'required' modifier or declaring the property as nullable. [C:\Users\Rohit Rathod\Desktop\JsapProject\JSAPNEW\JSAPNEW.csproj]
C:\Users\Rohit Rathod\Desktop\JsapProject\JSAPNEW\Models\ItemMasterModel.cs(246,23): warning CS8618: Non-nullable property 'PurchaseUom' must contain a non-null value when exiting constructor. Consider adding the 'required' modifier or declaring the property as nullable. [C:\Users\Rohit Rathod\Desktop\JsapProject\JSAPNEW\JSAPNEW.csproj]
C:\Users\Rohit Rathod\Desktop\JsapProject\JSAPNEW\Models\ItemMasterModel.cs(247,23): warning CS8618: Non-nullable property 'GrossWeight' must contain a non-null value when exiting constructor. Consider adding the 'required' modifier or declaring the property as nullable. [C:\Users\Rohit Rathod\Desktop\JsapProject\JSAPNEW\JSAPNEW.csproj]
C:\Users\Rohit Rathod\Desktop\JsapProject\JSAPNEW\Models\ItemMasterModel.cs(248,23): warning CS8618: Non-nullable property 'Mrp' must contain a non-null value when exiting constructor. Consider adding the 'required' modifier or declaring the property as nullable. [C:\Users\Rohit Rathod\Desktop\JsapProject\JSAPNEW\JSAPNEW.csproj]
C:\Users\Rohit Rathod\Desktop\JsapProject\JSAPNEW\Models\ItemMasterModel.cs(249,23): warning CS8618: Non-nullable property 'PackType' must contain a non-null value when exiting constructor. Consider adding the 'required' modifier or declaring the property as nullable. [C:\Users\Rohit Rathod\Desktop\JsapProject\JSAPNEW\JSAPNEW.csproj]
C:\Users\Rohit Rathod\Desktop\JsapProject\JSAPNEW\Models\ItemMasterModel.cs(250,23): warning CS8618: Non-nullable property 'PackingType' must contain a non-null value when exiting constructor. Consider adding the 'required' modifier or declaring the property as nullable. [C:\Users\Rohit Rathod\Desktop\JsapProject\JSAPNEW\JSAPNEW.csproj]
C:\Users\Rohit Rathod\Desktop\JsapProject\JSAPNEW\Models\ItemMasterModel.cs(251,23): warning CS8618: Non-nullable property 'FaType' must contain a non-null value when exiting constructor. Consider adding the 'required' modifier or declaring the property as nullable. [C:\Users\Rohit Rathod\Desktop\JsapProject\JSAPNEW\JSAPNEW.csproj]
C:\Users\Rohit Rathod\Desktop\JsapProject\JSAPNEW\Models\ItemMasterModel.cs(252,23): warning CS8618: Non-nullable property 'Uom' must contain a non-null value when exiting constructor. Consider adding the 'required' modifier or declaring the property as nullable. [C:\Users\Rohit Rathod\Desktop\JsapProject\JSAPNEW\JSAPNEW.csproj]
C:\Users\Rohit Rathod\Desktop\JsapProject\JSAPNEW\Models\ItemMasterModel.cs(253,23): warning CS8618: Non-nullable property 'utype' must contain a non-null value when exiting constructor. Consider adding the 'required' modifier or declaring the property as nullable. [C:\Users\Rohit Rathod\Desktop\JsapProject\JSAPNEW\JSAPNEW.csproj]
C:\Users\Rohit Rathod\Desktop\JsapProject\JSAPNEW\Models\ItemMasterModel.cs(254,23): warning CS8618: Non-nullable property 'createdByName' must contain a non-null value when exiting constructor. Consider adding the 'required' modifier or declaring the property as nullable. [C:\Users\Rohit Rathod\Desktop\JsapProject\JSAPNEW\JSAPNEW.csproj]
C:\Users\Rohit Rathod\Desktop\JsapProject\JSAPNEW\Models\ItemMasterModel.cs(256,23): warning CS8618: Non-nullable property 'flag' must contain a non-null value when exiting constructor. Consider adding the 'required' modifier or declaring the property as nullable. [C:\Users\Rohit Rathod\Desktop\JsapProject\JSAPNEW\JSAPNEW.csproj]
C:\Users\Rohit Rathod\Desktop\JsapProject\JSAPNEW\Models\ItemMasterModel.cs(63,23): warning CS8618: Non-nullable property 'PackType' must contain a non-null value when exiting constructor. Consider adding the 'required' modifier or declaring the property as nullable. [C:\Users\Rohit Rathod\Desktop\JsapProject\JSAPNEW\JSAPNEW.csproj]
C:\Users\Rohit Rathod\Desktop\JsapProject\JSAPNEW\Models\ItemMasterModel.cs(54,23): warning CS8618: Non-nullable property 'InvntryUOM' must contain a non-null value when exiting constructor. Consider adding the 'required' modifier or declaring the property as nullable. [C:\Users\Rohit Rathod\Desktop\JsapProject\JSAPNEW\JSAPNEW.csproj]
C:\Users\Rohit Rathod\Desktop\JsapProject\JSAPNEW\Models\ItemMasterModel.cs(58,23): warning CS8618: Non-nullable property 'PackingType' must contain a non-null value when exiting constructor. Consider adding the 'required' modifier or declaring the property as nullable. [C:\Users\Rohit Rathod\Desktop\JsapProject\JSAPNEW\JSAPNEW.csproj]
C:\Users\Rohit Rathod\Desktop\JsapProject\JSAPNEW\Models\ItemMasterModel.cs(49,23): warning CS8618: Non-nullable property 'SKU' must contain a non-null value when exiting constructor. Consider adding the 'required' modifier or declaring the property as nullable. [C:\Users\Rohit Rathod\Desktop\JsapProject\JSAPNEW\JSAPNEW.csproj]
C:\Users\Rohit Rathod\Desktop\JsapProject\JSAPNEW\Models\ItemMasterModel.cs(126,23): warning CS8618: Non-nullable property 'initDataId' must contain a non-null value when exiting constructor. Consider adding the 'required' modifier or declaring the property as nullable. [C:\Users\Rohit Rathod\Desktop\JsapProject\JSAPNEW\JSAPNEW.csproj]
C:\Users\Rohit Rathod\Desktop\JsapProject\JSAPNEW\Models\ItemMasterModel.cs(127,23): warning CS8618: Non-nullable property 'itemName' must contain a non-null value when exiting constructor. Consider adding the 'required' modifier or declaring the property as nullable. [C:\Users\Rohit Rathod\Desktop\JsapProject\JSAPNEW\JSAPNEW.csproj]
C:\Users\Rohit Rathod\Desktop\JsapProject\JSAPNEW\Models\ItemMasterModel.cs(130,23): warning CS8618: Non-nullable property 'taxRate' must contain a non-null value when exiting constructor. Consider adding the 'required' modifier or declaring the property as nullable. [C:\Users\Rohit Rathod\Desktop\JsapProject\JSAPNEW\JSAPNEW.csproj]
C:\Users\Rohit Rathod\Desktop\JsapProject\JSAPNEW\Models\ItemMasterModel.cs(131,23): warning CS8618: Non-nullable property 'chapterId' must contain a non-null value when exiting constructor. Consider adding the 'required' modifier or declaring the property as nullable. [C:\Users\Rohit Rathod\Desktop\JsapProject\JSAPNEW\JSAPNEW.csproj]
C:\Users\Rohit Rathod\Desktop\JsapProject\JSAPNEW\Models\ItemMasterModel.cs(132,23): warning CS8618: Non-nullable property 'ChapterName' must contain a non-null value when exiting constructor. Consider adding the 'required' modifier or declaring the property as nullable. [C:\Users\Rohit Rathod\Desktop\JsapProject\JSAPNEW\JSAPNEW.csproj]
C:\Users\Rohit Rathod\Desktop\JsapProject\JSAPNEW\Models\ItemMasterModel.cs(133,23): warning CS8618: Non-nullable property 'unit' must contain a non-null value when exiting constructor. Consider adding the 'required' modifier or declaring the property as nullable. [C:\Users\Rohit Rathod\Desktop\JsapProject\JSAPNEW\JSAPNEW.csproj]
C:\Users\Rohit Rathod\Desktop\JsapProject\JSAPNEW\Models\ItemMasterModel.cs(134,23): warning CS8618: Non-nullable property 'brand' must contain a non-null value when exiting constructor. Consider adding the 'required' modifier or declaring the property as nullable. [C:\Users\Rohit Rathod\Desktop\JsapProject\JSAPNEW\JSAPNEW.csproj]
C:\Users\Rohit Rathod\Desktop\JsapProject\JSAPNEW\Models\ItemMasterModel.cs(135,23): warning CS8618: Non-nullable property 'variety' must contain a non-null value when exiting constructor. Consider adding the 'required' modifier or declaring the property as nullable. [C:\Users\Rohit Rathod\Desktop\JsapProject\JSAPNEW\JSAPNEW.csproj]
C:\Users\Rohit Rathod\Desktop\JsapProject\JSAPNEW\Models\ItemMasterModel.cs(136,23): warning CS8618: Non-nullable property 'subGroup' must contain a non-null value when exiting constructor. Consider adding the 'required' modifier or declaring the property as nullable. [C:\Users\Rohit Rathod\Desktop\JsapProject\JSAPNEW\JSAPNEW.csproj]
C:\Users\Rohit Rathod\Desktop\JsapProject\JSAPNEW\Models\ItemMasterModel.cs(137,23): warning CS8618: Non-nullable property 'sku' must contain a non-null value when exiting constructor. Consider adding the 'required' modifier or declaring the property as nullable. [C:\Users\Rohit Rathod\Desktop\JsapProject\JSAPNEW\JSAPNEW.csproj]
C:\Users\Rohit Rathod\Desktop\JsapProject\JSAPNEW\Models\ItemMasterModel.cs(138,23): warning CS8618: Non-nullable property 'isLitre' must contain a non-null value when exiting constructor. Consider adding the 'required' modifier or declaring the property as nullable. [C:\Users\Rohit Rathod\Desktop\JsapProject\JSAPNEW\JSAPNEW.csproj]
C:\Users\Rohit Rathod\Desktop\JsapProject\JSAPNEW\Models\ItemMasterModel.cs(139,23): warning CS8618: Non-nullable property 'grossWeight' must contain a non-null value when exiting constructor. Consider adding the 'required' modifier or declaring the property as nullable. [C:\Users\Rohit Rathod\Desktop\JsapProject\JSAPNEW\JSAPNEW.csproj]
C:\Users\Rohit Rathod\Desktop\JsapProject\JSAPNEW\Models\ItemMasterModel.cs(140,23): warning CS8618: Non-nullable property 'mrp' must contain a non-null value when exiting constructor. Consider adding the 'required' modifier or declaring the property as nullable. [C:\Users\Rohit Rathod\Desktop\JsapProject\JSAPNEW\JSAPNEW.csproj]
C:\Users\Rohit Rathod\Desktop\JsapProject\JSAPNEW\Models\ItemMasterModel.cs(141,23): warning CS8618: Non-nullable property 'packType' must contain a non-null value when exiting constructor. Consider adding the 'required' modifier or declaring the property as nullable. [C:\Users\Rohit Rathod\Desktop\JsapProject\JSAPNEW\JSAPNEW.csproj]
C:\Users\Rohit Rathod\Desktop\JsapProject\JSAPNEW\Models\ItemMasterModel.cs(142,23): warning CS8618: Non-nullable property 'packingType' must contain a non-null value when exiting constructor. Consider adding the 'required' modifier or declaring the property as nullable. [C:\Users\Rohit Rathod\Desktop\JsapProject\JSAPNEW\JSAPNEW.csproj]
C:\Users\Rohit Rathod\Desktop\JsapProject\JSAPNEW\Models\ItemMasterModel.cs(143,23): warning CS8618: Non-nullable property 'faType' must contain a non-null value when exiting constructor. Consider adding the 'required' modifier or declaring the property as nullable. [C:\Users\Rohit Rathod\Desktop\JsapProject\JSAPNEW\JSAPNEW.csproj]
C:\Users\Rohit Rathod\Desktop\JsapProject\JSAPNEW\Models\ItemMasterModel.cs(144,23): warning CS8618: Non-nullable property 'utype' must contain a non-null value when exiting constructor. Consider adding the 'required' modifier or declaring the property as nullable. [C:\Users\Rohit Rathod\Desktop\JsapProject\JSAPNEW\JSAPNEW.csproj]
C:\Users\Rohit Rathod\Desktop\JsapProject\JSAPNEW\Models\ItemMasterModel.cs(145,23): warning CS8618: Non-nullable property 'uom' must contain a non-null value when exiting constructor. Consider adding the 'required' modifier or declaring the property as nullable. [C:\Users\Rohit Rathod\Desktop\JsapProject\JSAPNEW\JSAPNEW.csproj]
C:\Users\Rohit Rathod\Desktop\JsapProject\JSAPNEW\Models\ItemMasterModel.cs(146,23): warning CS8618: Non-nullable property 'createDate' must contain a non-null value when exiting constructor. Consider adding the 'required' modifier or declaring the property as nullable. [C:\Users\Rohit Rathod\Desktop\JsapProject\JSAPNEW\JSAPNEW.csproj]
C:\Users\Rohit Rathod\Desktop\JsapProject\JSAPNEW\Models\ItemMasterModel.cs(147,23): warning CS8618: Non-nullable property 'createdByName' must contain a non-null value when exiting constructor. Consider adding the 'required' modifier or declaring the property as nullable. [C:\Users\Rohit Rathod\Desktop\JsapProject\JSAPNEW\JSAPNEW.csproj]
C:\Users\Rohit Rathod\Desktop\JsapProject\JSAPNEW\Models\ItemMasterModel.cs(148,23): warning CS8618: Non-nullable property 'flag' must contain a non-null value when exiting constructor. Consider adding the 'required' modifier or declaring the property as nullable. [C:\Users\Rohit Rathod\Desktop\JsapProject\JSAPNEW\JSAPNEW.csproj]
C:\Users\Rohit Rathod\Desktop\JsapProject\JSAPNEW\Models\ItemMasterModel.cs(149,23): warning CS8618: Non-nullable property 'tag' must contain a non-null value when exiting constructor. Consider adding the 'required' modifier or declaring the property as nullable. [C:\Users\Rohit Rathod\Desktop\JsapProject\JSAPNEW\JSAPNEW.csproj]
C:\Users\Rohit Rathod\Desktop\JsapProject\JSAPNEW\Models\ItemMasterModel.cs(150,23): warning CS8618: Non-nullable property 'APIRESPONSE' must contain a non-null value when exiting constructor. Consider adding the 'required' modifier or declaring the property as nullable. [C:\Users\Rohit Rathod\Desktop\JsapProject\JSAPNEW\JSAPNEW.csproj]
C:\Users\Rohit Rathod\Desktop\JsapProject\JSAPNEW\Models\ItemMasterModel.cs(36,23): warning CS8618: Non-nullable property 'SubGroup' must contain a non-null value when exiting constructor. Consider adding the 'required' modifier or declaring the property as nullable. [C:\Users\Rohit Rathod\Desktop\JsapProject\JSAPNEW\JSAPNEW.csproj]
C:\Users\Rohit Rathod\Desktop\JsapProject\JSAPNEW\Models\ItemMasterModel.cs(44,23): warning CS8618: Non-nullable property 'Value' must contain a non-null value when exiting constructor. Consider adding the 'required' modifier or declaring the property as nullable. [C:\Users\Rohit Rathod\Desktop\JsapProject\JSAPNEW\JSAPNEW.csproj]
C:\Users\Rohit Rathod\Desktop\JsapProject\JSAPNEW\Models\ItemMasterModel.cs(45,23): warning CS8618: Non-nullable property 'Label' must contain a non-null value when exiting constructor. Consider adding the 'required' modifier or declaring the property as nullable. [C:\Users\Rohit Rathod\Desktop\JsapProject\JSAPNEW\JSAPNEW.csproj]
C:\Users\Rohit Rathod\Desktop\JsapProject\JSAPNEW\Models\ItemMasterModel.cs(30,23): warning CS8618: Non-nullable property 'Variety' must contain a non-null value when exiting constructor. Consider adding the 'required' modifier or declaring the property as nullable. [C:\Users\Rohit Rathod\Desktop\JsapProject\JSAPNEW\JSAPNEW.csproj]
C:\Users\Rohit Rathod\Desktop\JsapProject\JSAPNEW\Models\ItemMasterModel.cs(9,23): warning CS8618: Non-nullable property 'ConnectionString' must contain a non-null value when exiting constructor. Consider adding the 'required' modifier or declaring the property as nullable. [C:\Users\Rohit Rathod\Desktop\JsapProject\JSAPNEW\JSAPNEW.csproj]
C:\Users\Rohit Rathod\Desktop\JsapProject\JSAPNEW\Models\ItemMasterModel.cs(10,23): warning CS8618: Non-nullable property 'Schema' must contain a non-null value when exiting constructor. Consider adding the 'required' modifier or declaring the property as nullable. [C:\Users\Rohit Rathod\Desktop\JsapProject\JSAPNEW\JSAPNEW.csproj]
C:\Users\Rohit Rathod\Desktop\JsapProject\JSAPNEW\Models\ItemMasterModel.cs(24,23): warning CS8618: Non-nullable property 'ChapterID' must contain a non-null value when exiting constructor. Consider adding the 'required' modifier or declaring the property as nullable. [C:\Users\Rohit Rathod\Desktop\JsapProject\JSAPNEW\JSAPNEW.csproj]
C:\Users\Rohit Rathod\Desktop\JsapProject\JSAPNEW\Models\ItemMasterModel.cs(25,23): warning CS8618: Non-nullable property 'ChapterName' must contain a non-null value when exiting constructor. Consider adding the 'required' modifier or declaring the property as nullable. [C:\Users\Rohit Rathod\Desktop\JsapProject\JSAPNEW\JSAPNEW.csproj]
C:\Users\Rohit Rathod\Desktop\JsapProject\JSAPNEW\Models\ItemMasterModel.cs(14,23): warning CS8618: Non-nullable property 'Message' must contain a non-null value when exiting constructor. Consider adding the 'required' modifier or declaring the property as nullable. [C:\Users\Rohit Rathod\Desktop\JsapProject\JSAPNEW\JSAPNEW.csproj]
C:\Users\Rohit Rathod\Desktop\JsapProject\JSAPNEW\Models\InventoryAuditModels.cs(431,23): warning CS8618: Non-nullable property 'RoleInSession' must contain a non-null value when exiting constructor. Consider adding the 'required' modifier or declaring the property as nullable. [C:\Users\Rohit Rathod\Desktop\JsapProject\JSAPNEW\JSAPNEW.csproj]
C:\Users\Rohit Rathod\Desktop\JsapProject\JSAPNEW\Models\InventoryAuditModels.cs(432,23): warning CS8618: Non-nullable property 'isActive' must contain a non-null value when exiting constructor. Consider adding the 'required' modifier or declaring the property as nullable. [C:\Users\Rohit Rathod\Desktop\JsapProject\JSAPNEW\JSAPNEW.csproj]
C:\Users\Rohit Rathod\Desktop\JsapProject\JSAPNEW\Models\InventoryAuditModels.cs(434,23): warning CS8618: Non-nullable property 'LoginUser' must contain a non-null value when exiting constructor. Consider adding the 'required' modifier or declaring the property as nullable. [C:\Users\Rohit Rathod\Desktop\JsapProject\JSAPNEW\JSAPNEW.csproj]
C:\Users\Rohit Rathod\Desktop\JsapProject\JSAPNEW\Models\InventoryAuditModels.cs(418,23): warning CS8618: Non-nullable property 'SessionName' must contain a non-null value when exiting constructor. Consider adding the 'required' modifier or declaring the property as nullable. [C:\Users\Rohit Rathod\Desktop\JsapProject\JSAPNEW\JSAPNEW.csproj]
C:\Users\Rohit Rathod\Desktop\JsapProject\JSAPNEW\Models\InventoryAuditModels.cs(420,23): warning CS8618: Non-nullable property 'description' must contain a non-null value when exiting constructor. Consider adding the 'required' modifier or declaring the property as nullable. [C:\Users\Rohit Rathod\Desktop\JsapProject\JSAPNEW\JSAPNEW.csproj]
C:\Users\Rohit Rathod\Desktop\JsapProject\JSAPNEW\Models\InventoryAuditModels.cs(424,23): warning CS8618: Non-nullable property 'LotNumber' must contain a non-null value when exiting constructor. Consider adding the 'required' modifier or declaring the property as nullable. [C:\Users\Rohit Rathod\Desktop\JsapProject\JSAPNEW\JSAPNEW.csproj]
C:\Users\Rohit Rathod\Desktop\JsapProject\JSAPNEW\Models\InventoryAuditModels.cs(360,23): warning CS8618: Non-nullable property 'LotNumber' must contain a non-null value when exiting constructor. Consider adding the 'required' modifier or declaring the property as nullable. [C:\Users\Rohit Rathod\Desktop\JsapProject\JSAPNEW\JSAPNEW.csproj]
C:\Users\Rohit Rathod\Desktop\JsapProject\JSAPNEW\Models\InventoryAuditModels.cs(361,42): warning CS8618: Non-nullable property 'Items' must contain a non-null value when exiting constructor. Consider adding the 'required' modifier or declaring the property as nullable. [C:\Users\Rohit Rathod\Desktop\JsapProject\JSAPNEW\JSAPNEW.csproj]
C:\Users\Rohit Rathod\Desktop\JsapProject\JSAPNEW\Models\InventoryAuditModels.cs(374,34): warning CS8618: Non-nullable property 'LotNumber' must contain a non-null value when exiting constructor. Consider adding the 'required' modifier or declaring the property as nullable. [C:\Users\Rohit Rathod\Desktop\JsapProject\JSAPNEW\JSAPNEW.csproj]
C:\Users\Rohit Rathod\Desktop\JsapProject\JSAPNEW\Models\InventoryAuditModels.cs(375,34): warning CS8618: Non-nullable property 'ItemCode' must contain a non-null value when exiting constructor. Consider adding the 'required' modifier or declaring the property as nullable. [C:\Users\Rohit Rathod\Desktop\JsapProject\JSAPNEW\JSAPNEW.csproj]
C:\Users\Rohit Rathod\Desktop\JsapProject\JSAPNEW\Models\InventoryAuditModels.cs(376,34): warning CS8618: Non-nullable property 'ItemName' must contain a non-null value when exiting constructor. Consider adding the 'required' modifier or declaring the property as nullable. [C:\Users\Rohit Rathod\Desktop\JsapProject\JSAPNEW\JSAPNEW.csproj]
C:\Users\Rohit Rathod\Desktop\JsapProject\JSAPNEW\Models\InventoryAuditModels.cs(377,23): warning CS8618: Non-nullable property 'WarehouseName' must contain a non-null value when exiting constructor. Consider adding the 'required' modifier or declaring the property as nullable. [C:\Users\Rohit Rathod\Desktop\JsapProject\JSAPNEW\JSAPNEW.csproj]
C:\Users\Rohit Rathod\Desktop\JsapProject\JSAPNEW\Models\InventoryAuditModels.cs(378,23): warning CS8618: Non-nullable property 'ItemGroupCode' must contain a non-null value when exiting constructor. Consider adding the 'required' modifier or declaring the property as nullable. [C:\Users\Rohit Rathod\Desktop\JsapProject\JSAPNEW\JSAPNEW.csproj]
C:\Users\Rohit Rathod\Desktop\JsapProject\JSAPNEW\Models\InventoryAuditModels.cs(383,23): warning CS8618: Non-nullable property 'itmsGrpNam' must contain a non-null value when exiting constructor. Consider adding the 'required' modifier or declaring the property as nullable. [C:\Users\Rohit Rathod\Desktop\JsapProject\JSAPNEW\JSAPNEW.csproj]
C:\Users\Rohit Rathod\Desktop\JsapProject\JSAPNEW\Models\InventoryAuditModels.cs(384,23): warning CS8618: Non-nullable property 'u_Sub_Group' must contain a non-null value when exiting constructor. Consider adding the 'required' modifier or declaring the property as nullable. [C:\Users\Rohit Rathod\Desktop\JsapProject\JSAPNEW\JSAPNEW.csproj]
C:\Users\Rohit Rathod\Desktop\JsapProject\JSAPNEW\Models\InventoryAuditModels.cs(387,23): warning CS8618: Non-nullable property 'isLitre' must contain a non-null value when exiting constructor. Consider adding the 'required' modifier or declaring the property as nullable. [C:\Users\Rohit Rathod\Desktop\JsapProject\JSAPNEW\JSAPNEW.csproj]
C:\Users\Rohit Rathod\Desktop\JsapProject\JSAPNEW\Models\InventoryAuditModels.cs(326,23): warning CS8618: Non-nullable property 'DeactivationReason' must contain a non-null value when exiting constructor. Consider adding the 'required' modifier or declaring the property as nullable. [C:\Users\Rohit Rathod\Desktop\JsapProject\JSAPNEW\JSAPNEW.csproj]
C:\Users\Rohit Rathod\Desktop\JsapProject\JSAPNEW\Models\InventoryAuditModels.cs(319,44): warning CS8618: Non-nullable property 'Sessions' must contain a non-null value when exiting constructor. Consider adding the 'required' modifier or declaring the property as nullable. [C:\Users\Rohit Rathod\Desktop\JsapProject\JSAPNEW\JSAPNEW.csproj]
C:\Users\Rohit Rathod\Desktop\JsapProject\JSAPNEW\Models\InventoryAuditModels.cs(320,39): warning CS8618: Non-nullable property 'Summary' must contain a non-null value when exiting constructor. Consider adding the 'required' modifier or declaring the property as nullable. [C:\Users\Rohit Rathod\Desktop\JsapProject\JSAPNEW\JSAPNEW.csproj]
C:\Users\Rohit Rathod\Desktop\JsapProject\JSAPNEW\Models\InventoryAuditModels.cs(331,23): warning CS8618: Non-nullable property 'SessionName' must contain a non-null value when exiting constructor. Consider adding the 'required' modifier or declaring the property as nullable. [C:\Users\Rohit Rathod\Desktop\JsapProject\JSAPNEW\JSAPNEW.csproj]
C:\Users\Rohit Rathod\Desktop\JsapProject\JSAPNEW\Models\InventoryAuditModels.cs(333,23): warning CS8618: Non-nullable property 'DeactivatedByUsername' must contain a non-null value when exiting constructor. Consider adding the 'required' modifier or declaring the property as nullable. [C:\Users\Rohit Rathod\Desktop\JsapProject\JSAPNEW\JSAPNEW.csproj]
C:\Users\Rohit Rathod\Desktop\JsapProject\JSAPNEW\Models\InventoryAuditModels.cs(335,23): warning CS8618: Non-nullable property 'DeactivationReason' must contain a non-null value when exiting constructor. Consider adding the 'required' modifier or declaring the property as nullable. [C:\Users\Rohit Rathod\Desktop\JsapProject\JSAPNEW\JSAPNEW.csproj]
C:\Users\Rohit Rathod\Desktop\JsapProject\JSAPNEW\Models\InventoryAuditModels.cs(336,23): warning CS8618: Non-nullable property 'StatusMessage' must contain a non-null value when exiting constructor. Consider adding the 'required' modifier or declaring the property as nullable. [C:\Users\Rohit Rathod\Desktop\JsapProject\JSAPNEW\JSAPNEW.csproj]
C:\Users\Rohit Rathod\Desktop\JsapProject\JSAPNEW\Models\InventoryAuditModels.cs(315,23): warning CS8618: Non-nullable property 'StatusMessage' must contain a non-null value when exiting constructor. Consider adding the 'required' modifier or declaring the property as nullable. [C:\Users\Rohit Rathod\Desktop\JsapProject\JSAPNEW\JSAPNEW.csproj]
C:\Users\Rohit Rathod\Desktop\JsapProject\JSAPNEW\Models\InventoryAuditModels.cs(396,23): warning CS8618: Non-nullable property 'LotNumber' must contain a non-null value when exiting constructor. Consider adding the 'required' modifier or declaring the property as nullable. [C:\Users\Rohit Rathod\Desktop\JsapProject\JSAPNEW\JSAPNEW.csproj]
C:\Users\Rohit Rathod\Desktop\JsapProject\JSAPNEW\Models\InventoryAuditModels.cs(397,23): warning CS8618: Non-nullable property 'Warehouse' must contain a non-null value when exiting constructor. Consider adding the 'required' modifier or declaring the property as nullable. [C:\Users\Rohit Rathod\Desktop\JsapProject\JSAPNEW\JSAPNEW.csproj]
C:\Users\Rohit Rathod\Desktop\JsapProject\JSAPNEW\Models\InventoryAuditModels.cs(286,42): warning CS8618: Non-nullable property 'Sessions' must contain a non-null value when exiting constructor. Consider adding the 'required' modifier or declaring the property as nullable. [C:\Users\Rohit Rathod\Desktop\JsapProject\JSAPNEW\JSAPNEW.csproj]
C:\Users\Rohit Rathod\Desktop\JsapProject\JSAPNEW\Models\InventoryAuditModels.cs(287,37): warning CS8618: Non-nullable property 'Summary' must contain a non-null value when exiting constructor. Consider adding the 'required' modifier or declaring the property as nullable. [C:\Users\Rohit Rathod\Desktop\JsapProject\JSAPNEW\JSAPNEW.csproj]
C:\Users\Rohit Rathod\Desktop\JsapProject\JSAPNEW\Models\InventoryAuditModels.cs(342,23): warning CS8618: Non-nullable property 'ItemCode' must contain a non-null value when exiting constructor. Consider adding the 'required' modifier or declaring the property as nullable. [C:\Users\Rohit Rathod\Desktop\JsapProject\JSAPNEW\JSAPNEW.csproj]
C:\Users\Rohit Rathod\Desktop\JsapProject\JSAPNEW\Models\InventoryAuditModels.cs(343,23): warning CS8618: Non-nullable property 'ItemName' must contain a non-null value when exiting constructor. Consider adding the 'required' modifier or declaring the property as nullable. [C:\Users\Rohit Rathod\Desktop\JsapProject\JSAPNEW\JSAPNEW.csproj]
C:\Users\Rohit Rathod\Desktop\JsapProject\JSAPNEW\Models\InventoryAuditModels.cs(344,23): warning CS8618: Non-nullable property 'WarehouseName' must contain a non-null value when exiting constructor. Consider adding the 'required' modifier or declaring the property as nullable. [C:\Users\Rohit Rathod\Desktop\JsapProject\JSAPNEW\JSAPNEW.csproj]
C:\Users\Rohit Rathod\Desktop\JsapProject\JSAPNEW\Models\InventoryAuditModels.cs(350,23): warning CS8618: Non-nullable property 'itmsGrpNam' must contain a non-null value when exiting constructor. Consider adding the 'required' modifier or declaring the property as nullable. [C:\Users\Rohit Rathod\Desktop\JsapProject\JSAPNEW\JSAPNEW.csproj]
C:\Users\Rohit Rathod\Desktop\JsapProject\JSAPNEW\Models\InventoryAuditModels.cs(351,23): warning CS8618: Non-nullable property 'u_Sub_Group' must contain a non-null value when exiting constructor. Consider adding the 'required' modifier or declaring the property as nullable. [C:\Users\Rohit Rathod\Desktop\JsapProject\JSAPNEW\JSAPNEW.csproj]
C:\Users\Rohit Rathod\Desktop\JsapProject\JSAPNEW\Models\InventoryAuditModels.cs(353,23): warning CS8618: Non-nullable property 'isLitre' must contain a non-null value when exiting constructor. Consider adding the 'required' modifier or declaring the property as nullable. [C:\Users\Rohit Rathod\Desktop\JsapProject\JSAPNEW\JSAPNEW.csproj]
C:\Users\Rohit Rathod\Desktop\JsapProject\JSAPNEW\Models\InventoryAuditModels.cs(282,23): warning CS8618: Non-nullable property 'StatusMessage' must contain a non-null value when exiting constructor. Consider adding the 'required' modifier or declaring the property as nullable. [C:\Users\Rohit Rathod\Desktop\JsapProject\JSAPNEW\JSAPNEW.csproj]
C:\Users\Rohit Rathod\Desktop\JsapProject\JSAPNEW\Models\ItemMasterModel.cs(160,23): warning CS8618: Non-nullable property 'ItemName' must contain a non-null value when exiting constructor. Consider adding the 'required' modifier or declaring the property as nullable. [C:\Users\Rohit Rathod\Desktop\JsapProject\JSAPNEW\JSAPNEW.csproj]
C:\Users\Rohit Rathod\Desktop\JsapProject\JSAPNEW\Models\ItemMasterModel.cs(163,23): warning CS8618: Non-nullable property 'TaxRate' must contain a non-null value when exiting constructor. Consider adding the 'required' modifier or declaring the property as nullable. [C:\Users\Rohit Rathod\Desktop\JsapProject\JSAPNEW\JSAPNEW.csproj]
C:\Users\Rohit Rathod\Desktop\JsapProject\JSAPNEW\Models\ItemMasterModel.cs(164,23): warning CS8618: Non-nullable property 'ChapterId' must contain a non-null value when exiting constructor. Consider adding the 'required' modifier or declaring the property as nullable. [C:\Users\Rohit Rathod\Desktop\JsapProject\JSAPNEW\JSAPNEW.csproj]
C:\Users\Rohit Rathod\Desktop\JsapProject\JSAPNEW\Models\ItemMasterModel.cs(165,23): warning CS8618: Non-nullable property 'ChapterName' must contain a non-null value when exiting constructor. Consider adding the 'required' modifier or declaring the property as nullable. [C:\Users\Rohit Rathod\Desktop\JsapProject\JSAPNEW\JSAPNEW.csproj]
C:\Users\Rohit Rathod\Desktop\JsapProject\JSAPNEW\Models\ItemMasterModel.cs(166,23): warning CS8618: Non-nullable property 'Unit' must contain a non-null value when exiting constructor. Consider adding the 'required' modifier or declaring the property as nullable. [C:\Users\Rohit Rathod\Desktop\JsapProject\JSAPNEW\JSAPNEW.csproj]
C:\Users\Rohit Rathod\Desktop\JsapProject\JSAPNEW\Models\ItemMasterModel.cs(167,23): warning CS8618: Non-nullable property 'Brand' must contain a non-null value when exiting constructor. Consider adding the 'required' modifier or declaring the property as nullable. [C:\Users\Rohit Rathod\Desktop\JsapProject\JSAPNEW\JSAPNEW.csproj]
C:\Users\Rohit Rathod\Desktop\JsapProject\JSAPNEW\Models\ItemMasterModel.cs(168,23): warning CS8618: Non-nullable property 'Variety' must contain a non-null value when exiting constructor. Consider adding the 'required' modifier or declaring the property as nullable. [C:\Users\Rohit Rathod\Desktop\JsapProject\JSAPNEW\JSAPNEW.csproj]
C:\Users\Rohit Rathod\Desktop\JsapProject\JSAPNEW\Models\ItemMasterModel.cs(169,23): warning CS8618: Non-nullable property 'SubGroup' must contain a non-null value when exiting constructor. Consider adding the 'required' modifier or declaring the property as nullable. [C:\Users\Rohit Rathod\Desktop\JsapProject\JSAPNEW\JSAPNEW.csproj]
C:\Users\Rohit Rathod\Desktop\JsapProject\JSAPNEW\Models\ItemMasterModel.cs(170,23): warning CS8618: Non-nullable property 'Sku' must contain a non-null value when exiting constructor. Consider adding the 'required' modifier or declaring the property as nullable. [C:\Users\Rohit Rathod\Desktop\JsapProject\JSAPNEW\JSAPNEW.csproj]
C:\Users\Rohit Rathod\Desktop\JsapProject\JSAPNEW\Models\ItemMasterModel.cs(172,23): warning CS8618: Non-nullable property 'BoxSize' must contain a non-null value when exiting constructor. Consider adding the 'required' modifier or declaring the property as nullable. [C:\Users\Rohit Rathod\Desktop\JsapProject\JSAPNEW\JSAPNEW.csproj]
C:\Users\Rohit Rathod\Desktop\JsapProject\JSAPNEW\Models\ItemMasterModel.cs(173,23): warning CS8618: Non-nullable property 'UnitSize' must contain a non-null value when exiting constructor. Consider adding the 'required' modifier or declaring the property as nullable. [C:\Users\Rohit Rathod\Desktop\JsapProject\JSAPNEW\JSAPNEW.csproj]
C:\Users\Rohit Rathod\Desktop\JsapProject\JSAPNEW\Models\ItemMasterModel.cs(174,23): warning CS8618: Non-nullable property 'UomGroup' must contain a non-null value when exiting constructor. Consider adding the 'required' modifier or declaring the property as nullable. [C:\Users\Rohit Rathod\Desktop\JsapProject\JSAPNEW\JSAPNEW.csproj]
C:\Users\Rohit Rathod\Desktop\JsapProject\JSAPNEW\Models\ItemMasterModel.cs(175,23): warning CS8618: Non-nullable property 'IsLitre' must contain a non-null value when exiting constructor. Consider adding the 'required' modifier or declaring the property as nullable. [C:\Users\Rohit Rathod\Desktop\JsapProject\JSAPNEW\JSAPNEW.csproj]
C:\Users\Rohit Rathod\Desktop\JsapProject\JSAPNEW\Models\ItemMasterModel.cs(176,23): warning CS8618: Non-nullable property 'GrossWeight' must contain a non-null value when exiting constructor. Consider adding the 'required' modifier or declaring the property as nullable. [C:\Users\Rohit Rathod\Desktop\JsapProject\JSAPNEW\JSAPNEW.csproj]
C:\Users\Rohit Rathod\Desktop\JsapProject\JSAPNEW\Models\ItemMasterModel.cs(177,23): warning CS8618: Non-nullable property 'Mrp' must contain a non-null value when exiting constructor. Consider adding the 'required' modifier or declaring the property as nullable. [C:\Users\Rohit Rathod\Desktop\JsapProject\JSAPNEW\JSAPNEW.csproj]
C:\Users\Rohit Rathod\Desktop\JsapProject\JSAPNEW\Models\ItemMasterModel.cs(178,23): warning CS8618: Non-nullable property 'PackType' must contain a non-null value when exiting constructor. Consider adding the 'required' modifier or declaring the property as nullable. [C:\Users\Rohit Rathod\Desktop\JsapProject\JSAPNEW\JSAPNEW.csproj]
C:\Users\Rohit Rathod\Desktop\JsapProject\JSAPNEW\Models\ItemMasterModel.cs(179,23): warning CS8618: Non-nullable property 'PackingType' must contain a non-null value when exiting constructor. Consider adding the 'required' modifier or declaring the property as nullable. [C:\Users\Rohit Rathod\Desktop\JsapProject\JSAPNEW\JSAPNEW.csproj]
C:\Users\Rohit Rathod\Desktop\JsapProject\JSAPNEW\Models\ItemMasterModel.cs(180,23): warning CS8618: Non-nullable property 'FaType' must contain a non-null value when exiting constructor. Consider adding the 'required' modifier or declaring the property as nullable. [C:\Users\Rohit Rathod\Desktop\JsapProject\JSAPNEW\JSAPNEW.csproj]
C:\Users\Rohit Rathod\Desktop\JsapProject\JSAPNEW\Models\ItemMasterModel.cs(181,23): warning CS8618: Non-nullable property 'Uom' must contain a non-null value when exiting constructor. Consider adding the 'required' modifier or declaring the property as nullable. [C:\Users\Rohit Rathod\Desktop\JsapProject\JSAPNEW\JSAPNEW.csproj]
C:\Users\Rohit Rathod\Desktop\JsapProject\JSAPNEW\Models\ItemMasterModel.cs(183,23): warning CS8618: Non-nullable property 'salesUom' must contain a non-null value when exiting constructor. Consider adding the 'required' modifier or declaring the property as nullable. [C:\Users\Rohit Rathod\Desktop\JsapProject\JSAPNEW\JSAPNEW.csproj]
C:\Users\Rohit Rathod\Desktop\JsapProject\JSAPNEW\Models\ItemMasterModel.cs(184,23): warning CS8618: Non-nullable property 'invUom' must contain a non-null value when exiting constructor. Consider adding the 'required' modifier or declaring the property as nullable. [C:\Users\Rohit Rathod\Desktop\JsapProject\JSAPNEW\JSAPNEW.csproj]
C:\Users\Rohit Rathod\Desktop\JsapProject\JSAPNEW\Models\ItemMasterModel.cs(185,23): warning CS8618: Non-nullable property 'purchaseUom' must contain a non-null value when exiting constructor. Consider adding the 'required' modifier or declaring the property as nullable. [C:\Users\Rohit Rathod\Desktop\JsapProject\JSAPNEW\JSAPNEW.csproj]
C:\Users\Rohit Rathod\Desktop\JsapProject\JSAPNEW\Models\ItemMasterModel.cs(190,23): warning CS8618: Non-nullable property 'FranName' must contain a non-null value when exiting constructor. Consider adding the 'required' modifier or declaring the property as nullable. [C:\Users\Rohit Rathod\Desktop\JsapProject\JSAPNEW\JSAPNEW.csproj]
C:\Users\Rohit Rathod\Desktop\JsapProject\JSAPNEW\Models\ItemMasterModel.cs(191,23): warning CS8618: Non-nullable property 'PrchseItem' must contain a non-null value when exiting constructor. Consider adding the 'required' modifier or declaring the property as nullable. [C:\Users\Rohit Rathod\Desktop\JsapProject\JSAPNEW\JSAPNEW.csproj]
C:\Users\Rohit Rathod\Desktop\JsapProject\JSAPNEW\Models\ItemMasterModel.cs(192,23): warning CS8618: Non-nullable property 'InvItem' must contain a non-null value when exiting constructor. Consider adding the 'required' modifier or declaring the property as nullable. [C:\Users\Rohit Rathod\Desktop\JsapProject\JSAPNEW\JSAPNEW.csproj]
C:\Users\Rohit Rathod\Desktop\JsapProject\JSAPNEW\Models\ItemMasterModel.cs(194,23): warning CS8618: Non-nullable property 'SalUnitMsr' must contain a non-null value when exiting constructor. Consider adding the 'required' modifier or declaring the property as nullable. [C:\Users\Rohit Rathod\Desktop\JsapProject\JSAPNEW\JSAPNEW.csproj]
C:\Users\Rohit Rathod\Desktop\JsapProject\JSAPNEW\Models\ItemMasterModel.cs(196,23): warning CS8618: Non-nullable property 'EvalSystem' must contain a non-null value when exiting constructor. Consider adding the 'required' modifier or declaring the property as nullable. [C:\Users\Rohit Rathod\Desktop\JsapProject\JSAPNEW\JSAPNEW.csproj]
C:\Users\Rohit Rathod\Desktop\JsapProject\JSAPNEW\Models\ItemMasterModel.cs(197,23): warning CS8618: Non-nullable property 'ThreeType' must contain a non-null value when exiting constructor. Consider adding the 'required' modifier or declaring the property as nullable. [C:\Users\Rohit Rathod\Desktop\JsapProject\JSAPNEW\JSAPNEW.csproj]
C:\Users\Rohit Rathod\Desktop\JsapProject\JSAPNEW\Models\ItemMasterModel.cs(198,23): warning CS8618: Non-nullable property 'ManSerNum' must contain a non-null value when exiting constructor. Consider adding the 'required' modifier or declaring the property as nullable. [C:\Users\Rohit Rathod\Desktop\JsapProject\JSAPNEW\JSAPNEW.csproj]
C:\Users\Rohit Rathod\Desktop\JsapProject\JSAPNEW\Models\ItemMasterModel.cs(207,23): warning CS8618: Non-nullable property 'PurPackMsr' must contain a non-null value when exiting constructor. Consider adding the 'required' modifier or declaring the property as nullable. [C:\Users\Rohit Rathod\Desktop\JsapProject\JSAPNEW\JSAPNEW.csproj]
C:\Users\Rohit Rathod\Desktop\JsapProject\JSAPNEW\Models\ItemMasterModel.cs(208,23): warning CS8618: Non-nullable property 'PurPackUn' must contain a non-null value when exiting constructor. Consider adding the 'required' modifier or declaring the property as nullable. [C:\Users\Rohit Rathod\Desktop\JsapProject\JSAPNEW\JSAPNEW.csproj]
C:\Users\Rohit Rathod\Desktop\JsapProject\JSAPNEW\Models\ItemMasterModel.cs(209,23): warning CS8618: Non-nullable property 'SalPackUn' must contain a non-null value when exiting constructor. Consider adding the 'required' modifier or declaring the property as nullable. [C:\Users\Rohit Rathod\Desktop\JsapProject\JSAPNEW\JSAPNEW.csproj]
C:\Users\Rohit Rathod\Desktop\JsapProject\JSAPNEW\Models\ItemMasterModel.cs(210,23): warning CS8618: Non-nullable property 'ManBtchNum' must contain a non-null value when exiting constructor. Consider adding the 'required' modifier or declaring the property as nullable. [C:\Users\Rohit Rathod\Desktop\JsapProject\JSAPNEW\JSAPNEW.csproj]
C:\Users\Rohit Rathod\Desktop\JsapProject\JSAPNEW\Models\ItemMasterModel.cs(211,23): warning CS8618: Non-nullable property 'GenEntry' must contain a non-null value when exiting constructor. Consider adding the 'required' modifier or declaring the property as nullable. [C:\Users\Rohit Rathod\Desktop\JsapProject\JSAPNEW\JSAPNEW.csproj]
C:\Users\Rohit Rathod\Desktop\JsapProject\JSAPNEW\Models\ItemMasterModel.cs(212,23): warning CS8618: Non-nullable property 'WtLiable' must contain a non-null value when exiting constructor. Consider adding the 'required' modifier or declaring the property as nullable. [C:\Users\Rohit Rathod\Desktop\JsapProject\JSAPNEW\JSAPNEW.csproj]
C:\Users\Rohit Rathod\Desktop\JsapProject\JSAPNEW\Models\ItemMasterModel.cs(213,23): warning CS8618: Non-nullable property 'IssueMethod' must contain a non-null value when exiting constructor. Consider adding the 'required' modifier or declaring the property as nullable. [C:\Users\Rohit Rathod\Desktop\JsapProject\JSAPNEW\JSAPNEW.csproj]
C:\Users\Rohit Rathod\Desktop\JsapProject\JSAPNEW\Models\ItemMasterModel.cs(214,23): warning CS8618: Non-nullable property 'MngMethod' must contain a non-null value when exiting constructor. Consider adding the 'required' modifier or declaring the property as nullable. [C:\Users\Rohit Rathod\Desktop\JsapProject\JSAPNEW\JSAPNEW.csproj]
C:\Users\Rohit Rathod\Desktop\JsapProject\JSAPNEW\Models\ItemMasterModel.cs(215,23): warning CS8618: Non-nullable property 'InvntoryUom' must contain a non-null value when exiting constructor. Consider adding the 'required' modifier or declaring the property as nullable. [C:\Users\Rohit Rathod\Desktop\JsapProject\JSAPNEW\JSAPNEW.csproj]
C:\Users\Rohit Rathod\Desktop\JsapProject\JSAPNEW\Models\ItemMasterModel.cs(217,23): warning CS8618: Non-nullable property 'GstRelevant' must contain a non-null value when exiting constructor. Consider adding the 'required' modifier or declaring the property as nullable. [C:\Users\Rohit Rathod\Desktop\JsapProject\JSAPNEW\JSAPNEW.csproj]
C:\Users\Rohit Rathod\Desktop\JsapProject\JSAPNEW\Models\ItemMasterModel.cs(218,23): warning CS8618: Non-nullable property 'GstTaxCtg' must contain a non-null value when exiting constructor. Consider adding the 'required' modifier or declaring the property as nullable. [C:\Users\Rohit Rathod\Desktop\JsapProject\JSAPNEW\JSAPNEW.csproj]
C:\Users\Rohit Rathod\Desktop\JsapProject\JSAPNEW\Models\InventoryAuditModels.cs(292,23): warning CS8618: Non-nullable property 'SessionName' must contain a non-null value when exiting constructor. Consider adding the 'required' modifier or declaring the property as nullable. [C:\Users\Rohit Rathod\Desktop\JsapProject\JSAPNEW\JSAPNEW.csproj]
C:\Users\Rohit Rathod\Desktop\JsapProject\JSAPNEW\Models\InventoryAuditModels.cs(293,23): warning CS8618: Non-nullable property 'LotNumber' must contain a non-null value when exiting constructor. Consider adding the 'required' modifier or declaring the property as nullable. [C:\Users\Rohit Rathod\Desktop\JsapProject\JSAPNEW\JSAPNEW.csproj]
C:\Users\Rohit Rathod\Desktop\JsapProject\JSAPNEW\Models\InventoryAuditModels.cs(294,23): warning CS8618: Non-nullable property 'sessionStatus' must contain a non-null value when exiting constructor. Consider adding the 'required' modifier or declaring the property as nullable. [C:\Users\Rohit Rathod\Desktop\JsapProject\JSAPNEW\JSAPNEW.csproj]
C:\Users\Rohit Rathod\Desktop\JsapProject\JSAPNEW\Models\InventoryAuditModels.cs(295,23): warning CS8618: Non-nullable property 'Description' must contain a non-null value when exiting constructor. Consider adding the 'required' modifier or declaring the property as nullable. [C:\Users\Rohit Rathod\Desktop\JsapProject\JSAPNEW\JSAPNEW.csproj]
C:\Users\Rohit Rathod\Desktop\JsapProject\JSAPNEW\Models\InventoryAuditModels.cs(300,23): warning CS8618: Non-nullable property 'RoleInSession' must contain a non-null value when exiting constructor. Consider adding the 'required' modifier or declaring the property as nullable. [C:\Users\Rohit Rathod\Desktop\JsapProject\JSAPNEW\JSAPNEW.csproj]
C:\Users\Rohit Rathod\Desktop\JsapProject\JSAPNEW\Models\InventoryAuditModels.cs(302,23): warning CS8618: Non-nullable property 'CreatedByUsername' must contain a non-null value when exiting constructor. Consider adding the 'required' modifier or declaring the property as nullable. [C:\Users\Rohit Rathod\Desktop\JsapProject\JSAPNEW\JSAPNEW.csproj]
C:\Users\Rohit Rathod\Desktop\JsapProject\JSAPNEW\Models\InventoryAuditModels.cs(303,23): warning CS8618: Non-nullable property 'AssignedByUsername' must contain a non-null value when exiting constructor. Consider adding the 'required' modifier or declaring the property as nullable. [C:\Users\Rohit Rathod\Desktop\JsapProject\JSAPNEW\JSAPNEW.csproj]
C:\Users\Rohit Rathod\Desktop\JsapProject\JSAPNEW\Models\InventoryAuditModels.cs(304,23): warning CS8618: Non-nullable property 'LastModifiedByUsername' must contain a non-null value when exiting constructor. Consider adding the 'required' modifier or declaring the property as nullable. [C:\Users\Rohit Rathod\Desktop\JsapProject\JSAPNEW\JSAPNEW.csproj]
C:\Users\Rohit Rathod\Desktop\JsapProject\JSAPNEW\Models\InventoryAuditModels.cs(306,23): warning CS8618: Non-nullable property 'InactiveReason' must contain a non-null value when exiting constructor. Consider adding the 'required' modifier or declaring the property as nullable. [C:\Users\Rohit Rathod\Desktop\JsapProject\JSAPNEW\JSAPNEW.csproj]
C:\Users\Rohit Rathod\Desktop\JsapProject\JSAPNEW\Models\InventoryAuditModels.cs(398,23): warning CS8618: Non-nullable property 'ItemGroupCode' must contain a non-null value when exiting constructor. Consider adding the 'required' modifier or declaring the property as nullable. [C:\Users\Rohit Rathod\Desktop\JsapProject\JSAPNEW\JSAPNEW.csproj]
C:\Users\Rohit Rathod\Desktop\JsapProject\JSAPNEW\Models\InventoryAuditModels.cs(399,23): warning CS8618: Non-nullable property 'ItemCode' must contain a non-null value when exiting constructor. Consider adding the 'required' modifier or declaring the property as nullable. [C:\Users\Rohit Rathod\Desktop\JsapProject\JSAPNEW\JSAPNEW.csproj]
C:\Users\Rohit Rathod\Desktop\JsapProject\JSAPNEW\Models\InventoryAuditModels.cs(400,23): warning CS8618: Non-nullable property 'Unit' must contain a non-null value when exiting constructor. Consider adding the 'required' modifier or declaring the property as nullable. [C:\Users\Rohit Rathod\Desktop\JsapProject\JSAPNEW\JSAPNEW.csproj]
C:\Users\Rohit Rathod\Desktop\JsapProject\JSAPNEW\Models\InventoryAuditModels.cs(401,23): warning CS8618: Non-nullable property 'LocationName' must contain a non-null value when exiting constructor. Consider adding the 'required' modifier or declaring the property as nullable. [C:\Users\Rohit Rathod\Desktop\JsapProject\JSAPNEW\JSAPNEW.csproj]
C:\Users\Rohit Rathod\Desktop\JsapProject\JSAPNEW\Models\InventoryAuditModels.cs(402,23): warning CS8618: Non-nullable property 'ItemName' must contain a non-null value when exiting constructor. Consider adding the 'required' modifier or declaring the property as nullable. [C:\Users\Rohit Rathod\Desktop\JsapProject\JSAPNEW\JSAPNEW.csproj]
C:\Users\Rohit Rathod\Desktop\JsapProject\JSAPNEW\Models\InventoryAuditModels.cs(403,23): warning CS8618: Non-nullable property 'ItemGroupName' must contain a non-null value when exiting constructor. Consider adding the 'required' modifier or declaring the property as nullable. [C:\Users\Rohit Rathod\Desktop\JsapProject\JSAPNEW\JSAPNEW.csproj]
C:\Users\Rohit Rathod\Desktop\JsapProject\JSAPNEW\Models\InventoryAuditModels.cs(404,23): warning CS8618: Non-nullable property 'SubGroupName' must contain a non-null value when exiting constructor. Consider adding the 'required' modifier or declaring the property as nullable. [C:\Users\Rohit Rathod\Desktop\JsapProject\JSAPNEW\JSAPNEW.csproj]
C:\Users\Rohit Rathod\Desktop\JsapProject\JSAPNEW\Models\InventoryAuditModels.cs(412,23): warning CS8618: Non-nullable property 'IsLitreFlag' must contain a non-null value when exiting constructor. Consider adding the 'required' modifier or declaring the property as nullable. [C:\Users\Rohit Rathod\Desktop\JsapProject\JSAPNEW\JSAPNEW.csproj]
C:\Users\Rohit Rathod\Desktop\JsapProject\JSAPNEW\Models\InventoryAuditModels.cs(213,23): warning CS8618: Non-nullable property 'UpdatedBy' must contain a non-null value when exiting constructor. Consider adding the 'required' modifier or declaring the property as nullable. [C:\Users\Rohit Rathod\Desktop\JsapProject\JSAPNEW\JSAPNEW.csproj]
C:\Users\Rohit Rathod\Desktop\JsapProject\JSAPNEW\Models\InventoryAuditModels.cs(214,23): warning CS8618: Non-nullable property 'Notes' must contain a non-null value when exiting constructor. Consider adding the 'required' modifier or declaring the property as nullable. [C:\Users\Rohit Rathod\Desktop\JsapProject\JSAPNEW\JSAPNEW.csproj]
C:\Users\Rohit Rathod\Desktop\JsapProject\JSAPNEW\Models\InventoryAuditModels.cs(215,23): warning CS8618: Non-nullable property 'Status' must contain a non-null value when exiting constructor. Consider adding the 'required' modifier or declaring the property as nullable. [C:\Users\Rohit Rathod\Desktop\JsapProject\JSAPNEW\JSAPNEW.csproj]
C:\Users\Rohit Rathod\Desktop\JsapProject\JSAPNEW\Models\InventoryAuditModels.cs(252,23): warning CS8618: Non-nullable property 'SessionName' must contain a non-null value when exiting constructor. Consider adding the 'required' modifier or declaring the property as nullable. [C:\Users\Rohit Rathod\Desktop\JsapProject\JSAPNEW\JSAPNEW.csproj]
C:\Users\Rohit Rathod\Desktop\JsapProject\JSAPNEW\Models\InventoryAuditModels.cs(253,23): warning CS8618: Non-nullable property 'StatusMessage' must contain a non-null value when exiting constructor. Consider adding the 'required' modifier or declaring the property as nullable. [C:\Users\Rohit Rathod\Desktop\JsapProject\JSAPNEW\JSAPNEW.csproj]
C:\Users\Rohit Rathod\Desktop\JsapProject\JSAPNEW\Models\InventoryAuditModels.cs(259,23): warning CS8618: Non-nullable property 'InsertedLotNumber' must contain a non-null value when exiting constructor. Consider adding the 'required' modifier or declaring the property as nullable. [C:\Users\Rohit Rathod\Desktop\JsapProject\JSAPNEW\JSAPNEW.csproj]
C:\Users\Rohit Rathod\Desktop\JsapProject\JSAPNEW\Models\InventoryAuditModels.cs(172,23): warning CS8618: Non-nullable property 'ItemSubGroupName' must contain a non-null value when exiting constructor. Consider adding the 'required' modifier or declaring the property as nullable. [C:\Users\Rohit Rathod\Desktop\JsapProject\JSAPNEW\JSAPNEW.csproj]
C:\Users\Rohit Rathod\Desktop\JsapProject\JSAPNEW\Models\InventoryAuditModels.cs(264,23): warning CS8618: Non-nullable property 'SessionName' must contain a non-null value when exiting constructor. Consider adding the 'required' modifier or declaring the property as nullable. [C:\Users\Rohit Rathod\Desktop\JsapProject\JSAPNEW\JSAPNEW.csproj]
C:\Users\Rohit Rathod\Desktop\JsapProject\JSAPNEW\Models\InventoryAuditModels.cs(265,23): warning CS8618: Non-nullable property 'Description' must contain a non-null value when exiting constructor. Consider adding the 'required' modifier or declaring the property as nullable. [C:\Users\Rohit Rathod\Desktop\JsapProject\JSAPNEW\JSAPNEW.csproj]
C:\Users\Rohit Rathod\Desktop\JsapProject\JSAPNEW\Models\InventoryAuditModels.cs(270,23): warning CS8618: Non-nullable property 'RoleInSession' must contain a non-null value when exiting constructor. Consider adding the 'required' modifier or declaring the property as nullable. [C:\Users\Rohit Rathod\Desktop\JsapProject\JSAPNEW\JSAPNEW.csproj]
C:\Users\Rohit Rathod\Desktop\JsapProject\JSAPNEW\Models\InventoryAuditModels.cs(272,23): warning CS8618: Non-nullable property 'CreatedByUsername' must contain a non-null value when exiting constructor. Consider adding the 'required' modifier or declaring the property as nullable. [C:\Users\Rohit Rathod\Desktop\JsapProject\JSAPNEW\JSAPNEW.csproj]
C:\Users\Rohit Rathod\Desktop\JsapProject\JSAPNEW\Models\InventoryAuditModels.cs(273,23): warning CS8618: Non-nullable property 'AssignedByUsername' must contain a non-null value when exiting constructor. Consider adding the 'required' modifier or declaring the property as nullable. [C:\Users\Rohit Rathod\Desktop\JsapProject\JSAPNEW\JSAPNEW.csproj]
C:\Users\Rohit Rathod\Desktop\JsapProject\JSAPNEW\Models\InventoryAuditModels.cs(275,23): warning CS8618: Non-nullable property 'SessionStatus' must contain a non-null value when exiting constructor. Consider adding the 'required' modifier or declaring the property as nullable. [C:\Users\Rohit Rathod\Desktop\JsapProject\JSAPNEW\JSAPNEW.csproj]
C:\Users\Rohit Rathod\Desktop\JsapProject\JSAPNEW\Models\InventoryAuditModels.cs(276,23): warning CS8618: Non-nullable property 'LotNumber' must contain a non-null value when exiting constructor. Consider adding the 'required' modifier or declaring the property as nullable. [C:\Users\Rohit Rathod\Desktop\JsapProject\JSAPNEW\JSAPNEW.csproj]
C:\Users\Rohit Rathod\Desktop\JsapProject\JSAPNEW\Models\InventoryAuditModels.cs(200,42): warning CS8618: Non-nullable property 'Headers' must contain a non-null value when exiting constructor. Consider adding the 'required' modifier or declaring the property as nullable. [C:\Users\Rohit Rathod\Desktop\JsapProject\JSAPNEW\JSAPNEW.csproj]
C:\Users\Rohit Rathod\Desktop\JsapProject\JSAPNEW\Models\InventoryAuditModels.cs(201,35): warning CS8618: Non-nullable property 'Warehouses' must contain a non-null value when exiting constructor. Consider adding the 'required' modifier or declaring the property as nullable. [C:\Users\Rohit Rathod\Desktop\JsapProject\JSAPNEW\JSAPNEW.csproj]
C:\Users\Rohit Rathod\Desktop\JsapProject\JSAPNEW\Models\InventoryAuditModels.cs(202,35): warning CS8618: Non-nullable property 'ItemGroups' must contain a non-null value when exiting constructor. Consider adding the 'required' modifier or declaring the property as nullable. [C:\Users\Rohit Rathod\Desktop\JsapProject\JSAPNEW\JSAPNEW.csproj]
C:\Users\Rohit Rathod\Desktop\JsapProject\JSAPNEW\Models\InventoryAuditModels.cs(203,38): warning CS8618: Non-nullable property 'ItemSubGroups' must contain a non-null value when exiting constructor. Consider adding the 'required' modifier or declaring the property as nullable. [C:\Users\Rohit Rathod\Desktop\JsapProject\JSAPNEW\JSAPNEW.csproj]
C:\Users\Rohit Rathod\Desktop\JsapProject\JSAPNEW\Models\InventoryAuditModels.cs(204,40): warning CS8618: Non-nullable property 'Items' must contain a non-null value when exiting constructor. Consider adding the 'required' modifier or declaring the property as nullable. [C:\Users\Rohit Rathod\Desktop\JsapProject\JSAPNEW\JSAPNEW.csproj]
C:\Users\Rohit Rathod\Desktop\JsapProject\JSAPNEW\Models\InventoryAuditModels.cs(205,33): warning CS8618: Non-nullable property 'Session' must contain a non-null value when exiting constructor. Consider adding the 'required' modifier or declaring the property as nullable. [C:\Users\Rohit Rathod\Desktop\JsapProject\JSAPNEW\JSAPNEW.csproj]
C:\Users\Rohit Rathod\Desktop\JsapProject\JSAPNEW\Models\InventoryAuditModels.cs(167,23): warning CS8618: Non-nullable property 'ItemGroupName' must contain a non-null value when exiting constructor. Consider adding the 'required' modifier or declaring the property as nullable. [C:\Users\Rohit Rathod\Desktop\JsapProject\JSAPNEW\JSAPNEW.csproj]
C:\Users\Rohit Rathod\Desktop\JsapProject\JSAPNEW\Models\InventoryAuditModels.cs(163,23): warning CS8618: Non-nullable property 'WarehouseName' must contain a non-null value when exiting constructor. Consider adding the 'required' modifier or declaring the property as nullable. [C:\Users\Rohit Rathod\Desktop\JsapProject\JSAPNEW\JSAPNEW.csproj]
C:\Users\Rohit Rathod\Desktop\JsapProject\JSAPNEW\Models\InventoryAuditModels.cs(150,23): warning CS8618: Non-nullable property 'LotNumber' must contain a non-null value when exiting constructor. Consider adding the 'required' modifier or declaring the property as nullable. [C:\Users\Rohit Rathod\Desktop\JsapProject\JSAPNEW\JSAPNEW.csproj]
C:\Users\Rohit Rathod\Desktop\JsapProject\JSAPNEW\Models\InventoryAuditModels.cs(152,23): warning CS8618: Non-nullable property 'WarehouseName' must contain a non-null value when exiting constructor. Consider adding the 'required' modifier or declaring the property as nullable. [C:\Users\Rohit Rathod\Desktop\JsapProject\JSAPNEW\JSAPNEW.csproj]
C:\Users\Rohit Rathod\Desktop\JsapProject\JSAPNEW\Models\InventoryAuditModels.cs(137,23): warning CS8618: Non-nullable property 'LotNumber' must contain a non-null value when exiting constructor. Consider adding the 'required' modifier or declaring the property as nullable. [C:\Users\Rohit Rathod\Desktop\JsapProject\JSAPNEW\JSAPNEW.csproj]
C:\Users\Rohit Rathod\Desktop\JsapProject\JSAPNEW\Models\InventoryAuditModels.cs(139,23): warning CS8618: Non-nullable property 'ItemGroupCode' must contain a non-null value when exiting constructor. Consider adding the 'required' modifier or declaring the property as nullable. [C:\Users\Rohit Rathod\Desktop\JsapProject\JSAPNEW\JSAPNEW.csproj]
C:\Users\Rohit Rathod\Desktop\JsapProject\JSAPNEW\Models\InventoryAuditModels.cs(140,23): warning CS8618: Non-nullable property 'ItemGroupName' must contain a non-null value when exiting constructor. Consider adding the 'required' modifier or declaring the property as nullable. [C:\Users\Rohit Rathod\Desktop\JsapProject\JSAPNEW\JSAPNEW.csproj]
C:\Users\Rohit Rathod\Desktop\JsapProject\JSAPNEW\Models\InventoryAuditModels.cs(108,23): warning CS8618: Non-nullable property 'LotNumber' must contain a non-null value when exiting constructor. Consider adding the 'required' modifier or declaring the property as nullable. [C:\Users\Rohit Rathod\Desktop\JsapProject\JSAPNEW\JSAPNEW.csproj]
C:\Users\Rohit Rathod\Desktop\JsapProject\JSAPNEW\Models\InventoryAuditModels.cs(112,23): warning CS8618: Non-nullable property 'unit' must contain a non-null value when exiting constructor. Consider adding the 'required' modifier or declaring the property as nullable. [C:\Users\Rohit Rathod\Desktop\JsapProject\JSAPNEW\JSAPNEW.csproj]
C:\Users\Rohit Rathod\Desktop\JsapProject\JSAPNEW\Models\InventoryAuditModels.cs(113,23): warning CS8618: Non-nullable property 'location' must contain a non-null value when exiting constructor. Consider adding the 'required' modifier or declaring the property as nullable. [C:\Users\Rohit Rathod\Desktop\JsapProject\JSAPNEW\JSAPNEW.csproj]
C:\Users\Rohit Rathod\Desktop\JsapProject\JSAPNEW\Models\InventoryAuditModels.cs(114,23): warning CS8618: Non-nullable property 'warehouse' must contain a non-null value when exiting constructor. Consider adding the 'required' modifier or declaring the property as nullable. [C:\Users\Rohit Rathod\Desktop\JsapProject\JSAPNEW\JSAPNEW.csproj]
C:\Users\Rohit Rathod\Desktop\JsapProject\JSAPNEW\Models\InventoryAuditModels.cs(115,23): warning CS8618: Non-nullable property 'itemGroup' must contain a non-null value when exiting constructor. Consider adding the 'required' modifier or declaring the property as nullable. [C:\Users\Rohit Rathod\Desktop\JsapProject\JSAPNEW\JSAPNEW.csproj]
C:\Users\Rohit Rathod\Desktop\JsapProject\JSAPNEW\Models\InventoryAuditModels.cs(116,23): warning CS8618: Non-nullable property 'itemSubGroup' must contain a non-null value when exiting constructor. Consider adding the 'required' modifier or declaring the property as nullable. [C:\Users\Rohit Rathod\Desktop\JsapProject\JSAPNEW\JSAPNEW.csproj]
C:\Users\Rohit Rathod\Desktop\JsapProject\JSAPNEW\Models\InventoryAuditModels.cs(117,23): warning CS8618: Non-nullable property 'status' must contain a non-null value when exiting constructor. Consider adding the 'required' modifier or declaring the property as nullable. [C:\Users\Rohit Rathod\Desktop\JsapProject\JSAPNEW\JSAPNEW.csproj]
C:\Users\Rohit Rathod\Desktop\JsapProject\JSAPNEW\Models\InventoryAuditModels.cs(103,23): warning CS8618: Non-nullable property 'Message' must contain a non-null value when exiting constructor. Consider adding the 'required' modifier or declaring the property as nullable. [C:\Users\Rohit Rathod\Desktop\JsapProject\JSAPNEW\JSAPNEW.csproj]
C:\Users\Rohit Rathod\Desktop\JsapProject\JSAPNEW\Models\InventoryAuditModels.cs(104,23): warning CS8618: Non-nullable property 'UniqueUsername' must contain a non-null value when exiting constructor. Consider adding the 'required' modifier or declaring the property as nullable. [C:\Users\Rohit Rathod\Desktop\JsapProject\JSAPNEW\JSAPNEW.csproj]
C:\Users\Rohit Rathod\Desktop\JsapProject\JSAPNEW\Models\InventoryAuditModels.cs(94,23): warning CS8618: Non-nullable property 'Message' must contain a non-null value when exiting constructor. Consider adding the 'required' modifier or declaring the property as nullable. [C:\Users\Rohit Rathod\Desktop\JsapProject\JSAPNEW\JSAPNEW.csproj]
C:\Users\Rohit Rathod\Desktop\JsapProject\JSAPNEW\Models\InventoryAuditModels.cs(144,23): warning CS8618: Non-nullable property 'LotNumber' must contain a non-null value when exiting constructor. Consider adding the 'required' modifier or declaring the property as nullable. [C:\Users\Rohit Rathod\Desktop\JsapProject\JSAPNEW\JSAPNEW.csproj]
C:\Users\Rohit Rathod\Desktop\JsapProject\JSAPNEW\Models\InventoryAuditModels.cs(146,23): warning CS8618: Non-nullable property 'ItemSubGroupName' must contain a non-null value when exiting constructor. Consider adding the 'required' modifier or declaring the property as nullable. [C:\Users\Rohit Rathod\Desktop\JsapProject\JSAPNEW\JSAPNEW.csproj]
C:\Users\Rohit Rathod\Desktop\JsapProject\JSAPNEW\Models\InventoryAuditModels.cs(60,23): warning CS8618: Non-nullable property 'Warehouse' must contain a non-null value when exiting constructor. Consider adding the 'required' modifier or declaring the property as nullable. [C:\Users\Rohit Rathod\Desktop\JsapProject\JSAPNEW\JSAPNEW.csproj]
C:\Users\Rohit Rathod\Desktop\JsapProject\JSAPNEW\Models\InventoryAuditModels.cs(121,23): warning CS8618: Non-nullable property 'LotNumber' must contain a non-null value when exiting constructor. Consider adding the 'required' modifier or declaring the property as nullable. [C:\Users\Rohit Rathod\Desktop\JsapProject\JSAPNEW\JSAPNEW.csproj]
C:\Users\Rohit Rathod\Desktop\JsapProject\JSAPNEW\Models\InventoryAuditModels.cs(123,23): warning CS8618: Non-nullable property 'sessionName' must contain a non-null value when exiting constructor. Consider adding the 'required' modifier or declaring the property as nullable. [C:\Users\Rohit Rathod\Desktop\JsapProject\JSAPNEW\JSAPNEW.csproj]
C:\Users\Rohit Rathod\Desktop\JsapProject\JSAPNEW\Models\InventoryAuditModels.cs(124,23): warning CS8618: Non-nullable property 'Unit' must contain a non-null value when exiting constructor. Consider adding the 'required' modifier or declaring the property as nullable. [C:\Users\Rohit Rathod\Desktop\JsapProject\JSAPNEW\JSAPNEW.csproj]
C:\Users\Rohit Rathod\Desktop\JsapProject\JSAPNEW\Models\InventoryAuditModels.cs(126,23): warning CS8618: Non-nullable property 'Location' must contain a non-null value when exiting constructor. Consider adding the 'required' modifier or declaring the property as nullable. [C:\Users\Rohit Rathod\Desktop\JsapProject\JSAPNEW\JSAPNEW.csproj]
C:\Users\Rohit Rathod\Desktop\JsapProject\JSAPNEW\Models\InventoryAuditModels.cs(127,23): warning CS8618: Non-nullable property 'Status' must contain a non-null value when exiting constructor. Consider adding the 'required' modifier or declaring the property as nullable. [C:\Users\Rohit Rathod\Desktop\JsapProject\JSAPNEW\JSAPNEW.csproj]
C:\Users\Rohit Rathod\Desktop\JsapProject\JSAPNEW\Models\InventoryAuditModels.cs(130,23): warning CS8618: Non-nullable property 'UpdatedBy' must contain a non-null value when exiting constructor. Consider adding the 'required' modifier or declaring the property as nullable. [C:\Users\Rohit Rathod\Desktop\JsapProject\JSAPNEW\JSAPNEW.csproj]
C:\Users\Rohit Rathod\Desktop\JsapProject\JSAPNEW\Models\InventoryAuditModels.cs(132,23): warning CS8618: Non-nullable property 'Company' must contain a non-null value when exiting constructor. Consider adding the 'required' modifier or declaring the property as nullable. [C:\Users\Rohit Rathod\Desktop\JsapProject\JSAPNEW\JSAPNEW.csproj]
C:\Users\Rohit Rathod\Desktop\JsapProject\JSAPNEW\Models\InventoryAuditModels.cs(133,23): warning CS8618: Non-nullable property 'loginUser' must contain a non-null value when exiting constructor. Consider adding the 'required' modifier or declaring the property as nullable. [C:\Users\Rohit Rathod\Desktop\JsapProject\JSAPNEW\JSAPNEW.csproj]
C:\Users\Rohit Rathod\Desktop\JsapProject\JSAPNEW\Models\InventoryAuditModels.cs(56,23): warning CS8618: Non-nullable property 'LocationName' must contain a non-null value when exiting constructor. Consider adding the 'required' modifier or declaring the property as nullable. [C:\Users\Rohit Rathod\Desktop\JsapProject\JSAPNEW\JSAPNEW.csproj]
C:\Users\Rohit Rathod\Desktop\JsapProject\JSAPNEW\Models\InventoryAuditModels.cs(40,23): warning CS8618: Non-nullable property 'U_Sub_Group' must contain a non-null value when exiting constructor. Consider adding the 'required' modifier or declaring the property as nullable. [C:\Users\Rohit Rathod\Desktop\JsapProject\JSAPNEW\JSAPNEW.csproj]
C:\Users\Rohit Rathod\Desktop\JsapProject\JSAPNEW\Models\InventoryAuditModels.cs(36,23): warning CS8618: Non-nullable property 'U_Unit' must contain a non-null value when exiting constructor. Consider adding the 'required' modifier or declaring the property as nullable. [C:\Users\Rohit Rathod\Desktop\JsapProject\JSAPNEW\JSAPNEW.csproj]
C:\Users\Rohit Rathod\Desktop\JsapProject\JSAPNEW\Models\InventoryAuditModels.cs(64,23): warning CS8618: Non-nullable property 'ItemCode' must contain a non-null value when exiting constructor. Consider adding the 'required' modifier or declaring the property as nullable. [C:\Users\Rohit Rathod\Desktop\JsapProject\JSAPNEW\JSAPNEW.csproj]
C:\Users\Rohit Rathod\Desktop\JsapProject\JSAPNEW\Models\InventoryAuditModels.cs(65,23): warning CS8618: Non-nullable property 'ItemName' must contain a non-null value when exiting constructor. Consider adding the 'required' modifier or declaring the property as nullable. [C:\Users\Rohit Rathod\Desktop\JsapProject\JSAPNEW\JSAPNEW.csproj]
C:\Users\Rohit Rathod\Desktop\JsapProject\JSAPNEW\Models\InventoryAuditModels.cs(66,23): warning CS8618: Non-nullable property 'WarehouseName' must contain a non-null value when exiting constructor. Consider adding the 'required' modifier or declaring the property as nullable. [C:\Users\Rohit Rathod\Desktop\JsapProject\JSAPNEW\JSAPNEW.csproj]
C:\Users\Rohit Rathod\Desktop\JsapProject\JSAPNEW\Models\InventoryAuditModels.cs(67,23): warning CS8618: Non-nullable property 'ItemGroupCode' must contain a non-null value when exiting constructor. Consider adding the 'required' modifier or declaring the property as nullable. [C:\Users\Rohit Rathod\Desktop\JsapProject\JSAPNEW\JSAPNEW.csproj]
C:\Users\Rohit Rathod\Desktop\JsapProject\JSAPNEW\Models\InventoryAuditModels.cs(72,23): warning CS8618: Non-nullable property 'itmsGrpNam' must contain a non-null value when exiting constructor. Consider adding the 'required' modifier or declaring the property as nullable. [C:\Users\Rohit Rathod\Desktop\JsapProject\JSAPNEW\JSAPNEW.csproj]
C:\Users\Rohit Rathod\Desktop\JsapProject\JSAPNEW\Models\InventoryAuditModels.cs(73,23): warning CS8618: Non-nullable property 'u_Sub_Group' must contain a non-null value when exiting constructor. Consider adding the 'required' modifier or declaring the property as nullable. [C:\Users\Rohit Rathod\Desktop\JsapProject\JSAPNEW\JSAPNEW.csproj]
C:\Users\Rohit Rathod\Desktop\JsapProject\JSAPNEW\Models\InventoryAuditModels.cs(44,23): warning CS8618: Non-nullable property 'ItemCode' must contain a non-null value when exiting constructor. Consider adding the 'required' modifier or declaring the property as nullable. [C:\Users\Rohit Rathod\Desktop\JsapProject\JSAPNEW\JSAPNEW.csproj]
C:\Users\Rohit Rathod\Desktop\JsapProject\JSAPNEW\Models\InventoryAuditModels.cs(45,23): warning CS8618: Non-nullable property 'ItemName' must contain a non-null value when exiting constructor. Consider adding the 'required' modifier or declaring the property as nullable. [C:\Users\Rohit Rathod\Desktop\JsapProject\JSAPNEW\JSAPNEW.csproj]
C:\Users\Rohit Rathod\Desktop\JsapProject\JSAPNEW\Models\InventoryAuditModels.cs(46,23): warning CS8618: Non-nullable property 'FrgnName' must contain a non-null value when exiting constructor. Consider adding the 'required' modifier or declaring the property as nullable. [C:\Users\Rohit Rathod\Desktop\JsapProject\JSAPNEW\JSAPNEW.csproj]
C:\Users\Rohit Rathod\Desktop\JsapProject\JSAPNEW\Models\InventoryAuditModels.cs(48,23): warning CS8618: Non-nullable property 'OnHand' must contain a non-null value when exiting constructor. Consider adding the 'required' modifier or declaring the property as nullable. [C:\Users\Rohit Rathod\Desktop\JsapProject\JSAPNEW\JSAPNEW.csproj]
C:\Users\Rohit Rathod\Desktop\JsapProject\JSAPNEW\Models\InventoryAuditModels.cs(49,23): warning CS8618: Non-nullable property 'SalPackMsr' must contain a non-null value when exiting constructor. Consider adding the 'required' modifier or declaring the property as nullable. [C:\Users\Rohit Rathod\Desktop\JsapProject\JSAPNEW\JSAPNEW.csproj]
C:\Users\Rohit Rathod\Desktop\JsapProject\JSAPNEW\Models\InventoryAuditModels.cs(50,23): warning CS8618: Non-nullable property 'SalPackUn' must contain a non-null value when exiting constructor. Consider adding the 'required' modifier or declaring the property as nullable. [C:\Users\Rohit Rathod\Desktop\JsapProject\JSAPNEW\JSAPNEW.csproj]
C:\Users\Rohit Rathod\Desktop\JsapProject\JSAPNEW\Models\InventoryAuditModels.cs(51,23): warning CS8618: Non-nullable property 'U_IsLitre' must contain a non-null value when exiting constructor. Consider adding the 'required' modifier or declaring the property as nullable. [C:\Users\Rohit Rathod\Desktop\JsapProject\JSAPNEW\JSAPNEW.csproj]
C:\Users\Rohit Rathod\Desktop\JsapProject\JSAPNEW\Models\InventoryAuditModels.cs(26,23): warning CS8618: Non-nullable property 'p_warehouses' must contain a non-null value when exiting constructor. Consider adding the 'required' modifier or declaring the property as nullable. [C:\Users\Rohit Rathod\Desktop\JsapProject\JSAPNEW\JSAPNEW.csproj]
C:\Users\Rohit Rathod\Desktop\JsapProject\JSAPNEW\Models\InventoryAuditModels.cs(27,23): warning CS8618: Non-nullable property 'p_units' must contain a non-null value when exiting constructor. Consider adding the 'required' modifier or declaring the property as nullable. [C:\Users\Rohit Rathod\Desktop\JsapProject\JSAPNEW\JSAPNEW.csproj]
C:\Users\Rohit Rathod\Desktop\JsapProject\JSAPNEW\Models\InventoryAuditModels.cs(28,23): warning CS8618: Non-nullable property 'p_itemGroups' must contain a non-null value when exiting constructor. Consider adding the 'required' modifier or declaring the property as nullable. [C:\Users\Rohit Rathod\Desktop\JsapProject\JSAPNEW\JSAPNEW.csproj]
C:\Users\Rohit Rathod\Desktop\JsapProject\JSAPNEW\Models\InventoryAuditModels.cs(29,23): warning CS8618: Non-nullable property 'p_subGroups' must contain a non-null value when exiting constructor. Consider adding the 'required' modifier or declaring the property as nullable. [C:\Users\Rohit Rathod\Desktop\JsapProject\JSAPNEW\JSAPNEW.csproj]
C:\Users\Rohit Rathod\Desktop\JsapProject\JSAPNEW\Models\InventoryAuditModels.cs(30,23): warning CS8618: Non-nullable property 'p_itemCodes' must contain a non-null value when exiting constructor. Consider adding the 'required' modifier or declaring the property as nullable. [C:\Users\Rohit Rathod\Desktop\JsapProject\JSAPNEW\JSAPNEW.csproj]
C:\Users\Rohit Rathod\Desktop\JsapProject\JSAPNEW\Models\InventoryAuditModels.cs(31,23): warning CS8618: Non-nullable property 'p_locations' must contain a non-null value when exiting constructor. Consider adding the 'required' modifier or declaring the property as nullable. [C:\Users\Rohit Rathod\Desktop\JsapProject\JSAPNEW\JSAPNEW.csproj]
C:\Users\Rohit Rathod\Desktop\JsapProject\JSAPNEW\Models\InventoryAuditModels.cs(227,23): warning CS8618: Non-nullable property 'SessionName' must contain a non-null value when exiting constructor. Consider adding the 'required' modifier or declaring the property as nullable. [C:\Users\Rohit Rathod\Desktop\JsapProject\JSAPNEW\JSAPNEW.csproj]
C:\Users\Rohit Rathod\Desktop\JsapProject\JSAPNEW\Models\InventoryAuditModels.cs(235,23): warning CS8618: Non-nullable property 'LotNumber' must contain a non-null value when exiting constructor. Consider adding the 'required' modifier or declaring the property as nullable. [C:\Users\Rohit Rathod\Desktop\JsapProject\JSAPNEW\JSAPNEW.csproj]
C:\Users\Rohit Rathod\Desktop\JsapProject\JSAPNEW\Models\InventoryAuditModels.cs(236,23): warning CS8618: Non-nullable property 'Unit' must contain a non-null value when exiting constructor. Consider adding the 'required' modifier or declaring the property as nullable. [C:\Users\Rohit Rathod\Desktop\JsapProject\JSAPNEW\JSAPNEW.csproj]
C:\Users\Rohit Rathod\Desktop\JsapProject\JSAPNEW\Models\InventoryAuditModels.cs(237,23): warning CS8618: Non-nullable property 'LocationCode' must contain a non-null value when exiting constructor. Consider adding the 'required' modifier or declaring the property as nullable. [C:\Users\Rohit Rathod\Desktop\JsapProject\JSAPNEW\JSAPNEW.csproj]
C:\Users\Rohit Rathod\Desktop\JsapProject\JSAPNEW\Models\InventoryAuditModels.cs(238,23): warning CS8618: Non-nullable property 'LocationName' must contain a non-null value when exiting constructor. Consider adding the 'required' modifier or declaring the property as nullable. [C:\Users\Rohit Rathod\Desktop\JsapProject\JSAPNEW\JSAPNEW.csproj]
C:\Users\Rohit Rathod\Desktop\JsapProject\JSAPNEW\Models\InventoryAuditModels.cs(242,23): warning CS8618: Non-nullable property 'Company' must contain a non-null value when exiting constructor. Consider adding the 'required' modifier or declaring the property as nullable. [C:\Users\Rohit Rathod\Desktop\JsapProject\JSAPNEW\JSAPNEW.csproj]
C:\Users\Rohit Rathod\Desktop\JsapProject\JSAPNEW\Models\InventoryAuditModels.cs(245,23): warning CS8618: Non-nullable property 'Warehouses' must contain a non-null value when exiting constructor. Consider adding the 'required' modifier or declaring the property as nullable. [C:\Users\Rohit Rathod\Desktop\JsapProject\JSAPNEW\JSAPNEW.csproj]
C:\Users\Rohit Rathod\Desktop\JsapProject\JSAPNEW\Models\InventoryAuditModels.cs(246,23): warning CS8618: Non-nullable property 'ItemGroups' must contain a non-null value when exiting constructor. Consider adding the 'required' modifier or declaring the property as nullable. [C:\Users\Rohit Rathod\Desktop\JsapProject\JSAPNEW\JSAPNEW.csproj]
C:\Users\Rohit Rathod\Desktop\JsapProject\JSAPNEW\Models\InventoryAuditModels.cs(247,23): warning CS8618: Non-nullable property 'ItemSubGroups' must contain a non-null value when exiting constructor. Consider adding the 'required' modifier or declaring the property as nullable. [C:\Users\Rohit Rathod\Desktop\JsapProject\JSAPNEW\JSAPNEW.csproj]
C:\Users\Rohit Rathod\Desktop\JsapProject\JSAPNEW\Models\InventoryAuditModels.cs(156,42): warning CS8618: Non-nullable property 'Headers' must contain a non-null value when exiting constructor. Consider adding the 'required' modifier or declaring the property as nullable. [C:\Users\Rohit Rathod\Desktop\JsapProject\JSAPNEW\JSAPNEW.csproj]
C:\Users\Rohit Rathod\Desktop\JsapProject\JSAPNEW\Models\InventoryAuditModels.cs(157,45): warning CS8618: Non-nullable property 'ItemGroups' must contain a non-null value when exiting constructor. Consider adding the 'required' modifier or declaring the property as nullable. [C:\Users\Rohit Rathod\Desktop\JsapProject\JSAPNEW\JSAPNEW.csproj]
C:\Users\Rohit Rathod\Desktop\JsapProject\JSAPNEW\Models\InventoryAuditModels.cs(158,48): warning CS8618: Non-nullable property 'ItemSubGroups' must contain a non-null value when exiting constructor. Consider adding the 'required' modifier or declaring the property as nullable. [C:\Users\Rohit Rathod\Desktop\JsapProject\JSAPNEW\JSAPNEW.csproj]
C:\Users\Rohit Rathod\Desktop\JsapProject\JSAPNEW\Models\InventoryAuditModels.cs(159,45): warning CS8618: Non-nullable property 'Warehouse' must contain a non-null value when exiting constructor. Consider adding the 'required' modifier or declaring the property as nullable. [C:\Users\Rohit Rathod\Desktop\JsapProject\JSAPNEW\JSAPNEW.csproj]
C:\Users\Rohit Rathod\Desktop\JsapProject\JSAPNEW\Models\InventoryAuditModels.cs(177,23): warning CS8618: Non-nullable property 'ItemCode' must contain a non-null value when exiting constructor. Consider adding the 'required' modifier or declaring the property as nullable. [C:\Users\Rohit Rathod\Desktop\JsapProject\JSAPNEW\JSAPNEW.csproj]
C:\Users\Rohit Rathod\Desktop\JsapProject\JSAPNEW\Models\InventoryAuditModels.cs(178,23): warning CS8618: Non-nullable property 'ItemName' must contain a non-null value when exiting constructor. Consider adding the 'required' modifier or declaring the property as nullable. [C:\Users\Rohit Rathod\Desktop\JsapProject\JSAPNEW\JSAPNEW.csproj]
C:\Users\Rohit Rathod\Desktop\JsapProject\JSAPNEW\Models\InventoryAuditModels.cs(179,23): warning CS8618: Non-nullable property 'LotNumber' must contain a non-null value when exiting constructor. Consider adding the 'required' modifier or declaring the property as nullable. [C:\Users\Rohit Rathod\Desktop\JsapProject\JSAPNEW\JSAPNEW.csproj]
C:\Users\Rohit Rathod\Desktop\JsapProject\JSAPNEW\Models\InventoryAuditModels.cs(180,23): warning CS8618: Non-nullable property 'WarehouseId' must contain a non-null value when exiting constructor. Consider adding the 'required' modifier or declaring the property as nullable. [C:\Users\Rohit Rathod\Desktop\JsapProject\JSAPNEW\JSAPNEW.csproj]
C:\Users\Rohit Rathod\Desktop\JsapProject\JSAPNEW\Models\InventoryAuditModels.cs(185,23): warning CS8618: Non-nullable property 'ItmsGrpNam' must contain a non-null value when exiting constructor. Consider adding the 'required' modifier or declaring the property as nullable. [C:\Users\Rohit Rathod\Desktop\JsapProject\JSAPNEW\JSAPNEW.csproj]
C:\Users\Rohit Rathod\Desktop\JsapProject\JSAPNEW\Models\InventoryAuditModels.cs(186,23): warning CS8618: Non-nullable property 'U_Sub_Group' must contain a non-null value when exiting constructor. Consider adding the 'required' modifier or declaring the property as nullable. [C:\Users\Rohit Rathod\Desktop\JsapProject\JSAPNEW\JSAPNEW.csproj]
C:\Users\Rohit Rathod\Desktop\JsapProject\JSAPNEW\Models\InventoryAuditModels.cs(188,23): warning CS8618: Non-nullable property 'isLitre' must contain a non-null value when exiting constructor. Consider adding the 'required' modifier or declaring the property as nullable. [C:\Users\Rohit Rathod\Desktop\JsapProject\JSAPNEW\JSAPNEW.csproj]
C:\Users\Rohit Rathod\Desktop\JsapProject\JSAPNEW\Models\HierarchyModels.cs(857,23): warning CS8618: Non-nullable property 'EmployeeCode' must contain a non-null value when exiting constructor. Consider adding the 'required' modifier or declaring the property as nullable. [C:\Users\Rohit Rathod\Desktop\JsapProject\JSAPNEW\JSAPNEW.csproj]
C:\Users\Rohit Rathod\Desktop\JsapProject\JSAPNEW\Models\HierarchyModels.cs(859,23): warning CS8618: Non-nullable property 'Gender' must contain a non-null value when exiting constructor. Consider adding the 'required' modifier or declaring the property as nullable. [C:\Users\Rohit Rathod\Desktop\JsapProject\JSAPNEW\JSAPNEW.csproj]
C:\Users\Rohit Rathod\Desktop\JsapProject\JSAPNEW\Models\HierarchyModels.cs(860,23): warning CS8618: Non-nullable property 'Qualification' must contain a non-null value when exiting constructor. Consider adding the 'required' modifier or declaring the property as nullable. [C:\Users\Rohit Rathod\Desktop\JsapProject\JSAPNEW\JSAPNEW.csproj]
C:\Users\Rohit Rathod\Desktop\JsapProject\JSAPNEW\Models\HierarchyModels.cs(861,23): warning CS8618: Non-nullable property 'Area' must contain a non-null value when exiting constructor. Consider adding the 'required' modifier or declaring the property as nullable. [C:\Users\Rohit Rathod\Desktop\JsapProject\JSAPNEW\JSAPNEW.csproj]
C:\Users\Rohit Rathod\Desktop\JsapProject\JSAPNEW\Models\HierarchyModels.cs(862,23): warning CS8618: Non-nullable property 'SikhNonSikh' must contain a non-null value when exiting constructor. Consider adding the 'required' modifier or declaring the property as nullable. [C:\Users\Rohit Rathod\Desktop\JsapProject\JSAPNEW\JSAPNEW.csproj]
C:\Users\Rohit Rathod\Desktop\JsapProject\JSAPNEW\Models\InventoryAuditModels.cs(77,23): warning CS8618: Non-nullable property 'LotNumber' must contain a non-null value when exiting constructor. Consider adding the 'required' modifier or declaring the property as nullable. [C:\Users\Rohit Rathod\Desktop\JsapProject\JSAPNEW\JSAPNEW.csproj]
C:\Users\Rohit Rathod\Desktop\JsapProject\JSAPNEW\Models\InventoryAuditModels.cs(78,23): warning CS8618: Non-nullable property 'Unit' must contain a non-null value when exiting constructor. Consider adding the 'required' modifier or declaring the property as nullable. [C:\Users\Rohit Rathod\Desktop\JsapProject\JSAPNEW\JSAPNEW.csproj]
C:\Users\Rohit Rathod\Desktop\JsapProject\JSAPNEW\Models\InventoryAuditModels.cs(79,23): warning CS8618: Non-nullable property 'LocationCode' must contain a non-null value when exiting constructor. Consider adding the 'required' modifier or declaring the property as nullable. [C:\Users\Rohit Rathod\Desktop\JsapProject\JSAPNEW\JSAPNEW.csproj]
C:\Users\Rohit Rathod\Desktop\JsapProject\JSAPNEW\Models\InventoryAuditModels.cs(80,23): warning CS8618: Non-nullable property 'LocationName' must contain a non-null value when exiting constructor. Consider adding the 'required' modifier or declaring the property as nullable. [C:\Users\Rohit Rathod\Desktop\JsapProject\JSAPNEW\JSAPNEW.csproj]
C:\Users\Rohit Rathod\Desktop\JsapProject\JSAPNEW\Models\InventoryAuditModels.cs(81,23): warning CS8618: Non-nullable property 'Warehouses' must contain a non-null value when exiting constructor. Consider adding the 'required' modifier or declaring the property as nullable. [C:\Users\Rohit Rathod\Desktop\JsapProject\JSAPNEW\JSAPNEW.csproj]
C:\Users\Rohit Rathod\Desktop\JsapProject\JSAPNEW\Models\InventoryAuditModels.cs(82,23): warning CS8618: Non-nullable property 'ItemGroups' must contain a non-null value when exiting constructor. Consider adding the 'required' modifier or declaring the property as nullable. [C:\Users\Rohit Rathod\Desktop\JsapProject\JSAPNEW\JSAPNEW.csproj]
C:\Users\Rohit Rathod\Desktop\JsapProject\JSAPNEW\Models\InventoryAuditModels.cs(83,23): warning CS8618: Non-nullable property 'ItemSubGroups' must contain a non-null value when exiting constructor. Consider adding the 'required' modifier or declaring the property as nullable. [C:\Users\Rohit Rathod\Desktop\JsapProject\JSAPNEW\JSAPNEW.csproj]
C:\Users\Rohit Rathod\Desktop\JsapProject\JSAPNEW\Models\InventoryAuditModels.cs(87,23): warning CS8618: Non-nullable property 'UserId' must contain a non-null value when exiting constructor. Consider adding the 'required' modifier or declaring the property as nullable. [C:\Users\Rohit Rathod\Desktop\JsapProject\JSAPNEW\JSAPNEW.csproj]
C:\Users\Rohit Rathod\Desktop\JsapProject\JSAPNEW\Models\InventoryAuditModels.cs(88,23): warning CS8618: Non-nullable property 'Company' must contain a non-null value when exiting constructor. Consider adding the 'required' modifier or declaring the property as nullable. [C:\Users\Rohit Rathod\Desktop\JsapProject\JSAPNEW\JSAPNEW.csproj]
C:\Users\Rohit Rathod\Desktop\JsapProject\JSAPNEW\Models\InventoryAuditModels.cs(89,37): warning CS8618: Non-nullable property 'Items' must contain a non-null value when exiting constructor. Consider adding the 'required' modifier or declaring the property as nullable. [C:\Users\Rohit Rathod\Desktop\JsapProject\JSAPNEW\JSAPNEW.csproj]
C:\Users\Rohit Rathod\Desktop\JsapProject\JSAPNEW\Models\InventoryAuditModels.cs(8,23): warning CS8618: Non-nullable property 'ItemCode' must contain a non-null value when exiting constructor. Consider adding the 'required' modifier or declaring the property as nullable. [C:\Users\Rohit Rathod\Desktop\JsapProject\JSAPNEW\JSAPNEW.csproj]
C:\Users\Rohit Rathod\Desktop\JsapProject\JSAPNEW\Models\InventoryAuditModels.cs(9,23): warning CS8618: Non-nullable property 'ItemName' must contain a non-null value when exiting constructor. Consider adding the 'required' modifier or declaring the property as nullable. [C:\Users\Rohit Rathod\Desktop\JsapProject\JSAPNEW\JSAPNEW.csproj]
C:\Users\Rohit Rathod\Desktop\JsapProject\JSAPNEW\Models\InventoryAuditModels.cs(10,23): warning CS8618: Non-nullable property 'OnHand' must contain a non-null value when exiting constructor. Consider adding the 'required' modifier or declaring the property as nullable. [C:\Users\Rohit Rathod\Desktop\JsapProject\JSAPNEW\JSAPNEW.csproj]
C:\Users\Rohit Rathod\Desktop\JsapProject\JSAPNEW\Models\InventoryAuditModels.cs(11,23): warning CS8618: Non-nullable property 'StockValue' must contain a non-null value when exiting constructor. Consider adding the 'required' modifier or declaring the property as nullable. [C:\Users\Rohit Rathod\Desktop\JsapProject\JSAPNEW\JSAPNEW.csproj]
C:\Users\Rohit Rathod\Desktop\JsapProject\JSAPNEW\Models\InventoryAuditModels.cs(12,23): warning CS8618: Non-nullable property 'SalPackMsr' must contain a non-null value when exiting constructor. Consider adding the 'required' modifier or declaring the property as nullable. [C:\Users\Rohit Rathod\Desktop\JsapProject\JSAPNEW\JSAPNEW.csproj]
C:\Users\Rohit Rathod\Desktop\JsapProject\JSAPNEW\Models\InventoryAuditModels.cs(13,23): warning CS8618: Non-nullable property 'Warehouse' must contain a non-null value when exiting constructor. Consider adding the 'required' modifier or declaring the property as nullable. [C:\Users\Rohit Rathod\Desktop\JsapProject\JSAPNEW\JSAPNEW.csproj]
C:\Users\Rohit Rathod\Desktop\JsapProject\JSAPNEW\Models\InventoryAuditModels.cs(15,23): warning CS8618: Non-nullable property 'LocationName' must contain a non-null value when exiting constructor. Consider adding the 'required' modifier or declaring the property as nullable. [C:\Users\Rohit Rathod\Desktop\JsapProject\JSAPNEW\JSAPNEW.csproj]
C:\Users\Rohit Rathod\Desktop\JsapProject\JSAPNEW\Models\InventoryAuditModels.cs(16,23): warning CS8618: Non-nullable property 'U_Sub_Group' must contain a non-null value when exiting constructor. Consider adding the 'required' modifier or declaring the property as nullable. [C:\Users\Rohit Rathod\Desktop\JsapProject\JSAPNEW\JSAPNEW.csproj]
C:\Users\Rohit Rathod\Desktop\JsapProject\JSAPNEW\Models\InventoryAuditModels.cs(17,23): warning CS8618: Non-nullable property 'U_Variety' must contain a non-null value when exiting constructor. Consider adding the 'required' modifier or declaring the property as nullable. [C:\Users\Rohit Rathod\Desktop\JsapProject\JSAPNEW\JSAPNEW.csproj]
C:\Users\Rohit Rathod\Desktop\JsapProject\JSAPNEW\Models\InventoryAuditModels.cs(18,23): warning CS8618: Non-nullable property 'U_Unit' must contain a non-null value when exiting constructor. Consider adding the 'required' modifier or declaring the property as nullable. [C:\Users\Rohit Rathod\Desktop\JsapProject\JSAPNEW\JSAPNEW.csproj]
C:\Users\Rohit Rathod\Desktop\JsapProject\JSAPNEW\Models\InventoryAuditModels.cs(20,23): warning CS8618: Non-nullable property 'ItmsGrpNam' must contain a non-null value when exiting constructor. Consider adding the 'required' modifier or declaring the property as nullable. [C:\Users\Rohit Rathod\Desktop\JsapProject\JSAPNEW\JSAPNEW.csproj]
C:\Users\Rohit Rathod\Desktop\JsapProject\JSAPNEW\Models\InventoryAuditModels.cs(21,23): warning CS8618: Non-nullable property 'SalPackUn' must contain a non-null value when exiting constructor. Consider adding the 'required' modifier or declaring the property as nullable. [C:\Users\Rohit Rathod\Desktop\JsapProject\JSAPNEW\JSAPNEW.csproj]
C:\Users\Rohit Rathod\Desktop\JsapProject\JSAPNEW\Models\InventoryAuditModels.cs(22,23): warning CS8618: Non-nullable property 'U_IsLitre' must contain a non-null value when exiting constructor. Consider adding the 'required' modifier or declaring the property as nullable. [C:\Users\Rohit Rathod\Desktop\JsapProject\JSAPNEW\JSAPNEW.csproj]
C:\Users\Rohit Rathod\Desktop\JsapProject\JSAPNEW\Models\HierarchyModels.cs(739,23): warning CS8618: Non-nullable property 'AdminKey' must contain a non-null value when exiting constructor. Consider adding the 'required' modifier or declaring the property as nullable. [C:\Users\Rohit Rathod\Desktop\JsapProject\JSAPNEW\JSAPNEW.csproj]
C:\Users\Rohit Rathod\Desktop\JsapProject\JSAPNEW\Models\HierarchyModels.cs(718,23): warning CS8618: Non-nullable property 'OwnPassword' must contain a non-null value when exiting constructor. Consider adding the 'required' modifier or declaring the property as nullable. [C:\Users\Rohit Rathod\Desktop\JsapProject\JSAPNEW\JSAPNEW.csproj]
C:\Users\Rohit Rathod\Desktop\JsapProject\JSAPNEW\Models\HierarchyModels.cs(719,23): warning CS8618: Non-nullable property 'AdminKey' must contain a non-null value when exiting constructor. Consider adding the 'required' modifier or declaring the property as nullable. [C:\Users\Rohit Rathod\Desktop\JsapProject\JSAPNEW\JSAPNEW.csproj]
C:\Users\Rohit Rathod\Desktop\JsapProject\JSAPNEW\Models\HierarchyModels.cs(690,53): warning CS8618: Non-nullable property 'DepartmentName' must contain a non-null value when exiting constructor. Consider adding the 'required' modifier or declaring the property as nullable. [C:\Users\Rohit Rathod\Desktop\JsapProject\JSAPNEW\JSAPNEW.csproj]
C:\Users\Rohit Rathod\Desktop\JsapProject\JSAPNEW\Models\HierarchyModels.cs(727,23): warning CS8618: Non-nullable property 'AdminKey' must contain a non-null value when exiting constructor. Consider adding the 'required' modifier or declaring the property as nullable. [C:\Users\Rohit Rathod\Desktop\JsapProject\JSAPNEW\JSAPNEW.csproj]
C:\Users\Rohit Rathod\Desktop\JsapProject\JSAPNEW\Models\HierarchyModels.cs(699,53): warning CS8618: Non-nullable property 'SubDepartmentName' must contain a non-null value when exiting constructor. Consider adding the 'required' modifier or declaring the property as nullable. [C:\Users\Rohit Rathod\Desktop\JsapProject\JSAPNEW\JSAPNEW.csproj]
C:\Users\Rohit Rathod\Desktop\JsapProject\JSAPNEW\Models\HierarchyModels.cs(850,23): warning CS8618: Non-nullable property 'FieldName' must contain a non-null value when exiting constructor. Consider adding the 'required' modifier or declaring the property as nullable. [C:\Users\Rohit Rathod\Desktop\JsapProject\JSAPNEW\JSAPNEW.csproj]
C:\Users\Rohit Rathod\Desktop\JsapProject\JSAPNEW\Models\HierarchyModels.cs(851,23): warning CS8618: Non-nullable property 'Value' must contain a non-null value when exiting constructor. Consider adding the 'required' modifier or declaring the property as nullable. [C:\Users\Rohit Rathod\Desktop\JsapProject\JSAPNEW\JSAPNEW.csproj]
C:\Users\Rohit Rathod\Desktop\JsapProject\JSAPNEW\Models\HierarchyModels.cs(706,23): warning CS8618: Non-nullable property 'Password' must contain a non-null value when exiting constructor. Consider adding the 'required' modifier or declaring the property as nullable. [C:\Users\Rohit Rathod\Desktop\JsapProject\JSAPNEW\JSAPNEW.csproj]
C:\Users\Rohit Rathod\Desktop\JsapProject\JSAPNEW\Models\HierarchyModels.cs(675,53): warning CS8618: Non-nullable property 'DepartmentName' must contain a non-null value when exiting constructor. Consider adding the 'required' modifier or declaring the property as nullable. [C:\Users\Rohit Rathod\Desktop\JsapProject\JSAPNEW\JSAPNEW.csproj]
C:\Users\Rohit Rathod\Desktop\JsapProject\JSAPNEW\Models\HierarchyModels.cs(432,23): warning CS8618: Non-nullable property 'ReportingTypeName' must contain a non-null value when exiting constructor. Consider adding the 'required' modifier or declaring the property as nullable. [C:\Users\Rohit Rathod\Desktop\JsapProject\JSAPNEW\JSAPNEW.csproj]
C:\Users\Rohit Rathod\Desktop\JsapProject\JSAPNEW\Models\HierarchyModels.cs(433,23): warning CS8618: Non-nullable property 'Description' must contain a non-null value when exiting constructor. Consider adding the 'required' modifier or declaring the property as nullable. [C:\Users\Rohit Rathod\Desktop\JsapProject\JSAPNEW\JSAPNEW.csproj]
C:\Users\Rohit Rathod\Desktop\JsapProject\JSAPNEW\Models\HierarchyModels.cs(439,23): warning CS8618: Non-nullable property 'DepartmentName' must contain a non-null value when exiting constructor. Consider adding the 'required' modifier or declaring the property as nullable. [C:\Users\Rohit Rathod\Desktop\JsapProject\JSAPNEW\JSAPNEW.csproj]
C:\Users\Rohit Rathod\Desktop\JsapProject\JSAPNEW\Models\HierarchyModels.cs(823,23): warning CS8618: Non-nullable property 'FieldName' must contain a non-null value when exiting constructor. Consider adding the 'required' modifier or declaring the property as nullable. [C:\Users\Rohit Rathod\Desktop\JsapProject\JSAPNEW\JSAPNEW.csproj]
C:\Users\Rohit Rathod\Desktop\JsapProject\JSAPNEW\Models\HierarchyModels.cs(824,23): warning CS8618: Non-nullable property 'FieldType' must contain a non-null value when exiting constructor. Consider adding the 'required' modifier or declaring the property as nullable. [C:\Users\Rohit Rathod\Desktop\JsapProject\JSAPNEW\JSAPNEW.csproj]
C:\Users\Rohit Rathod\Desktop\JsapProject\JSAPNEW\Models\HierarchyModels.cs(828,23): warning CS8618: Non-nullable property 'Options' must contain a non-null value when exiting constructor. Consider adding the 'required' modifier or declaring the property as nullable. [C:\Users\Rohit Rathod\Desktop\JsapProject\JSAPNEW\JSAPNEW.csproj]
C:\Users\Rohit Rathod\Desktop\JsapProject\JSAPNEW\Models\HierarchyModels.cs(790,23): warning CS8618: Non-nullable property 'ActionType' must contain a non-null value when exiting constructor. Consider adding the 'required' modifier or declaring the property as nullable. [C:\Users\Rohit Rathod\Desktop\JsapProject\JSAPNEW\JSAPNEW.csproj]
C:\Users\Rohit Rathod\Desktop\JsapProject\JSAPNEW\Models\HierarchyModels.cs(791,23): warning CS8618: Non-nullable property 'EntityType' must contain a non-null value when exiting constructor. Consider adding the 'required' modifier or declaring the property as nullable. [C:\Users\Rohit Rathod\Desktop\JsapProject\JSAPNEW\JSAPNEW.csproj]
C:\Users\Rohit Rathod\Desktop\JsapProject\JSAPNEW\Models\HierarchyModels.cs(794,23): warning CS8618: Non-nullable property 'EmployeeName' must contain a non-null value when exiting constructor. Consider adding the 'required' modifier or declaring the property as nullable. [C:\Users\Rohit Rathod\Desktop\JsapProject\JSAPNEW\JSAPNEW.csproj]
C:\Users\Rohit Rathod\Desktop\JsapProject\JSAPNEW\Models\HierarchyModels.cs(795,23): warning CS8618: Non-nullable property 'EmployeeCode' must contain a non-null value when exiting constructor. Consider adding the 'required' modifier or declaring the property as nullable. [C:\Users\Rohit Rathod\Desktop\JsapProject\JSAPNEW\JSAPNEW.csproj]
C:\Users\Rohit Rathod\Desktop\JsapProject\JSAPNEW\Models\HierarchyModels.cs(796,23): warning CS8618: Non-nullable property 'OldValues' must contain a non-null value when exiting constructor. Consider adding the 'required' modifier or declaring the property as nullable. [C:\Users\Rohit Rathod\Desktop\JsapProject\JSAPNEW\JSAPNEW.csproj]
C:\Users\Rohit Rathod\Desktop\JsapProject\JSAPNEW\Models\HierarchyModels.cs(797,23): warning CS8618: Non-nullable property 'NewValues' must contain a non-null value when exiting constructor. Consider adding the 'required' modifier or declaring the property as nullable. [C:\Users\Rohit Rathod\Desktop\JsapProject\JSAPNEW\JSAPNEW.csproj]
C:\Users\Rohit Rathod\Desktop\JsapProject\JSAPNEW\Models\HierarchyModels.cs(798,23): warning CS8618: Non-nullable property 'Description' must contain a non-null value when exiting constructor. Consider adding the 'required' modifier or declaring the property as nullable. [C:\Users\Rohit Rathod\Desktop\JsapProject\JSAPNEW\JSAPNEW.csproj]
C:\Users\Rohit Rathod\Desktop\JsapProject\JSAPNEW\Models\HierarchyModels.cs(800,23): warning CS8618: Non-nullable property 'ChangedByName' must contain a non-null value when exiting constructor. Consider adding the 'required' modifier or declaring the property as nullable. [C:\Users\Rohit Rathod\Desktop\JsapProject\JSAPNEW\JSAPNEW.csproj]
C:\Users\Rohit Rathod\Desktop\JsapProject\JSAPNEW\Models\HierarchyModels.cs(801,23): warning CS8618: Non-nullable property 'IpAddress' must contain a non-null value when exiting constructor. Consider adding the 'required' modifier or declaring the property as nullable. [C:\Users\Rohit Rathod\Desktop\JsapProject\JSAPNEW\JSAPNEW.csproj]
C:\Users\Rohit Rathod\Desktop\JsapProject\JSAPNEW\Models\HierarchyModels.cs(395,23): warning CS8618: Non-nullable property 'Message' must contain a non-null value when exiting constructor. Consider adding the 'required' modifier or declaring the property as nullable. [C:\Users\Rohit Rathod\Desktop\JsapProject\JSAPNEW\JSAPNEW.csproj]
C:\Users\Rohit Rathod\Desktop\JsapProject\JSAPNEW\Models\HierarchyModels.cs(389,23): warning CS8618: Non-nullable property 'Message' must contain a non-null value when exiting constructor. Consider adding the 'required' modifier or declaring the property as nullable. [C:\Users\Rohit Rathod\Desktop\JsapProject\JSAPNEW\JSAPNEW.csproj]
C:\Users\Rohit Rathod\Desktop\JsapProject\JSAPNEW\Models\HierarchyModels.cs(669,23): warning CS8618: Non-nullable property 'EmployeeName' must contain a non-null value when exiting constructor. Consider adding the 'required' modifier or declaring the property as nullable. [C:\Users\Rohit Rathod\Desktop\JsapProject\JSAPNEW\JSAPNEW.csproj]
C:\Users\Rohit Rathod\Desktop\JsapProject\JSAPNEW\Models\HierarchyModels.cs(670,23): warning CS8618: Non-nullable property 'EmployeeCode' must contain a non-null value when exiting constructor. Consider adding the 'required' modifier or declaring the property as nullable. [C:\Users\Rohit Rathod\Desktop\JsapProject\JSAPNEW\JSAPNEW.csproj]
C:\Users\Rohit Rathod\Desktop\JsapProject\JSAPNEW\Models\HierarchyModels.cs(808,23): warning CS8618: Non-nullable property 'ActionType' must contain a non-null value when exiting constructor. Consider adding the 'required' modifier or declaring the property as nullable. [C:\Users\Rohit Rathod\Desktop\JsapProject\JSAPNEW\JSAPNEW.csproj]
C:\Users\Rohit Rathod\Desktop\JsapProject\JSAPNEW\Models\HierarchyModels.cs(811,23): warning CS8618: Non-nullable property 'SearchTerm' must contain a non-null value when exiting constructor. Consider adding the 'required' modifier or declaring the property as nullable. [C:\Users\Rohit Rathod\Desktop\JsapProject\JSAPNEW\JSAPNEW.csproj]
C:\Users\Rohit Rathod\Desktop\JsapProject\JSAPNEW\Models\HierarchyModels.cs(683,53): warning CS8618: Non-nullable property 'SubDepartmentName' must contain a non-null value when exiting constructor. Consider adding the 'required' modifier or declaring the property as nullable. [C:\Users\Rohit Rathod\Desktop\JsapProject\JSAPNEW\JSAPNEW.csproj]
C:\Users\Rohit Rathod\Desktop\JsapProject\JSAPNEW\Models\HierarchyModels.cs(416,23): warning CS8618: Non-nullable property 'SubDepartmentName' must contain a non-null value when exiting constructor. Consider adding the 'required' modifier or declaring the property as nullable. [C:\Users\Rohit Rathod\Desktop\JsapProject\JSAPNEW\JSAPNEW.csproj]
C:\Users\Rohit Rathod\Desktop\JsapProject\JSAPNEW\Models\HierarchyModels.cs(417,23): warning CS8618: Non-nullable property 'SubDepartmentCode' must contain a non-null value when exiting constructor. Consider adding the 'required' modifier or declaring the property as nullable. [C:\Users\Rohit Rathod\Desktop\JsapProject\JSAPNEW\JSAPNEW.csproj]
C:\Users\Rohit Rathod\Desktop\JsapProject\JSAPNEW\Models\HierarchyModels.cs(712,23): warning CS8618: Non-nullable property 'Password' must contain a non-null value when exiting constructor. Consider adding the 'required' modifier or declaring the property as nullable. [C:\Users\Rohit Rathod\Desktop\JsapProject\JSAPNEW\JSAPNEW.csproj]
C:\Users\Rohit Rathod\Desktop\JsapProject\JSAPNEW\Models\HierarchyModels.cs(517,23): warning CS8618: Non-nullable property 'HodCode' must contain a non-null value when exiting constructor. Consider adding the 'required' modifier or declaring the property as nullable. [C:\Users\Rohit Rathod\Desktop\JsapProject\JSAPNEW\JSAPNEW.csproj]
C:\Users\Rohit Rathod\Desktop\JsapProject\JSAPNEW\Models\HierarchyModels.cs(518,23): warning CS8618: Non-nullable property 'HodName' must contain a non-null value when exiting constructor. Consider adding the 'required' modifier or declaring the property as nullable. [C:\Users\Rohit Rathod\Desktop\JsapProject\JSAPNEW\JSAPNEW.csproj]
C:\Users\Rohit Rathod\Desktop\JsapProject\JSAPNEW\Models\HierarchyModels.cs(519,23): warning CS8618: Non-nullable property 'HodDesignation' must contain a non-null value when exiting constructor. Consider adding the 'required' modifier or declaring the property as nullable. [C:\Users\Rohit Rathod\Desktop\JsapProject\JSAPNEW\JSAPNEW.csproj]
C:\Users\Rohit Rathod\Desktop\JsapProject\JSAPNEW\Models\HierarchyModels.cs(520,23): warning CS8618: Non-nullable property 'DepartmentName' must contain a non-null value when exiting constructor. Consider adding the 'required' modifier or declaring the property as nullable. [C:\Users\Rohit Rathod\Desktop\JsapProject\JSAPNEW\JSAPNEW.csproj]
C:\Users\Rohit Rathod\Desktop\JsapProject\JSAPNEW\Models\HierarchyModels.cs(521,23): warning CS8618: Non-nullable property 'SubDepartmentName' must contain a non-null value when exiting constructor. Consider adding the 'required' modifier or declaring the property as nullable. [C:\Users\Rohit Rathod\Desktop\JsapProject\JSAPNEW\JSAPNEW.csproj]
C:\Users\Rohit Rathod\Desktop\JsapProject\JSAPNEW\Models\HierarchyModels.cs(522,23): warning CS8618: Non-nullable property 'SubHodCode' must contain a non-null value when exiting constructor. Consider adding the 'required' modifier or declaring the property as nullable. [C:\Users\Rohit Rathod\Desktop\JsapProject\JSAPNEW\JSAPNEW.csproj]
C:\Users\Rohit Rathod\Desktop\JsapProject\JSAPNEW\Models\HierarchyModels.cs(523,23): warning CS8618: Non-nullable property 'SubHodName' must contain a non-null value when exiting constructor. Consider adding the 'required' modifier or declaring the property as nullable. [C:\Users\Rohit Rathod\Desktop\JsapProject\JSAPNEW\JSAPNEW.csproj]
C:\Users\Rohit Rathod\Desktop\JsapProject\JSAPNEW\Models\HierarchyModels.cs(524,23): warning CS8618: Non-nullable property 'SubHodDesignation' must contain a non-null value when exiting constructor. Consider adding the 'required' modifier or declaring the property as nullable. [C:\Users\Rohit Rathod\Desktop\JsapProject\JSAPNEW\JSAPNEW.csproj]
C:\Users\Rohit Rathod\Desktop\JsapProject\JSAPNEW\Models\HierarchyModels.cs(525,23): warning CS8618: Non-nullable property 'ExecCode' must contain a non-null value when exiting constructor. Consider adding the 'required' modifier or declaring the property as nullable. [C:\Users\Rohit Rathod\Desktop\JsapProject\JSAPNEW\JSAPNEW.csproj]
C:\Users\Rohit Rathod\Desktop\JsapProject\JSAPNEW\Models\HierarchyModels.cs(526,23): warning CS8618: Non-nullable property 'ExecName' must contain a non-null value when exiting constructor. Consider adding the 'required' modifier or declaring the property as nullable. [C:\Users\Rohit Rathod\Desktop\JsapProject\JSAPNEW\JSAPNEW.csproj]
C:\Users\Rohit Rathod\Desktop\JsapProject\JSAPNEW\Models\HierarchyModels.cs(527,23): warning CS8618: Non-nullable property 'ExecDesignation' must contain a non-null value when exiting constructor. Consider adding the 'required' modifier or declaring the property as nullable. [C:\Users\Rohit Rathod\Desktop\JsapProject\JSAPNEW\JSAPNEW.csproj]
C:\Users\Rohit Rathod\Desktop\JsapProject\JSAPNEW\Models\HierarchyModels.cs(843,23): warning CS8618: Non-nullable property 'Value' must contain a non-null value when exiting constructor. Consider adding the 'required' modifier or declaring the property as nullable. [C:\Users\Rohit Rathod\Desktop\JsapProject\JSAPNEW\JSAPNEW.csproj]
C:\Users\Rohit Rathod\Desktop\JsapProject\JSAPNEW\Models\HierarchyModels.cs(216,23): warning CS8618: Non-nullable property 'DepartmentName' must contain a non-null value when exiting constructor. Consider adding the 'required' modifier or declaring the property as nullable. [C:\Users\Rohit Rathod\Desktop\JsapProject\JSAPNEW\JSAPNEW.csproj]
C:\Users\Rohit Rathod\Desktop\JsapProject\JSAPNEW\Models\HierarchyModels.cs(356,23): warning CS8618: Non-nullable property 'EmployeeCode' must contain a non-null value when exiting constructor. Consider adding the 'required' modifier or declaring the property as nullable. [C:\Users\Rohit Rathod\Desktop\JsapProject\JSAPNEW\JSAPNEW.csproj]
C:\Users\Rohit Rathod\Desktop\JsapProject\JSAPNEW\Models\HierarchyModels.cs(357,23): warning CS8618: Non-nullable property 'EmployeeName' must contain a non-null value when exiting constructor. Consider adding the 'required' modifier or declaring the property as nullable. [C:\Users\Rohit Rathod\Desktop\JsapProject\JSAPNEW\JSAPNEW.csproj]
C:\Users\Rohit Rathod\Desktop\JsapProject\JSAPNEW\Models\HierarchyModels.cs(358,23): warning CS8618: Non-nullable property 'Designation' must contain a non-null value when exiting constructor. Consider adding the 'required' modifier or declaring the property as nullable. [C:\Users\Rohit Rathod\Desktop\JsapProject\JSAPNEW\JSAPNEW.csproj]
C:\Users\Rohit Rathod\Desktop\JsapProject\JSAPNEW\Models\HierarchyModels.cs(360,23): warning CS8618: Non-nullable property 'SikhNonSikh' must contain a non-null value when exiting constructor. Consider adding the 'required' modifier or declaring the property as nullable. [C:\Users\Rohit Rathod\Desktop\JsapProject\JSAPNEW\JSAPNEW.csproj]
C:\Users\Rohit Rathod\Desktop\JsapProject\JSAPNEW\Models\HierarchyModels.cs(361,23): warning CS8618: Non-nullable property 'DepartmentName' must contain a non-null value when exiting constructor. Consider adding the 'required' modifier or declaring the property as nullable. [C:\Users\Rohit Rathod\Desktop\JsapProject\JSAPNEW\JSAPNEW.csproj]
C:\Users\Rohit Rathod\Desktop\JsapProject\JSAPNEW\Models\HierarchyModels.cs(362,23): warning CS8618: Non-nullable property 'SubDepartmentName' must contain a non-null value when exiting constructor. Consider adding the 'required' modifier or declaring the property as nullable. [C:\Users\Rohit Rathod\Desktop\JsapProject\JSAPNEW\JSAPNEW.csproj]
C:\Users\Rohit Rathod\Desktop\JsapProject\JSAPNEW\Models\HierarchyModels.cs(364,23): warning CS8618: Non-nullable property 'Salary' must contain a non-null value when exiting constructor. Consider adding the 'required' modifier or declaring the property as nullable. [C:\Users\Rohit Rathod\Desktop\JsapProject\JSAPNEW\JSAPNEW.csproj]
C:\Users\Rohit Rathod\Desktop\JsapProject\JSAPNEW\Models\HierarchyModels.cs(365,23): warning CS8618: Non-nullable property 'ReportingTypeName' must contain a non-null value when exiting constructor. Consider adding the 'required' modifier or declaring the property as nullable. [C:\Users\Rohit Rathod\Desktop\JsapProject\JSAPNEW\JSAPNEW.csproj]
C:\Users\Rohit Rathod\Desktop\JsapProject\JSAPNEW\Models\HierarchyModels.cs(168,53): warning CS8618: Non-nullable property 'EmployeeName' must contain a non-null value when exiting constructor. Consider adding the 'required' modifier or declaring the property as nullable. [C:\Users\Rohit Rathod\Desktop\JsapProject\JSAPNEW\JSAPNEW.csproj]
C:\Users\Rohit Rathod\Desktop\JsapProject\JSAPNEW\Models\HierarchyModels.cs(169,43): warning CS8618: Non-nullable property 'Designation' must contain a non-null value when exiting constructor. Consider adding the 'required' modifier or declaring the property as nullable. [C:\Users\Rohit Rathod\Desktop\JsapProject\JSAPNEW\JSAPNEW.csproj]
C:\Users\Rohit Rathod\Desktop\JsapProject\JSAPNEW\Models\HierarchyModels.cs(370,23): warning CS8618: Non-nullable property 'EmployeeCode' must contain a non-null value when exiting constructor. Consider adding the 'required' modifier or declaring the property as nullable. [C:\Users\Rohit Rathod\Desktop\JsapProject\JSAPNEW\JSAPNEW.csproj]
C:\Users\Rohit Rathod\Desktop\JsapProject\JSAPNEW\Models\HierarchyModels.cs(371,23): warning CS8618: Non-nullable property 'EmployeeName' must contain a non-null value when exiting constructor. Consider adding the 'required' modifier or declaring the property as nullable. [C:\Users\Rohit Rathod\Desktop\JsapProject\JSAPNEW\JSAPNEW.csproj]
C:\Users\Rohit Rathod\Desktop\JsapProject\JSAPNEW\Models\HierarchyModels.cs(372,23): warning CS8618: Non-nullable property 'Designation' must contain a non-null value when exiting constructor. Consider adding the 'required' modifier or declaring the property as nullable. [C:\Users\Rohit Rathod\Desktop\JsapProject\JSAPNEW\JSAPNEW.csproj]
C:\Users\Rohit Rathod\Desktop\JsapProject\JSAPNEW\Models\HierarchyModels.cs(373,23): warning CS8618: Non-nullable property 'Role' must contain a non-null value when exiting constructor. Consider adding the 'required' modifier or declaring the property as nullable. [C:\Users\Rohit Rathod\Desktop\JsapProject\JSAPNEW\JSAPNEW.csproj]
C:\Users\Rohit Rathod\Desktop\JsapProject\JSAPNEW\Models\HierarchyModels.cs(374,23): warning CS8618: Non-nullable property 'Department' must contain a non-null value when exiting constructor. Consider adding the 'required' modifier or declaring the property as nullable. [C:\Users\Rohit Rathod\Desktop\JsapProject\JSAPNEW\JSAPNEW.csproj]
C:\Users\Rohit Rathod\Desktop\JsapProject\JSAPNEW\Models\HierarchyModels.cs(375,23): warning CS8618: Non-nullable property 'SubDepartment' must contain a non-null value when exiting constructor. Consider adding the 'required' modifier or declaring the property as nullable. [C:\Users\Rohit Rathod\Desktop\JsapProject\JSAPNEW\JSAPNEW.csproj]
C:\Users\Rohit Rathod\Desktop\JsapProject\JSAPNEW\Models\HierarchyModels.cs(376,23): warning CS8618: Non-nullable property 'ReportsTo' must contain a non-null value when exiting constructor. Consider adding the 'required' modifier or declaring the property as nullable. [C:\Users\Rohit Rathod\Desktop\JsapProject\JSAPNEW\JSAPNEW.csproj]
C:\Users\Rohit Rathod\Desktop\JsapProject\JSAPNEW\Models\HierarchyModels.cs(377,23): warning CS8618: Non-nullable property 'ReportsToRole' must contain a non-null value when exiting constructor. Consider adding the 'required' modifier or declaring the property as nullable. [C:\Users\Rohit Rathod\Desktop\JsapProject\JSAPNEW\JSAPNEW.csproj]
C:\Users\Rohit Rathod\Desktop\JsapProject\JSAPNEW\Models\HierarchyModels.cs(378,23): warning CS8618: Non-nullable property 'ReportingType' must contain a non-null value when exiting constructor. Consider adding the 'required' modifier or declaring the property as nullable. [C:\Users\Rohit Rathod\Desktop\JsapProject\JSAPNEW\JSAPNEW.csproj]
C:\Users\Rohit Rathod\Desktop\JsapProject\JSAPNEW\Models\HierarchyModels.cs(379,23): warning CS8618: Non-nullable property 'IsPrimary' must contain a non-null value when exiting constructor. Consider adding the 'required' modifier or declaring the property as nullable. [C:\Users\Rohit Rathod\Desktop\JsapProject\JSAPNEW\JSAPNEW.csproj]
C:\Users\Rohit Rathod\Desktop\JsapProject\JSAPNEW\Models\HierarchyModels.cs(380,23): warning CS8618: Non-nullable property 'Email' must contain a non-null value when exiting constructor. Consider adding the 'required' modifier or declaring the property as nullable. [C:\Users\Rohit Rathod\Desktop\JsapProject\JSAPNEW\JSAPNEW.csproj]
C:\Users\Rohit Rathod\Desktop\JsapProject\JSAPNEW\Models\HierarchyModels.cs(381,23): warning CS8618: Non-nullable property 'Phone' must contain a non-null value when exiting constructor. Consider adding the 'required' modifier or declaring the property as nullable. [C:\Users\Rohit Rathod\Desktop\JsapProject\JSAPNEW\JSAPNEW.csproj]
C:\Users\Rohit Rathod\Desktop\JsapProject\JSAPNEW\Models\HierarchyModels.cs(382,23): warning CS8618: Non-nullable property 'DateOfJoining' must contain a non-null value when exiting constructor. Consider adding the 'required' modifier or declaring the property as nullable. [C:\Users\Rohit Rathod\Desktop\JsapProject\JSAPNEW\JSAPNEW.csproj]
C:\Users\Rohit Rathod\Desktop\JsapProject\JSAPNEW\Models\HierarchyModels.cs(383,23): warning CS8618: Non-nullable property 'Status' must contain a non-null value when exiting constructor. Consider adding the 'required' modifier or declaring the property as nullable. [C:\Users\Rohit Rathod\Desktop\JsapProject\JSAPNEW\JSAPNEW.csproj]
C:\Users\Rohit Rathod\Desktop\JsapProject\JSAPNEW\Models\HierarchyModels.cs(131,23): warning CS8618: Non-nullable property 'Notes' must contain a non-null value when exiting constructor. Consider adding the 'required' modifier or declaring the property as nullable. [C:\Users\Rohit Rathod\Desktop\JsapProject\JSAPNEW\JSAPNEW.csproj]
C:\Users\Rohit Rathod\Desktop\JsapProject\JSAPNEW\Models\HierarchyModels.cs(48,49): warning CS8618: Non-nullable property 'ReportingTypeName' must contain a non-null value when exiting constructor. Consider adding the 'required' modifier or declaring the property as nullable. [C:\Users\Rohit Rathod\Desktop\JsapProject\JSAPNEW\JSAPNEW.csproj]
C:\Users\Rohit Rathod\Desktop\JsapProject\JSAPNEW\Models\HierarchyModels.cs(49,40): warning CS8618: Non-nullable property 'Description' must contain a non-null value when exiting constructor. Consider adding the 'required' modifier or declaring the property as nullable. [C:\Users\Rohit Rathod\Desktop\JsapProject\JSAPNEW\JSAPNEW.csproj]
C:\Users\Rohit Rathod\Desktop\JsapProject\JSAPNEW\Models\HierarchyModels.cs(321,23): warning CS8618: Non-nullable property 'EmployeeCode' must contain a non-null value when exiting constructor. Consider adding the 'required' modifier or declaring the property as nullable. [C:\Users\Rohit Rathod\Desktop\JsapProject\JSAPNEW\JSAPNEW.csproj]
C:\Users\Rohit Rathod\Desktop\JsapProject\JSAPNEW\Models\HierarchyModels.cs(322,23): warning CS8618: Non-nullable property 'EmployeeName' must contain a non-null value when exiting constructor. Consider adding the 'required' modifier or declaring the property as nullable. [C:\Users\Rohit Rathod\Desktop\JsapProject\JSAPNEW\JSAPNEW.csproj]
C:\Users\Rohit Rathod\Desktop\JsapProject\JSAPNEW\Models\HierarchyModels.cs(323,23): warning CS8618: Non-nullable property 'Designation' must contain a non-null value when exiting constructor. Consider adding the 'required' modifier or declaring the property as nullable. [C:\Users\Rohit Rathod\Desktop\JsapProject\JSAPNEW\JSAPNEW.csproj]
C:\Users\Rohit Rathod\Desktop\JsapProject\JSAPNEW\Models\HierarchyModels.cs(325,23): warning CS8618: Non-nullable property 'SikhNonSikh' must contain a non-null value when exiting constructor. Consider adding the 'required' modifier or declaring the property as nullable. [C:\Users\Rohit Rathod\Desktop\JsapProject\JSAPNEW\JSAPNEW.csproj]
C:\Users\Rohit Rathod\Desktop\JsapProject\JSAPNEW\Models\HierarchyModels.cs(326,23): warning CS8618: Non-nullable property 'Salary' must contain a non-null value when exiting constructor. Consider adding the 'required' modifier or declaring the property as nullable. [C:\Users\Rohit Rathod\Desktop\JsapProject\JSAPNEW\JSAPNEW.csproj]
C:\Users\Rohit Rathod\Desktop\JsapProject\JSAPNEW\Models\HierarchyModels.cs(296,23): warning CS8618: Non-nullable property 'EmployeeCode' must contain a non-null value when exiting constructor. Consider adding the 'required' modifier or declaring the property as nullable. [C:\Users\Rohit Rathod\Desktop\JsapProject\JSAPNEW\JSAPNEW.csproj]
C:\Users\Rohit Rathod\Desktop\JsapProject\JSAPNEW\Models\HierarchyModels.cs(297,23): warning CS8618: Non-nullable property 'EmployeeName' must contain a non-null value when exiting constructor. Consider adding the 'required' modifier or declaring the property as nullable. [C:\Users\Rohit Rathod\Desktop\JsapProject\JSAPNEW\JSAPNEW.csproj]
C:\Users\Rohit Rathod\Desktop\JsapProject\JSAPNEW\Models\HierarchyModels.cs(299,23): warning CS8618: Non-nullable property 'EmployeeRoleName' must contain a non-null value when exiting constructor. Consider adding the 'required' modifier or declaring the property as nullable. [C:\Users\Rohit Rathod\Desktop\JsapProject\JSAPNEW\JSAPNEW.csproj]
C:\Users\Rohit Rathod\Desktop\JsapProject\JSAPNEW\Models\HierarchyModels.cs(301,23): warning CS8618: Non-nullable property 'ManagerCode' must contain a non-null value when exiting constructor. Consider adding the 'required' modifier or declaring the property as nullable. [C:\Users\Rohit Rathod\Desktop\JsapProject\JSAPNEW\JSAPNEW.csproj]
C:\Users\Rohit Rathod\Desktop\JsapProject\JSAPNEW\Models\HierarchyModels.cs(302,23): warning CS8618: Non-nullable property 'ManagerName' must contain a non-null value when exiting constructor. Consider adding the 'required' modifier or declaring the property as nullable. [C:\Users\Rohit Rathod\Desktop\JsapProject\JSAPNEW\JSAPNEW.csproj]
C:\Users\Rohit Rathod\Desktop\JsapProject\JSAPNEW\Models\HierarchyModels.cs(304,23): warning CS8618: Non-nullable property 'ManagerRoleName' must contain a non-null value when exiting constructor. Consider adding the 'required' modifier or declaring the property as nullable. [C:\Users\Rohit Rathod\Desktop\JsapProject\JSAPNEW\JSAPNEW.csproj]
C:\Users\Rohit Rathod\Desktop\JsapProject\JSAPNEW\Models\HierarchyModels.cs(306,23): warning CS8618: Non-nullable property 'ReportingTypeName' must contain a non-null value when exiting constructor. Consider adding the 'required' modifier or declaring the property as nullable. [C:\Users\Rohit Rathod\Desktop\JsapProject\JSAPNEW\JSAPNEW.csproj]
C:\Users\Rohit Rathod\Desktop\JsapProject\JSAPNEW\Models\HierarchyModels.cs(308,23): warning CS8618: Non-nullable property 'DepartmentName' must contain a non-null value when exiting constructor. Consider adding the 'required' modifier or declaring the property as nullable. [C:\Users\Rohit Rathod\Desktop\JsapProject\JSAPNEW\JSAPNEW.csproj]
C:\Users\Rohit Rathod\Desktop\JsapProject\JSAPNEW\Models\HierarchyModels.cs(310,23): warning CS8618: Non-nullable property 'SubDepartmentName' must contain a non-null value when exiting constructor. Consider adding the 'required' modifier or declaring the property as nullable. [C:\Users\Rohit Rathod\Desktop\JsapProject\JSAPNEW\JSAPNEW.csproj]
C:\Users\Rohit Rathod\Desktop\JsapProject\JSAPNEW\Models\HierarchyModels.cs(314,23): warning CS8618: Non-nullable property 'Notes' must contain a non-null value when exiting constructor. Consider adding the 'required' modifier or declaring the property as nullable. [C:\Users\Rohit Rathod\Desktop\JsapProject\JSAPNEW\JSAPNEW.csproj]
C:\Users\Rohit Rathod\Desktop\JsapProject\JSAPNEW\Models\HierarchyModels.cs(424,23): warning CS8618: Non-nullable property 'RoleName' must contain a non-null value when exiting constructor. Consider adding the 'required' modifier or declaring the property as nullable. [C:\Users\Rohit Rathod\Desktop\JsapProject\JSAPNEW\JSAPNEW.csproj]
C:\Users\Rohit Rathod\Desktop\JsapProject\JSAPNEW\Models\HierarchyModels.cs(426,23): warning CS8618: Non-nullable property 'Description' must contain a non-null value when exiting constructor. Consider adding the 'required' modifier or declaring the property as nullable. [C:\Users\Rohit Rathod\Desktop\JsapProject\JSAPNEW\JSAPNEW.csproj]
C:\Users\Rohit Rathod\Desktop\JsapProject\JSAPNEW\Models\HierarchyModels.cs(182,23): warning CS8618: Non-nullable property 'Message' must contain a non-null value when exiting constructor. Consider adding the 'required' modifier or declaring the property as nullable. [C:\Users\Rohit Rathod\Desktop\JsapProject\JSAPNEW\JSAPNEW.csproj]
C:\Users\Rohit Rathod\Desktop\JsapProject\JSAPNEW\Models\HierarchyModels.cs(183,18): warning CS8618: Non-nullable property 'Data' must contain a non-null value when exiting constructor. Consider adding the 'required' modifier or declaring the property as nullable. [C:\Users\Rohit Rathod\Desktop\JsapProject\JSAPNEW\JSAPNEW.csproj]
C:\Users\Rohit Rathod\Desktop\JsapProject\JSAPNEW\Models\HierarchyModels.cs(406,23): warning CS8618: Non-nullable property 'DepartmentName' must contain a non-null value when exiting constructor. Consider adding the 'required' modifier or declaring the property as nullable. [C:\Users\Rohit Rathod\Desktop\JsapProject\JSAPNEW\JSAPNEW.csproj]
C:\Users\Rohit Rathod\Desktop\JsapProject\JSAPNEW\Models\HierarchyModels.cs(407,23): warning CS8618: Non-nullable property 'DepartmentCode' must contain a non-null value when exiting constructor. Consider adding the 'required' modifier or declaring the property as nullable. [C:\Users\Rohit Rathod\Desktop\JsapProject\JSAPNEW\JSAPNEW.csproj]
C:\Users\Rohit Rathod\Desktop\JsapProject\JSAPNEW\Models\HierarchyModels.cs(226,23): warning CS8618: Non-nullable property 'EmployeeCode' must contain a non-null value when exiting constructor. Consider adding the 'required' modifier or declaring the property as nullable. [C:\Users\Rohit Rathod\Desktop\JsapProject\JSAPNEW\JSAPNEW.csproj]
C:\Users\Rohit Rathod\Desktop\JsapProject\JSAPNEW\Models\HierarchyModels.cs(227,23): warning CS8618: Non-nullable property 'EmployeeName' must contain a non-null value when exiting constructor. Consider adding the 'required' modifier or declaring the property as nullable. [C:\Users\Rohit Rathod\Desktop\JsapProject\JSAPNEW\JSAPNEW.csproj]
C:\Users\Rohit Rathod\Desktop\JsapProject\JSAPNEW\Models\HierarchyModels.cs(230,23): warning CS8618: Non-nullable property 'Designation' must contain a non-null value when exiting constructor. Consider adding the 'required' modifier or declaring the property as nullable. [C:\Users\Rohit Rathod\Desktop\JsapProject\JSAPNEW\JSAPNEW.csproj]
C:\Users\Rohit Rathod\Desktop\JsapProject\JSAPNEW\Models\HierarchyModels.cs(232,23): warning CS8618: Non-nullable property 'RoleName' must contain a non-null value when exiting constructor. Consider adding the 'required' modifier or declaring the property as nullable. [C:\Users\Rohit Rathod\Desktop\JsapProject\JSAPNEW\JSAPNEW.csproj]
C:\Users\Rohit Rathod\Desktop\JsapProject\JSAPNEW\Models\HierarchyModels.cs(234,23): warning CS8618: Non-nullable property 'PrimaryDepartmentName' must contain a non-null value when exiting constructor. Consider adding the 'required' modifier or declaring the property as nullable. [C:\Users\Rohit Rathod\Desktop\JsapProject\JSAPNEW\JSAPNEW.csproj]
C:\Users\Rohit Rathod\Desktop\JsapProject\JSAPNEW\Models\HierarchyModels.cs(239,23): warning CS8618: Non-nullable property 'Salary' must contain a non-null value when exiting constructor. Consider adding the 'required' modifier or declaring the property as nullable. [C:\Users\Rohit Rathod\Desktop\JsapProject\JSAPNEW\JSAPNEW.csproj]
C:\Users\Rohit Rathod\Desktop\JsapProject\JSAPNEW\Models\HierarchyModels.cs(241,23): warning CS8618: Non-nullable property 'SikhNonSikh' must contain a non-null value when exiting constructor. Consider adding the 'required' modifier or declaring the property as nullable. [C:\Users\Rohit Rathod\Desktop\JsapProject\JSAPNEW\JSAPNEW.csproj]
C:\Users\Rohit Rathod\Desktop\JsapProject\JSAPNEW\Models\HierarchyModels.cs(137,96): warning CS8618: Non-nullable property 'EmployeeCode' must contain a non-null value when exiting constructor. Consider adding the 'required' modifier or declaring the property as nullable. [C:\Users\Rohit Rathod\Desktop\JsapProject\JSAPNEW\JSAPNEW.csproj]
C:\Users\Rohit Rathod\Desktop\JsapProject\JSAPNEW\Models\HierarchyModels.cs(138,97): warning CS8618: Non-nullable property 'EmployeeName' must contain a non-null value when exiting constructor. Consider adding the 'required' modifier or declaring the property as nullable. [C:\Users\Rohit Rathod\Desktop\JsapProject\JSAPNEW\JSAPNEW.csproj]
C:\Users\Rohit Rathod\Desktop\JsapProject\JSAPNEW\Models\HierarchyModels.cs(594,53): warning CS8618: Non-nullable property 'EmployeeName' must contain a non-null value when exiting constructor. Consider adding the 'required' modifier or declaring the property as nullable. [C:\Users\Rohit Rathod\Desktop\JsapProject\JSAPNEW\JSAPNEW.csproj]
C:\Users\Rohit Rathod\Desktop\JsapProject\JSAPNEW\Models\HierarchyModels.cs(595,52): warning CS8618: Non-nullable property 'EmployeeCode' must contain a non-null value when exiting constructor. Consider adding the 'required' modifier or declaring the property as nullable. [C:\Users\Rohit Rathod\Desktop\JsapProject\JSAPNEW\JSAPNEW.csproj]
C:\Users\Rohit Rathod\Desktop\JsapProject\JSAPNEW\Models\HierarchyModels.cs(453,23): warning CS8618: Non-nullable property 'HodCode' must contain a non-null value when exiting constructor. Consider adding the 'required' modifier or declaring the property as nullable. [C:\Users\Rohit Rathod\Desktop\JsapProject\JSAPNEW\JSAPNEW.csproj]
C:\Users\Rohit Rathod\Desktop\JsapProject\JSAPNEW\Models\HierarchyModels.cs(454,23): warning CS8618: Non-nullable property 'HodName' must contain a non-null value when exiting constructor. Consider adding the 'required' modifier or declaring the property as nullable. [C:\Users\Rohit Rathod\Desktop\JsapProject\JSAPNEW\JSAPNEW.csproj]
C:\Users\Rohit Rathod\Desktop\JsapProject\JSAPNEW\Models\HierarchyModels.cs(455,23): warning CS8618: Non-nullable property 'HodDesignation' must contain a non-null value when exiting constructor. Consider adding the 'required' modifier or declaring the property as nullable. [C:\Users\Rohit Rathod\Desktop\JsapProject\JSAPNEW\JSAPNEW.csproj]
C:\Users\Rohit Rathod\Desktop\JsapProject\JSAPNEW\Models\HierarchyModels.cs(456,23): warning CS8618: Non-nullable property 'HodSalary' must contain a non-null value when exiting constructor. Consider adding the 'required' modifier or declaring the property as nullable. [C:\Users\Rohit Rathod\Desktop\JsapProject\JSAPNEW\JSAPNEW.csproj]
C:\Users\Rohit Rathod\Desktop\JsapProject\JSAPNEW\Models\HierarchyModels.cs(458,23): warning CS8618: Non-nullable property 'DepartmentName' must contain a non-null value when exiting constructor. Consider adding the 'required' modifier or declaring the property as nullable. [C:\Users\Rohit Rathod\Desktop\JsapProject\JSAPNEW\JSAPNEW.csproj]
C:\Users\Rohit Rathod\Desktop\JsapProject\JSAPNEW\Models\HierarchyModels.cs(460,23): warning CS8618: Non-nullable property 'SubDepartmentName' must contain a non-null value when exiting constructor. Consider adding the 'required' modifier or declaring the property as nullable. [C:\Users\Rohit Rathod\Desktop\JsapProject\JSAPNEW\JSAPNEW.csproj]
C:\Users\Rohit Rathod\Desktop\JsapProject\JSAPNEW\Models\HierarchyModels.cs(462,23): warning CS8618: Non-nullable property 'SubHodCode' must contain a non-null value when exiting constructor. Consider adding the 'required' modifier or declaring the property as nullable. [C:\Users\Rohit Rathod\Desktop\JsapProject\JSAPNEW\JSAPNEW.csproj]
C:\Users\Rohit Rathod\Desktop\JsapProject\JSAPNEW\Models\HierarchyModels.cs(463,23): warning CS8618: Non-nullable property 'SubHodName' must contain a non-null value when exiting constructor. Consider adding the 'required' modifier or declaring the property as nullable. [C:\Users\Rohit Rathod\Desktop\JsapProject\JSAPNEW\JSAPNEW.csproj]
C:\Users\Rohit Rathod\Desktop\JsapProject\JSAPNEW\Models\HierarchyModels.cs(464,23): warning CS8618: Non-nullable property 'SubHodDesignation' must contain a non-null value when exiting constructor. Consider adding the 'required' modifier or declaring the property as nullable. [C:\Users\Rohit Rathod\Desktop\JsapProject\JSAPNEW\JSAPNEW.csproj]
C:\Users\Rohit Rathod\Desktop\JsapProject\JSAPNEW\Models\HierarchyModels.cs(465,23): warning CS8618: Non-nullable property 'SubHodSalary' must contain a non-null value when exiting constructor. Consider adding the 'required' modifier or declaring the property as nullable. [C:\Users\Rohit Rathod\Desktop\JsapProject\JSAPNEW\JSAPNEW.csproj]
C:\Users\Rohit Rathod\Desktop\JsapProject\JSAPNEW\Models\HierarchyModels.cs(467,23): warning CS8618: Non-nullable property 'ExecCode' must contain a non-null value when exiting constructor. Consider adding the 'required' modifier or declaring the property as nullable. [C:\Users\Rohit Rathod\Desktop\JsapProject\JSAPNEW\JSAPNEW.csproj]
C:\Users\Rohit Rathod\Desktop\JsapProject\JSAPNEW\Models\HierarchyModels.cs(468,23): warning CS8618: Non-nullable property 'ExecName' must contain a non-null value when exiting constructor. Consider adding the 'required' modifier or declaring the property as nullable. [C:\Users\Rohit Rathod\Desktop\JsapProject\JSAPNEW\JSAPNEW.csproj]
C:\Users\Rohit Rathod\Desktop\JsapProject\JSAPNEW\Models\HierarchyModels.cs(469,23): warning CS8618: Non-nullable property 'ExecDesignation' must contain a non-null value when exiting constructor. Consider adding the 'required' modifier or declaring the property as nullable. [C:\Users\Rohit Rathod\Desktop\JsapProject\JSAPNEW\JSAPNEW.csproj]
C:\Users\Rohit Rathod\Desktop\JsapProject\JSAPNEW\Models\HierarchyModels.cs(470,23): warning CS8618: Non-nullable property 'ExecSalary' must contain a non-null value when exiting constructor. Consider adding the 'required' modifier or declaring the property as nullable. [C:\Users\Rohit Rathod\Desktop\JsapProject\JSAPNEW\JSAPNEW.csproj]
C:\Users\Rohit Rathod\Desktop\JsapProject\JSAPNEW\Models\GIGOModels.cs(45,41): warning CS8618: Non-nullable property 'Items' must contain a non-null value when exiting constructor. Consider adding the 'required' modifier or declaring the property as nullable. [C:\Users\Rohit Rathod\Desktop\JsapProject\JSAPNEW\JSAPNEW.csproj]
C:\Users\Rohit Rathod\Desktop\JsapProject\JSAPNEW\Models\GIGOModels.cs(39,37): warning CS8618: Non-nullable property 'Attachments' must contain a non-null value when exiting constructor. Consider adding the 'required' modifier or declaring the property as nullable. [C:\Users\Rohit Rathod\Desktop\JsapProject\JSAPNEW\JSAPNEW.csproj]
C:\Users\Rohit Rathod\Desktop\JsapProject\JSAPNEW\Models\GIGOModels.cs(23,23): warning CS8618: Non-nullable property 'Message' must contain a non-null value when exiting constructor. Consider adding the 'required' modifier or declaring the property as nullable. [C:\Users\Rohit Rathod\Desktop\JsapProject\JSAPNEW\JSAPNEW.csproj]
C:\Users\Rohit Rathod\Desktop\JsapProject\JSAPNEW\Models\HierarchyModels.cs(338,23): warning CS8618: Non-nullable property 'EmployeeCode' must contain a non-null value when exiting constructor. Consider adding the 'required' modifier or declaring the property as nullable. [C:\Users\Rohit Rathod\Desktop\JsapProject\JSAPNEW\JSAPNEW.csproj]
C:\Users\Rohit Rathod\Desktop\JsapProject\JSAPNEW\Models\HierarchyModels.cs(339,23): warning CS8618: Non-nullable property 'EmployeeName' must contain a non-null value when exiting constructor. Consider adding the 'required' modifier or declaring the property as nullable. [C:\Users\Rohit Rathod\Desktop\JsapProject\JSAPNEW\JSAPNEW.csproj]
C:\Users\Rohit Rathod\Desktop\JsapProject\JSAPNEW\Models\HierarchyModels.cs(340,23): warning CS8618: Non-nullable property 'Designation' must contain a non-null value when exiting constructor. Consider adding the 'required' modifier or declaring the property as nullable. [C:\Users\Rohit Rathod\Desktop\JsapProject\JSAPNEW\JSAPNEW.csproj]
C:\Users\Rohit Rathod\Desktop\JsapProject\JSAPNEW\Models\HierarchyModels.cs(342,23): warning CS8618: Non-nullable property 'SikhNonSikh' must contain a non-null value when exiting constructor. Consider adding the 'required' modifier or declaring the property as nullable. [C:\Users\Rohit Rathod\Desktop\JsapProject\JSAPNEW\JSAPNEW.csproj]
C:\Users\Rohit Rathod\Desktop\JsapProject\JSAPNEW\Models\HierarchyModels.cs(343,23): warning CS8618: Non-nullable property 'DepartmentName' must contain a non-null value when exiting constructor. Consider adding the 'required' modifier or declaring the property as nullable. [C:\Users\Rohit Rathod\Desktop\JsapProject\JSAPNEW\JSAPNEW.csproj]
C:\Users\Rohit Rathod\Desktop\JsapProject\JSAPNEW\Models\HierarchyModels.cs(344,23): warning CS8618: Non-nullable property 'SubDepartmentName' must contain a non-null value when exiting constructor. Consider adding the 'required' modifier or declaring the property as nullable. [C:\Users\Rohit Rathod\Desktop\JsapProject\JSAPNEW\JSAPNEW.csproj]
C:\Users\Rohit Rathod\Desktop\JsapProject\JSAPNEW\Models\HierarchyModels.cs(348,23): warning CS8618: Non-nullable property 'Salary' must contain a non-null value when exiting constructor. Consider adding the 'required' modifier or declaring the property as nullable. [C:\Users\Rohit Rathod\Desktop\JsapProject\JSAPNEW\JSAPNEW.csproj]
C:\Users\Rohit Rathod\Desktop\JsapProject\JSAPNEW\Models\HierarchyModels.cs(349,23): warning CS8618: Non-nullable property 'ReportingTypeName' must contain a non-null value when exiting constructor. Consider adding the 'required' modifier or declaring the property as nullable. [C:\Users\Rohit Rathod\Desktop\JsapProject\JSAPNEW\JSAPNEW.csproj]
C:\Users\Rohit Rathod\Desktop\JsapProject\JSAPNEW\Models\HierarchyModels.cs(13,50): warning CS8618: Non-nullable property 'DepartmentName' must contain a non-null value when exiting constructor. Consider adding the 'required' modifier or declaring the property as nullable. [C:\Users\Rohit Rathod\Desktop\JsapProject\JSAPNEW\JSAPNEW.csproj]
C:\Users\Rohit Rathod\Desktop\JsapProject\JSAPNEW\Models\HierarchyModels.cs(14,39): warning CS8618: Non-nullable property 'DepartmentCode' must contain a non-null value when exiting constructor. Consider adding the 'required' modifier or declaring the property as nullable. [C:\Users\Rohit Rathod\Desktop\JsapProject\JSAPNEW\JSAPNEW.csproj]
C:\Users\Rohit Rathod\Desktop\JsapProject\JSAPNEW\Models\HierarchyModels.cs(18,51): warning CS8618: Non-nullable property 'SubDepartments' must contain a non-null value when exiting constructor. Consider adding the 'required' modifier or declaring the property as nullable. [C:\Users\Rohit Rathod\Desktop\JsapProject\JSAPNEW\JSAPNEW.csproj]
C:\Users\Rohit Rathod\Desktop\JsapProject\JSAPNEW\Models\HierarchyModels.cs(19,46): warning CS8618: Non-nullable property 'Employees' must contain a non-null value when exiting constructor. Consider adding the 'required' modifier or declaring the property as nullable. [C:\Users\Rohit Rathod\Desktop\JsapProject\JSAPNEW\JSAPNEW.csproj]
C:\Users\Rohit Rathod\Desktop\JsapProject\JSAPNEW\Models\HierarchyModels.cs(27,50): warning CS8618: Non-nullable property 'SubDepartmentName' must contain a non-null value when exiting constructor. Consider adding the 'required' modifier or declaring the property as nullable. [C:\Users\Rohit Rathod\Desktop\JsapProject\JSAPNEW\JSAPNEW.csproj]
C:\Users\Rohit Rathod\Desktop\JsapProject\JSAPNEW\Models\HierarchyModels.cs(28,39): warning CS8618: Non-nullable property 'SubDepartmentCode' must contain a non-null value when exiting constructor. Consider adding the 'required' modifier or declaring the property as nullable. [C:\Users\Rohit Rathod\Desktop\JsapProject\JSAPNEW\JSAPNEW.csproj]
C:\Users\Rohit Rathod\Desktop\JsapProject\JSAPNEW\Models\HierarchyModels.cs(32,64): warning CS8618: Non-nullable property 'Department' must contain a non-null value when exiting constructor. Consider adding the 'required' modifier or declaring the property as nullable. [C:\Users\Rohit Rathod\Desktop\JsapProject\JSAPNEW\JSAPNEW.csproj]
C:\Users\Rohit Rathod\Desktop\JsapProject\JSAPNEW\Models\HierarchyModels.cs(774,23): warning CS8618: Non-nullable property 'EmployeeCode' must contain a non-null value when exiting constructor. Consider adding the 'required' modifier or declaring the property as nullable. [C:\Users\Rohit Rathod\Desktop\JsapProject\JSAPNEW\JSAPNEW.csproj]
C:\Users\Rohit Rathod\Desktop\JsapProject\JSAPNEW\Models\HierarchyModels.cs(775,23): warning CS8618: Non-nullable property 'EmployeeName' must contain a non-null value when exiting constructor. Consider adding the 'required' modifier or declaring the property as nullable. [C:\Users\Rohit Rathod\Desktop\JsapProject\JSAPNEW\JSAPNEW.csproj]
C:\Users\Rohit Rathod\Desktop\JsapProject\JSAPNEW\Models\HierarchyModels.cs(776,23): warning CS8618: Non-nullable property 'Designation' must contain a non-null value when exiting constructor. Consider adding the 'required' modifier or declaring the property as nullable. [C:\Users\Rohit Rathod\Desktop\JsapProject\JSAPNEW\JSAPNEW.csproj]
C:\Users\Rohit Rathod\Desktop\JsapProject\JSAPNEW\Models\HierarchyModels.cs(778,23): warning CS8618: Non-nullable property 'RoleName' must contain a non-null value when exiting constructor. Consider adding the 'required' modifier or declaring the property as nullable. [C:\Users\Rohit Rathod\Desktop\JsapProject\JSAPNEW\JSAPNEW.csproj]
C:\Users\Rohit Rathod\Desktop\JsapProject\JSAPNEW\Models\HierarchyModels.cs(779,23): warning CS8618: Non-nullable property 'DepartmentName' must contain a non-null value when exiting constructor. Consider adding the 'required' modifier or declaring the property as nullable. [C:\Users\Rohit Rathod\Desktop\JsapProject\JSAPNEW\JSAPNEW.csproj]
C:\Users\Rohit Rathod\Desktop\JsapProject\JSAPNEW\Models\HierarchyModels.cs(780,23): warning CS8618: Non-nullable property 'SubDepartmentName' must contain a non-null value when exiting constructor. Consider adding the 'required' modifier or declaring the property as nullable. [C:\Users\Rohit Rathod\Desktop\JsapProject\JSAPNEW\JSAPNEW.csproj]
C:\Users\Rohit Rathod\Desktop\JsapProject\JSAPNEW\Models\DocumentDispatchModels.cs(66,23): warning CS8618: Non-nullable property 'bundleId' must contain a non-null value when exiting constructor. Consider adding the 'required' modifier or declaring the property as nullable. [C:\Users\Rohit Rathod\Desktop\JsapProject\JSAPNEW\JSAPNEW.csproj]
C:\Users\Rohit Rathod\Desktop\JsapProject\JSAPNEW\Models\DocumentDispatchModels.cs(67,23): warning CS8618: Non-nullable property 'status' must contain a non-null value when exiting constructor. Consider adding the 'required' modifier or declaring the property as nullable. [C:\Users\Rohit Rathod\Desktop\JsapProject\JSAPNEW\JSAPNEW.csproj]
C:\Users\Rohit Rathod\Desktop\JsapProject\JSAPNEW\Models\DocumentDispatchModels.cs(50,23): warning CS8618: Non-nullable property 'Message' must contain a non-null value when exiting constructor. Consider adding the 'required' modifier or declaring the property as nullable. [C:\Users\Rohit Rathod\Desktop\JsapProject\JSAPNEW\JSAPNEW.csproj]
C:\Users\Rohit Rathod\Desktop\JsapProject\JSAPNEW\Models\HierarchyModels.cs(483,23): warning CS8618: Non-nullable property 'HodCode' must contain a non-null value when exiting constructor. Consider adding the 'required' modifier or declaring the property as nullable. [C:\Users\Rohit Rathod\Desktop\JsapProject\JSAPNEW\JSAPNEW.csproj]
C:\Users\Rohit Rathod\Desktop\JsapProject\JSAPNEW\Models\HierarchyModels.cs(484,23): warning CS8618: Non-nullable property 'HodName' must contain a non-null value when exiting constructor. Consider adding the 'required' modifier or declaring the property as nullable. [C:\Users\Rohit Rathod\Desktop\JsapProject\JSAPNEW\JSAPNEW.csproj]
C:\Users\Rohit Rathod\Desktop\JsapProject\JSAPNEW\Models\HierarchyModels.cs(485,23): warning CS8618: Non-nullable property 'HodDesignation' must contain a non-null value when exiting constructor. Consider adding the 'required' modifier or declaring the property as nullable. [C:\Users\Rohit Rathod\Desktop\JsapProject\JSAPNEW\JSAPNEW.csproj]
C:\Users\Rohit Rathod\Desktop\JsapProject\JSAPNEW\Models\HierarchyModels.cs(491,23): warning CS8618: Non-nullable property 'DepartmentName' must contain a non-null value when exiting constructor. Consider adding the 'required' modifier or declaring the property as nullable. [C:\Users\Rohit Rathod\Desktop\JsapProject\JSAPNEW\JSAPNEW.csproj]
C:\Users\Rohit Rathod\Desktop\JsapProject\JSAPNEW\Models\HierarchyModels.cs(493,23): warning CS8618: Non-nullable property 'SubDepartmentName' must contain a non-null value when exiting constructor. Consider adding the 'required' modifier or declaring the property as nullable. [C:\Users\Rohit Rathod\Desktop\JsapProject\JSAPNEW\JSAPNEW.csproj]
C:\Users\Rohit Rathod\Desktop\JsapProject\JSAPNEW\Models\HierarchyModels.cs(496,23): warning CS8618: Non-nullable property 'SubHodCode' must contain a non-null value when exiting constructor. Consider adding the 'required' modifier or declaring the property as nullable. [C:\Users\Rohit Rathod\Desktop\JsapProject\JSAPNEW\JSAPNEW.csproj]
C:\Users\Rohit Rathod\Desktop\JsapProject\JSAPNEW\Models\HierarchyModels.cs(497,23): warning CS8618: Non-nullable property 'SubHodName' must contain a non-null value when exiting constructor. Consider adding the 'required' modifier or declaring the property as nullable. [C:\Users\Rohit Rathod\Desktop\JsapProject\JSAPNEW\JSAPNEW.csproj]
C:\Users\Rohit Rathod\Desktop\JsapProject\JSAPNEW\Models\HierarchyModels.cs(498,23): warning CS8618: Non-nullable property 'SubHodDesignation' must contain a non-null value when exiting constructor. Consider adding the 'required' modifier or declaring the property as nullable. [C:\Users\Rohit Rathod\Desktop\JsapProject\JSAPNEW\JSAPNEW.csproj]
C:\Users\Rohit Rathod\Desktop\JsapProject\JSAPNEW\Models\HierarchyModels.cs(505,23): warning CS8618: Non-nullable property 'ExecCode' must contain a non-null value when exiting constructor. Consider adding the 'required' modifier or declaring the property as nullable. [C:\Users\Rohit Rathod\Desktop\JsapProject\JSAPNEW\JSAPNEW.csproj]
C:\Users\Rohit Rathod\Desktop\JsapProject\JSAPNEW\Models\HierarchyModels.cs(506,23): warning CS8618: Non-nullable property 'ExecName' must contain a non-null value when exiting constructor. Consider adding the 'required' modifier or declaring the property as nullable. [C:\Users\Rohit Rathod\Desktop\JsapProject\JSAPNEW\JSAPNEW.csproj]
C:\Users\Rohit Rathod\Desktop\JsapProject\JSAPNEW\Models\HierarchyModels.cs(507,23): warning CS8618: Non-nullable property 'ExecDesignation' must contain a non-null value when exiting constructor. Consider adding the 'required' modifier or declaring the property as nullable. [C:\Users\Rohit Rathod\Desktop\JsapProject\JSAPNEW\JSAPNEW.csproj]
C:\Users\Rohit Rathod\Desktop\JsapProject\JSAPNEW\Models\HierarchyModels.cs(254,23): warning CS8618: Non-nullable property 'ManagerCode' must contain a non-null value when exiting constructor. Consider adding the 'required' modifier or declaring the property as nullable. [C:\Users\Rohit Rathod\Desktop\JsapProject\JSAPNEW\JSAPNEW.csproj]
C:\Users\Rohit Rathod\Desktop\JsapProject\JSAPNEW\Models\HierarchyModels.cs(255,23): warning CS8618: Non-nullable property 'ManagerName' must contain a non-null value when exiting constructor. Consider adding the 'required' modifier or declaring the property as nullable. [C:\Users\Rohit Rathod\Desktop\JsapProject\JSAPNEW\JSAPNEW.csproj]
C:\Users\Rohit Rathod\Desktop\JsapProject\JSAPNEW\Models\HierarchyModels.cs(256,23): warning CS8618: Non-nullable property 'ManagerRole' must contain a non-null value when exiting constructor. Consider adding the 'required' modifier or declaring the property as nullable. [C:\Users\Rohit Rathod\Desktop\JsapProject\JSAPNEW\JSAPNEW.csproj]
C:\Users\Rohit Rathod\Desktop\JsapProject\JSAPNEW\Models\HierarchyModels.cs(258,23): warning CS8618: Non-nullable property 'ReportingTypeName' must contain a non-null value when exiting constructor. Consider adding the 'required' modifier or declaring the property as nullable. [C:\Users\Rohit Rathod\Desktop\JsapProject\JSAPNEW\JSAPNEW.csproj]
C:\Users\Rohit Rathod\Desktop\JsapProject\JSAPNEW\Models\HierarchyModels.cs(260,23): warning CS8618: Non-nullable property 'DepartmentName' must contain a non-null value when exiting constructor. Consider adding the 'required' modifier or declaring the property as nullable. [C:\Users\Rohit Rathod\Desktop\JsapProject\JSAPNEW\JSAPNEW.csproj]
C:\Users\Rohit Rathod\Desktop\JsapProject\JSAPNEW\Models\HierarchyModels.cs(262,23): warning CS8618: Non-nullable property 'SubDepartmentName' must contain a non-null value when exiting constructor. Consider adding the 'required' modifier or declaring the property as nullable. [C:\Users\Rohit Rathod\Desktop\JsapProject\JSAPNEW\JSAPNEW.csproj]
C:\Users\Rohit Rathod\Desktop\JsapProject\JSAPNEW\Models\HierarchyModels.cs(266,23): warning CS8618: Non-nullable property 'Notes' must contain a non-null value when exiting constructor. Consider adding the 'required' modifier or declaring the property as nullable. [C:\Users\Rohit Rathod\Desktop\JsapProject\JSAPNEW\JSAPNEW.csproj]
C:\Users\Rohit Rathod\Desktop\JsapProject\JSAPNEW\Models\DocumentDispatchModels.cs(44,23): warning CS8618: Non-nullable property 'p_docId' must contain a non-null value when exiting constructor. Consider adding the 'required' modifier or declaring the property as nullable. [C:\Users\Rohit Rathod\Desktop\JsapProject\JSAPNEW\JSAPNEW.csproj]
C:\Users\Rohit Rathod\Desktop\JsapProject\JSAPNEW\Models\DocumentDispatchModels.cs(45,23): warning CS8618: Non-nullable property 'p_docType' must contain a non-null value when exiting constructor. Consider adding the 'required' modifier or declaring the property as nullable. [C:\Users\Rohit Rathod\Desktop\JsapProject\JSAPNEW\JSAPNEW.csproj]
C:\Users\Rohit Rathod\Desktop\JsapProject\JSAPNEW\Models\DocumentDispatchModels.cs(46,23): warning CS8618: Non-nullable property 'p_branch' must contain a non-null value when exiting constructor. Consider adding the 'required' modifier or declaring the property as nullable. [C:\Users\Rohit Rathod\Desktop\JsapProject\JSAPNEW\JSAPNEW.csproj]
C:\Users\Rohit Rathod\Desktop\JsapProject\JSAPNEW\Models\GIGOModels.cs(9,23): warning CS8618: Non-nullable property 'Message' must contain a non-null value when exiting constructor. Consider adding the 'required' modifier or declaring the property as nullable. [C:\Users\Rohit Rathod\Desktop\JsapProject\JSAPNEW\JSAPNEW.csproj]
C:\Users\Rohit Rathod\Desktop\JsapProject\JSAPNEW\Models\DocumentDispatchModels.cs(110,23): warning CS8618: Non-nullable property 'bundleId' must contain a non-null value when exiting constructor. Consider adding the 'required' modifier or declaring the property as nullable. [C:\Users\Rohit Rathod\Desktop\JsapProject\JSAPNEW\JSAPNEW.csproj]
C:\Users\Rohit Rathod\Desktop\JsapProject\JSAPNEW\Models\DocumentDispatchModels.cs(111,23): warning CS8618: Non-nullable property 'docId' must contain a non-null value when exiting constructor. Consider adding the 'required' modifier or declaring the property as nullable. [C:\Users\Rohit Rathod\Desktop\JsapProject\JSAPNEW\JSAPNEW.csproj]
C:\Users\Rohit Rathod\Desktop\JsapProject\JSAPNEW\Models\DocumentDispatchModels.cs(112,23): warning CS8618: Non-nullable property 'docType' must contain a non-null value when exiting constructor. Consider adding the 'required' modifier or declaring the property as nullable. [C:\Users\Rohit Rathod\Desktop\JsapProject\JSAPNEW\JSAPNEW.csproj]
C:\Users\Rohit Rathod\Desktop\JsapProject\JSAPNEW\Models\DocumentDispatchModels.cs(113,23): warning CS8618: Non-nullable property 'branch' must contain a non-null value when exiting constructor. Consider adding the 'required' modifier or declaring the property as nullable. [C:\Users\Rohit Rathod\Desktop\JsapProject\JSAPNEW\JSAPNEW.csproj]
C:\Users\Rohit Rathod\Desktop\JsapProject\JSAPNEW\Models\DocumentDispatchModels.cs(114,23): warning CS8618: Non-nullable property 'attachment' must contain a non-null value when exiting constructor. Consider adding the 'required' modifier or declaring the property as nullable. [C:\Users\Rohit Rathod\Desktop\JsapProject\JSAPNEW\JSAPNEW.csproj]
C:\Users\Rohit Rathod\Desktop\JsapProject\JSAPNEW\Models\DocumentDispatchModels.cs(115,23): warning CS8618: Non-nullable property 'status' must contain a non-null value when exiting constructor. Consider adding the 'required' modifier or declaring the property as nullable. [C:\Users\Rohit Rathod\Desktop\JsapProject\JSAPNEW\JSAPNEW.csproj]
C:\Users\Rohit Rathod\Desktop\JsapProject\JSAPNEW\Models\DocumentDispatchModels.cs(116,23): warning CS8618: Non-nullable property 'rejectedReason' must contain a non-null value when exiting constructor. Consider adding the 'required' modifier or declaring the property as nullable. [C:\Users\Rohit Rathod\Desktop\JsapProject\JSAPNEW\JSAPNEW.csproj]
C:\Users\Rohit Rathod\Desktop\JsapProject\JSAPNEW\Models\DocumentDispatchModels.cs(119,23): warning CS8618: Non-nullable property 'receivedBy' must contain a non-null value when exiting constructor. Consider adding the 'required' modifier or declaring the property as nullable. [C:\Users\Rohit Rathod\Desktop\JsapProject\JSAPNEW\JSAPNEW.csproj]
C:\Users\Rohit Rathod\Desktop\JsapProject\JSAPNEW\Models\DocumentDispatchModels.cs(121,23): warning CS8618: Non-nullable property 'ReceivedName' must contain a non-null value when exiting constructor. Consider adding the 'required' modifier or declaring the property as nullable. [C:\Users\Rohit Rathod\Desktop\JsapProject\JSAPNEW\JSAPNEW.csproj]
C:\Users\Rohit Rathod\Desktop\JsapProject\JSAPNEW\Models\DocumentDispatchModels.cs(57,23): warning CS8618: Non-nullable property 'status' must contain a non-null value when exiting constructor. Consider adding the 'required' modifier or declaring the property as nullable. [C:\Users\Rohit Rathod\Desktop\JsapProject\JSAPNEW\JSAPNEW.csproj]
C:\Users\Rohit Rathod\Desktop\JsapProject\JSAPNEW\Models\DocumentDispatchModels.cs(59,23): warning CS8618: Non-nullable property 'docId' must contain a non-null value when exiting constructor. Consider adding the 'required' modifier or declaring the property as nullable. [C:\Users\Rohit Rathod\Desktop\JsapProject\JSAPNEW\JSAPNEW.csproj]
C:\Users\Rohit Rathod\Desktop\JsapProject\JSAPNEW\Models\DashboardModels.cs(246,23): warning CS8618: Non-nullable property 'Budget' must contain a non-null value when exiting constructor. Consider adding the 'required' modifier or declaring the property as nullable. [C:\Users\Rohit Rathod\Desktop\JsapProject\JSAPNEW\JSAPNEW.csproj]
C:\Users\Rohit Rathod\Desktop\JsapProject\JSAPNEW\Models\DashboardModels.cs(230,23): warning CS8618: Non-nullable property 'status' must contain a non-null value when exiting constructor. Consider adding the 'required' modifier or declaring the property as nullable. [C:\Users\Rohit Rathod\Desktop\JsapProject\JSAPNEW\JSAPNEW.csproj]
C:\Users\Rohit Rathod\Desktop\JsapProject\JSAPNEW\Models\DashboardModels.cs(241,23): warning CS8618: Non-nullable property 'AcctName' must contain a non-null value when exiting constructor. Consider adding the 'required' modifier or declaring the property as nullable. [C:\Users\Rohit Rathod\Desktop\JsapProject\JSAPNEW\JSAPNEW.csproj]
C:\Users\Rohit Rathod\Desktop\JsapProject\JSAPNEW\Models\DashboardModels.cs(223,23): warning CS8618: Non-nullable property 'Message' must contain a non-null value when exiting constructor. Consider adding the 'required' modifier or declaring the property as nullable. [C:\Users\Rohit Rathod\Desktop\JsapProject\JSAPNEW\JSAPNEW.csproj]
C:\Users\Rohit Rathod\Desktop\JsapProject\JSAPNEW\Models\HierarchyModels.cs(274,23): warning CS8618: Non-nullable property 'EmployeeCode' must contain a non-null value when exiting constructor. Consider adding the 'required' modifier or declaring the property as nullable. [C:\Users\Rohit Rathod\Desktop\JsapProject\JSAPNEW\JSAPNEW.csproj]
C:\Users\Rohit Rathod\Desktop\JsapProject\JSAPNEW\Models\HierarchyModels.cs(275,23): warning CS8618: Non-nullable property 'EmployeeName' must contain a non-null value when exiting constructor. Consider adding the 'required' modifier or declaring the property as nullable. [C:\Users\Rohit Rathod\Desktop\JsapProject\JSAPNEW\JSAPNEW.csproj]
C:\Users\Rohit Rathod\Desktop\JsapProject\JSAPNEW\Models\HierarchyModels.cs(276,23): warning CS8618: Non-nullable property 'EmployeeRole' must contain a non-null value when exiting constructor. Consider adding the 'required' modifier or declaring the property as nullable. [C:\Users\Rohit Rathod\Desktop\JsapProject\JSAPNEW\JSAPNEW.csproj]
C:\Users\Rohit Rathod\Desktop\JsapProject\JSAPNEW\Models\HierarchyModels.cs(277,23): warning CS8618: Non-nullable property 'Designation' must contain a non-null value when exiting constructor. Consider adding the 'required' modifier or declaring the property as nullable. [C:\Users\Rohit Rathod\Desktop\JsapProject\JSAPNEW\JSAPNEW.csproj]
C:\Users\Rohit Rathod\Desktop\JsapProject\JSAPNEW\Models\HierarchyModels.cs(279,23): warning CS8618: Non-nullable property 'ReportingTypeName' must contain a non-null value when exiting constructor. Consider adding the 'required' modifier or declaring the property as nullable. [C:\Users\Rohit Rathod\Desktop\JsapProject\JSAPNEW\JSAPNEW.csproj]
C:\Users\Rohit Rathod\Desktop\JsapProject\JSAPNEW\Models\HierarchyModels.cs(281,23): warning CS8618: Non-nullable property 'DepartmentName' must contain a non-null value when exiting constructor. Consider adding the 'required' modifier or declaring the property as nullable. [C:\Users\Rohit Rathod\Desktop\JsapProject\JSAPNEW\JSAPNEW.csproj]
C:\Users\Rohit Rathod\Desktop\JsapProject\JSAPNEW\Models\HierarchyModels.cs(283,23): warning CS8618: Non-nullable property 'SubDepartmentName' must contain a non-null value when exiting constructor. Consider adding the 'required' modifier or declaring the property as nullable. [C:\Users\Rohit Rathod\Desktop\JsapProject\JSAPNEW\JSAPNEW.csproj]
C:\Users\Rohit Rathod\Desktop\JsapProject\JSAPNEW\Models\HierarchyModels.cs(287,23): warning CS8618: Non-nullable property 'Notes' must contain a non-null value when exiting constructor. Consider adding the 'required' modifier or declaring the property as nullable. [C:\Users\Rohit Rathod\Desktop\JsapProject\JSAPNEW\JSAPNEW.csproj]
C:\Users\Rohit Rathod\Desktop\JsapProject\JSAPNEW\Models\DashboardModels.cs(214,23): warning CS8618: Non-nullable property 'Attendees' must contain a non-null value when exiting constructor. Consider adding the 'required' modifier or declaring the property as nullable. [C:\Users\Rohit Rathod\Desktop\JsapProject\JSAPNEW\JSAPNEW.csproj]
C:\Users\Rohit Rathod\Desktop\JsapProject\JSAPNEW\Models\DashboardModels.cs(215,23): warning CS8618: Non-nullable property 'Agenda' must contain a non-null value when exiting constructor. Consider adding the 'required' modifier or declaring the property as nullable. [C:\Users\Rohit Rathod\Desktop\JsapProject\JSAPNEW\JSAPNEW.csproj]
C:\Users\Rohit Rathod\Desktop\JsapProject\JSAPNEW\Models\DashboardModels.cs(216,23): warning CS8618: Non-nullable property 'notes' must contain a non-null value when exiting constructor. Consider adding the 'required' modifier or declaring the property as nullable. [C:\Users\Rohit Rathod\Desktop\JsapProject\JSAPNEW\JSAPNEW.csproj]
C:\Users\Rohit Rathod\Desktop\JsapProject\JSAPNEW\Models\DashboardModels.cs(217,23): warning CS8618: Non-nullable property 'status' must contain a non-null value when exiting constructor. Consider adding the 'required' modifier or declaring the property as nullable. [C:\Users\Rohit Rathod\Desktop\JsapProject\JSAPNEW\JSAPNEW.csproj]
C:\Users\Rohit Rathod\Desktop\JsapProject\JSAPNEW\Models\HierarchyModels.cs(39,49): warning CS8618: Non-nullable property 'RoleName' must contain a non-null value when exiting constructor. Consider adding the 'required' modifier or declaring the property as nullable. [C:\Users\Rohit Rathod\Desktop\JsapProject\JSAPNEW\JSAPNEW.csproj]
C:\Users\Rohit Rathod\Desktop\JsapProject\JSAPNEW\Models\HierarchyModels.cs(41,40): warning CS8618: Non-nullable property 'Description' must contain a non-null value when exiting constructor. Consider adding the 'required' modifier or declaring the property as nullable. [C:\Users\Rohit Rathod\Desktop\JsapProject\JSAPNEW\JSAPNEW.csproj]
C:\Users\Rohit Rathod\Desktop\JsapProject\JSAPNEW\Models\DashboardModels.cs(179,23): warning CS8618: Non-nullable property 'Client' must contain a non-null value when exiting constructor. Consider adding the 'required' modifier or declaring the property as nullable. [C:\Users\Rohit Rathod\Desktop\JsapProject\JSAPNEW\JSAPNEW.csproj]
C:\Users\Rohit Rathod\Desktop\JsapProject\JSAPNEW\Models\DashboardModels.cs(189,23): warning CS8618: Non-nullable property 'ModuleName' must contain a non-null value when exiting constructor. Consider adding the 'required' modifier or declaring the property as nullable. [C:\Users\Rohit Rathod\Desktop\JsapProject\JSAPNEW\JSAPNEW.csproj]
C:\Users\Rohit Rathod\Desktop\JsapProject\JSAPNEW\Models\DashboardModels.cs(192,23): warning CS8618: Non-nullable property 'Priority' must contain a non-null value when exiting constructor. Consider adding the 'required' modifier or declaring the property as nullable. [C:\Users\Rohit Rathod\Desktop\JsapProject\JSAPNEW\JSAPNEW.csproj]
C:\Users\Rohit Rathod\Desktop\JsapProject\JSAPNEW\Models\DashboardModels.cs(193,23): warning CS8618: Non-nullable property 'Status' must contain a non-null value when exiting constructor. Consider adding the 'required' modifier or declaring the property as nullable. [C:\Users\Rohit Rathod\Desktop\JsapProject\JSAPNEW\JSAPNEW.csproj]
C:\Users\Rohit Rathod\Desktop\JsapProject\JSAPNEW\Models\HierarchyModels.cs(207,43): warning CS8618: Non-nullable property 'DepartmentSummary' must contain a non-null value when exiting constructor. Consider adding the 'required' modifier or declaring the property as nullable. [C:\Users\Rohit Rathod\Desktop\JsapProject\JSAPNEW\JSAPNEW.csproj]
C:\Users\Rohit Rathod\Desktop\JsapProject\JSAPNEW\Models\DocumentDispatchModels.cs(73,23): warning CS8618: Non-nullable property 'bundleId' must contain a non-null value when exiting constructor. Consider adding the 'required' modifier or declaring the property as nullable. [C:\Users\Rohit Rathod\Desktop\JsapProject\JSAPNEW\JSAPNEW.csproj]
C:\Users\Rohit Rathod\Desktop\JsapProject\JSAPNEW\Models\DocumentDispatchModels.cs(74,23): warning CS8618: Non-nullable property 'docId' must contain a non-null value when exiting constructor. Consider adding the 'required' modifier or declaring the property as nullable. [C:\Users\Rohit Rathod\Desktop\JsapProject\JSAPNEW\JSAPNEW.csproj]
C:\Users\Rohit Rathod\Desktop\JsapProject\JSAPNEW\Models\DocumentDispatchModels.cs(75,23): warning CS8618: Non-nullable property 'docType' must contain a non-null value when exiting constructor. Consider adding the 'required' modifier or declaring the property as nullable. [C:\Users\Rohit Rathod\Desktop\JsapProject\JSAPNEW\JSAPNEW.csproj]
C:\Users\Rohit Rathod\Desktop\JsapProject\JSAPNEW\Models\DocumentDispatchModels.cs(76,23): warning CS8618: Non-nullable property 'branch' must contain a non-null value when exiting constructor. Consider adding the 'required' modifier or declaring the property as nullable. [C:\Users\Rohit Rathod\Desktop\JsapProject\JSAPNEW\JSAPNEW.csproj]
C:\Users\Rohit Rathod\Desktop\JsapProject\JSAPNEW\Models\DocumentDispatchModels.cs(77,23): warning CS8618: Non-nullable property 'attachment' must contain a non-null value when exiting constructor. Consider adding the 'required' modifier or declaring the property as nullable. [C:\Users\Rohit Rathod\Desktop\JsapProject\JSAPNEW\JSAPNEW.csproj]
C:\Users\Rohit Rathod\Desktop\JsapProject\JSAPNEW\Models\DocumentDispatchModels.cs(78,23): warning CS8618: Non-nullable property 'status' must contain a non-null value when exiting constructor. Consider adding the 'required' modifier or declaring the property as nullable. [C:\Users\Rohit Rathod\Desktop\JsapProject\JSAPNEW\JSAPNEW.csproj]
C:\Users\Rohit Rathod\Desktop\JsapProject\JSAPNEW\Models\DocumentDispatchModels.cs(79,23): warning CS8618: Non-nullable property 'rejectedReason' must contain a non-null value when exiting constructor. Consider adding the 'required' modifier or declaring the property as nullable. [C:\Users\Rohit Rathod\Desktop\JsapProject\JSAPNEW\JSAPNEW.csproj]
C:\Users\Rohit Rathod\Desktop\JsapProject\JSAPNEW\Models\DocumentDispatchModels.cs(82,23): warning CS8618: Non-nullable property 'receivedBy' must contain a non-null value when exiting constructor. Consider adding the 'required' modifier or declaring the property as nullable. [C:\Users\Rohit Rathod\Desktop\JsapProject\JSAPNEW\JSAPNEW.csproj]
C:\Users\Rohit Rathod\Desktop\JsapProject\JSAPNEW\Models\DocumentDispatchModels.cs(84,23): warning CS8618: Non-nullable property 'createdByName' must contain a non-null value when exiting constructor. Consider adding the 'required' modifier or declaring the property as nullable. [C:\Users\Rohit Rathod\Desktop\JsapProject\JSAPNEW\JSAPNEW.csproj]
C:\Users\Rohit Rathod\Desktop\JsapProject\JSAPNEW\Models\DocumentDispatchModels.cs(85,23): warning CS8618: Non-nullable property 'receivedByName' must contain a non-null value when exiting constructor. Consider adding the 'required' modifier or declaring the property as nullable. [C:\Users\Rohit Rathod\Desktop\JsapProject\JSAPNEW\JSAPNEW.csproj]
C:\Users\Rohit Rathod\Desktop\JsapProject\JSAPNEW\Models\DashboardModels.cs(169,23): warning CS8618: Non-nullable property 'ProjectName' must contain a non-null value when exiting constructor. Consider adding the 'required' modifier or declaring the property as nullable. [C:\Users\Rohit Rathod\Desktop\JsapProject\JSAPNEW\JSAPNEW.csproj]
C:\Users\Rohit Rathod\Desktop\JsapProject\JSAPNEW\Models\DashboardModels.cs(170,23): warning CS8618: Non-nullable property 'Priority' must contain a non-null value when exiting constructor. Consider adding the 'required' modifier or declaring the property as nullable. [C:\Users\Rohit Rathod\Desktop\JsapProject\JSAPNEW\JSAPNEW.csproj]
C:\Users\Rohit Rathod\Desktop\JsapProject\JSAPNEW\Models\DashboardModels.cs(171,23): warning CS8618: Non-nullable property 'ProjectStatus' must contain a non-null value when exiting constructor. Consider adding the 'required' modifier or declaring the property as nullable. [C:\Users\Rohit Rathod\Desktop\JsapProject\JSAPNEW\JSAPNEW.csproj]
C:\Users\Rohit Rathod\Desktop\JsapProject\JSAPNEW\Models\DashboardModels.cs(235,23): warning CS8618: Non-nullable property 'status' must contain a non-null value when exiting constructor. Consider adding the 'required' modifier or declaring the property as nullable. [C:\Users\Rohit Rathod\Desktop\JsapProject\JSAPNEW\JSAPNEW.csproj]
C:\Users\Rohit Rathod\Desktop\JsapProject\JSAPNEW\Models\DashboardModels.cs(236,23): warning CS8618: Non-nullable property 'Message' must contain a non-null value when exiting constructor. Consider adding the 'required' modifier or declaring the property as nullable. [C:\Users\Rohit Rathod\Desktop\JsapProject\JSAPNEW\JSAPNEW.csproj]
C:\Users\Rohit Rathod\Desktop\JsapProject\JSAPNEW\Models\DashboardModels.cs(120,23): warning CS8618: Non-nullable property 'Project_Name' must contain a non-null value when exiting constructor. Consider adding the 'required' modifier or declaring the property as nullable. [C:\Users\Rohit Rathod\Desktop\JsapProject\JSAPNEW\JSAPNEW.csproj]
C:\Users\Rohit Rathod\Desktop\JsapProject\JSAPNEW\Models\DashboardModels.cs(130,23): warning CS8618: Non-nullable property 'ProjectName' must contain a non-null value when exiting constructor. Consider adding the 'required' modifier or declaring the property as nullable. [C:\Users\Rohit Rathod\Desktop\JsapProject\JSAPNEW\JSAPNEW.csproj]
C:\Users\Rohit Rathod\Desktop\JsapProject\JSAPNEW\Models\DashboardModels.cs(125,23): warning CS8618: Non-nullable property 'EmployeeName' must contain a non-null value when exiting constructor. Consider adding the 'required' modifier or declaring the property as nullable. [C:\Users\Rohit Rathod\Desktop\JsapProject\JSAPNEW\JSAPNEW.csproj]
C:\Users\Rohit Rathod\Desktop\JsapProject\JSAPNEW\Models\DashboardModels.cs(104,23): warning CS8618: Non-nullable property 'Priority' must contain a non-null value when exiting constructor. Consider adding the 'required' modifier or declaring the property as nullable. [C:\Users\Rohit Rathod\Desktop\JsapProject\JSAPNEW\JSAPNEW.csproj]
C:\Users\Rohit Rathod\Desktop\JsapProject\JSAPNEW\Models\DashboardModels.cs(99,23): warning CS8618: Non-nullable property 'Status' must contain a non-null value when exiting constructor. Consider adding the 'required' modifier or declaring the property as nullable. [C:\Users\Rohit Rathod\Desktop\JsapProject\JSAPNEW\JSAPNEW.csproj]
C:\Users\Rohit Rathod\Desktop\JsapProject\JSAPNEW\Models\DashboardModels.cs(110,23): warning CS8618: Non-nullable property 'EmployeeName' must contain a non-null value when exiting constructor. Consider adding the 'required' modifier or declaring the property as nullable. [C:\Users\Rohit Rathod\Desktop\JsapProject\JSAPNEW\JSAPNEW.csproj]
C:\Users\Rohit Rathod\Desktop\JsapProject\JSAPNEW\Models\DashboardModels.cs(64,23): warning CS8618: Non-nullable property 'group_name' must contain a non-null value when exiting constructor. Consider adding the 'required' modifier or declaring the property as nullable. [C:\Users\Rohit Rathod\Desktop\JsapProject\JSAPNEW\JSAPNEW.csproj]
C:\Users\Rohit Rathod\Desktop\JsapProject\JSAPNEW\Models\DashboardModels.cs(7,23): warning CS8618: Non-nullable property 'Message' must contain a non-null value when exiting constructor. Consider adding the 'required' modifier or declaring the property as nullable. [C:\Users\Rohit Rathod\Desktop\JsapProject\JSAPNEW\JSAPNEW.csproj]
C:\Users\Rohit Rathod\Desktop\JsapProject\JSAPNEW\Models\CreditLimitModels.cs(268,23): warning CS8618: Non-nullable property 'username' must contain a non-null value when exiting constructor. Consider adding the 'required' modifier or declaring the property as nullable. [C:\Users\Rohit Rathod\Desktop\JsapProject\JSAPNEW\JSAPNEW.csproj]
C:\Users\Rohit Rathod\Desktop\JsapProject\JSAPNEW\Models\CreditLimitModels.cs(255,42): warning CS8618: Non-nullable property 'Data' must contain a non-null value when exiting constructor. Consider adding the 'required' modifier or declaring the property as nullable. [C:\Users\Rohit Rathod\Desktop\JsapProject\JSAPNEW\JSAPNEW.csproj]
C:\Users\Rohit Rathod\Desktop\JsapProject\JSAPNEW\Models\CreditLimitModels.cs(250,23): warning CS8618: Non-nullable property 'hanaStatusText' must contain a non-null value when exiting constructor. Consider adding the 'required' modifier or declaring the property as nullable. [C:\Users\Rohit Rathod\Desktop\JsapProject\JSAPNEW\JSAPNEW.csproj]
C:\Users\Rohit Rathod\Desktop\JsapProject\JSAPNEW\Models\CreditLimitModels.cs(243,23): warning CS8618: Non-nullable property 'status' must contain a non-null value when exiting constructor. Consider adding the 'required' modifier or declaring the property as nullable. [C:\Users\Rohit Rathod\Desktop\JsapProject\JSAPNEW\JSAPNEW.csproj]
C:\Users\Rohit Rathod\Desktop\JsapProject\JSAPNEW\Models\CreditLimitModels.cs(230,23): warning CS8618: Non-nullable property 'Remarks' must contain a non-null value when exiting constructor. Consider adding the 'required' modifier or declaring the property as nullable. [C:\Users\Rohit Rathod\Desktop\JsapProject\JSAPNEW\JSAPNEW.csproj]
C:\Users\Rohit Rathod\Desktop\JsapProject\JSAPNEW\Models\CreditLimitModels.cs(203,23): warning CS8618: Non-nullable property 'createdBy' must contain a non-null value when exiting constructor. Consider adding the 'required' modifier or declaring the property as nullable. [C:\Users\Rohit Rathod\Desktop\JsapProject\JSAPNEW\JSAPNEW.csproj]
C:\Users\Rohit Rathod\Desktop\JsapProject\JSAPNEW\Models\CreditLimitModels.cs(204,23): warning CS8618: Non-nullable property 'monthYear' must contain a non-null value when exiting constructor. Consider adding the 'required' modifier or declaring the property as nullable. [C:\Users\Rohit Rathod\Desktop\JsapProject\JSAPNEW\JSAPNEW.csproj]
C:\Users\Rohit Rathod\Desktop\JsapProject\JSAPNEW\Models\CreditLimitModels.cs(205,23): warning CS8618: Non-nullable property 'status' must contain a non-null value when exiting constructor. Consider adding the 'required' modifier or declaring the property as nullable. [C:\Users\Rohit Rathod\Desktop\JsapProject\JSAPNEW\JSAPNEW.csproj]
C:\Users\Rohit Rathod\Desktop\JsapProject\JSAPNEW\Models\DashboardModels.cs(12,23): warning CS8618: Non-nullable property 'Category' must contain a non-null value when exiting constructor. Consider adding the 'required' modifier or declaring the property as nullable. [C:\Users\Rohit Rathod\Desktop\JsapProject\JSAPNEW\JSAPNEW.csproj]
C:\Users\Rohit Rathod\Desktop\JsapProject\JSAPNEW\Models\DashboardModels.cs(13,23): warning CS8618: Non-nullable property 'SubCategory' must contain a non-null value when exiting constructor. Consider adding the 'required' modifier or declaring the property as nullable. [C:\Users\Rohit Rathod\Desktop\JsapProject\JSAPNEW\JSAPNEW.csproj]
C:\Users\Rohit Rathod\Desktop\JsapProject\JSAPNEW\Models\DashboardModels.cs(14,23): warning CS8618: Non-nullable property 'Industry_Standard' must contain a non-null value when exiting constructor. Consider adding the 'required' modifier or declaring the property as nullable. [C:\Users\Rohit Rathod\Desktop\JsapProject\JSAPNEW\JSAPNEW.csproj]
C:\Users\Rohit Rathod\Desktop\JsapProject\JSAPNEW\Models\DashboardModels.cs(15,23): warning CS8618: Non-nullable property 'Current_State' must contain a non-null value when exiting constructor. Consider adding the 'required' modifier or declaring the property as nullable. [C:\Users\Rohit Rathod\Desktop\JsapProject\JSAPNEW\JSAPNEW.csproj]
C:\Users\Rohit Rathod\Desktop\JsapProject\JSAPNEW\Models\DashboardModels.cs(16,23): warning CS8618: Non-nullable property 'Gap_Level' must contain a non-null value when exiting constructor. Consider adding the 'required' modifier or declaring the property as nullable. [C:\Users\Rohit Rathod\Desktop\JsapProject\JSAPNEW\JSAPNEW.csproj]
C:\Users\Rohit Rathod\Desktop\JsapProject\JSAPNEW\Models\DashboardModels.cs(17,23): warning CS8618: Non-nullable property 'Risk_Level' must contain a non-null value when exiting constructor. Consider adding the 'required' modifier or declaring the property as nullable. [C:\Users\Rohit Rathod\Desktop\JsapProject\JSAPNEW\JSAPNEW.csproj]
C:\Users\Rohit Rathod\Desktop\JsapProject\JSAPNEW\Models\DashboardModels.cs(18,23): warning CS8618: Non-nullable property 'Required_Improvement' must contain a non-null value when exiting constructor. Consider adding the 'required' modifier or declaring the property as nullable. [C:\Users\Rohit Rathod\Desktop\JsapProject\JSAPNEW\JSAPNEW.csproj]
C:\Users\Rohit Rathod\Desktop\JsapProject\JSAPNEW\Models\DashboardModels.cs(19,23): warning CS8618: Non-nullable property 'Priority' must contain a non-null value when exiting constructor. Consider adding the 'required' modifier or declaring the property as nullable. [C:\Users\Rohit Rathod\Desktop\JsapProject\JSAPNEW\JSAPNEW.csproj]
C:\Users\Rohit Rathod\Desktop\JsapProject\JSAPNEW\Models\DashboardModels.cs(20,23): warning CS8618: Non-nullable property 'Owner' must contain a non-null value when exiting constructor. Consider adding the 'required' modifier or declaring the property as nullable. [C:\Users\Rohit Rathod\Desktop\JsapProject\JSAPNEW\JSAPNEW.csproj]
C:\Users\Rohit Rathod\Desktop\JsapProject\JSAPNEW\Models\DashboardModels.cs(21,23): warning CS8618: Non-nullable property 'Budget_Needed' must contain a non-null value when exiting constructor. Consider adding the 'required' modifier or declaring the property as nullable. [C:\Users\Rohit Rathod\Desktop\JsapProject\JSAPNEW\JSAPNEW.csproj]
C:\Users\Rohit Rathod\Desktop\JsapProject\JSAPNEW\Models\DashboardModels.cs(22,23): warning CS8618: Non-nullable property 'Timeline' must contain a non-null value when exiting constructor. Consider adding the 'required' modifier or declaring the property as nullable. [C:\Users\Rohit Rathod\Desktop\JsapProject\JSAPNEW\JSAPNEW.csproj]
C:\Users\Rohit Rathod\Desktop\JsapProject\JSAPNEW\Models\DashboardModels.cs(23,23): warning CS8618: Non-nullable property 'Tools_Recommended' must contain a non-null value when exiting constructor. Consider adding the 'required' modifier or declaring the property as nullable. [C:\Users\Rohit Rathod\Desktop\JsapProject\JSAPNEW\JSAPNEW.csproj]
C:\Users\Rohit Rathod\Desktop\JsapProject\JSAPNEW\Models\DashboardModels.cs(24,23): warning CS8618: Non-nullable property 'Notes' must contain a non-null value when exiting constructor. Consider adding the 'required' modifier or declaring the property as nullable. [C:\Users\Rohit Rathod\Desktop\JsapProject\JSAPNEW\JSAPNEW.csproj]
C:\Users\Rohit Rathod\Desktop\JsapProject\JSAPNEW\Models\CreditLimitModels.cs(261,23): warning CS8618: Non-nullable property 'BranchId' must contain a non-null value when exiting constructor. Consider adding the 'required' modifier or declaring the property as nullable. [C:\Users\Rohit Rathod\Desktop\JsapProject\JSAPNEW\JSAPNEW.csproj]
C:\Users\Rohit Rathod\Desktop\JsapProject\JSAPNEW\Models\CreditLimitModels.cs(262,23): warning CS8618: Non-nullable property 'CustomerCode' must contain a non-null value when exiting constructor. Consider adding the 'required' modifier or declaring the property as nullable. [C:\Users\Rohit Rathod\Desktop\JsapProject\JSAPNEW\JSAPNEW.csproj]
C:\Users\Rohit Rathod\Desktop\JsapProject\JSAPNEW\Models\DocumentDispatchModels.cs(92,23): warning CS8618: Non-nullable property 'bundleId' must contain a non-null value when exiting constructor. Consider adding the 'required' modifier or declaring the property as nullable. [C:\Users\Rohit Rathod\Desktop\JsapProject\JSAPNEW\JSAPNEW.csproj]
C:\Users\Rohit Rathod\Desktop\JsapProject\JSAPNEW\Models\DocumentDispatchModels.cs(93,23): warning CS8618: Non-nullable property 'docId' must contain a non-null value when exiting constructor. Consider adding the 'required' modifier or declaring the property as nullable. [C:\Users\Rohit Rathod\Desktop\JsapProject\JSAPNEW\JSAPNEW.csproj]
C:\Users\Rohit Rathod\Desktop\JsapProject\JSAPNEW\Models\DocumentDispatchModels.cs(94,23): warning CS8618: Non-nullable property 'docType' must contain a non-null value when exiting constructor. Consider adding the 'required' modifier or declaring the property as nullable. [C:\Users\Rohit Rathod\Desktop\JsapProject\JSAPNEW\JSAPNEW.csproj]
C:\Users\Rohit Rathod\Desktop\JsapProject\JSAPNEW\Models\DocumentDispatchModels.cs(95,23): warning CS8618: Non-nullable property 'branch' must contain a non-null value when exiting constructor. Consider adding the 'required' modifier or declaring the property as nullable. [C:\Users\Rohit Rathod\Desktop\JsapProject\JSAPNEW\JSAPNEW.csproj]
C:\Users\Rohit Rathod\Desktop\JsapProject\JSAPNEW\Models\DocumentDispatchModels.cs(96,23): warning CS8618: Non-nullable property 'attachment' must contain a non-null value when exiting constructor. Consider adding the 'required' modifier or declaring the property as nullable. [C:\Users\Rohit Rathod\Desktop\JsapProject\JSAPNEW\JSAPNEW.csproj]
C:\Users\Rohit Rathod\Desktop\JsapProject\JSAPNEW\Models\DocumentDispatchModels.cs(97,23): warning CS8618: Non-nullable property 'status' must contain a non-null value when exiting constructor. Consider adding the 'required' modifier or declaring the property as nullable. [C:\Users\Rohit Rathod\Desktop\JsapProject\JSAPNEW\JSAPNEW.csproj]
C:\Users\Rohit Rathod\Desktop\JsapProject\JSAPNEW\Models\DocumentDispatchModels.cs(98,23): warning CS8618: Non-nullable property 'rejectedReason' must contain a non-null value when exiting constructor. Consider adding the 'required' modifier or declaring the property as nullable. [C:\Users\Rohit Rathod\Desktop\JsapProject\JSAPNEW\JSAPNEW.csproj]
C:\Users\Rohit Rathod\Desktop\JsapProject\JSAPNEW\Models\DocumentDispatchModels.cs(101,23): warning CS8618: Non-nullable property 'receivedBy' must contain a non-null value when exiting constructor. Consider adding the 'required' modifier or declaring the property as nullable. [C:\Users\Rohit Rathod\Desktop\JsapProject\JSAPNEW\JSAPNEW.csproj]
C:\Users\Rohit Rathod\Desktop\JsapProject\JSAPNEW\Models\DocumentDispatchModels.cs(103,23): warning CS8618: Non-nullable property 'loginUser' must contain a non-null value when exiting constructor. Consider adding the 'required' modifier or declaring the property as nullable. [C:\Users\Rohit Rathod\Desktop\JsapProject\JSAPNEW\JSAPNEW.csproj]
C:\Users\Rohit Rathod\Desktop\JsapProject\JSAPNEW\Models\CreditLimitModels.cs(238,23): warning CS8618: Non-nullable property 'Remarks' must contain a non-null value when exiting constructor. Consider adding the 'required' modifier or declaring the property as nullable. [C:\Users\Rohit Rathod\Desktop\JsapProject\JSAPNEW\JSAPNEW.csproj]
C:\Users\Rohit Rathod\Desktop\JsapProject\JSAPNEW\Models\GIGOModels.cs(13,34): warning CS8618: Non-nullable property 'EntryType' must contain a non-null value when exiting constructor. Consider adding the 'required' modifier or declaring the property as nullable. [C:\Users\Rohit Rathod\Desktop\JsapProject\JSAPNEW\JSAPNEW.csproj]
C:\Users\Rohit Rathod\Desktop\JsapProject\JSAPNEW\Models\GIGOModels.cs(15,34): warning CS8618: Non-nullable property 'PartyID' must contain a non-null value when exiting constructor. Consider adding the 'required' modifier or declaring the property as nullable. [C:\Users\Rohit Rathod\Desktop\JsapProject\JSAPNEW\JSAPNEW.csproj]
C:\Users\Rohit Rathod\Desktop\JsapProject\JSAPNEW\Models\GIGOModels.cs(16,34): warning CS8618: Non-nullable property 'DocumentType' must contain a non-null value when exiting constructor. Consider adding the 'required' modifier or declaring the property as nullable. [C:\Users\Rohit Rathod\Desktop\JsapProject\JSAPNEW\JSAPNEW.csproj]
C:\Users\Rohit Rathod\Desktop\JsapProject\JSAPNEW\Models\GIGOModels.cs(17,34): warning CS8618: Non-nullable property 'Remarks' must contain a non-null value when exiting constructor. Consider adding the 'required' modifier or declaring the property as nullable. [C:\Users\Rohit Rathod\Desktop\JsapProject\JSAPNEW\JSAPNEW.csproj]
C:\Users\Rohit Rathod\Desktop\JsapProject\JSAPNEW\Models\CreditLimitModels.cs(84,23): warning CS8618: Non-nullable property 'month' must contain a non-null value when exiting constructor. Consider adding the 'required' modifier or declaring the property as nullable. [C:\Users\Rohit Rathod\Desktop\JsapProject\JSAPNEW\JSAPNEW.csproj]
C:\Users\Rohit Rathod\Desktop\JsapProject\JSAPNEW\Models\CreditLimitModels.cs(191,23): warning CS8618: Non-nullable property 'StageName' must contain a non-null value when exiting constructor. Consider adding the 'required' modifier or declaring the property as nullable. [C:\Users\Rohit Rathod\Desktop\JsapProject\JSAPNEW\JSAPNEW.csproj]
C:\Users\Rohit Rathod\Desktop\JsapProject\JSAPNEW\Models\CreditLimitModels.cs(193,23): warning CS8618: Non-nullable property 'AssignedTo' must contain a non-null value when exiting constructor. Consider adding the 'required' modifier or declaring the property as nullable. [C:\Users\Rohit Rathod\Desktop\JsapProject\JSAPNEW\JSAPNEW.csproj]
C:\Users\Rohit Rathod\Desktop\JsapProject\JSAPNEW\Models\CreditLimitModels.cs(194,23): warning CS8618: Non-nullable property 'ActionStatus' must contain a non-null value when exiting constructor. Consider adding the 'required' modifier or declaring the property as nullable. [C:\Users\Rohit Rathod\Desktop\JsapProject\JSAPNEW\JSAPNEW.csproj]
C:\Users\Rohit Rathod\Desktop\JsapProject\JSAPNEW\Models\CreditLimitModels.cs(196,23): warning CS8618: Non-nullable property 'Description' must contain a non-null value when exiting constructor. Consider adding the 'required' modifier or declaring the property as nullable. [C:\Users\Rohit Rathod\Desktop\JsapProject\JSAPNEW\JSAPNEW.csproj]
C:\Users\Rohit Rathod\Desktop\JsapProject\JSAPNEW\Models\CreditLimitModels.cs(211,23): warning CS8618: Non-nullable property 'CustomerCode' must contain a non-null value when exiting constructor. Consider adding the 'required' modifier or declaring the property as nullable. [C:\Users\Rohit Rathod\Desktop\JsapProject\JSAPNEW\JSAPNEW.csproj]
C:\Users\Rohit Rathod\Desktop\JsapProject\JSAPNEW\Models\CreditLimitModels.cs(212,23): warning CS8618: Non-nullable property 'CustomerName' must contain a non-null value when exiting constructor. Consider adding the 'required' modifier or declaring the property as nullable. [C:\Users\Rohit Rathod\Desktop\JsapProject\JSAPNEW\JSAPNEW.csproj]
C:\Users\Rohit Rathod\Desktop\JsapProject\JSAPNEW\Models\CreditLimitModels.cs(213,23): warning CS8618: Non-nullable property 'BranchId' must contain a non-null value when exiting constructor. Consider adding the 'required' modifier or declaring the property as nullable. [C:\Users\Rohit Rathod\Desktop\JsapProject\JSAPNEW\JSAPNEW.csproj]
C:\Users\Rohit Rathod\Desktop\JsapProject\JSAPNEW\Models\CreditLimitModels.cs(214,23): warning CS8618: Non-nullable property 'CustomerValue' must contain a non-null value when exiting constructor. Consider adding the 'required' modifier or declaring the property as nullable. [C:\Users\Rohit Rathod\Desktop\JsapProject\JSAPNEW\JSAPNEW.csproj]
C:\Users\Rohit Rathod\Desktop\JsapProject\JSAPNEW\Models\CreditLimitModels.cs(218,23): warning CS8618: Non-nullable property 'ValidTill' must contain a non-null value when exiting constructor. Consider adding the 'required' modifier or declaring the property as nullable. [C:\Users\Rohit Rathod\Desktop\JsapProject\JSAPNEW\JSAPNEW.csproj]
C:\Users\Rohit Rathod\Desktop\JsapProject\JSAPNEW\Models\CreditLimitModels.cs(220,23): warning CS8618: Non-nullable property 'CreatedBy' must contain a non-null value when exiting constructor. Consider adding the 'required' modifier or declaring the property as nullable. [C:\Users\Rohit Rathod\Desktop\JsapProject\JSAPNEW\JSAPNEW.csproj]
C:\Users\Rohit Rathod\Desktop\JsapProject\JSAPNEW\Models\CreditLimitModels.cs(222,23): warning CS8618: Non-nullable property 'Status' must contain a non-null value when exiting constructor. Consider adding the 'required' modifier or declaring the property as nullable. [C:\Users\Rohit Rathod\Desktop\JsapProject\JSAPNEW\JSAPNEW.csproj]
C:\Users\Rohit Rathod\Desktop\JsapProject\JSAPNEW\Models\CreditLimitModels.cs(77,23): warning CS8618: Non-nullable property 'Message' must contain a non-null value when exiting constructor. Consider adding the 'required' modifier or declaring the property as nullable. [C:\Users\Rohit Rathod\Desktop\JsapProject\JSAPNEW\JSAPNEW.csproj]
C:\Users\Rohit Rathod\Desktop\JsapProject\JSAPNEW\Models\DocumentDispatchModels.cs(30,23): warning CS8618: Non-nullable property 'BundleId' must contain a non-null value when exiting constructor. Consider adding the 'required' modifier or declaring the property as nullable. [C:\Users\Rohit Rathod\Desktop\JsapProject\JSAPNEW\JSAPNEW.csproj]
C:\Users\Rohit Rathod\Desktop\JsapProject\JSAPNEW\Models\DocumentDispatchModels.cs(31,23): warning CS8618: Non-nullable property 'Attachment' must contain a non-null value when exiting constructor. Consider adding the 'required' modifier or declaring the property as nullable. [C:\Users\Rohit Rathod\Desktop\JsapProject\JSAPNEW\JSAPNEW.csproj]
C:\Users\Rohit Rathod\Desktop\JsapProject\JSAPNEW\Models\DocumentDispatchModels.cs(32,23): warning CS8618: Non-nullable property 'DocId' must contain a non-null value when exiting constructor. Consider adding the 'required' modifier or declaring the property as nullable. [C:\Users\Rohit Rathod\Desktop\JsapProject\JSAPNEW\JSAPNEW.csproj]
C:\Users\Rohit Rathod\Desktop\JsapProject\JSAPNEW\Models\DocumentDispatchModels.cs(33,23): warning CS8618: Non-nullable property 'DocType' must contain a non-null value when exiting constructor. Consider adding the 'required' modifier or declaring the property as nullable. [C:\Users\Rohit Rathod\Desktop\JsapProject\JSAPNEW\JSAPNEW.csproj]
C:\Users\Rohit Rathod\Desktop\JsapProject\JSAPNEW\Models\DocumentDispatchModels.cs(34,23): warning CS8618: Non-nullable property 'Branch' must contain a non-null value when exiting constructor. Consider adding the 'required' modifier or declaring the property as nullable. [C:\Users\Rohit Rathod\Desktop\JsapProject\JSAPNEW\JSAPNEW.csproj]
C:\Users\Rohit Rathod\Desktop\JsapProject\JSAPNEW\Models\DocumentDispatchModels.cs(37,23): warning CS8618: Non-nullable property 'status' must contain a non-null value when exiting constructor. Consider adding the 'required' modifier or declaring the property as nullable. [C:\Users\Rohit Rathod\Desktop\JsapProject\JSAPNEW\JSAPNEW.csproj]
C:\Users\Rohit Rathod\Desktop\JsapProject\JSAPNEW\Models\DocumentDispatchModels.cs(38,23): warning CS8618: Non-nullable property 'createdByName' must contain a non-null value when exiting constructor. Consider adding the 'required' modifier or declaring the property as nullable. [C:\Users\Rohit Rathod\Desktop\JsapProject\JSAPNEW\JSAPNEW.csproj]
C:\Users\Rohit Rathod\Desktop\JsapProject\JSAPNEW\Models\DocumentDispatchModels.cs(39,23): warning CS8618: Non-nullable property 'receivedByName' must contain a non-null value when exiting constructor. Consider adding the 'required' modifier or declaring the property as nullable. [C:\Users\Rohit Rathod\Desktop\JsapProject\JSAPNEW\JSAPNEW.csproj]
C:\Users\Rohit Rathod\Desktop\JsapProject\JSAPNEW\Models\DocumentDispatchModels.cs(17,23): warning CS8618: Non-nullable property 'BundleId' must contain a non-null value when exiting constructor. Consider adding the 'required' modifier or declaring the property as nullable. [C:\Users\Rohit Rathod\Desktop\JsapProject\JSAPNEW\JSAPNEW.csproj]
C:\Users\Rohit Rathod\Desktop\JsapProject\JSAPNEW\Models\DocumentDispatchModels.cs(18,23): warning CS8618: Non-nullable property 'Attachment' must contain a non-null value when exiting constructor. Consider adding the 'required' modifier or declaring the property as nullable. [C:\Users\Rohit Rathod\Desktop\JsapProject\JSAPNEW\JSAPNEW.csproj]
C:\Users\Rohit Rathod\Desktop\JsapProject\JSAPNEW\Models\DocumentDispatchModels.cs(19,23): warning CS8618: Non-nullable property 'DocId' must contain a non-null value when exiting constructor. Consider adding the 'required' modifier or declaring the property as nullable. [C:\Users\Rohit Rathod\Desktop\JsapProject\JSAPNEW\JSAPNEW.csproj]
C:\Users\Rohit Rathod\Desktop\JsapProject\JSAPNEW\Models\DocumentDispatchModels.cs(20,23): warning CS8618: Non-nullable property 'DocType' must contain a non-null value when exiting constructor. Consider adding the 'required' modifier or declaring the property as nullable. [C:\Users\Rohit Rathod\Desktop\JsapProject\JSAPNEW\JSAPNEW.csproj]
C:\Users\Rohit Rathod\Desktop\JsapProject\JSAPNEW\Models\DocumentDispatchModels.cs(21,23): warning CS8618: Non-nullable property 'Branch' must contain a non-null value when exiting constructor. Consider adding the 'required' modifier or declaring the property as nullable. [C:\Users\Rohit Rathod\Desktop\JsapProject\JSAPNEW\JSAPNEW.csproj]
C:\Users\Rohit Rathod\Desktop\JsapProject\JSAPNEW\Models\DocumentDispatchModels.cs(24,23): warning CS8618: Non-nullable property 'Status' must contain a non-null value when exiting constructor. Consider adding the 'required' modifier or declaring the property as nullable. [C:\Users\Rohit Rathod\Desktop\JsapProject\JSAPNEW\JSAPNEW.csproj]
C:\Users\Rohit Rathod\Desktop\JsapProject\JSAPNEW\Models\CreditLimitModels.cs(71,23): warning CS8618: Non-nullable property 'Message' must contain a non-null value when exiting constructor. Consider adding the 'required' modifier or declaring the property as nullable. [C:\Users\Rohit Rathod\Desktop\JsapProject\JSAPNEW\JSAPNEW.csproj]
C:\Users\Rohit Rathod\Desktop\JsapProject\JSAPNEW\Models\HierarchyModels.cs(156,23): warning CS8618: Non-nullable property 'SearchTerm' must contain a non-null value when exiting constructor. Consider adding the 'required' modifier or declaring the property as nullable. [C:\Users\Rohit Rathod\Desktop\JsapProject\JSAPNEW\JSAPNEW.csproj]
C:\Users\Rohit Rathod\Desktop\JsapProject\JSAPNEW\Models\CreditLimitModels.cs(63,23): warning CS8618: Non-nullable property 'FileName' must contain a non-null value when exiting constructor. Consider adding the 'required' modifier or declaring the property as nullable. [C:\Users\Rohit Rathod\Desktop\JsapProject\JSAPNEW\JSAPNEW.csproj]
C:\Users\Rohit Rathod\Desktop\JsapProject\JSAPNEW\Models\CreditLimitModels.cs(64,23): warning CS8618: Non-nullable property 'Extension' must contain a non-null value when exiting constructor. Consider adding the 'required' modifier or declaring the property as nullable. [C:\Users\Rohit Rathod\Desktop\JsapProject\JSAPNEW\JSAPNEW.csproj]
C:\Users\Rohit Rathod\Desktop\JsapProject\JSAPNEW\Models\CreditLimitModels.cs(65,23): warning CS8618: Non-nullable property 'FilePath' must contain a non-null value when exiting constructor. Consider adding the 'required' modifier or declaring the property as nullable. [C:\Users\Rohit Rathod\Desktop\JsapProject\JSAPNEW\JSAPNEW.csproj]
C:\Users\Rohit Rathod\Desktop\JsapProject\JSAPNEW\Models\CreditLimitModels.cs(66,23): warning CS8618: Non-nullable property 'UploadedBy' must contain a non-null value when exiting constructor. Consider adding the 'required' modifier or declaring the property as nullable. [C:\Users\Rohit Rathod\Desktop\JsapProject\JSAPNEW\JSAPNEW.csproj]
C:\Users\Rohit Rathod\Desktop\JsapProject\JSAPNEW\Models\CreditLimitModels.cs(122,23): warning CS8618: Non-nullable property 'BranchId' must contain a non-null value when exiting constructor. Consider adding the 'required' modifier or declaring the property as nullable. [C:\Users\Rohit Rathod\Desktop\JsapProject\JSAPNEW\JSAPNEW.csproj]
C:\Users\Rohit Rathod\Desktop\JsapProject\JSAPNEW\Models\CreditLimitModels.cs(123,23): warning CS8618: Non-nullable property 'CustomerCode' must contain a non-null value when exiting constructor. Consider adding the 'required' modifier or declaring the property as nullable. [C:\Users\Rohit Rathod\Desktop\JsapProject\JSAPNEW\JSAPNEW.csproj]
C:\Users\Rohit Rathod\Desktop\JsapProject\JSAPNEW\Models\CreditLimitModels.cs(124,23): warning CS8618: Non-nullable property 'CustomerName' must contain a non-null value when exiting constructor. Consider adding the 'required' modifier or declaring the property as nullable. [C:\Users\Rohit Rathod\Desktop\JsapProject\JSAPNEW\JSAPNEW.csproj]
C:\Users\Rohit Rathod\Desktop\JsapProject\JSAPNEW\Models\CreditLimitModels.cs(125,23): warning CS8618: Non-nullable property 'CustomerValue' must contain a non-null value when exiting constructor. Consider adding the 'required' modifier or declaring the property as nullable. [C:\Users\Rohit Rathod\Desktop\JsapProject\JSAPNEW\JSAPNEW.csproj]
C:\Users\Rohit Rathod\Desktop\JsapProject\JSAPNEW\Models\CreditLimitModels.cs(129,23): warning CS8618: Non-nullable property 'ValidTill' must contain a non-null value when exiting constructor. Consider adding the 'required' modifier or declaring the property as nullable. [C:\Users\Rohit Rathod\Desktop\JsapProject\JSAPNEW\JSAPNEW.csproj]
C:\Users\Rohit Rathod\Desktop\JsapProject\JSAPNEW\Models\CreditLimitModels.cs(131,23): warning CS8618: Non-nullable property 'CreatedBy' must contain a non-null value when exiting constructor. Consider adding the 'required' modifier or declaring the property as nullable. [C:\Users\Rohit Rathod\Desktop\JsapProject\JSAPNEW\JSAPNEW.csproj]
C:\Users\Rohit Rathod\Desktop\JsapProject\JSAPNEW\Models\CreditLimitModels.cs(6,23): warning CS8618: Non-nullable property 'Message' must contain a non-null value when exiting constructor. Consider adding the 'required' modifier or declaring the property as nullable. [C:\Users\Rohit Rathod\Desktop\JsapProject\JSAPNEW\JSAPNEW.csproj]
C:\Users\Rohit Rathod\Desktop\JsapProject\JSAPNEW\Models\CreditLimitModels.cs(26,23): warning CS8618: Non-nullable property 'CardCode' must contain a non-null value when exiting constructor. Consider adding the 'required' modifier or declaring the property as nullable. [C:\Users\Rohit Rathod\Desktop\JsapProject\JSAPNEW\JSAPNEW.csproj]
C:\Users\Rohit Rathod\Desktop\JsapProject\JSAPNEW\Models\CreditLimitModels.cs(27,23): warning CS8618: Non-nullable property 'CardName' must contain a non-null value when exiting constructor. Consider adding the 'required' modifier or declaring the property as nullable. [C:\Users\Rohit Rathod\Desktop\JsapProject\JSAPNEW\JSAPNEW.csproj]
C:\Users\Rohit Rathod\Desktop\JsapProject\JSAPNEW\Models\CreditLimitModels.cs(28,23): warning CS8618: Non-nullable property 'CardType' must contain a non-null value when exiting constructor. Consider adding the 'required' modifier or declaring the property as nullable. [C:\Users\Rohit Rathod\Desktop\JsapProject\JSAPNEW\JSAPNEW.csproj]
C:\Users\Rohit Rathod\Desktop\JsapProject\JSAPNEW\Models\CreditLimitModels.cs(29,23): warning CS8618: Non-nullable property 'Balance' must contain a non-null value when exiting constructor. Consider adding the 'required' modifier or declaring the property as nullable. [C:\Users\Rohit Rathod\Desktop\JsapProject\JSAPNEW\JSAPNEW.csproj]
C:\Users\Rohit Rathod\Desktop\JsapProject\JSAPNEW\Models\CreditLimitModels.cs(30,23): warning CS8618: Non-nullable property 'DebtLine' must contain a non-null value when exiting constructor. Consider adding the 'required' modifier or declaring the property as nullable. [C:\Users\Rohit Rathod\Desktop\JsapProject\JSAPNEW\JSAPNEW.csproj]
C:\Users\Rohit Rathod\Desktop\JsapProject\JSAPNEW\Models\CreditLimitModels.cs(31,23): warning CS8618: Non-nullable property 'CreditLine' must contain a non-null value when exiting constructor. Consider adding the 'required' modifier or declaring the property as nullable. [C:\Users\Rohit Rathod\Desktop\JsapProject\JSAPNEW\JSAPNEW.csproj]
C:\Users\Rohit Rathod\Desktop\JsapProject\JSAPNEW\Models\CreditLimitModels.cs(35,23): warning CS8618: Non-nullable property 'BranchId' must contain a non-null value when exiting constructor. Consider adding the 'required' modifier or declaring the property as nullable. [C:\Users\Rohit Rathod\Desktop\JsapProject\JSAPNEW\JSAPNEW.csproj]
C:\Users\Rohit Rathod\Desktop\JsapProject\JSAPNEW\Models\CreditLimitModels.cs(36,23): warning CS8618: Non-nullable property 'CustomerCode' must contain a non-null value when exiting constructor. Consider adding the 'required' modifier or declaring the property as nullable. [C:\Users\Rohit Rathod\Desktop\JsapProject\JSAPNEW\JSAPNEW.csproj]
C:\Users\Rohit Rathod\Desktop\JsapProject\JSAPNEW\Models\CreditLimitModels.cs(37,23): warning CS8618: Non-nullable property 'CustomerValue' must contain a non-null value when exiting constructor. Consider adding the 'required' modifier or declaring the property as nullable. [C:\Users\Rohit Rathod\Desktop\JsapProject\JSAPNEW\JSAPNEW.csproj]
C:\Users\Rohit Rathod\Desktop\JsapProject\JSAPNEW\Models\CreditLimitModels.cs(41,23): warning CS8618: Non-nullable property 'ValidTill' must contain a non-null value when exiting constructor. Consider adding the 'required' modifier or declaring the property as nullable. [C:\Users\Rohit Rathod\Desktop\JsapProject\JSAPNEW\JSAPNEW.csproj]
C:\Users\Rohit Rathod\Desktop\JsapProject\JSAPNEW\Models\ChangePasswordRequest.cs(36,23): warning CS8618: Non-nullable property 'Message' must contain a non-null value when exiting constructor. Consider adding the 'required' modifier or declaring the property as nullable. [C:\Users\Rohit Rathod\Desktop\JsapProject\JSAPNEW\JSAPNEW.csproj]
C:\Users\Rohit Rathod\Desktop\JsapProject\JSAPNEW\Models\CreditLimitModels.cs(11,23): warning CS8618: Non-nullable property 'CardCode' must contain a non-null value when exiting constructor. Consider adding the 'required' modifier or declaring the property as nullable. [C:\Users\Rohit Rathod\Desktop\JsapProject\JSAPNEW\JSAPNEW.csproj]
C:\Users\Rohit Rathod\Desktop\JsapProject\JSAPNEW\Models\ChangePasswordRequest.cs(27,23): warning CS8618: Non-nullable property 'NewPassword' must contain a non-null value when exiting constructor. Consider adding the 'required' modifier or declaring the property as nullable. [C:\Users\Rohit Rathod\Desktop\JsapProject\JSAPNEW\JSAPNEW.csproj]
C:\Users\Rohit Rathod\Desktop\JsapProject\JSAPNEW\Models\ChangePasswordRequest.cs(45,23): warning CS8618: Non-nullable property 'CurrentPassword' must contain a non-null value when exiting constructor. Consider adding the 'required' modifier or declaring the property as nullable. [C:\Users\Rohit Rathod\Desktop\JsapProject\JSAPNEW\JSAPNEW.csproj]
C:\Users\Rohit Rathod\Desktop\JsapProject\JSAPNEW\Models\ChangePasswordRequest.cs(49,23): warning CS8618: Non-nullable property 'NewLoginUser' must contain a non-null value when exiting constructor. Consider adding the 'required' modifier or declaring the property as nullable. [C:\Users\Rohit Rathod\Desktop\JsapProject\JSAPNEW\JSAPNEW.csproj]
C:\Users\Rohit Rathod\Desktop\JsapProject\JSAPNEW\Models\CreditLimitModels.cs(47,23): warning CS8618: Non-nullable property 'BranchId' must contain a non-null value when exiting constructor. Consider adding the 'required' modifier or declaring the property as nullable. [C:\Users\Rohit Rathod\Desktop\JsapProject\JSAPNEW\JSAPNEW.csproj]
C:\Users\Rohit Rathod\Desktop\JsapProject\JSAPNEW\Models\CreditLimitModels.cs(48,23): warning CS8618: Non-nullable property 'CustomerCode' must contain a non-null value when exiting constructor. Consider adding the 'required' modifier or declaring the property as nullable. [C:\Users\Rohit Rathod\Desktop\JsapProject\JSAPNEW\JSAPNEW.csproj]
C:\Users\Rohit Rathod\Desktop\JsapProject\JSAPNEW\Models\CreditLimitModels.cs(49,23): warning CS8618: Non-nullable property 'CustomerValue' must contain a non-null value when exiting constructor. Consider adding the 'required' modifier or declaring the property as nullable. [C:\Users\Rohit Rathod\Desktop\JsapProject\JSAPNEW\JSAPNEW.csproj]
C:\Users\Rohit Rathod\Desktop\JsapProject\JSAPNEW\Models\CreditLimitModels.cs(53,23): warning CS8618: Non-nullable property 'ValidTill' must contain a non-null value when exiting constructor. Consider adding the 'required' modifier or declaring the property as nullable. [C:\Users\Rohit Rathod\Desktop\JsapProject\JSAPNEW\JSAPNEW.csproj]
C:\Users\Rohit Rathod\Desktop\JsapProject\JSAPNEW\Models\CreditLimitModels.cs(58,32): warning CS8618: Non-nullable property 'Attachments' must contain a non-null value when exiting constructor. Consider adding the 'required' modifier or declaring the property as nullable. [C:\Users\Rohit Rathod\Desktop\JsapProject\JSAPNEW\JSAPNEW.csproj]
C:\Users\Rohit Rathod\Desktop\JsapProject\JSAPNEW\Models\ChangePasswordRequest.cs(8,23): warning CS8618: Non-nullable property 'CurrentPassword' must contain a non-null value when exiting constructor. Consider adding the 'required' modifier or declaring the property as nullable. [C:\Users\Rohit Rathod\Desktop\JsapProject\JSAPNEW\JSAPNEW.csproj]
C:\Users\Rohit Rathod\Desktop\JsapProject\JSAPNEW\Models\ChangePasswordRequest.cs(14,23): warning CS8618: Non-nullable property 'NewPassword' must contain a non-null value when exiting constructor. Consider adding the 'required' modifier or declaring the property as nullable. [C:\Users\Rohit Rathod\Desktop\JsapProject\JSAPNEW\JSAPNEW.csproj]
C:\Users\Rohit Rathod\Desktop\JsapProject\JSAPNEW\Models\DocumentDispatchModels.cs(5,23): warning CS8618: Non-nullable property 'DatabaseName' must contain a non-null value when exiting constructor. Consider adding the 'required' modifier or declaring the property as nullable. [C:\Users\Rohit Rathod\Desktop\JsapProject\JSAPNEW\JSAPNEW.csproj]
C:\Users\Rohit Rathod\Desktop\JsapProject\JSAPNEW\Models\DocumentDispatchModels.cs(6,23): warning CS8618: Non-nullable property 'DocEntry' must contain a non-null value when exiting constructor. Consider adding the 'required' modifier or declaring the property as nullable. [C:\Users\Rohit Rathod\Desktop\JsapProject\JSAPNEW\JSAPNEW.csproj]
C:\Users\Rohit Rathod\Desktop\JsapProject\JSAPNEW\Models\DocumentDispatchModels.cs(7,23): warning CS8618: Non-nullable property 'DocNum' must contain a non-null value when exiting constructor. Consider adding the 'required' modifier or declaring the property as nullable. [C:\Users\Rohit Rathod\Desktop\JsapProject\JSAPNEW\JSAPNEW.csproj]
C:\Users\Rohit Rathod\Desktop\JsapProject\JSAPNEW\Models\DocumentDispatchModels.cs(8,23): warning CS8618: Non-nullable property 'DocDate' must contain a non-null value when exiting constructor. Consider adding the 'required' modifier or declaring the property as nullable. [C:\Users\Rohit Rathod\Desktop\JsapProject\JSAPNEW\JSAPNEW.csproj]
C:\Users\Rohit Rathod\Desktop\JsapProject\JSAPNEW\Models\DocumentDispatchModels.cs(9,23): warning CS8618: Non-nullable property 'CreateDate' must contain a non-null value when exiting constructor. Consider adding the 'required' modifier or declaring the property as nullable. [C:\Users\Rohit Rathod\Desktop\JsapProject\JSAPNEW\JSAPNEW.csproj]
C:\Users\Rohit Rathod\Desktop\JsapProject\JSAPNEW\Models\DocumentDispatchModels.cs(10,23): warning CS8618: Non-nullable property 'CardCode' must contain a non-null value when exiting constructor. Consider adding the 'required' modifier or declaring the property as nullable. [C:\Users\Rohit Rathod\Desktop\JsapProject\JSAPNEW\JSAPNEW.csproj]
C:\Users\Rohit Rathod\Desktop\JsapProject\JSAPNEW\Models\DocumentDispatchModels.cs(11,23): warning CS8618: Non-nullable property 'CardName' must contain a non-null value when exiting constructor. Consider adding the 'required' modifier or declaring the property as nullable. [C:\Users\Rohit Rathod\Desktop\JsapProject\JSAPNEW\JSAPNEW.csproj]
C:\Users\Rohit Rathod\Desktop\JsapProject\JSAPNEW\Models\DocumentDispatchModels.cs(12,23): warning CS8618: Non-nullable property 'DocTotal' must contain a non-null value when exiting constructor. Consider adding the 'required' modifier or declaring the property as nullable. [C:\Users\Rohit Rathod\Desktop\JsapProject\JSAPNEW\JSAPNEW.csproj]
C:\Users\Rohit Rathod\Desktop\JsapProject\JSAPNEW\Models\DocumentDispatchModels.cs(13,23): warning CS8618: Non-nullable property 'link' must contain a non-null value when exiting constructor. Consider adding the 'required' modifier or declaring the property as nullable. [C:\Users\Rohit Rathod\Desktop\JsapProject\JSAPNEW\JSAPNEW.csproj]
C:\Users\Rohit Rathod\Desktop\JsapProject\JSAPNEW\Models\GIGOModels.cs(29,23): warning CS8618: Non-nullable property 'FileName' must contain a non-null value when exiting constructor. Consider adding the 'required' modifier or declaring the property as nullable. [C:\Users\Rohit Rathod\Desktop\JsapProject\JSAPNEW\JSAPNEW.csproj]
C:\Users\Rohit Rathod\Desktop\JsapProject\JSAPNEW\Models\GIGOModels.cs(30,23): warning CS8618: Non-nullable property 'FileType' must contain a non-null value when exiting constructor. Consider adding the 'required' modifier or declaring the property as nullable. [C:\Users\Rohit Rathod\Desktop\JsapProject\JSAPNEW\JSAPNEW.csproj]
C:\Users\Rohit Rathod\Desktop\JsapProject\JSAPNEW\Models\HierarchyModels.cs(533,23): warning CS8618: Non-nullable property 'Status' must contain a non-null value when exiting constructor. Consider adding the 'required' modifier or declaring the property as nullable. [C:\Users\Rohit Rathod\Desktop\JsapProject\JSAPNEW\JSAPNEW.csproj]
C:\Users\Rohit Rathod\Desktop\JsapProject\JSAPNEW\Models\HierarchyModels.cs(534,23): warning CS8618: Non-nullable property 'HodAction' must contain a non-null value when exiting constructor. Consider adding the 'required' modifier or declaring the property as nullable. [C:\Users\Rohit Rathod\Desktop\JsapProject\JSAPNEW\JSAPNEW.csproj]
C:\Users\Rohit Rathod\Desktop\JsapProject\JSAPNEW\Models\HierarchyModels.cs(535,23): warning CS8618: Non-nullable property 'DeptAction' must contain a non-null value when exiting constructor. Consider adding the 'required' modifier or declaring the property as nullable. [C:\Users\Rohit Rathod\Desktop\JsapProject\JSAPNEW\JSAPNEW.csproj]
C:\Users\Rohit Rathod\Desktop\JsapProject\JSAPNEW\Models\HierarchyModels.cs(536,23): warning CS8618: Non-nullable property 'SubDeptAction' must contain a non-null value when exiting constructor. Consider adding the 'required' modifier or declaring the property as nullable. [C:\Users\Rohit Rathod\Desktop\JsapProject\JSAPNEW\JSAPNEW.csproj]
C:\Users\Rohit Rathod\Desktop\JsapProject\JSAPNEW\Models\HierarchyModels.cs(537,23): warning CS8618: Non-nullable property 'SubHodAction' must contain a non-null value when exiting constructor. Consider adding the 'required' modifier or declaring the property as nullable. [C:\Users\Rohit Rathod\Desktop\JsapProject\JSAPNEW\JSAPNEW.csproj]
C:\Users\Rohit Rathod\Desktop\JsapProject\JSAPNEW\Models\HierarchyModels.cs(538,23): warning CS8618: Non-nullable property 'ExecAction' must contain a non-null value when exiting constructor. Consider adding the 'required' modifier or declaring the property as nullable. [C:\Users\Rohit Rathod\Desktop\JsapProject\JSAPNEW\JSAPNEW.csproj]
C:\Users\Rohit Rathod\Desktop\JsapProject\JSAPNEW\Models\HierarchyModels.cs(539,23): warning CS8618: Non-nullable property 'ExecName' must contain a non-null value when exiting constructor. Consider adding the 'required' modifier or declaring the property as nullable. [C:\Users\Rohit Rathod\Desktop\JsapProject\JSAPNEW\JSAPNEW.csproj]
C:\Users\Rohit Rathod\Desktop\JsapProject\JSAPNEW\Models\HierarchyModels.cs(540,23): warning CS8618: Non-nullable property 'HodName' must contain a non-null value when exiting constructor. Consider adding the 'required' modifier or declaring the property as nullable. [C:\Users\Rohit Rathod\Desktop\JsapProject\JSAPNEW\JSAPNEW.csproj]
C:\Users\Rohit Rathod\Desktop\JsapProject\JSAPNEW\Models\HierarchyModels.cs(541,23): warning CS8618: Non-nullable property 'Message' must contain a non-null value when exiting constructor. Consider adding the 'required' modifier or declaring the property as nullable. [C:\Users\Rohit Rathod\Desktop\JsapProject\JSAPNEW\JSAPNEW.csproj]
C:\Users\Rohit Rathod\Desktop\JsapProject\JSAPNEW\Models\HierarchyModels.cs(56,39): warning CS8618: Non-nullable property 'EmployeeCode' must contain a non-null value when exiting constructor. Consider adding the 'required' modifier or declaring the property as nullable. [C:\Users\Rohit Rathod\Desktop\JsapProject\JSAPNEW\JSAPNEW.csproj]
C:\Users\Rohit Rathod\Desktop\JsapProject\JSAPNEW\Models\HierarchyModels.cs(57,50): warning CS8618: Non-nullable property 'EmployeeName' must contain a non-null value when exiting constructor. Consider adding the 'required' modifier or declaring the property as nullable. [C:\Users\Rohit Rathod\Desktop\JsapProject\JSAPNEW\JSAPNEW.csproj]
C:\Users\Rohit Rathod\Desktop\JsapProject\JSAPNEW\Models\HierarchyModels.cs(58,54): warning CS8618: Non-nullable property 'Email' must contain a non-null value when exiting constructor. Consider adding the 'required' modifier or declaring the property as nullable. [C:\Users\Rohit Rathod\Desktop\JsapProject\JSAPNEW\JSAPNEW.csproj]
C:\Users\Rohit Rathod\Desktop\JsapProject\JSAPNEW\Models\HierarchyModels.cs(59,46): warning CS8618: Non-nullable property 'Phone' must contain a non-null value when exiting constructor. Consider adding the 'required' modifier or declaring the property as nullable. [C:\Users\Rohit Rathod\Desktop\JsapProject\JSAPNEW\JSAPNEW.csproj]
C:\Users\Rohit Rathod\Desktop\JsapProject\JSAPNEW\Models\HierarchyModels.cs(60,40): warning CS8618: Non-nullable property 'Designation' must contain a non-null value when exiting constructor. Consider adding the 'required' modifier or declaring the property as nullable. [C:\Users\Rohit Rathod\Desktop\JsapProject\JSAPNEW\JSAPNEW.csproj]
C:\Users\Rohit Rathod\Desktop\JsapProject\JSAPNEW\Models\HierarchyModels.cs(68,60): warning CS8618: Non-nullable property 'RoleType' must contain a non-null value when exiting constructor. Consider adding the 'required' modifier or declaring the property as nullable. [C:\Users\Rohit Rathod\Desktop\JsapProject\JSAPNEW\JSAPNEW.csproj]
C:\Users\Rohit Rathod\Desktop\JsapProject\JSAPNEW\Models\HierarchyModels.cs(69,71): warning CS8618: Non-nullable property 'PrimaryDepartment' must contain a non-null value when exiting constructor. Consider adding the 'required' modifier or declaring the property as nullable. [C:\Users\Rohit Rathod\Desktop\JsapProject\JSAPNEW\JSAPNEW.csproj]
C:\Users\Rohit Rathod\Desktop\JsapProject\JSAPNEW\Models\HierarchyModels.cs(70,67): warning CS8618: Non-nullable property 'ReportingTo' must contain a non-null value when exiting constructor. Consider adding the 'required' modifier or declaring the property as nullable. [C:\Users\Rohit Rathod\Desktop\JsapProject\JSAPNEW\JSAPNEW.csproj]
C:\Users\Rohit Rathod\Desktop\JsapProject\JSAPNEW\Models\HierarchyModels.cs(71,67): warning CS8618: Non-nullable property 'DirectReports' must contain a non-null value when exiting constructor. Consider adding the 'required' modifier or declaring the property as nullable. [C:\Users\Rohit Rathod\Desktop\JsapProject\JSAPNEW\JSAPNEW.csproj]
C:\Users\Rohit Rathod\Desktop\JsapProject\JSAPNEW\Models\DashboardModels.cs(203,23): warning CS8618: Non-nullable property 'Attendees' must contain a non-null value when exiting constructor. Consider adding the 'required' modifier or declaring the property as nullable. [C:\Users\Rohit Rathod\Desktop\JsapProject\JSAPNEW\JSAPNEW.csproj]
C:\Users\Rohit Rathod\Desktop\JsapProject\JSAPNEW\Models\DashboardModels.cs(204,23): warning CS8618: Non-nullable property 'Agenda' must contain a non-null value when exiting constructor. Consider adding the 'required' modifier or declaring the property as nullable. [C:\Users\Rohit Rathod\Desktop\JsapProject\JSAPNEW\JSAPNEW.csproj]
C:\Users\Rohit Rathod\Desktop\JsapProject\JSAPNEW\Models\DashboardModels.cs(205,23): warning CS8618: Non-nullable property 'notes' must contain a non-null value when exiting constructor. Consider adding the 'required' modifier or declaring the property as nullable. [C:\Users\Rohit Rathod\Desktop\JsapProject\JSAPNEW\JSAPNEW.csproj]
C:\Users\Rohit Rathod\Desktop\JsapProject\JSAPNEW\Models\DashboardModels.cs(206,23): warning CS8618: Non-nullable property 'status' must contain a non-null value when exiting constructor. Consider adding the 'required' modifier or declaring the property as nullable. [C:\Users\Rohit Rathod\Desktop\JsapProject\JSAPNEW\JSAPNEW.csproj]
C:\Users\Rohit Rathod\Desktop\JsapProject\JSAPNEW\Models\CreditLimitModels.cs(89,23): warning CS8618: Non-nullable property 'BranchId' must contain a non-null value when exiting constructor. Consider adding the 'required' modifier or declaring the property as nullable. [C:\Users\Rohit Rathod\Desktop\JsapProject\JSAPNEW\JSAPNEW.csproj]
C:\Users\Rohit Rathod\Desktop\JsapProject\JSAPNEW\Models\CreditLimitModels.cs(90,23): warning CS8618: Non-nullable property 'CustomerCode' must contain a non-null value when exiting constructor. Consider adding the 'required' modifier or declaring the property as nullable. [C:\Users\Rohit Rathod\Desktop\JsapProject\JSAPNEW\JSAPNEW.csproj]
C:\Users\Rohit Rathod\Desktop\JsapProject\JSAPNEW\Models\CreditLimitModels.cs(91,23): warning CS8618: Non-nullable property 'CustomerName' must contain a non-null value when exiting constructor. Consider adding the 'required' modifier or declaring the property as nullable. [C:\Users\Rohit Rathod\Desktop\JsapProject\JSAPNEW\JSAPNEW.csproj]
C:\Users\Rohit Rathod\Desktop\JsapProject\JSAPNEW\Models\CreditLimitModels.cs(92,23): warning CS8618: Non-nullable property 'CustomerValue' must contain a non-null value when exiting constructor. Consider adding the 'required' modifier or declaring the property as nullable. [C:\Users\Rohit Rathod\Desktop\JsapProject\JSAPNEW\JSAPNEW.csproj]
C:\Users\Rohit Rathod\Desktop\JsapProject\JSAPNEW\Models\CreditLimitModels.cs(96,23): warning CS8618: Non-nullable property 'ValidTill' must contain a non-null value when exiting constructor. Consider adding the 'required' modifier or declaring the property as nullable. [C:\Users\Rohit Rathod\Desktop\JsapProject\JSAPNEW\JSAPNEW.csproj]
C:\Users\Rohit Rathod\Desktop\JsapProject\JSAPNEW\Models\CreditLimitModels.cs(98,23): warning CS8618: Non-nullable property 'CreatedBy' must contain a non-null value when exiting constructor. Consider adding the 'required' modifier or declaring the property as nullable. [C:\Users\Rohit Rathod\Desktop\JsapProject\JSAPNEW\JSAPNEW.csproj]
C:\Users\Rohit Rathod\Desktop\JsapProject\JSAPNEW\Models\CreditLimitModels.cs(101,23): warning CS8618: Non-nullable property 'hanaStatusText' must contain a non-null value when exiting constructor. Consider adding the 'required' modifier or declaring the property as nullable. [C:\Users\Rohit Rathod\Desktop\JsapProject\JSAPNEW\JSAPNEW.csproj]
C:\Users\Rohit Rathod\Desktop\JsapProject\JSAPNEW\Models\DashboardModels.cs(47,23): warning CS8618: Non-nullable property 'TaskId' must contain a non-null value when exiting constructor. Consider adding the 'required' modifier or declaring the property as nullable. [C:\Users\Rohit Rathod\Desktop\JsapProject\JSAPNEW\JSAPNEW.csproj]
C:\Users\Rohit Rathod\Desktop\JsapProject\JSAPNEW\Models\DashboardModels.cs(48,23): warning CS8618: Non-nullable property 'TaskName' must contain a non-null value when exiting constructor. Consider adding the 'required' modifier or declaring the property as nullable. [C:\Users\Rohit Rathod\Desktop\JsapProject\JSAPNEW\JSAPNEW.csproj]
C:\Users\Rohit Rathod\Desktop\JsapProject\JSAPNEW\Models\DashboardModels.cs(49,23): warning CS8618: Non-nullable property 'Description' must contain a non-null value when exiting constructor. Consider adding the 'required' modifier or declaring the property as nullable. [C:\Users\Rohit Rathod\Desktop\JsapProject\JSAPNEW\JSAPNEW.csproj]
C:\Users\Rohit Rathod\Desktop\JsapProject\JSAPNEW\Models\DashboardModels.cs(50,23): warning CS8618: Non-nullable property 'ProjectName' must contain a non-null value when exiting constructor. Consider adding the 'required' modifier or declaring the property as nullable. [C:\Users\Rohit Rathod\Desktop\JsapProject\JSAPNEW\JSAPNEW.csproj]
C:\Users\Rohit Rathod\Desktop\JsapProject\JSAPNEW\Models\DashboardModels.cs(51,23): warning CS8618: Non-nullable property 'ModuleName' must contain a non-null value when exiting constructor. Consider adding the 'required' modifier or declaring the property as nullable. [C:\Users\Rohit Rathod\Desktop\JsapProject\JSAPNEW\JSAPNEW.csproj]
C:\Users\Rohit Rathod\Desktop\JsapProject\JSAPNEW\Models\DashboardModels.cs(57,23): warning CS8618: Non-nullable property 'Status' must contain a non-null value when exiting constructor. Consider adding the 'required' modifier or declaring the property as nullable. [C:\Users\Rohit Rathod\Desktop\JsapProject\JSAPNEW\JSAPNEW.csproj]
C:\Users\Rohit Rathod\Desktop\JsapProject\JSAPNEW\Models\DashboardModels.cs(59,23): warning CS8618: Non-nullable property 'Priority' must contain a non-null value when exiting constructor. Consider adding the 'required' modifier or declaring the property as nullable. [C:\Users\Rohit Rathod\Desktop\JsapProject\JSAPNEW\JSAPNEW.csproj]
C:\Users\Rohit Rathod\Desktop\JsapProject\JSAPNEW\Models\DashboardModels.cs(75,23): warning CS8618: Non-nullable property 'Task_Id' must contain a non-null value when exiting constructor. Consider adding the 'required' modifier or declaring the property as nullable. [C:\Users\Rohit Rathod\Desktop\JsapProject\JSAPNEW\JSAPNEW.csproj]
C:\Users\Rohit Rathod\Desktop\JsapProject\JSAPNEW\Models\DashboardModels.cs(76,23): warning CS8618: Non-nullable property 'Task_Name' must contain a non-null value when exiting constructor. Consider adding the 'required' modifier or declaring the property as nullable. [C:\Users\Rohit Rathod\Desktop\JsapProject\JSAPNEW\JSAPNEW.csproj]
C:\Users\Rohit Rathod\Desktop\JsapProject\JSAPNEW\Models\DashboardModels.cs(77,23): warning CS8618: Non-nullable property 'Description' must contain a non-null value when exiting constructor. Consider adding the 'required' modifier or declaring the property as nullable. [C:\Users\Rohit Rathod\Desktop\JsapProject\JSAPNEW\JSAPNEW.csproj]
C:\Users\Rohit Rathod\Desktop\JsapProject\JSAPNEW\Models\DashboardModels.cs(78,23): warning CS8618: Non-nullable property 'Project_Name' must contain a non-null value when exiting constructor. Consider adding the 'required' modifier or declaring the property as nullable. [C:\Users\Rohit Rathod\Desktop\JsapProject\JSAPNEW\JSAPNEW.csproj]
C:\Users\Rohit Rathod\Desktop\JsapProject\JSAPNEW\Models\DashboardModels.cs(79,23): warning CS8618: Non-nullable property 'Module_Name' must contain a non-null value when exiting constructor. Consider adding the 'required' modifier or declaring the property as nullable. [C:\Users\Rohit Rathod\Desktop\JsapProject\JSAPNEW\JSAPNEW.csproj]
C:\Users\Rohit Rathod\Desktop\JsapProject\JSAPNEW\Models\DashboardModels.cs(81,23): warning CS8618: Non-nullable property 'assignedName' must contain a non-null value when exiting constructor. Consider adding the 'required' modifier or declaring the property as nullable. [C:\Users\Rohit Rathod\Desktop\JsapProject\JSAPNEW\JSAPNEW.csproj]
C:\Users\Rohit Rathod\Desktop\JsapProject\JSAPNEW\Models\DashboardModels.cs(87,23): warning CS8618: Non-nullable property 'Status' must contain a non-null value when exiting constructor. Consider adding the 'required' modifier or declaring the property as nullable. [C:\Users\Rohit Rathod\Desktop\JsapProject\JSAPNEW\JSAPNEW.csproj]
C:\Users\Rohit Rathod\Desktop\JsapProject\JSAPNEW\Models\DashboardModels.cs(91,23): warning CS8618: Non-nullable property 'Priority' must contain a non-null value when exiting constructor. Consider adding the 'required' modifier or declaring the property as nullable. [C:\Users\Rohit Rathod\Desktop\JsapProject\JSAPNEW\JSAPNEW.csproj]
C:\Users\Rohit Rathod\Desktop\JsapProject\JSAPNEW\Models\CreditLimitModels.cs(161,23): warning CS8618: Non-nullable property 'createdBy' must contain a non-null value when exiting constructor. Consider adding the 'required' modifier or declaring the property as nullable. [C:\Users\Rohit Rathod\Desktop\JsapProject\JSAPNEW\JSAPNEW.csproj]
C:\Users\Rohit Rathod\Desktop\JsapProject\JSAPNEW\Models\CreditLimitModels.cs(162,23): warning CS8618: Non-nullable property 'monthYear' must contain a non-null value when exiting constructor. Consider adding the 'required' modifier or declaring the property as nullable. [C:\Users\Rohit Rathod\Desktop\JsapProject\JSAPNEW\JSAPNEW.csproj]
C:\Users\Rohit Rathod\Desktop\JsapProject\JSAPNEW\Models\CreditLimitModels.cs(292,23): warning CS8618: Non-nullable property 'FilePath' must contain a non-null value when exiting constructor. Consider adding the 'required' modifier or declaring the property as nullable. [C:\Users\Rohit Rathod\Desktop\JsapProject\JSAPNEW\JSAPNEW.csproj]
C:\Users\Rohit Rathod\Desktop\JsapProject\JSAPNEW\Models\CreditLimitModels.cs(293,23): warning CS8618: Non-nullable property 'FileName' must contain a non-null value when exiting constructor. Consider adding the 'required' modifier or declaring the property as nullable. [C:\Users\Rohit Rathod\Desktop\JsapProject\JSAPNEW\JSAPNEW.csproj]
C:\Users\Rohit Rathod\Desktop\JsapProject\JSAPNEW\Models\CreditLimitModels.cs(294,23): warning CS8618: Non-nullable property 'FileExtension' must contain a non-null value when exiting constructor. Consider adding the 'required' modifier or declaring the property as nullable. [C:\Users\Rohit Rathod\Desktop\JsapProject\JSAPNEW\JSAPNEW.csproj]
C:\Users\Rohit Rathod\Desktop\JsapProject\JSAPNEW\Models\CreditLimitModels.cs(297,23): warning CS8618: Non-nullable property 'DownloadUrl' must contain a non-null value when exiting constructor. Consider adding the 'required' modifier or declaring the property as nullable. [C:\Users\Rohit Rathod\Desktop\JsapProject\JSAPNEW\JSAPNEW.csproj]
C:\Users\Rohit Rathod\Desktop\JsapProject\JSAPNEW\Models\CreditLimitModels.cs(275,23): warning CS8618: Non-nullable property 'CustomerCode' must contain a non-null value when exiting constructor. Consider adding the 'required' modifier or declaring the property as nullable. [C:\Users\Rohit Rathod\Desktop\JsapProject\JSAPNEW\JSAPNEW.csproj]
C:\Users\Rohit Rathod\Desktop\JsapProject\JSAPNEW\Models\CreditLimitModels.cs(276,23): warning CS8618: Non-nullable property 'CustomerValue' must contain a non-null value when exiting constructor. Consider adding the 'required' modifier or declaring the property as nullable. [C:\Users\Rohit Rathod\Desktop\JsapProject\JSAPNEW\JSAPNEW.csproj]
C:\Users\Rohit Rathod\Desktop\JsapProject\JSAPNEW\Models\CreditLimitModels.cs(282,23): warning CS8618: Non-nullable property 'CreatedByUser' must contain a non-null value when exiting constructor. Consider adding the 'required' modifier or declaring the property as nullable. [C:\Users\Rohit Rathod\Desktop\JsapProject\JSAPNEW\JSAPNEW.csproj]
C:\Users\Rohit Rathod\Desktop\JsapProject\JSAPNEW\Models\CreditLimitModels.cs(286,52): warning CS8618: Non-nullable property 'Attachments' must contain a non-null value when exiting constructor. Consider adding the 'required' modifier or declaring the property as nullable. [C:\Users\Rohit Rathod\Desktop\JsapProject\JSAPNEW\JSAPNEW.csproj]
C:\Users\Rohit Rathod\Desktop\JsapProject\JSAPNEW\Models\CreditLimitModels.cs(175,23): warning CS8618: Non-nullable property 'BranchId' must contain a non-null value when exiting constructor. Consider adding the 'required' modifier or declaring the property as nullable. [C:\Users\Rohit Rathod\Desktop\JsapProject\JSAPNEW\JSAPNEW.csproj]
C:\Users\Rohit Rathod\Desktop\JsapProject\JSAPNEW\Models\CreditLimitModels.cs(176,23): warning CS8618: Non-nullable property 'CustomerCode' must contain a non-null value when exiting constructor. Consider adding the 'required' modifier or declaring the property as nullable. [C:\Users\Rohit Rathod\Desktop\JsapProject\JSAPNEW\JSAPNEW.csproj]
C:\Users\Rohit Rathod\Desktop\JsapProject\JSAPNEW\Models\CreditLimitModels.cs(177,23): warning CS8618: Non-nullable property 'CustomerName' must contain a non-null value when exiting constructor. Consider adding the 'required' modifier or declaring the property as nullable. [C:\Users\Rohit Rathod\Desktop\JsapProject\JSAPNEW\JSAPNEW.csproj]
C:\Users\Rohit Rathod\Desktop\JsapProject\JSAPNEW\Models\CreditLimitModels.cs(178,23): warning CS8618: Non-nullable property 'CustomerValue' must contain a non-null value when exiting constructor. Consider adding the 'required' modifier or declaring the property as nullable. [C:\Users\Rohit Rathod\Desktop\JsapProject\JSAPNEW\JSAPNEW.csproj]
C:\Users\Rohit Rathod\Desktop\JsapProject\JSAPNEW\Models\CreditLimitModels.cs(182,23): warning CS8618: Non-nullable property 'ValidTill' must contain a non-null value when exiting constructor. Consider adding the 'required' modifier or declaring the property as nullable. [C:\Users\Rohit Rathod\Desktop\JsapProject\JSAPNEW\JSAPNEW.csproj]
C:\Users\Rohit Rathod\Desktop\JsapProject\JSAPNEW\Models\CreditLimitModels.cs(184,23): warning CS8618: Non-nullable property 'CreatedByUser' must contain a non-null value when exiting constructor. Consider adding the 'required' modifier or declaring the property as nullable. [C:\Users\Rohit Rathod\Desktop\JsapProject\JSAPNEW\JSAPNEW.csproj]
C:\Users\Rohit Rathod\Desktop\JsapProject\JSAPNEW\Models\CreditLimitModels.cs(106,23): warning CS8618: Non-nullable property 'BranchId' must contain a non-null value when exiting constructor. Consider adding the 'required' modifier or declaring the property as nullable. [C:\Users\Rohit Rathod\Desktop\JsapProject\JSAPNEW\JSAPNEW.csproj]
C:\Users\Rohit Rathod\Desktop\JsapProject\JSAPNEW\Models\CreditLimitModels.cs(107,23): warning CS8618: Non-nullable property 'CustomerCode' must contain a non-null value when exiting constructor. Consider adding the 'required' modifier or declaring the property as nullable. [C:\Users\Rohit Rathod\Desktop\JsapProject\JSAPNEW\JSAPNEW.csproj]
C:\Users\Rohit Rathod\Desktop\JsapProject\JSAPNEW\Models\CreditLimitModels.cs(108,23): warning CS8618: Non-nullable property 'CustomerName' must contain a non-null value when exiting constructor. Consider adding the 'required' modifier or declaring the property as nullable. [C:\Users\Rohit Rathod\Desktop\JsapProject\JSAPNEW\JSAPNEW.csproj]
C:\Users\Rohit Rathod\Desktop\JsapProject\JSAPNEW\Models\CreditLimitModels.cs(109,23): warning CS8618: Non-nullable property 'CustomerValue' must contain a non-null value when exiting constructor. Consider adding the 'required' modifier or declaring the property as nullable. [C:\Users\Rohit Rathod\Desktop\JsapProject\JSAPNEW\JSAPNEW.csproj]
C:\Users\Rohit Rathod\Desktop\JsapProject\JSAPNEW\Models\CreditLimitModels.cs(113,23): warning CS8618: Non-nullable property 'ValidTill' must contain a non-null value when exiting constructor. Consider adding the 'required' modifier or declaring the property as nullable. [C:\Users\Rohit Rathod\Desktop\JsapProject\JSAPNEW\JSAPNEW.csproj]
C:\Users\Rohit Rathod\Desktop\JsapProject\JSAPNEW\Models\CreditLimitModels.cs(115,23): warning CS8618: Non-nullable property 'CreatedBy' must contain a non-null value when exiting constructor. Consider adding the 'required' modifier or declaring the property as nullable. [C:\Users\Rohit Rathod\Desktop\JsapProject\JSAPNEW\JSAPNEW.csproj]
C:\Users\Rohit Rathod\Desktop\JsapProject\JSAPNEW\Models\CreditLimitModels.cs(138,23): warning CS8618: Non-nullable property 'BranchId' must contain a non-null value when exiting constructor. Consider adding the 'required' modifier or declaring the property as nullable. [C:\Users\Rohit Rathod\Desktop\JsapProject\JSAPNEW\JSAPNEW.csproj]
C:\Users\Rohit Rathod\Desktop\JsapProject\JSAPNEW\Models\CreditLimitModels.cs(139,23): warning CS8618: Non-nullable property 'CustomerCode' must contain a non-null value when exiting constructor. Consider adding the 'required' modifier or declaring the property as nullable. [C:\Users\Rohit Rathod\Desktop\JsapProject\JSAPNEW\JSAPNEW.csproj]
C:\Users\Rohit Rathod\Desktop\JsapProject\JSAPNEW\Models\CreditLimitModels.cs(140,23): warning CS8618: Non-nullable property 'CustomerName' must contain a non-null value when exiting constructor. Consider adding the 'required' modifier or declaring the property as nullable. [C:\Users\Rohit Rathod\Desktop\JsapProject\JSAPNEW\JSAPNEW.csproj]
C:\Users\Rohit Rathod\Desktop\JsapProject\JSAPNEW\Models\CreditLimitModels.cs(141,23): warning CS8618: Non-nullable property 'CustomerValue' must contain a non-null value when exiting constructor. Consider adding the 'required' modifier or declaring the property as nullable. [C:\Users\Rohit Rathod\Desktop\JsapProject\JSAPNEW\JSAPNEW.csproj]
C:\Users\Rohit Rathod\Desktop\JsapProject\JSAPNEW\Models\CreditLimitModels.cs(145,23): warning CS8618: Non-nullable property 'ValidTill' must contain a non-null value when exiting constructor. Consider adding the 'required' modifier or declaring the property as nullable. [C:\Users\Rohit Rathod\Desktop\JsapProject\JSAPNEW\JSAPNEW.csproj]
C:\Users\Rohit Rathod\Desktop\JsapProject\JSAPNEW\Models\CreditLimitModels.cs(147,23): warning CS8618: Non-nullable property 'CreatedBy' must contain a non-null value when exiting constructor. Consider adding the 'required' modifier or declaring the property as nullable. [C:\Users\Rohit Rathod\Desktop\JsapProject\JSAPNEW\JSAPNEW.csproj]
C:\Users\Rohit Rathod\Desktop\JsapProject\JSAPNEW\Models\CreditLimitModels.cs(150,23): warning CS8618: Non-nullable property 'Status' must contain a non-null value when exiting constructor. Consider adding the 'required' modifier or declaring the property as nullable. [C:\Users\Rohit Rathod\Desktop\JsapProject\JSAPNEW\JSAPNEW.csproj]
C:\Users\Rohit Rathod\Desktop\JsapProject\JSAPNEW\Models\HierarchyModels.cs(86,40): warning CS8618: Non-nullable property 'Notes' must contain a non-null value when exiting constructor. Consider adding the 'required' modifier or declaring the property as nullable. [C:\Users\Rohit Rathod\Desktop\JsapProject\JSAPNEW\JSAPNEW.csproj]
C:\Users\Rohit Rathod\Desktop\JsapProject\JSAPNEW\Models\HierarchyModels.cs(90,40): warning CS8618: Non-nullable property 'CreatedBy' must contain a non-null value when exiting constructor. Consider adding the 'required' modifier or declaring the property as nullable. [C:\Users\Rohit Rathod\Desktop\JsapProject\JSAPNEW\JSAPNEW.csproj]
C:\Users\Rohit Rathod\Desktop\JsapProject\JSAPNEW\Models\HierarchyModels.cs(91,60): warning CS8618: Non-nullable property 'Employee' must contain a non-null value when exiting constructor. Consider adding the 'required' modifier or declaring the property as nullable. [C:\Users\Rohit Rathod\Desktop\JsapProject\JSAPNEW\JSAPNEW.csproj]
C:\Users\Rohit Rathod\Desktop\JsapProject\JSAPNEW\Models\HierarchyModels.cs(92,69): warning CS8618: Non-nullable property 'Manager' must contain a non-null value when exiting constructor. Consider adding the 'required' modifier or declaring the property as nullable. [C:\Users\Rohit Rathod\Desktop\JsapProject\JSAPNEW\JSAPNEW.csproj]
C:\Users\Rohit Rathod\Desktop\JsapProject\JSAPNEW\Models\HierarchyModels.cs(93,70): warning CS8618: Non-nullable property 'ReportingType' must contain a non-null value when exiting constructor. Consider adding the 'required' modifier or declaring the property as nullable. [C:\Users\Rohit Rathod\Desktop\JsapProject\JSAPNEW\JSAPNEW.csproj]
C:\Users\Rohit Rathod\Desktop\JsapProject\JSAPNEW\Models\HierarchyModels.cs(94,64): warning CS8618: Non-nullable property 'Department' must contain a non-null value when exiting constructor. Consider adding the 'required' modifier or declaring the property as nullable. [C:\Users\Rohit Rathod\Desktop\JsapProject\JSAPNEW\JSAPNEW.csproj]
C:\Users\Rohit Rathod\Desktop\JsapProject\JSAPNEW\Models\HierarchyModels.cs(95,70): warning CS8618: Non-nullable property 'SubDepartment' must contain a non-null value when exiting constructor. Consider adding the 'required' modifier or declaring the property as nullable. [C:\Users\Rohit Rathod\Desktop\JsapProject\JSAPNEW\JSAPNEW.csproj]
C:\Users\Rohit Rathod\Desktop\JsapProject\JSAPNEW\Models\BomModels.cs(842,23): warning CS8618: Non-nullable property 'Message' must contain a non-null value when exiting constructor. Consider adding the 'required' modifier or declaring the property as nullable. [C:\Users\Rohit Rathod\Desktop\JsapProject\JSAPNEW\JSAPNEW.csproj]
C:\Users\Rohit Rathod\Desktop\JsapProject\JSAPNEW\Models\BomModels.cs(844,34): warning CS8618: Non-nullable property 'Header' must contain a non-null value when exiting constructor. Consider adding the 'required' modifier or declaring the property as nullable. [C:\Users\Rohit Rathod\Desktop\JsapProject\JSAPNEW\JSAPNEW.csproj]
C:\Users\Rohit Rathod\Desktop\JsapProject\JSAPNEW\Models\BomModels.cs(845,42): warning CS8618: Non-nullable property 'ItComponents' must contain a non-null value when exiting constructor. Consider adding the 'required' modifier or declaring the property as nullable. [C:\Users\Rohit Rathod\Desktop\JsapProject\JSAPNEW\JSAPNEW.csproj]
C:\Users\Rohit Rathod\Desktop\JsapProject\JSAPNEW\Models\BomModels.cs(846,42): warning CS8618: Non-nullable property 'RsComponents' must contain a non-null value when exiting constructor. Consider adding the 'required' modifier or declaring the property as nullable. [C:\Users\Rohit Rathod\Desktop\JsapProject\JSAPNEW\JSAPNEW.csproj]
C:\Users\Rohit Rathod\Desktop\JsapProject\JSAPNEW\Models\BomModels.cs(847,38): warning CS8618: Non-nullable property 'Files' must contain a non-null value when exiting constructor. Consider adding the 'required' modifier or declaring the property as nullable. [C:\Users\Rohit Rathod\Desktop\JsapProject\JSAPNEW\JSAPNEW.csproj]
C:\Users\Rohit Rathod\Desktop\JsapProject\JSAPNEW\Models\BomModels.cs(814,23): warning CS8618: Non-nullable property 'Type' must contain a non-null value when exiting constructor. Consider adding the 'required' modifier or declaring the property as nullable. [C:\Users\Rohit Rathod\Desktop\JsapProject\JSAPNEW\JSAPNEW.csproj]
C:\Users\Rohit Rathod\Desktop\JsapProject\JSAPNEW\Models\BomModels.cs(815,23): warning CS8618: Non-nullable property 'ComponentCode' must contain a non-null value when exiting constructor. Consider adding the 'required' modifier or declaring the property as nullable. [C:\Users\Rohit Rathod\Desktop\JsapProject\JSAPNEW\JSAPNEW.csproj]
C:\Users\Rohit Rathod\Desktop\JsapProject\JSAPNEW\Models\BomModels.cs(817,23): warning CS8618: Non-nullable property 'WareHouse' must contain a non-null value when exiting constructor. Consider adding the 'required' modifier or declaring the property as nullable. [C:\Users\Rohit Rathod\Desktop\JsapProject\JSAPNEW\JSAPNEW.csproj]
C:\Users\Rohit Rathod\Desktop\JsapProject\JSAPNEW\Models\BomModels.cs(820,23): warning CS8618: Non-nullable property 'ResCode' must contain a non-null value when exiting constructor. Consider adding the 'required' modifier or declaring the property as nullable. [C:\Users\Rohit Rathod\Desktop\JsapProject\JSAPNEW\JSAPNEW.csproj]
C:\Users\Rohit Rathod\Desktop\JsapProject\JSAPNEW\Models\BomModels.cs(821,23): warning CS8618: Non-nullable property 'ResName' must contain a non-null value when exiting constructor. Consider adding the 'required' modifier or declaring the property as nullable. [C:\Users\Rohit Rathod\Desktop\JsapProject\JSAPNEW\JSAPNEW.csproj]
C:\Users\Rohit Rathod\Desktop\JsapProject\JSAPNEW\Models\BomModels.cs(828,23): warning CS8618: Non-nullable property 'Path' must contain a non-null value when exiting constructor. Consider adding the 'required' modifier or declaring the property as nullable. [C:\Users\Rohit Rathod\Desktop\JsapProject\JSAPNEW\JSAPNEW.csproj]
C:\Users\Rohit Rathod\Desktop\JsapProject\JSAPNEW\Models\BomModels.cs(829,23): warning CS8618: Non-nullable property 'FileName' must contain a non-null value when exiting constructor. Consider adding the 'required' modifier or declaring the property as nullable. [C:\Users\Rohit Rathod\Desktop\JsapProject\JSAPNEW\JSAPNEW.csproj]
C:\Users\Rohit Rathod\Desktop\JsapProject\JSAPNEW\Models\BomModels.cs(830,23): warning CS8618: Non-nullable property 'FileExt' must contain a non-null value when exiting constructor. Consider adding the 'required' modifier or declaring the property as nullable. [C:\Users\Rohit Rathod\Desktop\JsapProject\JSAPNEW\JSAPNEW.csproj]
C:\Users\Rohit Rathod\Desktop\JsapProject\JSAPNEW\Models\BomModels.cs(832,23): warning CS8618: Non-nullable property 'Description' must contain a non-null value when exiting constructor. Consider adding the 'required' modifier or declaring the property as nullable. [C:\Users\Rohit Rathod\Desktop\JsapProject\JSAPNEW\JSAPNEW.csproj]
C:\Users\Rohit Rathod\Desktop\JsapProject\JSAPNEW\Models\BomModels.cs(695,23): warning CS8618: Non-nullable property 'Path' must contain a non-null value when exiting constructor. Consider adding the 'required' modifier or declaring the property as nullable. [C:\Users\Rohit Rathod\Desktop\JsapProject\JSAPNEW\JSAPNEW.csproj]
C:\Users\Rohit Rathod\Desktop\JsapProject\JSAPNEW\Models\BomModels.cs(696,23): warning CS8618: Non-nullable property 'FileName' must contain a non-null value when exiting constructor. Consider adding the 'required' modifier or declaring the property as nullable. [C:\Users\Rohit Rathod\Desktop\JsapProject\JSAPNEW\JSAPNEW.csproj]
C:\Users\Rohit Rathod\Desktop\JsapProject\JSAPNEW\Models\BomModels.cs(697,23): warning CS8618: Non-nullable property 'FileExt' must contain a non-null value when exiting constructor. Consider adding the 'required' modifier or declaring the property as nullable. [C:\Users\Rohit Rathod\Desktop\JsapProject\JSAPNEW\JSAPNEW.csproj]
C:\Users\Rohit Rathod\Desktop\JsapProject\JSAPNEW\Models\BomModels.cs(699,23): warning CS8618: Non-nullable property 'Description' must contain a non-null value when exiting constructor. Consider adding the 'required' modifier or declaring the property as nullable. [C:\Users\Rohit Rathod\Desktop\JsapProject\JSAPNEW\JSAPNEW.csproj]
C:\Users\Rohit Rathod\Desktop\JsapProject\JSAPNEW\Models\BomModels.cs(685,23): warning CS8618: Non-nullable property 'Type' must contain a non-null value when exiting constructor. Consider adding the 'required' modifier or declaring the property as nullable. [C:\Users\Rohit Rathod\Desktop\JsapProject\JSAPNEW\JSAPNEW.csproj]
C:\Users\Rohit Rathod\Desktop\JsapProject\JSAPNEW\Models\BomModels.cs(686,23): warning CS8618: Non-nullable property 'ComponentCode' must contain a non-null value when exiting constructor. Consider adding the 'required' modifier or declaring the property as nullable. [C:\Users\Rohit Rathod\Desktop\JsapProject\JSAPNEW\JSAPNEW.csproj]
C:\Users\Rohit Rathod\Desktop\JsapProject\JSAPNEW\Models\BomModels.cs(688,23): warning CS8618: Non-nullable property 'Uom' must contain a non-null value when exiting constructor. Consider adding the 'required' modifier or declaring the property as nullable. [C:\Users\Rohit Rathod\Desktop\JsapProject\JSAPNEW\JSAPNEW.csproj]
C:\Users\Rohit Rathod\Desktop\JsapProject\JSAPNEW\Models\BomModels.cs(690,23): warning CS8618: Non-nullable property 'WareHouse' must contain a non-null value when exiting constructor. Consider adding the 'required' modifier or declaring the property as nullable. [C:\Users\Rohit Rathod\Desktop\JsapProject\JSAPNEW\JSAPNEW.csproj]
C:\Users\Rohit Rathod\Desktop\JsapProject\JSAPNEW\Models\BomModels.cs(705,23): warning CS8618: Non-nullable property 'ParentCode' must contain a non-null value when exiting constructor. Consider adding the 'required' modifier or declaring the property as nullable. [C:\Users\Rohit Rathod\Desktop\JsapProject\JSAPNEW\JSAPNEW.csproj]
C:\Users\Rohit Rathod\Desktop\JsapProject\JSAPNEW\Models\BomModels.cs(706,23): warning CS8618: Non-nullable property 'Type' must contain a non-null value when exiting constructor. Consider adding the 'required' modifier or declaring the property as nullable. [C:\Users\Rohit Rathod\Desktop\JsapProject\JSAPNEW\JSAPNEW.csproj]
C:\Users\Rohit Rathod\Desktop\JsapProject\JSAPNEW\Models\BomModels.cs(714,23): warning CS8618: Non-nullable property 'WareHouse' must contain a non-null value when exiting constructor. Consider adding the 'required' modifier or declaring the property as nullable. [C:\Users\Rohit Rathod\Desktop\JsapProject\JSAPNEW\JSAPNEW.csproj]
C:\Users\Rohit Rathod\Desktop\JsapProject\JSAPNEW\Models\BomModels.cs(744,23): warning CS8618: Non-nullable property 'Action' must contain a non-null value when exiting constructor. Consider adding the 'required' modifier or declaring the property as nullable. [C:\Users\Rohit Rathod\Desktop\JsapProject\JSAPNEW\JSAPNEW.csproj]
C:\Users\Rohit Rathod\Desktop\JsapProject\JSAPNEW\Models\BomModels.cs(745,23): warning CS8618: Non-nullable property 'ParentCode' must contain a non-null value when exiting constructor. Consider adding the 'required' modifier or declaring the property as nullable. [C:\Users\Rohit Rathod\Desktop\JsapProject\JSAPNEW\JSAPNEW.csproj]
C:\Users\Rohit Rathod\Desktop\JsapProject\JSAPNEW\Models\BomModels.cs(746,23): warning CS8618: Non-nullable property 'Type' must contain a non-null value when exiting constructor. Consider adding the 'required' modifier or declaring the property as nullable. [C:\Users\Rohit Rathod\Desktop\JsapProject\JSAPNEW\JSAPNEW.csproj]
C:\Users\Rohit Rathod\Desktop\JsapProject\JSAPNEW\Models\BomModels.cs(750,23): warning CS8618: Non-nullable property 'WareHouseCode' must contain a non-null value when exiting constructor. Consider adding the 'required' modifier or declaring the property as nullable. [C:\Users\Rohit Rathod\Desktop\JsapProject\JSAPNEW\JSAPNEW.csproj]
C:\Users\Rohit Rathod\Desktop\JsapProject\JSAPNEW\Models\BomModels.cs(752,41): warning CS8618: Non-nullable property 'Components' must contain a non-null value when exiting constructor. Consider adding the 'required' modifier or declaring the property as nullable. [C:\Users\Rohit Rathod\Desktop\JsapProject\JSAPNEW\JSAPNEW.csproj]
C:\Users\Rohit Rathod\Desktop\JsapProject\JSAPNEW\Models\BomModels.cs(753,36): warning CS8618: Non-nullable property 'Files' must contain a non-null value when exiting constructor. Consider adding the 'required' modifier or declaring the property as nullable. [C:\Users\Rohit Rathod\Desktop\JsapProject\JSAPNEW\JSAPNEW.csproj]
C:\Users\Rohit Rathod\Desktop\JsapProject\JSAPNEW\Models\BomModels.cs(754,45): warning CS8618: Non-nullable property 'HistoryHeader' must contain a non-null value when exiting constructor. Consider adding the 'required' modifier or declaring the property as nullable. [C:\Users\Rohit Rathod\Desktop\JsapProject\JSAPNEW\JSAPNEW.csproj]
C:\Users\Rohit Rathod\Desktop\JsapProject\JSAPNEW\Models\BomModels.cs(755,48): warning CS8618: Non-nullable property 'HistoryComponents' must contain a non-null value when exiting constructor. Consider adding the 'required' modifier or declaring the property as nullable. [C:\Users\Rohit Rathod\Desktop\JsapProject\JSAPNEW\JSAPNEW.csproj]
C:\Users\Rohit Rathod\Desktop\JsapProject\JSAPNEW\Models\BomModels.cs(756,43): warning CS8618: Non-nullable property 'HistoryFiles' must contain a non-null value when exiting constructor. Consider adding the 'required' modifier or declaring the property as nullable. [C:\Users\Rohit Rathod\Desktop\JsapProject\JSAPNEW\JSAPNEW.csproj]
C:\Users\Rohit Rathod\Desktop\JsapProject\JSAPNEW\Models\BomModels.cs(612,23): warning CS8618: Non-nullable property 'TreeCode' must contain a non-null value when exiting constructor. Consider adding the 'required' modifier or declaring the property as nullable. [C:\Users\Rohit Rathod\Desktop\JsapProject\JSAPNEW\JSAPNEW.csproj]
C:\Users\Rohit Rathod\Desktop\JsapProject\JSAPNEW\Models\BomModels.cs(614,23): warning CS8618: Non-nullable property 'Message' must contain a non-null value when exiting constructor. Consider adding the 'required' modifier or declaring the property as nullable. [C:\Users\Rohit Rathod\Desktop\JsapProject\JSAPNEW\JSAPNEW.csproj]
C:\Users\Rohit Rathod\Desktop\JsapProject\JSAPNEW\Models\BomModels.cs(605,23): warning CS8618: Non-nullable property 'BomId' must contain a non-null value when exiting constructor. Consider adding the 'required' modifier or declaring the property as nullable. [C:\Users\Rohit Rathod\Desktop\JsapProject\JSAPNEW\JSAPNEW.csproj]
C:\Users\Rohit Rathod\Desktop\JsapProject\JSAPNEW\Models\BomModels.cs(606,23): warning CS8618: Non-nullable property 'ErrorMessage' must contain a non-null value when exiting constructor. Consider adding the 'required' modifier or declaring the property as nullable. [C:\Users\Rohit Rathod\Desktop\JsapProject\JSAPNEW\JSAPNEW.csproj]
C:\Users\Rohit Rathod\Desktop\JsapProject\JSAPNEW\Models\BomModels.cs(761,23): warning CS8618: Non-nullable property 'BOM_Code' must contain a non-null value when exiting constructor. Consider adding the 'required' modifier or declaring the property as nullable. [C:\Users\Rohit Rathod\Desktop\JsapProject\JSAPNEW\JSAPNEW.csproj]
C:\Users\Rohit Rathod\Desktop\JsapProject\JSAPNEW\Models\BomModels.cs(762,23): warning CS8618: Non-nullable property 'BOM_Name' must contain a non-null value when exiting constructor. Consider adding the 'required' modifier or declaring the property as nullable. [C:\Users\Rohit Rathod\Desktop\JsapProject\JSAPNEW\JSAPNEW.csproj]
C:\Users\Rohit Rathod\Desktop\JsapProject\JSAPNEW\Models\BomModels.cs(535,23): warning CS8618: Non-nullable property 'p_message' must contain a non-null value when exiting constructor. Consider adding the 'required' modifier or declaring the property as nullable. [C:\Users\Rohit Rathod\Desktop\JsapProject\JSAPNEW\JSAPNEW.csproj]
C:\Users\Rohit Rathod\Desktop\JsapProject\JSAPNEW\Models\BomModels.cs(585,23): warning CS8618: Non-nullable property 'ItemCode' must contain a non-null value when exiting constructor. Consider adding the 'required' modifier or declaring the property as nullable. [C:\Users\Rohit Rathod\Desktop\JsapProject\JSAPNEW\JSAPNEW.csproj]
C:\Users\Rohit Rathod\Desktop\JsapProject\JSAPNEW\Models\BomModels.cs(586,23): warning CS8618: Non-nullable property 'ItemName' must contain a non-null value when exiting constructor. Consider adding the 'required' modifier or declaring the property as nullable. [C:\Users\Rohit Rathod\Desktop\JsapProject\JSAPNEW\JSAPNEW.csproj]
C:\Users\Rohit Rathod\Desktop\JsapProject\JSAPNEW\Models\BomModels.cs(589,23): warning CS8618: Non-nullable property 'Warehouse' must contain a non-null value when exiting constructor. Consider adding the 'required' modifier or declaring the property as nullable. [C:\Users\Rohit Rathod\Desktop\JsapProject\JSAPNEW\JSAPNEW.csproj]
C:\Users\Rohit Rathod\Desktop\JsapProject\JSAPNEW\Models\BomModels.cs(592,23): warning CS8618: Non-nullable property 'ParentItem' must contain a non-null value when exiting constructor. Consider adding the 'required' modifier or declaring the property as nullable. [C:\Users\Rohit Rathod\Desktop\JsapProject\JSAPNEW\JSAPNEW.csproj]
C:\Users\Rohit Rathod\Desktop\JsapProject\JSAPNEW\Models\BomModels.cs(593,23): warning CS8618: Non-nullable property 'ItemType' must contain a non-null value when exiting constructor. Consider adding the 'required' modifier or declaring the property as nullable. [C:\Users\Rohit Rathod\Desktop\JsapProject\JSAPNEW\JSAPNEW.csproj]
C:\Users\Rohit Rathod\Desktop\JsapProject\JSAPNEW\Models\BomModels.cs(794,23): warning CS8618: Non-nullable property 'Type' must contain a non-null value when exiting constructor. Consider adding the 'required' modifier or declaring the property as nullable. [C:\Users\Rohit Rathod\Desktop\JsapProject\JSAPNEW\JSAPNEW.csproj]
C:\Users\Rohit Rathod\Desktop\JsapProject\JSAPNEW\Models\BomModels.cs(795,23): warning CS8618: Non-nullable property 'ComponentCode' must contain a non-null value when exiting constructor. Consider adding the 'required' modifier or declaring the property as nullable. [C:\Users\Rohit Rathod\Desktop\JsapProject\JSAPNEW\JSAPNEW.csproj]
C:\Users\Rohit Rathod\Desktop\JsapProject\JSAPNEW\Models\BomModels.cs(797,23): warning CS8618: Non-nullable property 'WareHouse' must contain a non-null value when exiting constructor. Consider adding the 'required' modifier or declaring the property as nullable. [C:\Users\Rohit Rathod\Desktop\JsapProject\JSAPNEW\JSAPNEW.csproj]
C:\Users\Rohit Rathod\Desktop\JsapProject\JSAPNEW\Models\BomModels.cs(800,23): warning CS8618: Non-nullable property 'ItemCode' must contain a non-null value when exiting constructor. Consider adding the 'required' modifier or declaring the property as nullable. [C:\Users\Rohit Rathod\Desktop\JsapProject\JSAPNEW\JSAPNEW.csproj]
C:\Users\Rohit Rathod\Desktop\JsapProject\JSAPNEW\Models\BomModels.cs(801,23): warning CS8618: Non-nullable property 'ItemName' must contain a non-null value when exiting constructor. Consider adding the 'required' modifier or declaring the property as nullable. [C:\Users\Rohit Rathod\Desktop\JsapProject\JSAPNEW\JSAPNEW.csproj]
C:\Users\Rohit Rathod\Desktop\JsapProject\JSAPNEW\Models\BomModels.cs(802,23): warning CS8618: Non-nullable property 'ItemGroup' must contain a non-null value when exiting constructor. Consider adding the 'required' modifier or declaring the property as nullable. [C:\Users\Rohit Rathod\Desktop\JsapProject\JSAPNEW\JSAPNEW.csproj]
C:\Users\Rohit Rathod\Desktop\JsapProject\JSAPNEW\Models\BomModels.cs(804,23): warning CS8618: Non-nullable property 'UOM' must contain a non-null value when exiting constructor. Consider adding the 'required' modifier or declaring the property as nullable. [C:\Users\Rohit Rathod\Desktop\JsapProject\JSAPNEW\JSAPNEW.csproj]
C:\Users\Rohit Rathod\Desktop\JsapProject\JSAPNEW\Models\BomModels.cs(806,23): warning CS8618: Non-nullable property 'SubGroup' must contain a non-null value when exiting constructor. Consider adding the 'required' modifier or declaring the property as nullable. [C:\Users\Rohit Rathod\Desktop\JsapProject\JSAPNEW\JSAPNEW.csproj]
C:\Users\Rohit Rathod\Desktop\JsapProject\JSAPNEW\Models\BomModels.cs(807,23): warning CS8618: Non-nullable property 'Unit' must contain a non-null value when exiting constructor. Consider adding the 'required' modifier or declaring the property as nullable. [C:\Users\Rohit Rathod\Desktop\JsapProject\JSAPNEW\JSAPNEW.csproj]
C:\Users\Rohit Rathod\Desktop\JsapProject\JSAPNEW\Models\BomModels.cs(808,23): warning CS8618: Non-nullable property 'IsLitre' must contain a non-null value when exiting constructor. Consider adding the 'required' modifier or declaring the property as nullable. [C:\Users\Rohit Rathod\Desktop\JsapProject\JSAPNEW\JSAPNEW.csproj]
C:\Users\Rohit Rathod\Desktop\JsapProject\JSAPNEW\Models\BomModels.cs(443,23): warning CS8618: Non-nullable property 'parentCode' must contain a non-null value when exiting constructor. Consider adding the 'required' modifier or declaring the property as nullable. [C:\Users\Rohit Rathod\Desktop\JsapProject\JSAPNEW\JSAPNEW.csproj]
C:\Users\Rohit Rathod\Desktop\JsapProject\JSAPNEW\Models\BomModels.cs(444,23): warning CS8618: Non-nullable property 'type' must contain a non-null value when exiting constructor. Consider adding the 'required' modifier or declaring the property as nullable. [C:\Users\Rohit Rathod\Desktop\JsapProject\JSAPNEW\JSAPNEW.csproj]
C:\Users\Rohit Rathod\Desktop\JsapProject\JSAPNEW\Models\BomModels.cs(448,23): warning CS8618: Non-nullable property 'wareHouse' must contain a non-null value when exiting constructor. Consider adding the 'required' modifier or declaring the property as nullable. [C:\Users\Rohit Rathod\Desktop\JsapProject\JSAPNEW\JSAPNEW.csproj]
C:\Users\Rohit Rathod\Desktop\JsapProject\JSAPNEW\Models\BomModels.cs(620,23): warning CS8618: Non-nullable property 'stageName' must contain a non-null value when exiting constructor. Consider adding the 'required' modifier or declaring the property as nullable. [C:\Users\Rohit Rathod\Desktop\JsapProject\JSAPNEW\JSAPNEW.csproj]
C:\Users\Rohit Rathod\Desktop\JsapProject\JSAPNEW\Models\BomModels.cs(622,23): warning CS8618: Non-nullable property 'assignedTo' must contain a non-null value when exiting constructor. Consider adding the 'required' modifier or declaring the property as nullable. [C:\Users\Rohit Rathod\Desktop\JsapProject\JSAPNEW\JSAPNEW.csproj]
C:\Users\Rohit Rathod\Desktop\JsapProject\JSAPNEW\Models\BomModels.cs(623,23): warning CS8618: Non-nullable property 'actionStatus' must contain a non-null value when exiting constructor. Consider adding the 'required' modifier or declaring the property as nullable. [C:\Users\Rohit Rathod\Desktop\JsapProject\JSAPNEW\JSAPNEW.csproj]
C:\Users\Rohit Rathod\Desktop\JsapProject\JSAPNEW\Models\BomModels.cs(625,23): warning CS8618: Non-nullable property 'description' must contain a non-null value when exiting constructor. Consider adding the 'required' modifier or declaring the property as nullable. [C:\Users\Rohit Rathod\Desktop\JsapProject\JSAPNEW\JSAPNEW.csproj]
C:\Users\Rohit Rathod\Desktop\JsapProject\JSAPNEW\Models\BomModels.cs(418,23): warning CS8618: Non-nullable property 'remarks' must contain a non-null value when exiting constructor. Consider adding the 'required' modifier or declaring the property as nullable. [C:\Users\Rohit Rathod\Desktop\JsapProject\JSAPNEW\JSAPNEW.csproj]
C:\Users\Rohit Rathod\Desktop\JsapProject\JSAPNEW\Models\BomModels.cs(419,23): warning CS8618: Non-nullable property 'action' must contain a non-null value when exiting constructor. Consider adding the 'required' modifier or declaring the property as nullable. [C:\Users\Rohit Rathod\Desktop\JsapProject\JSAPNEW\JSAPNEW.csproj]
C:\Users\Rohit Rathod\Desktop\JsapProject\JSAPNEW\Models\BomModels.cs(426,23): warning CS8618: Non-nullable property 'type' must contain a non-null value when exiting constructor. Consider adding the 'required' modifier or declaring the property as nullable. [C:\Users\Rohit Rathod\Desktop\JsapProject\JSAPNEW\JSAPNEW.csproj]
C:\Users\Rohit Rathod\Desktop\JsapProject\JSAPNEW\Models\BomModels.cs(428,23): warning CS8618: Non-nullable property 'componentCode' must contain a non-null value when exiting constructor. Consider adding the 'required' modifier or declaring the property as nullable. [C:\Users\Rohit Rathod\Desktop\JsapProject\JSAPNEW\JSAPNEW.csproj]
C:\Users\Rohit Rathod\Desktop\JsapProject\JSAPNEW\Models\BomModels.cs(434,23): warning CS8618: Non-nullable property 'wareHouse' must contain a non-null value when exiting constructor. Consider adding the 'required' modifier or declaring the property as nullable. [C:\Users\Rohit Rathod\Desktop\JsapProject\JSAPNEW\JSAPNEW.csproj]
C:\Users\Rohit Rathod\Desktop\JsapProject\JSAPNEW\Models\BomModels.cs(355,23): warning CS8618: Non-nullable property 'p_remarks' must contain a non-null value when exiting constructor. Consider adding the 'required' modifier or declaring the property as nullable. [C:\Users\Rohit Rathod\Desktop\JsapProject\JSAPNEW\JSAPNEW.csproj]
C:\Users\Rohit Rathod\Desktop\JsapProject\JSAPNEW\Models\BomModels.cs(356,23): warning CS8618: Non-nullable property 'p_action' must contain a non-null value when exiting constructor. Consider adding the 'required' modifier or declaring the property as nullable. [C:\Users\Rohit Rathod\Desktop\JsapProject\JSAPNEW\JSAPNEW.csproj]
C:\Users\Rohit Rathod\Desktop\JsapProject\JSAPNEW\Models\BomModels.cs(574,23): warning CS8618: Non-nullable property 'TreeCode' must contain a non-null value when exiting constructor. Consider adding the 'required' modifier or declaring the property as nullable. [C:\Users\Rohit Rathod\Desktop\JsapProject\JSAPNEW\JSAPNEW.csproj]
C:\Users\Rohit Rathod\Desktop\JsapProject\JSAPNEW\Models\BomModels.cs(575,23): warning CS8618: Non-nullable property 'TreeType' must contain a non-null value when exiting constructor. Consider adding the 'required' modifier or declaring the property as nullable. [C:\Users\Rohit Rathod\Desktop\JsapProject\JSAPNEW\JSAPNEW.csproj]
C:\Users\Rohit Rathod\Desktop\JsapProject\JSAPNEW\Models\BomModels.cs(577,23): warning CS8618: Non-nullable property 'Warehouse' must contain a non-null value when exiting constructor. Consider adding the 'required' modifier or declaring the property as nullable. [C:\Users\Rohit Rathod\Desktop\JsapProject\JSAPNEW\JSAPNEW.csproj]
C:\Users\Rohit Rathod\Desktop\JsapProject\JSAPNEW\Models\BomModels.cs(578,23): warning CS8618: Non-nullable property 'ProductDescription' must contain a non-null value when exiting constructor. Consider adding the 'required' modifier or declaring the property as nullable. [C:\Users\Rohit Rathod\Desktop\JsapProject\JSAPNEW\JSAPNEW.csproj]
C:\Users\Rohit Rathod\Desktop\JsapProject\JSAPNEW\Models\BomModels.cs(580,38): warning CS8618: Non-nullable property 'ProductTreeLines' must contain a non-null value when exiting constructor. Consider adding the 'required' modifier or declaring the property as nullable. [C:\Users\Rohit Rathod\Desktop\JsapProject\JSAPNEW\JSAPNEW.csproj]
C:\Users\Rohit Rathod\Desktop\JsapProject\JSAPNEW\Models\BomModels.cs(645,23): warning CS8618: Non-nullable property 'Company' must contain a non-null value when exiting constructor. Consider adding the 'required' modifier or declaring the property as nullable. [C:\Users\Rohit Rathod\Desktop\JsapProject\JSAPNEW\JSAPNEW.csproj]
C:\Users\Rohit Rathod\Desktop\JsapProject\JSAPNEW\Models\BomModels.cs(647,23): warning CS8618: Non-nullable property 'Type' must contain a non-null value when exiting constructor. Consider adding the 'required' modifier or declaring the property as nullable. [C:\Users\Rohit Rathod\Desktop\JsapProject\JSAPNEW\JSAPNEW.csproj]
C:\Users\Rohit Rathod\Desktop\JsapProject\JSAPNEW\Models\BomModels.cs(648,23): warning CS8618: Non-nullable property 'ParentCode' must contain a non-null value when exiting constructor. Consider adding the 'required' modifier or declaring the property as nullable. [C:\Users\Rohit Rathod\Desktop\JsapProject\JSAPNEW\JSAPNEW.csproj]
C:\Users\Rohit Rathod\Desktop\JsapProject\JSAPNEW\Models\BomModels.cs(649,23): warning CS8618: Non-nullable property 'parentName' must contain a non-null value when exiting constructor. Consider adding the 'required' modifier or declaring the property as nullable. [C:\Users\Rohit Rathod\Desktop\JsapProject\JSAPNEW\JSAPNEW.csproj]
C:\Users\Rohit Rathod\Desktop\JsapProject\JSAPNEW\Models\BomModels.cs(650,23): warning CS8618: Non-nullable property 'warehouse' must contain a non-null value when exiting constructor. Consider adding the 'required' modifier or declaring the property as nullable. [C:\Users\Rohit Rathod\Desktop\JsapProject\JSAPNEW\JSAPNEW.csproj]
C:\Users\Rohit Rathod\Desktop\JsapProject\JSAPNEW\Models\BomModels.cs(651,23): warning CS8618: Non-nullable property 'Qty' must contain a non-null value when exiting constructor. Consider adding the 'required' modifier or declaring the property as nullable. [C:\Users\Rohit Rathod\Desktop\JsapProject\JSAPNEW\JSAPNEW.csproj]
C:\Users\Rohit Rathod\Desktop\JsapProject\JSAPNEW\Models\BomModels.cs(652,23): warning CS8618: Non-nullable property 'CreatedByName' must contain a non-null value when exiting constructor. Consider adding the 'required' modifier or declaring the property as nullable. [C:\Users\Rohit Rathod\Desktop\JsapProject\JSAPNEW\JSAPNEW.csproj]
C:\Users\Rohit Rathod\Desktop\JsapProject\JSAPNEW\Models\BomModels.cs(655,23): warning CS8618: Non-nullable property 'UpdatedByName' must contain a non-null value when exiting constructor. Consider adding the 'required' modifier or declaring the property as nullable. [C:\Users\Rohit Rathod\Desktop\JsapProject\JSAPNEW\JSAPNEW.csproj]
C:\Users\Rohit Rathod\Desktop\JsapProject\JSAPNEW\Models\BomModels.cs(657,23): warning CS8618: Non-nullable property 'Status' must contain a non-null value when exiting constructor. Consider adding the 'required' modifier or declaring the property as nullable. [C:\Users\Rohit Rathod\Desktop\JsapProject\JSAPNEW\JSAPNEW.csproj]
C:\Users\Rohit Rathod\Desktop\JsapProject\JSAPNEW\Models\BomModels.cs(260,23): warning CS8618: Non-nullable property 'UserName' must contain a non-null value when exiting constructor. Consider adding the 'required' modifier or declaring the property as nullable. [C:\Users\Rohit Rathod\Desktop\JsapProject\JSAPNEW\JSAPNEW.csproj]
C:\Users\Rohit Rathod\Desktop\JsapProject\JSAPNEW\Models\BomModels.cs(261,23): warning CS8618: Non-nullable property 'Password' must contain a non-null value when exiting constructor. Consider adding the 'required' modifier or declaring the property as nullable. [C:\Users\Rohit Rathod\Desktop\JsapProject\JSAPNEW\JSAPNEW.csproj]
C:\Users\Rohit Rathod\Desktop\JsapProject\JSAPNEW\Models\BomModels.cs(262,23): warning CS8618: Non-nullable property 'CompanyDB' must contain a non-null value when exiting constructor. Consider adding the 'required' modifier or declaring the property as nullable. [C:\Users\Rohit Rathod\Desktop\JsapProject\JSAPNEW\JSAPNEW.csproj]
C:\Users\Rohit Rathod\Desktop\JsapProject\JSAPNEW\Models\BomModels.cs(247,23): warning CS8618: Non-nullable property 'Message' must contain a non-null value when exiting constructor. Consider adding the 'required' modifier or declaring the property as nullable. [C:\Users\Rohit Rathod\Desktop\JsapProject\JSAPNEW\JSAPNEW.csproj]
C:\Users\Rohit Rathod\Desktop\JsapProject\JSAPNEW\Models\BomModels.cs(267,23): warning CS8618: Non-nullable property 'parentCode' must contain a non-null value when exiting constructor. Consider adding the 'required' modifier or declaring the property as nullable. [C:\Users\Rohit Rathod\Desktop\JsapProject\JSAPNEW\JSAPNEW.csproj]
C:\Users\Rohit Rathod\Desktop\JsapProject\JSAPNEW\Models\BomModels.cs(269,23): warning CS8618: Non-nullable property 'type' must contain a non-null value when exiting constructor. Consider adding the 'required' modifier or declaring the property as nullable. [C:\Users\Rohit Rathod\Desktop\JsapProject\JSAPNEW\JSAPNEW.csproj]
C:\Users\Rohit Rathod\Desktop\JsapProject\JSAPNEW\Models\BomModels.cs(277,23): warning CS8618: Non-nullable property 'wareHouse' must contain a non-null value when exiting constructor. Consider adding the 'required' modifier or declaring the property as nullable. [C:\Users\Rohit Rathod\Desktop\JsapProject\JSAPNEW\JSAPNEW.csproj]
C:\Users\Rohit Rathod\Desktop\JsapProject\JSAPNEW\Models\BomModels.cs(253,23): warning CS8618: Non-nullable property 'SessionId' must contain a non-null value when exiting constructor. Consider adding the 'required' modifier or declaring the property as nullable. [C:\Users\Rohit Rathod\Desktop\JsapProject\JSAPNEW\JSAPNEW.csproj]
C:\Users\Rohit Rathod\Desktop\JsapProject\JSAPNEW\Models\BomModels.cs(254,23): warning CS8618: Non-nullable property 'RouteId' must contain a non-null value when exiting constructor. Consider adding the 'required' modifier or declaring the property as nullable. [C:\Users\Rohit Rathod\Desktop\JsapProject\JSAPNEW\JSAPNEW.csproj]
C:\Users\Rohit Rathod\Desktop\JsapProject\JSAPNEW\Models\BomModels.cs(255,23): warning CS8618: Non-nullable property 'B1Session' must contain a non-null value when exiting constructor. Consider adding the 'required' modifier or declaring the property as nullable. [C:\Users\Rohit Rathod\Desktop\JsapProject\JSAPNEW\JSAPNEW.csproj]
C:\Users\Rohit Rathod\Desktop\JsapProject\JSAPNEW\Models\BomModels.cs(291,23): warning CS8618: Non-nullable property 'path' must contain a non-null value when exiting constructor. Consider adding the 'required' modifier or declaring the property as nullable. [C:\Users\Rohit Rathod\Desktop\JsapProject\JSAPNEW\JSAPNEW.csproj]
C:\Users\Rohit Rathod\Desktop\JsapProject\JSAPNEW\Models\BomModels.cs(292,23): warning CS8618: Non-nullable property 'fileName' must contain a non-null value when exiting constructor. Consider adding the 'required' modifier or declaring the property as nullable. [C:\Users\Rohit Rathod\Desktop\JsapProject\JSAPNEW\JSAPNEW.csproj]
C:\Users\Rohit Rathod\Desktop\JsapProject\JSAPNEW\Models\BomModels.cs(293,23): warning CS8618: Non-nullable property 'fileExt' must contain a non-null value when exiting constructor. Consider adding the 'required' modifier or declaring the property as nullable. [C:\Users\Rohit Rathod\Desktop\JsapProject\JSAPNEW\JSAPNEW.csproj]
C:\Users\Rohit Rathod\Desktop\JsapProject\JSAPNEW\Models\BomModels.cs(294,23): warning CS8618: Non-nullable property 'createdOn' must contain a non-null value when exiting constructor. Consider adding the 'required' modifier or declaring the property as nullable. [C:\Users\Rohit Rathod\Desktop\JsapProject\JSAPNEW\JSAPNEW.csproj]
C:\Users\Rohit Rathod\Desktop\JsapProject\JSAPNEW\Models\BomModels.cs(299,23): warning CS8618: Non-nullable property 'fileSize' must contain a non-null value when exiting constructor. Consider adding the 'required' modifier or declaring the property as nullable. [C:\Users\Rohit Rathod\Desktop\JsapProject\JSAPNEW\JSAPNEW.csproj]
C:\Users\Rohit Rathod\Desktop\JsapProject\JSAPNEW\Models\BomModels.cs(300,23): warning CS8618: Non-nullable property 'description' must contain a non-null value when exiting constructor. Consider adding the 'required' modifier or declaring the property as nullable. [C:\Users\Rohit Rathod\Desktop\JsapProject\JSAPNEW\JSAPNEW.csproj]
C:\Users\Rohit Rathod\Desktop\JsapProject\JSAPNEW\Models\BomModels.cs(301,23): warning CS8618: Non-nullable property 'DownloadUrl' must contain a non-null value when exiting constructor. Consider adding the 'required' modifier or declaring the property as nullable. [C:\Users\Rohit Rathod\Desktop\JsapProject\JSAPNEW\JSAPNEW.csproj]
C:\Users\Rohit Rathod\Desktop\JsapProject\JSAPNEW\Models\BomModels.cs(516,23): warning CS8618: Non-nullable property 'parentCode' must contain a non-null value when exiting constructor. Consider adding the 'required' modifier or declaring the property as nullable. [C:\Users\Rohit Rathod\Desktop\JsapProject\JSAPNEW\JSAPNEW.csproj]
C:\Users\Rohit Rathod\Desktop\JsapProject\JSAPNEW\Models\BomModels.cs(517,23): warning CS8618: Non-nullable property 'type' must contain a non-null value when exiting constructor. Consider adding the 'required' modifier or declaring the property as nullable. [C:\Users\Rohit Rathod\Desktop\JsapProject\JSAPNEW\JSAPNEW.csproj]
C:\Users\Rohit Rathod\Desktop\JsapProject\JSAPNEW\Models\BomModels.cs(521,23): warning CS8618: Non-nullable property 'wareHouse' must contain a non-null value when exiting constructor. Consider adding the 'required' modifier or declaring the property as nullable. [C:\Users\Rohit Rathod\Desktop\JsapProject\JSAPNEW\JSAPNEW.csproj]
C:\Users\Rohit Rathod\Desktop\JsapProject\JSAPNEW\Models\BomModels.cs(522,23): warning CS8618: Non-nullable property 'itmsGrpNam' must contain a non-null value when exiting constructor. Consider adding the 'required' modifier or declaring the property as nullable. [C:\Users\Rohit Rathod\Desktop\JsapProject\JSAPNEW\JSAPNEW.csproj]
C:\Users\Rohit Rathod\Desktop\JsapProject\JSAPNEW\Models\BomModels.cs(523,23): warning CS8618: Non-nullable property 'itmsGrpCod' must contain a non-null value when exiting constructor. Consider adding the 'required' modifier or declaring the property as nullable. [C:\Users\Rohit Rathod\Desktop\JsapProject\JSAPNEW\JSAPNEW.csproj]
C:\Users\Rohit Rathod\Desktop\JsapProject\JSAPNEW\Models\BomModels.cs(524,23): warning CS8618: Non-nullable property 'itemName' must contain a non-null value when exiting constructor. Consider adding the 'required' modifier or declaring the property as nullable. [C:\Users\Rohit Rathod\Desktop\JsapProject\JSAPNEW\JSAPNEW.csproj]
C:\Users\Rohit Rathod\Desktop\JsapProject\JSAPNEW\Models\BomModels.cs(525,23): warning CS8618: Non-nullable property 'invntryUom' must contain a non-null value when exiting constructor. Consider adding the 'required' modifier or declaring the property as nullable. [C:\Users\Rohit Rathod\Desktop\JsapProject\JSAPNEW\JSAPNEW.csproj]
C:\Users\Rohit Rathod\Desktop\JsapProject\JSAPNEW\Models\BomModels.cs(527,23): warning CS8618: Non-nullable property 'itemType' must contain a non-null value when exiting constructor. Consider adding the 'required' modifier or declaring the property as nullable. [C:\Users\Rohit Rathod\Desktop\JsapProject\JSAPNEW\JSAPNEW.csproj]
C:\Users\Rohit Rathod\Desktop\JsapProject\JSAPNEW\Models\BomModels.cs(528,23): warning CS8618: Non-nullable property 'createdDate' must contain a non-null value when exiting constructor. Consider adding the 'required' modifier or declaring the property as nullable. [C:\Users\Rohit Rathod\Desktop\JsapProject\JSAPNEW\JSAPNEW.csproj]
C:\Users\Rohit Rathod\Desktop\JsapProject\JSAPNEW\Models\BomModels.cs(529,23): warning CS8618: Non-nullable property 'createdByName' must contain a non-null value when exiting constructor. Consider adding the 'required' modifier or declaring the property as nullable. [C:\Users\Rohit Rathod\Desktop\JsapProject\JSAPNEW\JSAPNEW.csproj]
C:\Users\Rohit Rathod\Desktop\JsapProject\JSAPNEW\Models\BomModels.cs(530,23): warning CS8618: Non-nullable property 'flag' must contain a non-null value when exiting constructor. Consider adding the 'required' modifier or declaring the property as nullable. [C:\Users\Rohit Rathod\Desktop\JsapProject\JSAPNEW\JSAPNEW.csproj]
C:\Users\Rohit Rathod\Desktop\JsapProject\JSAPNEW\Models\BomModels.cs(531,23): warning CS8618: Non-nullable property 'status' must contain a non-null value when exiting constructor. Consider adding the 'required' modifier or declaring the property as nullable. [C:\Users\Rohit Rathod\Desktop\JsapProject\JSAPNEW\JSAPNEW.csproj]
C:\Users\Rohit Rathod\Desktop\JsapProject\JSAPNEW\Models\BomModels.cs(184,23): warning CS8618: Non-nullable property 'Path' must contain a non-null value when exiting constructor. Consider adding the 'required' modifier or declaring the property as nullable. [C:\Users\Rohit Rathod\Desktop\JsapProject\JSAPNEW\JSAPNEW.csproj]
C:\Users\Rohit Rathod\Desktop\JsapProject\JSAPNEW\Models\BomModels.cs(185,23): warning CS8618: Non-nullable property 'FileName' must contain a non-null value when exiting constructor. Consider adding the 'required' modifier or declaring the property as nullable. [C:\Users\Rohit Rathod\Desktop\JsapProject\JSAPNEW\JSAPNEW.csproj]
C:\Users\Rohit Rathod\Desktop\JsapProject\JSAPNEW\Models\BomModels.cs(186,23): warning CS8618: Non-nullable property 'FileExt' must contain a non-null value when exiting constructor. Consider adding the 'required' modifier or declaring the property as nullable. [C:\Users\Rohit Rathod\Desktop\JsapProject\JSAPNEW\JSAPNEW.csproj]
C:\Users\Rohit Rathod\Desktop\JsapProject\JSAPNEW\Models\BomModels.cs(188,23): warning CS8618: Non-nullable property 'Description' must contain a non-null value when exiting constructor. Consider adding the 'required' modifier or declaring the property as nullable. [C:\Users\Rohit Rathod\Desktop\JsapProject\JSAPNEW\JSAPNEW.csproj]
C:\Users\Rohit Rathod\Desktop\JsapProject\JSAPNEW\Models\BomModels.cs(497,23): warning CS8618: Non-nullable property 'parentCode' must contain a non-null value when exiting constructor. Consider adding the 'required' modifier or declaring the property as nullable. [C:\Users\Rohit Rathod\Desktop\JsapProject\JSAPNEW\JSAPNEW.csproj]
C:\Users\Rohit Rathod\Desktop\JsapProject\JSAPNEW\Models\BomModels.cs(498,23): warning CS8618: Non-nullable property 'type' must contain a non-null value when exiting constructor. Consider adding the 'required' modifier or declaring the property as nullable. [C:\Users\Rohit Rathod\Desktop\JsapProject\JSAPNEW\JSAPNEW.csproj]
C:\Users\Rohit Rathod\Desktop\JsapProject\JSAPNEW\Models\BomModels.cs(502,23): warning CS8618: Non-nullable property 'wareHouse' must contain a non-null value when exiting constructor. Consider adding the 'required' modifier or declaring the property as nullable. [C:\Users\Rohit Rathod\Desktop\JsapProject\JSAPNEW\JSAPNEW.csproj]
C:\Users\Rohit Rathod\Desktop\JsapProject\JSAPNEW\Models\BomModels.cs(503,23): warning CS8618: Non-nullable property 'itmsGrpNam' must contain a non-null value when exiting constructor. Consider adding the 'required' modifier or declaring the property as nullable. [C:\Users\Rohit Rathod\Desktop\JsapProject\JSAPNEW\JSAPNEW.csproj]
C:\Users\Rohit Rathod\Desktop\JsapProject\JSAPNEW\Models\BomModels.cs(504,23): warning CS8618: Non-nullable property 'itmsGrpCod' must contain a non-null value when exiting constructor. Consider adding the 'required' modifier or declaring the property as nullable. [C:\Users\Rohit Rathod\Desktop\JsapProject\JSAPNEW\JSAPNEW.csproj]
C:\Users\Rohit Rathod\Desktop\JsapProject\JSAPNEW\Models\BomModels.cs(505,23): warning CS8618: Non-nullable property 'itemName' must contain a non-null value when exiting constructor. Consider adding the 'required' modifier or declaring the property as nullable. [C:\Users\Rohit Rathod\Desktop\JsapProject\JSAPNEW\JSAPNEW.csproj]
C:\Users\Rohit Rathod\Desktop\JsapProject\JSAPNEW\Models\BomModels.cs(506,23): warning CS8618: Non-nullable property 'invntryUom' must contain a non-null value when exiting constructor. Consider adding the 'required' modifier or declaring the property as nullable. [C:\Users\Rohit Rathod\Desktop\JsapProject\JSAPNEW\JSAPNEW.csproj]
C:\Users\Rohit Rathod\Desktop\JsapProject\JSAPNEW\Models\BomModels.cs(508,23): warning CS8618: Non-nullable property 'itemType' must contain a non-null value when exiting constructor. Consider adding the 'required' modifier or declaring the property as nullable. [C:\Users\Rohit Rathod\Desktop\JsapProject\JSAPNEW\JSAPNEW.csproj]
C:\Users\Rohit Rathod\Desktop\JsapProject\JSAPNEW\Models\BomModels.cs(509,23): warning CS8618: Non-nullable property 'createdDate' must contain a non-null value when exiting constructor. Consider adding the 'required' modifier or declaring the property as nullable. [C:\Users\Rohit Rathod\Desktop\JsapProject\JSAPNEW\JSAPNEW.csproj]
C:\Users\Rohit Rathod\Desktop\JsapProject\JSAPNEW\Models\BomModels.cs(510,23): warning CS8618: Non-nullable property 'createdByName' must contain a non-null value when exiting constructor. Consider adding the 'required' modifier or declaring the property as nullable. [C:\Users\Rohit Rathod\Desktop\JsapProject\JSAPNEW\JSAPNEW.csproj]
C:\Users\Rohit Rathod\Desktop\JsapProject\JSAPNEW\Models\BomModels.cs(511,23): warning CS8618: Non-nullable property 'flag' must contain a non-null value when exiting constructor. Consider adding the 'required' modifier or declaring the property as nullable. [C:\Users\Rohit Rathod\Desktop\JsapProject\JSAPNEW\JSAPNEW.csproj]
C:\Users\Rohit Rathod\Desktop\JsapProject\JSAPNEW\Models\BomModels.cs(174,23): warning CS8618: Non-nullable property 'Type' must contain a non-null value when exiting constructor. Consider adding the 'required' modifier or declaring the property as nullable. [C:\Users\Rohit Rathod\Desktop\JsapProject\JSAPNEW\JSAPNEW.csproj]
C:\Users\Rohit Rathod\Desktop\JsapProject\JSAPNEW\Models\BomModels.cs(175,23): warning CS8618: Non-nullable property 'ComponentCode' must contain a non-null value when exiting constructor. Consider adding the 'required' modifier or declaring the property as nullable. [C:\Users\Rohit Rathod\Desktop\JsapProject\JSAPNEW\JSAPNEW.csproj]
C:\Users\Rohit Rathod\Desktop\JsapProject\JSAPNEW\Models\BomModels.cs(177,23): warning CS8618: Non-nullable property 'Uom' must contain a non-null value when exiting constructor. Consider adding the 'required' modifier or declaring the property as nullable. [C:\Users\Rohit Rathod\Desktop\JsapProject\JSAPNEW\JSAPNEW.csproj]
C:\Users\Rohit Rathod\Desktop\JsapProject\JSAPNEW\Models\BomModels.cs(179,23): warning CS8618: Non-nullable property 'WareHouse' must contain a non-null value when exiting constructor. Consider adding the 'required' modifier or declaring the property as nullable. [C:\Users\Rohit Rathod\Desktop\JsapProject\JSAPNEW\JSAPNEW.csproj]
C:\Users\Rohit Rathod\Desktop\JsapProject\JSAPNEW\Models\BomModels.cs(162,23): warning CS8618: Non-nullable property 'ParentCode' must contain a non-null value when exiting constructor. Consider adding the 'required' modifier or declaring the property as nullable. [C:\Users\Rohit Rathod\Desktop\JsapProject\JSAPNEW\JSAPNEW.csproj]
C:\Users\Rohit Rathod\Desktop\JsapProject\JSAPNEW\Models\BomModels.cs(163,23): warning CS8618: Non-nullable property 'Type' must contain a non-null value when exiting constructor. Consider adding the 'required' modifier or declaring the property as nullable. [C:\Users\Rohit Rathod\Desktop\JsapProject\JSAPNEW\JSAPNEW.csproj]
C:\Users\Rohit Rathod\Desktop\JsapProject\JSAPNEW\Models\BomModels.cs(167,23): warning CS8618: Non-nullable property 'WareHouseCode' must contain a non-null value when exiting constructor. Consider adding the 'required' modifier or declaring the property as nullable. [C:\Users\Rohit Rathod\Desktop\JsapProject\JSAPNEW\JSAPNEW.csproj]
C:\Users\Rohit Rathod\Desktop\JsapProject\JSAPNEW\Models\BomModels.cs(333,23): warning CS8618: Non-nullable property 'parentCode' must contain a non-null value when exiting constructor. Consider adding the 'required' modifier or declaring the property as nullable. [C:\Users\Rohit Rathod\Desktop\JsapProject\JSAPNEW\JSAPNEW.csproj]
C:\Users\Rohit Rathod\Desktop\JsapProject\JSAPNEW\Models\BomModels.cs(334,23): warning CS8618: Non-nullable property 'type' must contain a non-null value when exiting constructor. Consider adding the 'required' modifier or declaring the property as nullable. [C:\Users\Rohit Rathod\Desktop\JsapProject\JSAPNEW\JSAPNEW.csproj]
C:\Users\Rohit Rathod\Desktop\JsapProject\JSAPNEW\Models\BomModels.cs(338,23): warning CS8618: Non-nullable property 'createdBy' must contain a non-null value when exiting constructor. Consider adding the 'required' modifier or declaring the property as nullable. [C:\Users\Rohit Rathod\Desktop\JsapProject\JSAPNEW\JSAPNEW.csproj]
C:\Users\Rohit Rathod\Desktop\JsapProject\JSAPNEW\Models\BomModels.cs(339,23): warning CS8618: Non-nullable property 'updatedBy' must contain a non-null value when exiting constructor. Consider adding the 'required' modifier or declaring the property as nullable. [C:\Users\Rohit Rathod\Desktop\JsapProject\JSAPNEW\JSAPNEW.csproj]
C:\Users\Rohit Rathod\Desktop\JsapProject\JSAPNEW\Models\BomModels.cs(340,23): warning CS8618: Non-nullable property 'createdDate' must contain a non-null value when exiting constructor. Consider adding the 'required' modifier or declaring the property as nullable. [C:\Users\Rohit Rathod\Desktop\JsapProject\JSAPNEW\JSAPNEW.csproj]
C:\Users\Rohit Rathod\Desktop\JsapProject\JSAPNEW\Models\BomModels.cs(341,23): warning CS8618: Non-nullable property 'updatedDate' must contain a non-null value when exiting constructor. Consider adding the 'required' modifier or declaring the property as nullable. [C:\Users\Rohit Rathod\Desktop\JsapProject\JSAPNEW\JSAPNEW.csproj]
C:\Users\Rohit Rathod\Desktop\JsapProject\JSAPNEW\Models\BomModels.cs(342,23): warning CS8618: Non-nullable property 'wareHouse' must contain a non-null value when exiting constructor. Consider adding the 'required' modifier or declaring the property as nullable. [C:\Users\Rohit Rathod\Desktop\JsapProject\JSAPNEW\JSAPNEW.csproj]
C:\Users\Rohit Rathod\Desktop\JsapProject\JSAPNEW\Models\BomModels.cs(343,23): warning CS8618: Non-nullable property 'itemGroup' must contain a non-null value when exiting constructor. Consider adding the 'required' modifier or declaring the property as nullable. [C:\Users\Rohit Rathod\Desktop\JsapProject\JSAPNEW\JSAPNEW.csproj]
C:\Users\Rohit Rathod\Desktop\JsapProject\JSAPNEW\Models\BomModels.cs(345,23): warning CS8618: Non-nullable property 'itemName' must contain a non-null value when exiting constructor. Consider adding the 'required' modifier or declaring the property as nullable. [C:\Users\Rohit Rathod\Desktop\JsapProject\JSAPNEW\JSAPNEW.csproj]
C:\Users\Rohit Rathod\Desktop\JsapProject\JSAPNEW\Models\BomModels.cs(346,23): warning CS8618: Non-nullable property 'uom' must contain a non-null value when exiting constructor. Consider adding the 'required' modifier or declaring the property as nullable. [C:\Users\Rohit Rathod\Desktop\JsapProject\JSAPNEW\JSAPNEW.csproj]
C:\Users\Rohit Rathod\Desktop\JsapProject\JSAPNEW\Models\BomModels.cs(347,23): warning CS8618: Non-nullable property 'typeName' must contain a non-null value when exiting constructor. Consider adding the 'required' modifier or declaring the property as nullable. [C:\Users\Rohit Rathod\Desktop\JsapProject\JSAPNEW\JSAPNEW.csproj]
C:\Users\Rohit Rathod\Desktop\JsapProject\JSAPNEW\Models\BomModels.cs(50,23): warning CS8618: Non-nullable property 'type' must contain a non-null value when exiting constructor. Consider adding the 'required' modifier or declaring the property as nullable. [C:\Users\Rohit Rathod\Desktop\JsapProject\JSAPNEW\JSAPNEW.csproj]
C:\Users\Rohit Rathod\Desktop\JsapProject\JSAPNEW\Models\BomModels.cs(52,23): warning CS8618: Non-nullable property 'componentCode' must contain a non-null value when exiting constructor. Consider adding the 'required' modifier or declaring the property as nullable. [C:\Users\Rohit Rathod\Desktop\JsapProject\JSAPNEW\JSAPNEW.csproj]
C:\Users\Rohit Rathod\Desktop\JsapProject\JSAPNEW\Models\BomModels.cs(58,23): warning CS8618: Non-nullable property 'wareHouse' must contain a non-null value when exiting constructor. Consider adding the 'required' modifier or declaring the property as nullable. [C:\Users\Rohit Rathod\Desktop\JsapProject\JSAPNEW\JSAPNEW.csproj]
C:\Users\Rohit Rathod\Desktop\JsapProject\JSAPNEW\Models\BomModels.cs(768,23): warning CS8618: Non-nullable property 'ParentCode' must contain a non-null value when exiting constructor. Consider adding the 'required' modifier or declaring the property as nullable. [C:\Users\Rohit Rathod\Desktop\JsapProject\JSAPNEW\JSAPNEW.csproj]
C:\Users\Rohit Rathod\Desktop\JsapProject\JSAPNEW\Models\BomModels.cs(769,23): warning CS8618: Non-nullable property 'Type' must contain a non-null value when exiting constructor. Consider adding the 'required' modifier or declaring the property as nullable. [C:\Users\Rohit Rathod\Desktop\JsapProject\JSAPNEW\JSAPNEW.csproj]
C:\Users\Rohit Rathod\Desktop\JsapProject\JSAPNEW\Models\BomModels.cs(776,23): warning CS8618: Non-nullable property 'WareHouse' must contain a non-null value when exiting constructor. Consider adding the 'required' modifier or declaring the property as nullable. [C:\Users\Rohit Rathod\Desktop\JsapProject\JSAPNEW\JSAPNEW.csproj]
C:\Users\Rohit Rathod\Desktop\JsapProject\JSAPNEW\Models\BomModels.cs(779,23): warning CS8618: Non-nullable property 'ItemCode' must contain a non-null value when exiting constructor. Consider adding the 'required' modifier or declaring the property as nullable. [C:\Users\Rohit Rathod\Desktop\JsapProject\JSAPNEW\JSAPNEW.csproj]
C:\Users\Rohit Rathod\Desktop\JsapProject\JSAPNEW\Models\BomModels.cs(780,23): warning CS8618: Non-nullable property 'ItemName' must contain a non-null value when exiting constructor. Consider adding the 'required' modifier or declaring the property as nullable. [C:\Users\Rohit Rathod\Desktop\JsapProject\JSAPNEW\JSAPNEW.csproj]
C:\Users\Rohit Rathod\Desktop\JsapProject\JSAPNEW\Models\BomModels.cs(781,23): warning CS8618: Non-nullable property 'ItemGroup' must contain a non-null value when exiting constructor. Consider adding the 'required' modifier or declaring the property as nullable. [C:\Users\Rohit Rathod\Desktop\JsapProject\JSAPNEW\JSAPNEW.csproj]
C:\Users\Rohit Rathod\Desktop\JsapProject\JSAPNEW\Models\BomModels.cs(783,23): warning CS8618: Non-nullable property 'UOM' must contain a non-null value when exiting constructor. Consider adding the 'required' modifier or declaring the property as nullable. [C:\Users\Rohit Rathod\Desktop\JsapProject\JSAPNEW\JSAPNEW.csproj]
C:\Users\Rohit Rathod\Desktop\JsapProject\JSAPNEW\Models\BomModels.cs(785,23): warning CS8618: Non-nullable property 'SubGroup' must contain a non-null value when exiting constructor. Consider adding the 'required' modifier or declaring the property as nullable. [C:\Users\Rohit Rathod\Desktop\JsapProject\JSAPNEW\JSAPNEW.csproj]
C:\Users\Rohit Rathod\Desktop\JsapProject\JSAPNEW\Models\BomModels.cs(786,23): warning CS8618: Non-nullable property 'Unit' must contain a non-null value when exiting constructor. Consider adding the 'required' modifier or declaring the property as nullable. [C:\Users\Rohit Rathod\Desktop\JsapProject\JSAPNEW\JSAPNEW.csproj]
C:\Users\Rohit Rathod\Desktop\JsapProject\JSAPNEW\Models\BomModels.cs(787,23): warning CS8618: Non-nullable property 'IsLitre' must contain a non-null value when exiting constructor. Consider adding the 'required' modifier or declaring the property as nullable. [C:\Users\Rohit Rathod\Desktop\JsapProject\JSAPNEW\JSAPNEW.csproj]
C:\Users\Rohit Rathod\Desktop\JsapProject\JSAPNEW\Models\BomModels.cs(599,23): warning CS8618: Non-nullable property 'Message' must contain a non-null value when exiting constructor. Consider adding the 'required' modifier or declaring the property as nullable. [C:\Users\Rohit Rathod\Desktop\JsapProject\JSAPNEW\JSAPNEW.csproj]
C:\Users\Rohit Rathod\Desktop\JsapProject\JSAPNEW\Models\BomModels.cs(600,26): warning CS8618: Non-nullable property 'ProcessedBomIds' must contain a non-null value when exiting constructor. Consider adding the 'required' modifier or declaring the property as nullable. [C:\Users\Rohit Rathod\Desktop\JsapProject\JSAPNEW\JSAPNEW.csproj]
C:\Users\Rohit Rathod\Desktop\JsapProject\JSAPNEW\Models\BomModels.cs(720,23): warning CS8618: Non-nullable property 'Type' must contain a non-null value when exiting constructor. Consider adding the 'required' modifier or declaring the property as nullable. [C:\Users\Rohit Rathod\Desktop\JsapProject\JSAPNEW\JSAPNEW.csproj]
C:\Users\Rohit Rathod\Desktop\JsapProject\JSAPNEW\Models\BomModels.cs(721,23): warning CS8618: Non-nullable property 'ComponentCode' must contain a non-null value when exiting constructor. Consider adding the 'required' modifier or declaring the property as nullable. [C:\Users\Rohit Rathod\Desktop\JsapProject\JSAPNEW\JSAPNEW.csproj]
C:\Users\Rohit Rathod\Desktop\JsapProject\JSAPNEW\Models\BomModels.cs(724,23): warning CS8618: Non-nullable property 'WareHouse' must contain a non-null value when exiting constructor. Consider adding the 'required' modifier or declaring the property as nullable. [C:\Users\Rohit Rathod\Desktop\JsapProject\JSAPNEW\JSAPNEW.csproj]
C:\Users\Rohit Rathod\Desktop\JsapProject\JSAPNEW\Models\BomModels.cs(725,23): warning CS8618: Non-nullable property 'Uom' must contain a non-null value when exiting constructor. Consider adding the 'required' modifier or declaring the property as nullable. [C:\Users\Rohit Rathod\Desktop\JsapProject\JSAPNEW\JSAPNEW.csproj]
C:\Users\Rohit Rathod\Desktop\JsapProject\JSAPNEW\Models\BomModels.cs(731,23): warning CS8618: Non-nullable property 'Path' must contain a non-null value when exiting constructor. Consider adding the 'required' modifier or declaring the property as nullable. [C:\Users\Rohit Rathod\Desktop\JsapProject\JSAPNEW\JSAPNEW.csproj]
C:\Users\Rohit Rathod\Desktop\JsapProject\JSAPNEW\Models\BomModels.cs(732,23): warning CS8618: Non-nullable property 'FileName' must contain a non-null value when exiting constructor. Consider adding the 'required' modifier or declaring the property as nullable. [C:\Users\Rohit Rathod\Desktop\JsapProject\JSAPNEW\JSAPNEW.csproj]
C:\Users\Rohit Rathod\Desktop\JsapProject\JSAPNEW\Models\BomModels.cs(733,23): warning CS8618: Non-nullable property 'FileExt' must contain a non-null value when exiting constructor. Consider adding the 'required' modifier or declaring the property as nullable. [C:\Users\Rohit Rathod\Desktop\JsapProject\JSAPNEW\JSAPNEW.csproj]
C:\Users\Rohit Rathod\Desktop\JsapProject\JSAPNEW\Models\BomModels.cs(735,23): warning CS8618: Non-nullable property 'Description' must contain a non-null value when exiting constructor. Consider adding the 'required' modifier or declaring the property as nullable. [C:\Users\Rohit Rathod\Desktop\JsapProject\JSAPNEW\JSAPNEW.csproj]
C:\Users\Rohit Rathod\Desktop\JsapProject\JSAPNEW\Models\BomModels.cs(16,23): warning CS8618: Non-nullable property 'id' must contain a non-null value when exiting constructor. Consider adding the 'required' modifier or declaring the property as nullable. [C:\Users\Rohit Rathod\Desktop\JsapProject\JSAPNEW\JSAPNEW.csproj]
C:\Users\Rohit Rathod\Desktop\JsapProject\JSAPNEW\Models\BomModels.cs(17,23): warning CS8618: Non-nullable property 'type' must contain a non-null value when exiting constructor. Consider adding the 'required' modifier or declaring the property as nullable. [C:\Users\Rohit Rathod\Desktop\JsapProject\JSAPNEW\JSAPNEW.csproj]
C:\Users\Rohit Rathod\Desktop\JsapProject\JSAPNEW\Models\BomModels.cs(10,23): warning CS8618: Non-nullable property 'whsCode' must contain a non-null value when exiting constructor. Consider adding the 'required' modifier or declaring the property as nullable. [C:\Users\Rohit Rathod\Desktop\JsapProject\JSAPNEW\JSAPNEW.csproj]
C:\Users\Rohit Rathod\Desktop\JsapProject\JSAPNEW\Models\BomModels.cs(11,23): warning CS8618: Non-nullable property 'whsName' must contain a non-null value when exiting constructor. Consider adding the 'required' modifier or declaring the property as nullable. [C:\Users\Rohit Rathod\Desktop\JsapProject\JSAPNEW\JSAPNEW.csproj]
C:\Users\Rohit Rathod\Desktop\JsapProject\JSAPNEW\Models\BomModels.cs(202,23): warning CS8618: Non-nullable property 'parentCode' must contain a non-null value when exiting constructor. Consider adding the 'required' modifier or declaring the property as nullable. [C:\Users\Rohit Rathod\Desktop\JsapProject\JSAPNEW\JSAPNEW.csproj]
C:\Users\Rohit Rathod\Desktop\JsapProject\JSAPNEW\Models\BomModels.cs(203,23): warning CS8618: Non-nullable property 'type' must contain a non-null value when exiting constructor. Consider adding the 'required' modifier or declaring the property as nullable. [C:\Users\Rohit Rathod\Desktop\JsapProject\JSAPNEW\JSAPNEW.csproj]
C:\Users\Rohit Rathod\Desktop\JsapProject\JSAPNEW\Models\BomModels.cs(209,23): warning CS8618: Non-nullable property 'createdDate' must contain a non-null value when exiting constructor. Consider adding the 'required' modifier or declaring the property as nullable. [C:\Users\Rohit Rathod\Desktop\JsapProject\JSAPNEW\JSAPNEW.csproj]
C:\Users\Rohit Rathod\Desktop\JsapProject\JSAPNEW\Models\BomModels.cs(210,23): warning CS8618: Non-nullable property 'updatedDate' must contain a non-null value when exiting constructor. Consider adding the 'required' modifier or declaring the property as nullable. [C:\Users\Rohit Rathod\Desktop\JsapProject\JSAPNEW\JSAPNEW.csproj]
C:\Users\Rohit Rathod\Desktop\JsapProject\JSAPNEW\Models\BomModels.cs(211,23): warning CS8618: Non-nullable property 'wareHouse' must contain a non-null value when exiting constructor. Consider adding the 'required' modifier or declaring the property as nullable. [C:\Users\Rohit Rathod\Desktop\JsapProject\JSAPNEW\JSAPNEW.csproj]
C:\Users\Rohit Rathod\Desktop\JsapProject\JSAPNEW\Models\BomModels.cs(212,23): warning CS8618: Non-nullable property 'itemName' must contain a non-null value when exiting constructor. Consider adding the 'required' modifier or declaring the property as nullable. [C:\Users\Rohit Rathod\Desktop\JsapProject\JSAPNEW\JSAPNEW.csproj]
C:\Users\Rohit Rathod\Desktop\JsapProject\JSAPNEW\Models\BomModels.cs(214,23): warning CS8618: Non-nullable property 'uom' must contain a non-null value when exiting constructor. Consider adding the 'required' modifier or declaring the property as nullable. [C:\Users\Rohit Rathod\Desktop\JsapProject\JSAPNEW\JSAPNEW.csproj]
C:\Users\Rohit Rathod\Desktop\JsapProject\JSAPNEW\Models\BomModels.cs(215,23): warning CS8618: Non-nullable property 'typeName' must contain a non-null value when exiting constructor. Consider adding the 'required' modifier or declaring the property as nullable. [C:\Users\Rohit Rathod\Desktop\JsapProject\JSAPNEW\JSAPNEW.csproj]
C:\Users\Rohit Rathod\Desktop\JsapProject\JSAPNEW\Models\BomModels.cs(216,23): warning CS8618: Non-nullable property 'whsName' must contain a non-null value when exiting constructor. Consider adding the 'required' modifier or declaring the property as nullable. [C:\Users\Rohit Rathod\Desktop\JsapProject\JSAPNEW\JSAPNEW.csproj]
C:\Users\Rohit Rathod\Desktop\JsapProject\JSAPNEW\Models\BomModels.cs(218,23): warning CS8618: Non-nullable property 'flag' must contain a non-null value when exiting constructor. Consider adding the 'required' modifier or declaring the property as nullable. [C:\Users\Rohit Rathod\Desktop\JsapProject\JSAPNEW\JSAPNEW.csproj]
C:\Users\Rohit Rathod\Desktop\JsapProject\JSAPNEW\Models\BomModels.cs(219,23): warning CS8618: Non-nullable property 'Action' must contain a non-null value when exiting constructor. Consider adding the 'required' modifier or declaring the property as nullable. [C:\Users\Rohit Rathod\Desktop\JsapProject\JSAPNEW\JSAPNEW.csproj]
C:\Users\Rohit Rathod\Desktop\JsapProject\JSAPNEW\Models\BomModels.cs(108,23): warning CS8618: Non-nullable property 'type' must contain a non-null value when exiting constructor. Consider adding the 'required' modifier or declaring the property as nullable. [C:\Users\Rohit Rathod\Desktop\JsapProject\JSAPNEW\JSAPNEW.csproj]
C:\Users\Rohit Rathod\Desktop\JsapProject\JSAPNEW\Models\BomModels.cs(110,23): warning CS8618: Non-nullable property 'componentCode' must contain a non-null value when exiting constructor. Consider adding the 'required' modifier or declaring the property as nullable. [C:\Users\Rohit Rathod\Desktop\JsapProject\JSAPNEW\JSAPNEW.csproj]
C:\Users\Rohit Rathod\Desktop\JsapProject\JSAPNEW\Models\BomModels.cs(113,23): warning CS8618: Non-nullable property 'wareHouse' must contain a non-null value when exiting constructor. Consider adding the 'required' modifier or declaring the property as nullable. [C:\Users\Rohit Rathod\Desktop\JsapProject\JSAPNEW\JSAPNEW.csproj]
C:\Users\Rohit Rathod\Desktop\JsapProject\JSAPNEW\Models\BomModels.cs(114,23): warning CS8618: Non-nullable property 'itemGroup' must contain a non-null value when exiting constructor. Consider adding the 'required' modifier or declaring the property as nullable. [C:\Users\Rohit Rathod\Desktop\JsapProject\JSAPNEW\JSAPNEW.csproj]
C:\Users\Rohit Rathod\Desktop\JsapProject\JSAPNEW\Models\BomModels.cs(115,23): warning CS8618: Non-nullable property 'itemGroupCode' must contain a non-null value when exiting constructor. Consider adding the 'required' modifier or declaring the property as nullable. [C:\Users\Rohit Rathod\Desktop\JsapProject\JSAPNEW\JSAPNEW.csproj]
C:\Users\Rohit Rathod\Desktop\JsapProject\JSAPNEW\Models\BomModels.cs(116,23): warning CS8618: Non-nullable property 'itemName' must contain a non-null value when exiting constructor. Consider adding the 'required' modifier or declaring the property as nullable. [C:\Users\Rohit Rathod\Desktop\JsapProject\JSAPNEW\JSAPNEW.csproj]
C:\Users\Rohit Rathod\Desktop\JsapProject\JSAPNEW\Models\BomModels.cs(117,23): warning CS8618: Non-nullable property 'uom' must contain a non-null value when exiting constructor. Consider adding the 'required' modifier or declaring the property as nullable. [C:\Users\Rohit Rathod\Desktop\JsapProject\JSAPNEW\JSAPNEW.csproj]
C:\Users\Rohit Rathod\Desktop\JsapProject\JSAPNEW\Models\BomModels.cs(118,23): warning CS8618: Non-nullable property 'whsName' must contain a non-null value when exiting constructor. Consider adding the 'required' modifier or declaring the property as nullable. [C:\Users\Rohit Rathod\Desktop\JsapProject\JSAPNEW\JSAPNEW.csproj]
C:\Users\Rohit Rathod\Desktop\JsapProject\JSAPNEW\Models\BomModels.cs(633,23): warning CS8618: Non-nullable property 'stageName' must contain a non-null value when exiting constructor. Consider adding the 'required' modifier or declaring the property as nullable. [C:\Users\Rohit Rathod\Desktop\JsapProject\JSAPNEW\JSAPNEW.csproj]
C:\Users\Rohit Rathod\Desktop\JsapProject\JSAPNEW\Models\BomModels.cs(635,23): warning CS8618: Non-nullable property 'assignedTo' must contain a non-null value when exiting constructor. Consider adding the 'required' modifier or declaring the property as nullable. [C:\Users\Rohit Rathod\Desktop\JsapProject\JSAPNEW\JSAPNEW.csproj]
C:\Users\Rohit Rathod\Desktop\JsapProject\JSAPNEW\Models\BomModels.cs(636,23): warning CS8618: Non-nullable property 'actionStatus' must contain a non-null value when exiting constructor. Consider adding the 'required' modifier or declaring the property as nullable. [C:\Users\Rohit Rathod\Desktop\JsapProject\JSAPNEW\JSAPNEW.csproj]
C:\Users\Rohit Rathod\Desktop\JsapProject\JSAPNEW\Models\BomModels.cs(638,23): warning CS8618: Non-nullable property 'description' must contain a non-null value when exiting constructor. Consider adding the 'required' modifier or declaring the property as nullable. [C:\Users\Rohit Rathod\Desktop\JsapProject\JSAPNEW\JSAPNEW.csproj]
C:\Users\Rohit Rathod\Desktop\JsapProject\JSAPNEW\Models\BomModels.cs(123,23): warning CS8618: Non-nullable property 'type' must contain a non-null value when exiting constructor. Consider adding the 'required' modifier or declaring the property as nullable. [C:\Users\Rohit Rathod\Desktop\JsapProject\JSAPNEW\JSAPNEW.csproj]
C:\Users\Rohit Rathod\Desktop\JsapProject\JSAPNEW\Models\BomModels.cs(125,23): warning CS8618: Non-nullable property 'componentCode' must contain a non-null value when exiting constructor. Consider adding the 'required' modifier or declaring the property as nullable. [C:\Users\Rohit Rathod\Desktop\JsapProject\JSAPNEW\JSAPNEW.csproj]
C:\Users\Rohit Rathod\Desktop\JsapProject\JSAPNEW\Models\BomModels.cs(128,23): warning CS8618: Non-nullable property 'wareHouse' must contain a non-null value when exiting constructor. Consider adding the 'required' modifier or declaring the property as nullable. [C:\Users\Rohit Rathod\Desktop\JsapProject\JSAPNEW\JSAPNEW.csproj]
C:\Users\Rohit Rathod\Desktop\JsapProject\JSAPNEW\Models\BomModels.cs(129,23): warning CS8618: Non-nullable property 'resName' must contain a non-null value when exiting constructor. Consider adding the 'required' modifier or declaring the property as nullable. [C:\Users\Rohit Rathod\Desktop\JsapProject\JSAPNEW\JSAPNEW.csproj]
C:\Users\Rohit Rathod\Desktop\JsapProject\JSAPNEW\Models\BomModels.cs(130,23): warning CS8618: Non-nullable property 'whsName' must contain a non-null value when exiting constructor. Consider adding the 'required' modifier or declaring the property as nullable. [C:\Users\Rohit Rathod\Desktop\JsapProject\JSAPNEW\JSAPNEW.csproj]
C:\Users\Rohit Rathod\Desktop\JsapProject\JSAPNEW\Models\BomModels.cs(663,23): warning CS8618: Non-nullable property 'BOM_Code' must contain a non-null value when exiting constructor. Consider adding the 'required' modifier or declaring the property as nullable. [C:\Users\Rohit Rathod\Desktop\JsapProject\JSAPNEW\JSAPNEW.csproj]
C:\Users\Rohit Rathod\Desktop\JsapProject\JSAPNEW\Models\BomModels.cs(664,23): warning CS8618: Non-nullable property 'TreeType' must contain a non-null value when exiting constructor. Consider adding the 'required' modifier or declaring the property as nullable. [C:\Users\Rohit Rathod\Desktop\JsapProject\JSAPNEW\JSAPNEW.csproj]
C:\Users\Rohit Rathod\Desktop\JsapProject\JSAPNEW\Models\BomModels.cs(665,23): warning CS8618: Non-nullable property 'HeaderPriceList' must contain a non-null value when exiting constructor. Consider adding the 'required' modifier or declaring the property as nullable. [C:\Users\Rohit Rathod\Desktop\JsapProject\JSAPNEW\JSAPNEW.csproj]
C:\Users\Rohit Rathod\Desktop\JsapProject\JSAPNEW\Models\BomModels.cs(666,23): warning CS8618: Non-nullable property 'BOM_Quantity' must contain a non-null value when exiting constructor. Consider adding the 'required' modifier or declaring the property as nullable. [C:\Users\Rohit Rathod\Desktop\JsapProject\JSAPNEW\JSAPNEW.csproj]
C:\Users\Rohit Rathod\Desktop\JsapProject\JSAPNEW\Models\BomModels.cs(667,23): warning CS8618: Non-nullable property 'BOM_Name' must contain a non-null value when exiting constructor. Consider adding the 'required' modifier or declaring the property as nullable. [C:\Users\Rohit Rathod\Desktop\JsapProject\JSAPNEW\JSAPNEW.csproj]
C:\Users\Rohit Rathod\Desktop\JsapProject\JSAPNEW\Models\BomModels.cs(674,23): warning CS8618: Non-nullable property 'ItemCode' must contain a non-null value when exiting constructor. Consider adding the 'required' modifier or declaring the property as nullable. [C:\Users\Rohit Rathod\Desktop\JsapProject\JSAPNEW\JSAPNEW.csproj]
C:\Users\Rohit Rathod\Desktop\JsapProject\JSAPNEW\Models\BomModels.cs(675,23): warning CS8618: Non-nullable property 'ItemQuantity' must contain a non-null value when exiting constructor. Consider adding the 'required' modifier or declaring the property as nullable. [C:\Users\Rohit Rathod\Desktop\JsapProject\JSAPNEW\JSAPNEW.csproj]
C:\Users\Rohit Rathod\Desktop\JsapProject\JSAPNEW\Models\BomModels.cs(676,23): warning CS8618: Non-nullable property 'Warehouse' must contain a non-null value when exiting constructor. Consider adding the 'required' modifier or declaring the property as nullable. [C:\Users\Rohit Rathod\Desktop\JsapProject\JSAPNEW\JSAPNEW.csproj]
C:\Users\Rohit Rathod\Desktop\JsapProject\JSAPNEW\Models\BomModels.cs(677,23): warning CS8618: Non-nullable property 'Uom' must contain a non-null value when exiting constructor. Consider adding the 'required' modifier or declaring the property as nullable. [C:\Users\Rohit Rathod\Desktop\JsapProject\JSAPNEW\JSAPNEW.csproj]
C:\Users\Rohit Rathod\Desktop\JsapProject\JSAPNEW\Models\BomModels.cs(678,23): warning CS8618: Non-nullable property 'ItemName' must contain a non-null value when exiting constructor. Consider adding the 'required' modifier or declaring the property as nullable. [C:\Users\Rohit Rathod\Desktop\JsapProject\JSAPNEW\JSAPNEW.csproj]
C:\Users\Rohit Rathod\Desktop\JsapProject\JSAPNEW\Models\BomModels.cs(679,23): warning CS8618: Non-nullable property 'LineComment' must contain a non-null value when exiting constructor. Consider adding the 'required' modifier or declaring the property as nullable. [C:\Users\Rohit Rathod\Desktop\JsapProject\JSAPNEW\JSAPNEW.csproj]
C:\Users\Rohit Rathod\Desktop\JsapProject\JSAPNEW\Models\BomModels.cs(681,23): warning CS8618: Non-nullable property 'ChildType' must contain a non-null value when exiting constructor. Consider adding the 'required' modifier or declaring the property as nullable. [C:\Users\Rohit Rathod\Desktop\JsapProject\JSAPNEW\JSAPNEW.csproj]
C:\Users\Rohit Rathod\Desktop\JsapProject\JSAPNEW\Models\BomModels.cs(467,23): warning CS8618: Non-nullable property 'path' must contain a non-null value when exiting constructor. Consider adding the 'required' modifier or declaring the property as nullable. [C:\Users\Rohit Rathod\Desktop\JsapProject\JSAPNEW\JSAPNEW.csproj]
C:\Users\Rohit Rathod\Desktop\JsapProject\JSAPNEW\Models\BomModels.cs(468,23): warning CS8618: Non-nullable property 'fileName' must contain a non-null value when exiting constructor. Consider adding the 'required' modifier or declaring the property as nullable. [C:\Users\Rohit Rathod\Desktop\JsapProject\JSAPNEW\JSAPNEW.csproj]
C:\Users\Rohit Rathod\Desktop\JsapProject\JSAPNEW\Models\BomModels.cs(469,23): warning CS8618: Non-nullable property 'fileExt' must contain a non-null value when exiting constructor. Consider adding the 'required' modifier or declaring the property as nullable. [C:\Users\Rohit Rathod\Desktop\JsapProject\JSAPNEW\JSAPNEW.csproj]
C:\Users\Rohit Rathod\Desktop\JsapProject\JSAPNEW\Models\BomModels.cs(474,23): warning CS8618: Non-nullable property 'description' must contain a non-null value when exiting constructor. Consider adding the 'required' modifier or declaring the property as nullable. [C:\Users\Rohit Rathod\Desktop\JsapProject\JSAPNEW\JSAPNEW.csproj]
C:\Users\Rohit Rathod\Desktop\JsapProject\JSAPNEW\Models\BillVerificationModels.cs(169,23): warning CS8618: Non-nullable property 'Message' must contain a non-null value when exiting constructor. Consider adding the 'required' modifier or declaring the property as nullable. [C:\Users\Rohit Rathod\Desktop\JsapProject\JSAPNEW\JSAPNEW.csproj]
C:\Users\Rohit Rathod\Desktop\JsapProject\JSAPNEW\Models\BomModels.cs(392,23): warning CS8618: Non-nullable property 'status' must contain a non-null value when exiting constructor. Consider adding the 'required' modifier or declaring the property as nullable. [C:\Users\Rohit Rathod\Desktop\JsapProject\JSAPNEW\JSAPNEW.csproj]
C:\Users\Rohit Rathod\Desktop\JsapProject\JSAPNEW\Models\BomModels.cs(393,23): warning CS8618: Non-nullable property 'createdOn' must contain a non-null value when exiting constructor. Consider adding the 'required' modifier or declaring the property as nullable. [C:\Users\Rohit Rathod\Desktop\JsapProject\JSAPNEW\JSAPNEW.csproj]
C:\Users\Rohit Rathod\Desktop\JsapProject\JSAPNEW\Models\BomModels.cs(395,23): warning CS8618: Non-nullable property 'parentCode' must contain a non-null value when exiting constructor. Consider adding the 'required' modifier or declaring the property as nullable. [C:\Users\Rohit Rathod\Desktop\JsapProject\JSAPNEW\JSAPNEW.csproj]
C:\Users\Rohit Rathod\Desktop\JsapProject\JSAPNEW\Models\BomModels.cs(396,23): warning CS8618: Non-nullable property 'type' must contain a non-null value when exiting constructor. Consider adding the 'required' modifier or declaring the property as nullable. [C:\Users\Rohit Rathod\Desktop\JsapProject\JSAPNEW\JSAPNEW.csproj]
C:\Users\Rohit Rathod\Desktop\JsapProject\JSAPNEW\Models\BomModels.cs(400,23): warning CS8618: Non-nullable property 'createdBy' must contain a non-null value when exiting constructor. Consider adding the 'required' modifier or declaring the property as nullable. [C:\Users\Rohit Rathod\Desktop\JsapProject\JSAPNEW\JSAPNEW.csproj]
C:\Users\Rohit Rathod\Desktop\JsapProject\JSAPNEW\Models\BomModels.cs(401,23): warning CS8618: Non-nullable property 'updatedBy' must contain a non-null value when exiting constructor. Consider adding the 'required' modifier or declaring the property as nullable. [C:\Users\Rohit Rathod\Desktop\JsapProject\JSAPNEW\JSAPNEW.csproj]
C:\Users\Rohit Rathod\Desktop\JsapProject\JSAPNEW\Models\BomModels.cs(402,23): warning CS8618: Non-nullable property 'createdDate' must contain a non-null value when exiting constructor. Consider adding the 'required' modifier or declaring the property as nullable. [C:\Users\Rohit Rathod\Desktop\JsapProject\JSAPNEW\JSAPNEW.csproj]
C:\Users\Rohit Rathod\Desktop\JsapProject\JSAPNEW\Models\BomModels.cs(403,23): warning CS8618: Non-nullable property 'updatedDate' must contain a non-null value when exiting constructor. Consider adding the 'required' modifier or declaring the property as nullable. [C:\Users\Rohit Rathod\Desktop\JsapProject\JSAPNEW\JSAPNEW.csproj]
C:\Users\Rohit Rathod\Desktop\JsapProject\JSAPNEW\Models\BomModels.cs(404,23): warning CS8618: Non-nullable property 'wareHouse' must contain a non-null value when exiting constructor. Consider adding the 'required' modifier or declaring the property as nullable. [C:\Users\Rohit Rathod\Desktop\JsapProject\JSAPNEW\JSAPNEW.csproj]
C:\Users\Rohit Rathod\Desktop\JsapProject\JSAPNEW\Models\BomModels.cs(405,23): warning CS8618: Non-nullable property 'itmsGrpNam' must contain a non-null value when exiting constructor. Consider adding the 'required' modifier or declaring the property as nullable. [C:\Users\Rohit Rathod\Desktop\JsapProject\JSAPNEW\JSAPNEW.csproj]
C:\Users\Rohit Rathod\Desktop\JsapProject\JSAPNEW\Models\BomModels.cs(406,23): warning CS8618: Non-nullable property 'itmsGrpCod' must contain a non-null value when exiting constructor. Consider adding the 'required' modifier or declaring the property as nullable. [C:\Users\Rohit Rathod\Desktop\JsapProject\JSAPNEW\JSAPNEW.csproj]
C:\Users\Rohit Rathod\Desktop\JsapProject\JSAPNEW\Models\BomModels.cs(407,23): warning CS8618: Non-nullable property 'itemName' must contain a non-null value when exiting constructor. Consider adding the 'required' modifier or declaring the property as nullable. [C:\Users\Rohit Rathod\Desktop\JsapProject\JSAPNEW\JSAPNEW.csproj]
C:\Users\Rohit Rathod\Desktop\JsapProject\JSAPNEW\Models\BomModels.cs(408,23): warning CS8618: Non-nullable property 'invntryUom' must contain a non-null value when exiting constructor. Consider adding the 'required' modifier or declaring the property as nullable. [C:\Users\Rohit Rathod\Desktop\JsapProject\JSAPNEW\JSAPNEW.csproj]
C:\Users\Rohit Rathod\Desktop\JsapProject\JSAPNEW\Models\BomModels.cs(409,23): warning CS8618: Non-nullable property 'itemType' must contain a non-null value when exiting constructor. Consider adding the 'required' modifier or declaring the property as nullable. [C:\Users\Rohit Rathod\Desktop\JsapProject\JSAPNEW\JSAPNEW.csproj]
C:\Users\Rohit Rathod\Desktop\JsapProject\JSAPNEW\Models\BomModels.cs(410,23): warning CS8618: Non-nullable property 'createdByName' must contain a non-null value when exiting constructor. Consider adding the 'required' modifier or declaring the property as nullable. [C:\Users\Rohit Rathod\Desktop\JsapProject\JSAPNEW\JSAPNEW.csproj]
C:\Users\Rohit Rathod\Desktop\JsapProject\JSAPNEW\Models\BomModels.cs(411,23): warning CS8618: Non-nullable property 'flag' must contain a non-null value when exiting constructor. Consider adding the 'required' modifier or declaring the property as nullable. [C:\Users\Rohit Rathod\Desktop\JsapProject\JSAPNEW\JSAPNEW.csproj]
C:\Users\Rohit Rathod\Desktop\JsapProject\JSAPNEW\Models\BomModels.cs(366,23): warning CS8618: Non-nullable property 'status' must contain a non-null value when exiting constructor. Consider adding the 'required' modifier or declaring the property as nullable. [C:\Users\Rohit Rathod\Desktop\JsapProject\JSAPNEW\JSAPNEW.csproj]
C:\Users\Rohit Rathod\Desktop\JsapProject\JSAPNEW\Models\BomModels.cs(367,23): warning CS8618: Non-nullable property 'createdOn' must contain a non-null value when exiting constructor. Consider adding the 'required' modifier or declaring the property as nullable. [C:\Users\Rohit Rathod\Desktop\JsapProject\JSAPNEW\JSAPNEW.csproj]
C:\Users\Rohit Rathod\Desktop\JsapProject\JSAPNEW\Models\BomModels.cs(369,23): warning CS8618: Non-nullable property 'parentCode' must contain a non-null value when exiting constructor. Consider adding the 'required' modifier or declaring the property as nullable. [C:\Users\Rohit Rathod\Desktop\JsapProject\JSAPNEW\JSAPNEW.csproj]
C:\Users\Rohit Rathod\Desktop\JsapProject\JSAPNEW\Models\BomModels.cs(370,23): warning CS8618: Non-nullable property 'type' must contain a non-null value when exiting constructor. Consider adding the 'required' modifier or declaring the property as nullable. [C:\Users\Rohit Rathod\Desktop\JsapProject\JSAPNEW\JSAPNEW.csproj]
C:\Users\Rohit Rathod\Desktop\JsapProject\JSAPNEW\Models\BomModels.cs(374,23): warning CS8618: Non-nullable property 'createdBy' must contain a non-null value when exiting constructor. Consider adding the 'required' modifier or declaring the property as nullable. [C:\Users\Rohit Rathod\Desktop\JsapProject\JSAPNEW\JSAPNEW.csproj]
C:\Users\Rohit Rathod\Desktop\JsapProject\JSAPNEW\Models\BomModels.cs(375,23): warning CS8618: Non-nullable property 'updatedBy' must contain a non-null value when exiting constructor. Consider adding the 'required' modifier or declaring the property as nullable. [C:\Users\Rohit Rathod\Desktop\JsapProject\JSAPNEW\JSAPNEW.csproj]
C:\Users\Rohit Rathod\Desktop\JsapProject\JSAPNEW\Models\BomModels.cs(376,23): warning CS8618: Non-nullable property 'createdDate' must contain a non-null value when exiting constructor. Consider adding the 'required' modifier or declaring the property as nullable. [C:\Users\Rohit Rathod\Desktop\JsapProject\JSAPNEW\JSAPNEW.csproj]
C:\Users\Rohit Rathod\Desktop\JsapProject\JSAPNEW\Models\BomModels.cs(377,23): warning CS8618: Non-nullable property 'updatedDate' must contain a non-null value when exiting constructor. Consider adding the 'required' modifier or declaring the property as nullable. [C:\Users\Rohit Rathod\Desktop\JsapProject\JSAPNEW\JSAPNEW.csproj]
C:\Users\Rohit Rathod\Desktop\JsapProject\JSAPNEW\Models\BomModels.cs(378,23): warning CS8618: Non-nullable property 'wareHouse' must contain a non-null value when exiting constructor. Consider adding the 'required' modifier or declaring the property as nullable. [C:\Users\Rohit Rathod\Desktop\JsapProject\JSAPNEW\JSAPNEW.csproj]
C:\Users\Rohit Rathod\Desktop\JsapProject\JSAPNEW\Models\BomModels.cs(379,23): warning CS8618: Non-nullable property 'itmsGrpNam' must contain a non-null value when exiting constructor. Consider adding the 'required' modifier or declaring the property as nullable. [C:\Users\Rohit Rathod\Desktop\JsapProject\JSAPNEW\JSAPNEW.csproj]
C:\Users\Rohit Rathod\Desktop\JsapProject\JSAPNEW\Models\BomModels.cs(380,23): warning CS8618: Non-nullable property 'itmsGrpCod' must contain a non-null value when exiting constructor. Consider adding the 'required' modifier or declaring the property as nullable. [C:\Users\Rohit Rathod\Desktop\JsapProject\JSAPNEW\JSAPNEW.csproj]
C:\Users\Rohit Rathod\Desktop\JsapProject\JSAPNEW\Models\BomModels.cs(381,23): warning CS8618: Non-nullable property 'itemName' must contain a non-null value when exiting constructor. Consider adding the 'required' modifier or declaring the property as nullable. [C:\Users\Rohit Rathod\Desktop\JsapProject\JSAPNEW\JSAPNEW.csproj]
C:\Users\Rohit Rathod\Desktop\JsapProject\JSAPNEW\Models\BomModels.cs(382,23): warning CS8618: Non-nullable property 'invntryUom' must contain a non-null value when exiting constructor. Consider adding the 'required' modifier or declaring the property as nullable. [C:\Users\Rohit Rathod\Desktop\JsapProject\JSAPNEW\JSAPNEW.csproj]
C:\Users\Rohit Rathod\Desktop\JsapProject\JSAPNEW\Models\BomModels.cs(383,23): warning CS8618: Non-nullable property 'itemType' must contain a non-null value when exiting constructor. Consider adding the 'required' modifier or declaring the property as nullable. [C:\Users\Rohit Rathod\Desktop\JsapProject\JSAPNEW\JSAPNEW.csproj]
C:\Users\Rohit Rathod\Desktop\JsapProject\JSAPNEW\Models\BomModels.cs(384,23): warning CS8618: Non-nullable property 'createdByName' must contain a non-null value when exiting constructor. Consider adding the 'required' modifier or declaring the property as nullable. [C:\Users\Rohit Rathod\Desktop\JsapProject\JSAPNEW\JSAPNEW.csproj]
C:\Users\Rohit Rathod\Desktop\JsapProject\JSAPNEW\Models\BomModels.cs(456,23): warning CS8618: Non-nullable property 'type' must contain a non-null value when exiting constructor. Consider adding the 'required' modifier or declaring the property as nullable. [C:\Users\Rohit Rathod\Desktop\JsapProject\JSAPNEW\JSAPNEW.csproj]
C:\Users\Rohit Rathod\Desktop\JsapProject\JSAPNEW\Models\BomModels.cs(457,23): warning CS8618: Non-nullable property 'componentCode' must contain a non-null value when exiting constructor. Consider adding the 'required' modifier or declaring the property as nullable. [C:\Users\Rohit Rathod\Desktop\JsapProject\JSAPNEW\JSAPNEW.csproj]
C:\Users\Rohit Rathod\Desktop\JsapProject\JSAPNEW\Models\BomModels.cs(460,23): warning CS8618: Non-nullable property 'wareHouse' must contain a non-null value when exiting constructor. Consider adding the 'required' modifier or declaring the property as nullable. [C:\Users\Rohit Rathod\Desktop\JsapProject\JSAPNEW\JSAPNEW.csproj]
C:\Users\Rohit Rathod\Desktop\JsapProject\JSAPNEW\Models\BomModels.cs(480,23): warning CS8618: Non-nullable property 'parentCode' must contain a non-null value when exiting constructor. Consider adding the 'required' modifier or declaring the property as nullable. [C:\Users\Rohit Rathod\Desktop\JsapProject\JSAPNEW\JSAPNEW.csproj]
C:\Users\Rohit Rathod\Desktop\JsapProject\JSAPNEW\Models\BomModels.cs(481,23): warning CS8618: Non-nullable property 'type' must contain a non-null value when exiting constructor. Consider adding the 'required' modifier or declaring the property as nullable. [C:\Users\Rohit Rathod\Desktop\JsapProject\JSAPNEW\JSAPNEW.csproj]
C:\Users\Rohit Rathod\Desktop\JsapProject\JSAPNEW\Models\BomModels.cs(485,23): warning CS8618: Non-nullable property 'wareHouse' must contain a non-null value when exiting constructor. Consider adding the 'required' modifier or declaring the property as nullable. [C:\Users\Rohit Rathod\Desktop\JsapProject\JSAPNEW\JSAPNEW.csproj]
C:\Users\Rohit Rathod\Desktop\JsapProject\JSAPNEW\Models\BomModels.cs(486,23): warning CS8618: Non-nullable property 'itmsGrpNam' must contain a non-null value when exiting constructor. Consider adding the 'required' modifier or declaring the property as nullable. [C:\Users\Rohit Rathod\Desktop\JsapProject\JSAPNEW\JSAPNEW.csproj]
C:\Users\Rohit Rathod\Desktop\JsapProject\JSAPNEW\Models\BomModels.cs(487,23): warning CS8618: Non-nullable property 'itmsGrpCod' must contain a non-null value when exiting constructor. Consider adding the 'required' modifier or declaring the property as nullable. [C:\Users\Rohit Rathod\Desktop\JsapProject\JSAPNEW\JSAPNEW.csproj]
C:\Users\Rohit Rathod\Desktop\JsapProject\JSAPNEW\Models\BomModels.cs(488,23): warning CS8618: Non-nullable property 'itemName' must contain a non-null value when exiting constructor. Consider adding the 'required' modifier or declaring the property as nullable. [C:\Users\Rohit Rathod\Desktop\JsapProject\JSAPNEW\JSAPNEW.csproj]
C:\Users\Rohit Rathod\Desktop\JsapProject\JSAPNEW\Models\BomModels.cs(489,23): warning CS8618: Non-nullable property 'invntryUom' must contain a non-null value when exiting constructor. Consider adding the 'required' modifier or declaring the property as nullable. [C:\Users\Rohit Rathod\Desktop\JsapProject\JSAPNEW\JSAPNEW.csproj]
C:\Users\Rohit Rathod\Desktop\JsapProject\JSAPNEW\Models\BomModels.cs(490,23): warning CS8618: Non-nullable property 'typeName' must contain a non-null value when exiting constructor. Consider adding the 'required' modifier or declaring the property as nullable. [C:\Users\Rohit Rathod\Desktop\JsapProject\JSAPNEW\JSAPNEW.csproj]
C:\Users\Rohit Rathod\Desktop\JsapProject\JSAPNEW\Models\BomModels.cs(491,23): warning CS8618: Non-nullable property 'createdDate' must contain a non-null value when exiting constructor. Consider adding the 'required' modifier or declaring the property as nullable. [C:\Users\Rohit Rathod\Desktop\JsapProject\JSAPNEW\JSAPNEW.csproj]
C:\Users\Rohit Rathod\Desktop\JsapProject\JSAPNEW\Models\BillVerificationModels.cs(93,23): warning CS8618: Non-nullable property 'FolderName' must contain a non-null value when exiting constructor. Consider adding the 'required' modifier or declaring the property as nullable. [C:\Users\Rohit Rathod\Desktop\JsapProject\JSAPNEW\JSAPNEW.csproj]
C:\Users\Rohit Rathod\Desktop\JsapProject\JSAPNEW\Models\BomModels.cs(307,23): warning CS8618: Non-nullable property 'path' must contain a non-null value when exiting constructor. Consider adding the 'required' modifier or declaring the property as nullable. [C:\Users\Rohit Rathod\Desktop\JsapProject\JSAPNEW\JSAPNEW.csproj]
C:\Users\Rohit Rathod\Desktop\JsapProject\JSAPNEW\Models\BomModels.cs(310,23): warning CS8618: Non-nullable property 'fileName' must contain a non-null value when exiting constructor. Consider adding the 'required' modifier or declaring the property as nullable. [C:\Users\Rohit Rathod\Desktop\JsapProject\JSAPNEW\JSAPNEW.csproj]
C:\Users\Rohit Rathod\Desktop\JsapProject\JSAPNEW\Models\BomModels.cs(313,23): warning CS8618: Non-nullable property 'fileExt' must contain a non-null value when exiting constructor. Consider adding the 'required' modifier or declaring the property as nullable. [C:\Users\Rohit Rathod\Desktop\JsapProject\JSAPNEW\JSAPNEW.csproj]
C:\Users\Rohit Rathod\Desktop\JsapProject\JSAPNEW\Models\BomModels.cs(327,23): warning CS8618: Non-nullable property 'description' must contain a non-null value when exiting constructor. Consider adding the 'required' modifier or declaring the property as nullable. [C:\Users\Rohit Rathod\Desktop\JsapProject\JSAPNEW\JSAPNEW.csproj]
C:\Users\Rohit Rathod\Desktop\JsapProject\JSAPNEW\Models\AuthModels.cs(991,32): warning CS8618: Non-nullable property 'SelectedUser' must contain a non-null value when exiting constructor. Consider adding the 'required' modifier or declaring the property as nullable. [C:\Users\Rohit Rathod\Desktop\JsapProject\JSAPNEW\JSAPNEW.csproj]
C:\Users\Rohit Rathod\Desktop\JsapProject\JSAPNEW\Models\AuthModels.cs(992,24): warning CS8618: Non-nullable property 'Permissions' must contain a non-null value when exiting constructor. Consider adding the 'required' modifier or declaring the property as nullable. [C:\Users\Rohit Rathod\Desktop\JsapProject\JSAPNEW\JSAPNEW.csproj]
C:\Users\Rohit Rathod\Desktop\JsapProject\JSAPNEW\Models\AuthModels.cs(867,52): warning CS8618: Non-nullable property 'BudgetData' must contain a non-null value when exiting constructor. Consider adding the 'required' modifier or declaring the property as nullable. [C:\Users\Rohit Rathod\Desktop\JsapProject\JSAPNEW\JSAPNEW.csproj]
C:\Users\Rohit Rathod\Desktop\JsapProject\JSAPNEW\Models\AuthModels.cs(868,49): warning CS8618: Non-nullable property 'BudgetDetails' must contain a non-null value when exiting constructor. Consider adding the 'required' modifier or declaring the property as nullable. [C:\Users\Rohit Rathod\Desktop\JsapProject\JSAPNEW\JSAPNEW.csproj]
C:\Users\Rohit Rathod\Desktop\JsapProject\JSAPNEW\Models\AuthModels.cs(873,32): warning CS8618: Non-nullable property 'BudgetHeader' must contain a non-null value when exiting constructor. Consider adding the 'required' modifier or declaring the property as nullable. [C:\Users\Rohit Rathod\Desktop\JsapProject\JSAPNEW\JSAPNEW.csproj]
C:\Users\Rohit Rathod\Desktop\JsapProject\JSAPNEW\Models\AuthModels.cs(874,42): warning CS8618: Non-nullable property 'BudgetLines' must contain a non-null value when exiting constructor. Consider adding the 'required' modifier or declaring the property as nullable. [C:\Users\Rohit Rathod\Desktop\JsapProject\JSAPNEW\JSAPNEW.csproj]
C:\Users\Rohit Rathod\Desktop\JsapProject\JSAPNEW\Models\BomModels.cs(21,23): warning CS8618: Non-nullable property 'itemCode' must contain a non-null value when exiting constructor. Consider adding the 'required' modifier or declaring the property as nullable. [C:\Users\Rohit Rathod\Desktop\JsapProject\JSAPNEW\JSAPNEW.csproj]
C:\Users\Rohit Rathod\Desktop\JsapProject\JSAPNEW\Models\BomModels.cs(22,23): warning CS8618: Non-nullable property 'itemName' must contain a non-null value when exiting constructor. Consider adding the 'required' modifier or declaring the property as nullable. [C:\Users\Rohit Rathod\Desktop\JsapProject\JSAPNEW\JSAPNEW.csproj]
C:\Users\Rohit Rathod\Desktop\JsapProject\JSAPNEW\Models\BomModels.cs(23,23): warning CS8618: Non-nullable property 'itemGroup' must contain a non-null value when exiting constructor. Consider adding the 'required' modifier or declaring the property as nullable. [C:\Users\Rohit Rathod\Desktop\JsapProject\JSAPNEW\JSAPNEW.csproj]
C:\Users\Rohit Rathod\Desktop\JsapProject\JSAPNEW\Models\BomModels.cs(25,23): warning CS8618: Non-nullable property 'uom' must contain a non-null value when exiting constructor. Consider adding the 'required' modifier or declaring the property as nullable. [C:\Users\Rohit Rathod\Desktop\JsapProject\JSAPNEW\JSAPNEW.csproj]
C:\Users\Rohit Rathod\Desktop\JsapProject\JSAPNEW\Models\BomModels.cs(27,23): warning CS8618: Non-nullable property 'subGroup' must contain a non-null value when exiting constructor. Consider adding the 'required' modifier or declaring the property as nullable. [C:\Users\Rohit Rathod\Desktop\JsapProject\JSAPNEW\JSAPNEW.csproj]
C:\Users\Rohit Rathod\Desktop\JsapProject\JSAPNEW\Models\BomModels.cs(28,23): warning CS8618: Non-nullable property 'unit' must contain a non-null value when exiting constructor. Consider adding the 'required' modifier or declaring the property as nullable. [C:\Users\Rohit Rathod\Desktop\JsapProject\JSAPNEW\JSAPNEW.csproj]
C:\Users\Rohit Rathod\Desktop\JsapProject\JSAPNEW\Models\BomModels.cs(29,23): warning CS8618: Non-nullable property 'isLitre' must contain a non-null value when exiting constructor. Consider adding the 'required' modifier or declaring the property as nullable. [C:\Users\Rohit Rathod\Desktop\JsapProject\JSAPNEW\JSAPNEW.csproj]
C:\Users\Rohit Rathod\Desktop\JsapProject\JSAPNEW\Models\BomModels.cs(225,23): warning CS8618: Non-nullable property 'parentCode' must contain a non-null value when exiting constructor. Consider adding the 'required' modifier or declaring the property as nullable. [C:\Users\Rohit Rathod\Desktop\JsapProject\JSAPNEW\JSAPNEW.csproj]
C:\Users\Rohit Rathod\Desktop\JsapProject\JSAPNEW\Models\BomModels.cs(226,23): warning CS8618: Non-nullable property 'type' must contain a non-null value when exiting constructor. Consider adding the 'required' modifier or declaring the property as nullable. [C:\Users\Rohit Rathod\Desktop\JsapProject\JSAPNEW\JSAPNEW.csproj]
C:\Users\Rohit Rathod\Desktop\JsapProject\JSAPNEW\Models\BomModels.cs(232,23): warning CS8618: Non-nullable property 'createdDate' must contain a non-null value when exiting constructor. Consider adding the 'required' modifier or declaring the property as nullable. [C:\Users\Rohit Rathod\Desktop\JsapProject\JSAPNEW\JSAPNEW.csproj]
C:\Users\Rohit Rathod\Desktop\JsapProject\JSAPNEW\Models\BomModels.cs(233,23): warning CS8618: Non-nullable property 'updatedDate' must contain a non-null value when exiting constructor. Consider adding the 'required' modifier or declaring the property as nullable. [C:\Users\Rohit Rathod\Desktop\JsapProject\JSAPNEW\JSAPNEW.csproj]
C:\Users\Rohit Rathod\Desktop\JsapProject\JSAPNEW\Models\BomModels.cs(234,23): warning CS8618: Non-nullable property 'wareHouse' must contain a non-null value when exiting constructor. Consider adding the 'required' modifier or declaring the property as nullable. [C:\Users\Rohit Rathod\Desktop\JsapProject\JSAPNEW\JSAPNEW.csproj]
C:\Users\Rohit Rathod\Desktop\JsapProject\JSAPNEW\Models\BomModels.cs(235,23): warning CS8618: Non-nullable property 'itemGroup' must contain a non-null value when exiting constructor. Consider adding the 'required' modifier or declaring the property as nullable. [C:\Users\Rohit Rathod\Desktop\JsapProject\JSAPNEW\JSAPNEW.csproj]
C:\Users\Rohit Rathod\Desktop\JsapProject\JSAPNEW\Models\BomModels.cs(237,23): warning CS8618: Non-nullable property 'itemName' must contain a non-null value when exiting constructor. Consider adding the 'required' modifier or declaring the property as nullable. [C:\Users\Rohit Rathod\Desktop\JsapProject\JSAPNEW\JSAPNEW.csproj]
C:\Users\Rohit Rathod\Desktop\JsapProject\JSAPNEW\Models\BomModels.cs(238,23): warning CS8618: Non-nullable property 'uom' must contain a non-null value when exiting constructor. Consider adding the 'required' modifier or declaring the property as nullable. [C:\Users\Rohit Rathod\Desktop\JsapProject\JSAPNEW\JSAPNEW.csproj]
C:\Users\Rohit Rathod\Desktop\JsapProject\JSAPNEW\Models\BomModels.cs(239,23): warning CS8618: Non-nullable property 'itemType' must contain a non-null value when exiting constructor. Consider adding the 'required' modifier or declaring the property as nullable. [C:\Users\Rohit Rathod\Desktop\JsapProject\JSAPNEW\JSAPNEW.csproj]
C:\Users\Rohit Rathod\Desktop\JsapProject\JSAPNEW\Models\BomModels.cs(240,23): warning CS8618: Non-nullable property 'createdByName' must contain a non-null value when exiting constructor. Consider adding the 'required' modifier or declaring the property as nullable. [C:\Users\Rohit Rathod\Desktop\JsapProject\JSAPNEW\JSAPNEW.csproj]
C:\Users\Rohit Rathod\Desktop\JsapProject\JSAPNEW\Models\BomModels.cs(241,23): warning CS8618: Non-nullable property 'flag' must contain a non-null value when exiting constructor. Consider adding the 'required' modifier or declaring the property as nullable. [C:\Users\Rohit Rathod\Desktop\JsapProject\JSAPNEW\JSAPNEW.csproj]
C:\Users\Rohit Rathod\Desktop\JsapProject\JSAPNEW\Models\BomModels.cs(242,23): warning CS8618: Non-nullable property 'Status' must contain a non-null value when exiting constructor. Consider adding the 'required' modifier or declaring the property as nullable. [C:\Users\Rohit Rathod\Desktop\JsapProject\JSAPNEW\JSAPNEW.csproj]
C:\Users\Rohit Rathod\Desktop\JsapProject\JSAPNEW\Models\AuthModels.cs(852,23): warning CS8618: Non-nullable property 'sBudgetId' must contain a non-null value when exiting constructor. Consider adding the 'required' modifier or declaring the property as nullable. [C:\Users\Rohit Rathod\Desktop\JsapProject\JSAPNEW\JSAPNEW.csproj]
C:\Users\Rohit Rathod\Desktop\JsapProject\JSAPNEW\Models\AuthModels.cs(843,23): warning CS8618: Non-nullable property 'userIdsToApprove' must contain a non-null value when exiting constructor. Consider adding the 'required' modifier or declaring the property as nullable. [C:\Users\Rohit Rathod\Desktop\JsapProject\JSAPNEW\JSAPNEW.csproj]
C:\Users\Rohit Rathod\Desktop\JsapProject\JSAPNEW\Models\BomModels.cs(72,23): warning CS8618: Non-nullable property 'parentCode' must contain a non-null value when exiting constructor. Consider adding the 'required' modifier or declaring the property as nullable. [C:\Users\Rohit Rathod\Desktop\JsapProject\JSAPNEW\JSAPNEW.csproj]
C:\Users\Rohit Rathod\Desktop\JsapProject\JSAPNEW\Models\BomModels.cs(74,23): warning CS8618: Non-nullable property 'type' must contain a non-null value when exiting constructor. Consider adding the 'required' modifier or declaring the property as nullable. [C:\Users\Rohit Rathod\Desktop\JsapProject\JSAPNEW\JSAPNEW.csproj]
C:\Users\Rohit Rathod\Desktop\JsapProject\JSAPNEW\Models\BomModels.cs(33,23): warning CS8618: Non-nullable property 'itemCode' must contain a non-null value when exiting constructor. Consider adding the 'required' modifier or declaring the property as nullable. [C:\Users\Rohit Rathod\Desktop\JsapProject\JSAPNEW\JSAPNEW.csproj]
C:\Users\Rohit Rathod\Desktop\JsapProject\JSAPNEW\Models\BomModels.cs(34,23): warning CS8618: Non-nullable property 'itemName' must contain a non-null value when exiting constructor. Consider adding the 'required' modifier or declaring the property as nullable. [C:\Users\Rohit Rathod\Desktop\JsapProject\JSAPNEW\JSAPNEW.csproj]
C:\Users\Rohit Rathod\Desktop\JsapProject\JSAPNEW\Models\BomModels.cs(36,23): warning CS8618: Non-nullable property 'salFactor2' must contain a non-null value when exiting constructor. Consider adding the 'required' modifier or declaring the property as nullable. [C:\Users\Rohit Rathod\Desktop\JsapProject\JSAPNEW\JSAPNEW.csproj]
C:\Users\Rohit Rathod\Desktop\JsapProject\JSAPNEW\Models\AuthModels.cs(856,23): warning CS8618: Non-nullable property 'TotalBudget' must contain a non-null value when exiting constructor. Consider adding the 'required' modifier or declaring the property as nullable. [C:\Users\Rohit Rathod\Desktop\JsapProject\JSAPNEW\JSAPNEW.csproj]
C:\Users\Rohit Rathod\Desktop\JsapProject\JSAPNEW\Models\AuthModels.cs(857,23): warning CS8618: Non-nullable property 'ApprovedAmount' must contain a non-null value when exiting constructor. Consider adding the 'required' modifier or declaring the property as nullable. [C:\Users\Rohit Rathod\Desktop\JsapProject\JSAPNEW\JSAPNEW.csproj]
C:\Users\Rohit Rathod\Desktop\JsapProject\JSAPNEW\Models\AuthModels.cs(858,23): warning CS8618: Non-nullable property 'RejectedAmount' must contain a non-null value when exiting constructor. Consider adding the 'required' modifier or declaring the property as nullable. [C:\Users\Rohit Rathod\Desktop\JsapProject\JSAPNEW\JSAPNEW.csproj]
C:\Users\Rohit Rathod\Desktop\JsapProject\JSAPNEW\Models\AuthModels.cs(859,23): warning CS8618: Non-nullable property 'PendingAmount' must contain a non-null value when exiting constructor. Consider adding the 'required' modifier or declaring the property as nullable. [C:\Users\Rohit Rathod\Desktop\JsapProject\JSAPNEW\JSAPNEW.csproj]
C:\Users\Rohit Rathod\Desktop\JsapProject\JSAPNEW\Models\AuthModels.cs(821,23): warning CS8618: Non-nullable property 'tempname' must contain a non-null value when exiting constructor. Consider adding the 'required' modifier or declaring the property as nullable. [C:\Users\Rohit Rathod\Desktop\JsapProject\JSAPNEW\JSAPNEW.csproj]
C:\Users\Rohit Rathod\Desktop\JsapProject\JSAPNEW\Models\AuthModels.cs(823,23): warning CS8618: Non-nullable property 'createdOn' must contain a non-null value when exiting constructor. Consider adding the 'required' modifier or declaring the property as nullable. [C:\Users\Rohit Rathod\Desktop\JsapProject\JSAPNEW\JSAPNEW.csproj]
C:\Users\Rohit Rathod\Desktop\JsapProject\JSAPNEW\Models\AuthModels.cs(824,23): warning CS8618: Non-nullable property 'userName' must contain a non-null value when exiting constructor. Consider adding the 'required' modifier or declaring the property as nullable. [C:\Users\Rohit Rathod\Desktop\JsapProject\JSAPNEW\JSAPNEW.csproj]
C:\Users\Rohit Rathod\Desktop\JsapProject\JSAPNEW\Models\AuthModels.cs(825,23): warning CS8618: Non-nullable property 'userEmail' must contain a non-null value when exiting constructor. Consider adding the 'required' modifier or declaring the property as nullable. [C:\Users\Rohit Rathod\Desktop\JsapProject\JSAPNEW\JSAPNEW.csproj]
C:\Users\Rohit Rathod\Desktop\JsapProject\JSAPNEW\Models\AuthModels.cs(802,23): warning CS8618: Non-nullable property 'newStartDate' must contain a non-null value when exiting constructor. Consider adding the 'required' modifier or declaring the property as nullable. [C:\Users\Rohit Rathod\Desktop\JsapProject\JSAPNEW\JSAPNEW.csproj]
C:\Users\Rohit Rathod\Desktop\JsapProject\JSAPNEW\Models\AuthModels.cs(804,23): warning CS8618: Non-nullable property 'newEndDate' must contain a non-null value when exiting constructor. Consider adding the 'required' modifier or declaring the property as nullable. [C:\Users\Rohit Rathod\Desktop\JsapProject\JSAPNEW\JSAPNEW.csproj]
C:\Users\Rohit Rathod\Desktop\JsapProject\JSAPNEW\Models\AuthModels.cs(737,23): warning CS8618: Non-nullable property 'budgetId' must contain a non-null value when exiting constructor. Consider adding the 'required' modifier or declaring the property as nullable. [C:\Users\Rohit Rathod\Desktop\JsapProject\JSAPNEW\JSAPNEW.csproj]
C:\Users\Rohit Rathod\Desktop\JsapProject\JSAPNEW\Models\AuthModels.cs(782,23): warning CS8618: Non-nullable property 'stageName' must contain a non-null value when exiting constructor. Consider adding the 'required' modifier or declaring the property as nullable. [C:\Users\Rohit Rathod\Desktop\JsapProject\JSAPNEW\JSAPNEW.csproj]
C:\Users\Rohit Rathod\Desktop\JsapProject\JSAPNEW\Models\AuthModels.cs(784,23): warning CS8618: Non-nullable property 'DelegatedByUserName' must contain a non-null value when exiting constructor. Consider adding the 'required' modifier or declaring the property as nullable. [C:\Users\Rohit Rathod\Desktop\JsapProject\JSAPNEW\JSAPNEW.csproj]
C:\Users\Rohit Rathod\Desktop\JsapProject\JSAPNEW\Models\AuthModels.cs(786,23): warning CS8618: Non-nullable property 'DelegatedToUserName' must contain a non-null value when exiting constructor. Consider adding the 'required' modifier or declaring the property as nullable. [C:\Users\Rohit Rathod\Desktop\JsapProject\JSAPNEW\JSAPNEW.csproj]
C:\Users\Rohit Rathod\Desktop\JsapProject\JSAPNEW\Models\AuthModels.cs(788,23): warning CS8618: Non-nullable property 'tempName' must contain a non-null value when exiting constructor. Consider adding the 'required' modifier or declaring the property as nullable. [C:\Users\Rohit Rathod\Desktop\JsapProject\JSAPNEW\JSAPNEW.csproj]
C:\Users\Rohit Rathod\Desktop\JsapProject\JSAPNEW\Models\AuthModels.cs(789,23): warning CS8618: Non-nullable property 'startDate' must contain a non-null value when exiting constructor. Consider adding the 'required' modifier or declaring the property as nullable. [C:\Users\Rohit Rathod\Desktop\JsapProject\JSAPNEW\JSAPNEW.csproj]
C:\Users\Rohit Rathod\Desktop\JsapProject\JSAPNEW\Models\AuthModels.cs(790,23): warning CS8618: Non-nullable property 'endDate' must contain a non-null value when exiting constructor. Consider adding the 'required' modifier or declaring the property as nullable. [C:\Users\Rohit Rathod\Desktop\JsapProject\JSAPNEW\JSAPNEW.csproj]
C:\Users\Rohit Rathod\Desktop\JsapProject\JSAPNEW\Models\AuthModels.cs(756,23): warning CS8618: Non-nullable property 'stageName' must contain a non-null value when exiting constructor. Consider adding the 'required' modifier or declaring the property as nullable. [C:\Users\Rohit Rathod\Desktop\JsapProject\JSAPNEW\JSAPNEW.csproj]
C:\Users\Rohit Rathod\Desktop\JsapProject\JSAPNEW\Models\AuthModels.cs(758,23): warning CS8618: Non-nullable property 'assignedTo' must contain a non-null value when exiting constructor. Consider adding the 'required' modifier or declaring the property as nullable. [C:\Users\Rohit Rathod\Desktop\JsapProject\JSAPNEW\JSAPNEW.csproj]
C:\Users\Rohit Rathod\Desktop\JsapProject\JSAPNEW\Models\AuthModels.cs(759,23): warning CS8618: Non-nullable property 'actionStatus' must contain a non-null value when exiting constructor. Consider adding the 'required' modifier or declaring the property as nullable. [C:\Users\Rohit Rathod\Desktop\JsapProject\JSAPNEW\JSAPNEW.csproj]
C:\Users\Rohit Rathod\Desktop\JsapProject\JSAPNEW\Models\AuthModels.cs(760,23): warning CS8618: Non-nullable property 'actionDate' must contain a non-null value when exiting constructor. Consider adding the 'required' modifier or declaring the property as nullable. [C:\Users\Rohit Rathod\Desktop\JsapProject\JSAPNEW\JSAPNEW.csproj]
C:\Users\Rohit Rathod\Desktop\JsapProject\JSAPNEW\Models\AuthModels.cs(761,23): warning CS8618: Non-nullable property 'description' must contain a non-null value when exiting constructor. Consider adding the 'required' modifier or declaring the property as nullable. [C:\Users\Rohit Rathod\Desktop\JsapProject\JSAPNEW\JSAPNEW.csproj]
C:\Users\Rohit Rathod\Desktop\JsapProject\JSAPNEW\Models\AuthModels.cs(721,23): warning CS8618: Non-nullable property 'LoginUser' must contain a non-null value when exiting constructor. Consider adding the 'required' modifier or declaring the property as nullable. [C:\Users\Rohit Rathod\Desktop\JsapProject\JSAPNEW\JSAPNEW.csproj]
C:\Users\Rohit Rathod\Desktop\JsapProject\JSAPNEW\Models\AuthModels.cs(956,23): warning CS8618: Non-nullable property 'Branch' must contain a non-null value when exiting constructor. Consider adding the 'required' modifier or declaring the property as nullable. [C:\Users\Rohit Rathod\Desktop\JsapProject\JSAPNEW\JSAPNEW.csproj]
C:\Users\Rohit Rathod\Desktop\JsapProject\JSAPNEW\Models\AuthModels.cs(958,23): warning CS8618: Non-nullable property 'RejectorName' must contain a non-null value when exiting constructor. Consider adding the 'required' modifier or declaring the property as nullable. [C:\Users\Rohit Rathod\Desktop\JsapProject\JSAPNEW\JSAPNEW.csproj]
C:\Users\Rohit Rathod\Desktop\JsapProject\JSAPNEW\Models\AuthModels.cs(959,23): warning CS8618: Non-nullable property 'ObjectName' must contain a non-null value when exiting constructor. Consider adding the 'required' modifier or declaring the property as nullable. [C:\Users\Rohit Rathod\Desktop\JsapProject\JSAPNEW\JSAPNEW.csproj]
C:\Users\Rohit Rathod\Desktop\JsapProject\JSAPNEW\Models\AuthModels.cs(960,23): warning CS8618: Non-nullable property 'CardCode' must contain a non-null value when exiting constructor. Consider adding the 'required' modifier or declaring the property as nullable. [C:\Users\Rohit Rathod\Desktop\JsapProject\JSAPNEW\JSAPNEW.csproj]
C:\Users\Rohit Rathod\Desktop\JsapProject\JSAPNEW\Models\AuthModels.cs(961,23): warning CS8618: Non-nullable property 'CardName' must contain a non-null value when exiting constructor. Consider adding the 'required' modifier or declaring the property as nullable. [C:\Users\Rohit Rathod\Desktop\JsapProject\JSAPNEW\JSAPNEW.csproj]
C:\Users\Rohit Rathod\Desktop\JsapProject\JSAPNEW\Models\AuthModels.cs(963,23): warning CS8618: Non-nullable property 'AcctCode' must contain a non-null value when exiting constructor. Consider adding the 'required' modifier or declaring the property as nullable. [C:\Users\Rohit Rathod\Desktop\JsapProject\JSAPNEW\JSAPNEW.csproj]
C:\Users\Rohit Rathod\Desktop\JsapProject\JSAPNEW\Models\AuthModels.cs(964,23): warning CS8618: Non-nullable property 'AcctName' must contain a non-null value when exiting constructor. Consider adding the 'required' modifier or declaring the property as nullable. [C:\Users\Rohit Rathod\Desktop\JsapProject\JSAPNEW\JSAPNEW.csproj]
C:\Users\Rohit Rathod\Desktop\JsapProject\JSAPNEW\Models\AuthModels.cs(967,23): warning CS8618: Non-nullable property 'BUDGET' must contain a non-null value when exiting constructor. Consider adding the 'required' modifier or declaring the property as nullable. [C:\Users\Rohit Rathod\Desktop\JsapProject\JSAPNEW\JSAPNEW.csproj]
C:\Users\Rohit Rathod\Desktop\JsapProject\JSAPNEW\Models\AuthModels.cs(968,23): warning CS8618: Non-nullable property 'SUB_BUDGET' must contain a non-null value when exiting constructor. Consider adding the 'required' modifier or declaring the property as nullable. [C:\Users\Rohit Rathod\Desktop\JsapProject\JSAPNEW\JSAPNEW.csproj]
C:\Users\Rohit Rathod\Desktop\JsapProject\JSAPNEW\Models\AuthModels.cs(969,23): warning CS8618: Non-nullable property 'STATE' must contain a non-null value when exiting constructor. Consider adding the 'required' modifier or declaring the property as nullable. [C:\Users\Rohit Rathod\Desktop\JsapProject\JSAPNEW\JSAPNEW.csproj]
C:\Users\Rohit Rathod\Desktop\JsapProject\JSAPNEW\Models\AuthModels.cs(970,23): warning CS8618: Non-nullable property 'Budget_Owner' must contain a non-null value when exiting constructor. Consider adding the 'required' modifier or declaring the property as nullable. [C:\Users\Rohit Rathod\Desktop\JsapProject\JSAPNEW\JSAPNEW.csproj]
C:\Users\Rohit Rathod\Desktop\JsapProject\JSAPNEW\Models\AuthModels.cs(971,23): warning CS8618: Non-nullable property 'OwnerCode' must contain a non-null value when exiting constructor. Consider adding the 'required' modifier or declaring the property as nullable. [C:\Users\Rohit Rathod\Desktop\JsapProject\JSAPNEW\JSAPNEW.csproj]
C:\Users\Rohit Rathod\Desktop\JsapProject\JSAPNEW\Models\AuthModels.cs(972,23): warning CS8618: Non-nullable property 'OriginalApproverName' must contain a non-null value when exiting constructor. Consider adding the 'required' modifier or declaring the property as nullable. [C:\Users\Rohit Rathod\Desktop\JsapProject\JSAPNEW\JSAPNEW.csproj]
C:\Users\Rohit Rathod\Desktop\JsapProject\JSAPNEW\Models\AuthModels.cs(973,23): warning CS8618: Non-nullable property 'ApprovalCode' must contain a non-null value when exiting constructor. Consider adding the 'required' modifier or declaring the property as nullable. [C:\Users\Rohit Rathod\Desktop\JsapProject\JSAPNEW\JSAPNEW.csproj]
C:\Users\Rohit Rathod\Desktop\JsapProject\JSAPNEW\Models\AuthModels.cs(978,23): warning CS8618: Non-nullable property 'RejectionStatus' must contain a non-null value when exiting constructor. Consider adding the 'required' modifier or declaring the property as nullable. [C:\Users\Rohit Rathod\Desktop\JsapProject\JSAPNEW\JSAPNEW.csproj]
C:\Users\Rohit Rathod\Desktop\JsapProject\JSAPNEW\Models\AuthModels.cs(979,23): warning CS8618: Non-nullable property 'RejectionStatusText' must contain a non-null value when exiting constructor. Consider adding the 'required' modifier or declaring the property as nullable. [C:\Users\Rohit Rathod\Desktop\JsapProject\JSAPNEW\JSAPNEW.csproj]
C:\Users\Rohit Rathod\Desktop\JsapProject\JSAPNEW\Models\AuthModels.cs(981,23): warning CS8618: Non-nullable property 'RejectionReason' must contain a non-null value when exiting constructor. Consider adding the 'required' modifier or declaring the property as nullable. [C:\Users\Rohit Rathod\Desktop\JsapProject\JSAPNEW\JSAPNEW.csproj]
C:\Users\Rohit Rathod\Desktop\JsapProject\JSAPNEW\Models\AuthModels.cs(982,23): warning CS8618: Non-nullable property 'LineRemarks' must contain a non-null value when exiting constructor. Consider adding the 'required' modifier or declaring the property as nullable. [C:\Users\Rohit Rathod\Desktop\JsapProject\JSAPNEW\JSAPNEW.csproj]
C:\Users\Rohit Rathod\Desktop\JsapProject\JSAPNEW\Models\AuthModels.cs(983,23): warning CS8618: Non-nullable property 'Comments' must contain a non-null value when exiting constructor. Consider adding the 'required' modifier or declaring the property as nullable. [C:\Users\Rohit Rathod\Desktop\JsapProject\JSAPNEW\JSAPNEW.csproj]
C:\Users\Rohit Rathod\Desktop\JsapProject\JSAPNEW\Models\AuthModels.cs(984,23): warning CS8618: Non-nullable property 'ApproverComment' must contain a non-null value when exiting constructor. Consider adding the 'required' modifier or declaring the property as nullable. [C:\Users\Rohit Rathod\Desktop\JsapProject\JSAPNEW\JSAPNEW.csproj]
C:\Users\Rohit Rathod\Desktop\JsapProject\JSAPNEW\Models\AuthModels.cs(985,23): warning CS8618: Non-nullable property 'VerifierComment' must contain a non-null value when exiting constructor. Consider adding the 'required' modifier or declaring the property as nullable. [C:\Users\Rohit Rathod\Desktop\JsapProject\JSAPNEW\JSAPNEW.csproj]
C:\Users\Rohit Rathod\Desktop\JsapProject\JSAPNEW\Models\AuthModels.cs(986,23): warning CS8618: Non-nullable property 'VerifiedStatus' must contain a non-null value when exiting constructor. Consider adding the 'required' modifier or declaring the property as nullable. [C:\Users\Rohit Rathod\Desktop\JsapProject\JSAPNEW\JSAPNEW.csproj]
C:\Users\Rohit Rathod\Desktop\JsapProject\JSAPNEW\Models\AuthModels.cs(987,23): warning CS8618: Non-nullable property 'ApprovedStatus' must contain a non-null value when exiting constructor. Consider adding the 'required' modifier or declaring the property as nullable. [C:\Users\Rohit Rathod\Desktop\JsapProject\JSAPNEW\JSAPNEW.csproj]
C:\Users\Rohit Rathod\Desktop\JsapProject\JSAPNEW\Models\AuthModels.cs(725,23): warning CS8618: Non-nullable property 'Branch' must contain a non-null value when exiting constructor. Consider adding the 'required' modifier or declaring the property as nullable. [C:\Users\Rohit Rathod\Desktop\JsapProject\JSAPNEW\JSAPNEW.csproj]
C:\Users\Rohit Rathod\Desktop\JsapProject\JSAPNEW\Models\AuthModels.cs(727,23): warning CS8618: Non-nullable property 'ObjectName' must contain a non-null value when exiting constructor. Consider adding the 'required' modifier or declaring the property as nullable. [C:\Users\Rohit Rathod\Desktop\JsapProject\JSAPNEW\JSAPNEW.csproj]
C:\Users\Rohit Rathod\Desktop\JsapProject\JSAPNEW\Models\AuthModels.cs(729,23): warning CS8618: Non-nullable property 'trgtPath' must contain a non-null value when exiting constructor. Consider adding the 'required' modifier or declaring the property as nullable. [C:\Users\Rohit Rathod\Desktop\JsapProject\JSAPNEW\JSAPNEW.csproj]
C:\Users\Rohit Rathod\Desktop\JsapProject\JSAPNEW\Models\AuthModels.cs(730,23): warning CS8618: Non-nullable property 'FileName' must contain a non-null value when exiting constructor. Consider adding the 'required' modifier or declaring the property as nullable. [C:\Users\Rohit Rathod\Desktop\JsapProject\JSAPNEW\JSAPNEW.csproj]
C:\Users\Rohit Rathod\Desktop\JsapProject\JSAPNEW\Models\AuthModels.cs(731,23): warning CS8618: Non-nullable property 'FileExt' must contain a non-null value when exiting constructor. Consider adding the 'required' modifier or declaring the property as nullable. [C:\Users\Rohit Rathod\Desktop\JsapProject\JSAPNEW\JSAPNEW.csproj]
C:\Users\Rohit Rathod\Desktop\JsapProject\JSAPNEW\Models\AuthModels.cs(732,23): warning CS8618: Non-nullable property 'AtcEntry' must contain a non-null value when exiting constructor. Consider adding the 'required' modifier or declaring the property as nullable. [C:\Users\Rohit Rathod\Desktop\JsapProject\JSAPNEW\JSAPNEW.csproj]
C:\Users\Rohit Rathod\Desktop\JsapProject\JSAPNEW\Models\AuthModels.cs(733,23): warning CS8618: Non-nullable property 'DownloadUrl' must contain a non-null value when exiting constructor. Consider adding the 'required' modifier or declaring the property as nullable. [C:\Users\Rohit Rathod\Desktop\JsapProject\JSAPNEW\JSAPNEW.csproj]
C:\Users\Rohit Rathod\Desktop\JsapProject\JSAPNEW\Models\BomModels.cs(138,23): warning CS8618: Non-nullable property 'status' must contain a non-null value when exiting constructor. Consider adding the 'required' modifier or declaring the property as nullable. [C:\Users\Rohit Rathod\Desktop\JsapProject\JSAPNEW\JSAPNEW.csproj]
C:\Users\Rohit Rathod\Desktop\JsapProject\JSAPNEW\Models\BomModels.cs(139,23): warning CS8618: Non-nullable property 'createdOn' must contain a non-null value when exiting constructor. Consider adding the 'required' modifier or declaring the property as nullable. [C:\Users\Rohit Rathod\Desktop\JsapProject\JSAPNEW\JSAPNEW.csproj]
C:\Users\Rohit Rathod\Desktop\JsapProject\JSAPNEW\Models\BomModels.cs(141,23): warning CS8618: Non-nullable property 'parentCode' must contain a non-null value when exiting constructor. Consider adding the 'required' modifier or declaring the property as nullable. [C:\Users\Rohit Rathod\Desktop\JsapProject\JSAPNEW\JSAPNEW.csproj]
C:\Users\Rohit Rathod\Desktop\JsapProject\JSAPNEW\Models\BomModels.cs(142,23): warning CS8618: Non-nullable property 'type' must contain a non-null value when exiting constructor. Consider adding the 'required' modifier or declaring the property as nullable. [C:\Users\Rohit Rathod\Desktop\JsapProject\JSAPNEW\JSAPNEW.csproj]
C:\Users\Rohit Rathod\Desktop\JsapProject\JSAPNEW\Models\BomModels.cs(146,23): warning CS8618: Non-nullable property 'createdBy' must contain a non-null value when exiting constructor. Consider adding the 'required' modifier or declaring the property as nullable. [C:\Users\Rohit Rathod\Desktop\JsapProject\JSAPNEW\JSAPNEW.csproj]
C:\Users\Rohit Rathod\Desktop\JsapProject\JSAPNEW\Models\BomModels.cs(147,23): warning CS8618: Non-nullable property 'updatedBy' must contain a non-null value when exiting constructor. Consider adding the 'required' modifier or declaring the property as nullable. [C:\Users\Rohit Rathod\Desktop\JsapProject\JSAPNEW\JSAPNEW.csproj]
C:\Users\Rohit Rathod\Desktop\JsapProject\JSAPNEW\Models\BomModels.cs(148,23): warning CS8618: Non-nullable property 'createdDate' must contain a non-null value when exiting constructor. Consider adding the 'required' modifier or declaring the property as nullable. [C:\Users\Rohit Rathod\Desktop\JsapProject\JSAPNEW\JSAPNEW.csproj]
C:\Users\Rohit Rathod\Desktop\JsapProject\JSAPNEW\Models\BomModels.cs(149,23): warning CS8618: Non-nullable property 'updatedDate' must contain a non-null value when exiting constructor. Consider adding the 'required' modifier or declaring the property as nullable. [C:\Users\Rohit Rathod\Desktop\JsapProject\JSAPNEW\JSAPNEW.csproj]
C:\Users\Rohit Rathod\Desktop\JsapProject\JSAPNEW\Models\BomModels.cs(150,23): warning CS8618: Non-nullable property 'itemGroup' must contain a non-null value when exiting constructor. Consider adding the 'required' modifier or declaring the property as nullable. [C:\Users\Rohit Rathod\Desktop\JsapProject\JSAPNEW\JSAPNEW.csproj]
C:\Users\Rohit Rathod\Desktop\JsapProject\JSAPNEW\Models\BomModels.cs(152,23): warning CS8618: Non-nullable property 'itemName' must contain a non-null value when exiting constructor. Consider adding the 'required' modifier or declaring the property as nullable. [C:\Users\Rohit Rathod\Desktop\JsapProject\JSAPNEW\JSAPNEW.csproj]
C:\Users\Rohit Rathod\Desktop\JsapProject\JSAPNEW\Models\BomModels.cs(153,23): warning CS8618: Non-nullable property 'uom' must contain a non-null value when exiting constructor. Consider adding the 'required' modifier or declaring the property as nullable. [C:\Users\Rohit Rathod\Desktop\JsapProject\JSAPNEW\JSAPNEW.csproj]
C:\Users\Rohit Rathod\Desktop\JsapProject\JSAPNEW\Models\BomModels.cs(154,23): warning CS8618: Non-nullable property 'itemType' must contain a non-null value when exiting constructor. Consider adding the 'required' modifier or declaring the property as nullable. [C:\Users\Rohit Rathod\Desktop\JsapProject\JSAPNEW\JSAPNEW.csproj]
C:\Users\Rohit Rathod\Desktop\JsapProject\JSAPNEW\Models\BomModels.cs(155,23): warning CS8618: Non-nullable property 'createdByName' must contain a non-null value when exiting constructor. Consider adding the 'required' modifier or declaring the property as nullable. [C:\Users\Rohit Rathod\Desktop\JsapProject\JSAPNEW\JSAPNEW.csproj]
C:\Users\Rohit Rathod\Desktop\JsapProject\JSAPNEW\Models\BomModels.cs(156,23): warning CS8618: Non-nullable property 'flag' must contain a non-null value when exiting constructor. Consider adding the 'required' modifier or declaring the property as nullable. [C:\Users\Rohit Rathod\Desktop\JsapProject\JSAPNEW\JSAPNEW.csproj]
C:\Users\Rohit Rathod\Desktop\JsapProject\JSAPNEW\Models\BomModels.cs(157,23): warning CS8618: Non-nullable property 'APIRESPONSE' must contain a non-null value when exiting constructor. Consider adding the 'required' modifier or declaring the property as nullable. [C:\Users\Rohit Rathod\Desktop\JsapProject\JSAPNEW\JSAPNEW.csproj]
C:\Users\Rohit Rathod\Desktop\JsapProject\JSAPNEW\Models\BomModels.cs(158,23): warning CS8618: Non-nullable property 'tag' must contain a non-null value when exiting constructor. Consider adding the 'required' modifier or declaring the property as nullable. [C:\Users\Rohit Rathod\Desktop\JsapProject\JSAPNEW\JSAPNEW.csproj]
C:\Users\Rohit Rathod\Desktop\JsapProject\JSAPNEW\Models\BomModels.cs(40,23): warning CS8618: Non-nullable property 'resCode' must contain a non-null value when exiting constructor. Consider adding the 'required' modifier or declaring the property as nullable. [C:\Users\Rohit Rathod\Desktop\JsapProject\JSAPNEW\JSAPNEW.csproj]
C:\Users\Rohit Rathod\Desktop\JsapProject\JSAPNEW\Models\BomModels.cs(41,23): warning CS8618: Non-nullable property 'resName' must contain a non-null value when exiting constructor. Consider adding the 'required' modifier or declaring the property as nullable. [C:\Users\Rohit Rathod\Desktop\JsapProject\JSAPNEW\JSAPNEW.csproj]
C:\Users\Rohit Rathod\Desktop\JsapProject\JSAPNEW\Models\BillVerificationModels.cs(182,23): warning CS8618: Non-nullable property 'UploadedBy' must contain a non-null value when exiting constructor. Consider adding the 'required' modifier or declaring the property as nullable. [C:\Users\Rohit Rathod\Desktop\JsapProject\JSAPNEW\JSAPNEW.csproj]
C:\Users\Rohit Rathod\Desktop\JsapProject\JSAPNEW\Models\AuthModels.cs(832,23): warning CS8618: Non-nullable property 'company' must contain a non-null value when exiting constructor. Consider adding the 'required' modifier or declaring the property as nullable. [C:\Users\Rohit Rathod\Desktop\JsapProject\JSAPNEW\JSAPNEW.csproj]
C:\Users\Rohit Rathod\Desktop\JsapProject\JSAPNEW\Models\AuthModels.cs(834,23): warning CS8618: Non-nullable property 'ObjectName' must contain a non-null value when exiting constructor. Consider adding the 'required' modifier or declaring the property as nullable. [C:\Users\Rohit Rathod\Desktop\JsapProject\JSAPNEW\JSAPNEW.csproj]
C:\Users\Rohit Rathod\Desktop\JsapProject\JSAPNEW\Models\AuthModels.cs(835,23): warning CS8618: Non-nullable property 'CardCode' must contain a non-null value when exiting constructor. Consider adding the 'required' modifier or declaring the property as nullable. [C:\Users\Rohit Rathod\Desktop\JsapProject\JSAPNEW\JSAPNEW.csproj]
C:\Users\Rohit Rathod\Desktop\JsapProject\JSAPNEW\Models\AuthModels.cs(836,23): warning CS8618: Non-nullable property 'CardName' must contain a non-null value when exiting constructor. Consider adding the 'required' modifier or declaring the property as nullable. [C:\Users\Rohit Rathod\Desktop\JsapProject\JSAPNEW\JSAPNEW.csproj]
C:\Users\Rohit Rathod\Desktop\JsapProject\JSAPNEW\Models\AuthModels.cs(837,23): warning CS8618: Non-nullable property 'DocDate' must contain a non-null value when exiting constructor. Consider adding the 'required' modifier or declaring the property as nullable. [C:\Users\Rohit Rathod\Desktop\JsapProject\JSAPNEW\JSAPNEW.csproj]
C:\Users\Rohit Rathod\Desktop\JsapProject\JSAPNEW\Models\AuthModels.cs(838,23): warning CS8618: Non-nullable property 'TotalAmount' must contain a non-null value when exiting constructor. Consider adding the 'required' modifier or declaring the property as nullable. [C:\Users\Rohit Rathod\Desktop\JsapProject\JSAPNEW\JSAPNEW.csproj]
C:\Users\Rohit Rathod\Desktop\JsapProject\JSAPNEW\Models\AuthModels.cs(839,23): warning CS8618: Non-nullable property 'CURRENTMONTH' must contain a non-null value when exiting constructor. Consider adding the 'required' modifier or declaring the property as nullable. [C:\Users\Rohit Rathod\Desktop\JsapProject\JSAPNEW\JSAPNEW.csproj]
C:\Users\Rohit Rathod\Desktop\JsapProject\JSAPNEW\Models\AuthModels.cs(920,23): warning CS8618: Non-nullable property 'ObjectType' must contain a non-null value when exiting constructor. Consider adding the 'required' modifier or declaring the property as nullable. [C:\Users\Rohit Rathod\Desktop\JsapProject\JSAPNEW\JSAPNEW.csproj]
C:\Users\Rohit Rathod\Desktop\JsapProject\JSAPNEW\Models\AuthModels.cs(921,23): warning CS8618: Non-nullable property 'Branch' must contain a non-null value when exiting constructor. Consider adding the 'required' modifier or declaring the property as nullable. [C:\Users\Rohit Rathod\Desktop\JsapProject\JSAPNEW\JSAPNEW.csproj]
C:\Users\Rohit Rathod\Desktop\JsapProject\JSAPNEW\Models\AuthModels.cs(923,23): warning CS8618: Non-nullable property 'AssignedToUser' must contain a non-null value when exiting constructor. Consider adding the 'required' modifier or declaring the property as nullable. [C:\Users\Rohit Rathod\Desktop\JsapProject\JSAPNEW\JSAPNEW.csproj]
C:\Users\Rohit Rathod\Desktop\JsapProject\JSAPNEW\Models\AuthModels.cs(924,23): warning CS8618: Non-nullable property 'ObjectName' must contain a non-null value when exiting constructor. Consider adding the 'required' modifier or declaring the property as nullable. [C:\Users\Rohit Rathod\Desktop\JsapProject\JSAPNEW\JSAPNEW.csproj]
C:\Users\Rohit Rathod\Desktop\JsapProject\JSAPNEW\Models\AuthModels.cs(925,23): warning CS8618: Non-nullable property 'CardCode' must contain a non-null value when exiting constructor. Consider adding the 'required' modifier or declaring the property as nullable. [C:\Users\Rohit Rathod\Desktop\JsapProject\JSAPNEW\JSAPNEW.csproj]
C:\Users\Rohit Rathod\Desktop\JsapProject\JSAPNEW\Models\AuthModels.cs(926,23): warning CS8618: Non-nullable property 'CardName' must contain a non-null value when exiting constructor. Consider adding the 'required' modifier or declaring the property as nullable. [C:\Users\Rohit Rathod\Desktop\JsapProject\JSAPNEW\JSAPNEW.csproj]
C:\Users\Rohit Rathod\Desktop\JsapProject\JSAPNEW\Models\AuthModels.cs(928,23): warning CS8618: Non-nullable property 'AcctCode' must contain a non-null value when exiting constructor. Consider adding the 'required' modifier or declaring the property as nullable. [C:\Users\Rohit Rathod\Desktop\JsapProject\JSAPNEW\JSAPNEW.csproj]
C:\Users\Rohit Rathod\Desktop\JsapProject\JSAPNEW\Models\AuthModels.cs(929,23): warning CS8618: Non-nullable property 'AcctName' must contain a non-null value when exiting constructor. Consider adding the 'required' modifier or declaring the property as nullable. [C:\Users\Rohit Rathod\Desktop\JsapProject\JSAPNEW\JSAPNEW.csproj]
C:\Users\Rohit Rathod\Desktop\JsapProject\JSAPNEW\Models\AuthModels.cs(932,23): warning CS8618: Non-nullable property 'BUDGET' must contain a non-null value when exiting constructor. Consider adding the 'required' modifier or declaring the property as nullable. [C:\Users\Rohit Rathod\Desktop\JsapProject\JSAPNEW\JSAPNEW.csproj]
C:\Users\Rohit Rathod\Desktop\JsapProject\JSAPNEW\Models\AuthModels.cs(933,23): warning CS8618: Non-nullable property 'SUB_BUDGET' must contain a non-null value when exiting constructor. Consider adding the 'required' modifier or declaring the property as nullable. [C:\Users\Rohit Rathod\Desktop\JsapProject\JSAPNEW\JSAPNEW.csproj]
C:\Users\Rohit Rathod\Desktop\JsapProject\JSAPNEW\Models\AuthModels.cs(934,23): warning CS8618: Non-nullable property 'STATE' must contain a non-null value when exiting constructor. Consider adding the 'required' modifier or declaring the property as nullable. [C:\Users\Rohit Rathod\Desktop\JsapProject\JSAPNEW\JSAPNEW.csproj]
C:\Users\Rohit Rathod\Desktop\JsapProject\JSAPNEW\Models\AuthModels.cs(935,23): warning CS8618: Non-nullable property 'Budget_Owner' must contain a non-null value when exiting constructor. Consider adding the 'required' modifier or declaring the property as nullable. [C:\Users\Rohit Rathod\Desktop\JsapProject\JSAPNEW\JSAPNEW.csproj]
C:\Users\Rohit Rathod\Desktop\JsapProject\JSAPNEW\Models\AuthModels.cs(936,23): warning CS8618: Non-nullable property 'OwnerCode' must contain a non-null value when exiting constructor. Consider adding the 'required' modifier or declaring the property as nullable. [C:\Users\Rohit Rathod\Desktop\JsapProject\JSAPNEW\JSAPNEW.csproj]
C:\Users\Rohit Rathod\Desktop\JsapProject\JSAPNEW\Models\AuthModels.cs(937,23): warning CS8618: Non-nullable property 'ApproverName' must contain a non-null value when exiting constructor. Consider adding the 'required' modifier or declaring the property as nullable. [C:\Users\Rohit Rathod\Desktop\JsapProject\JSAPNEW\JSAPNEW.csproj]
C:\Users\Rohit Rathod\Desktop\JsapProject\JSAPNEW\Models\AuthModels.cs(938,23): warning CS8618: Non-nullable property 'ApprovalCode' must contain a non-null value when exiting constructor. Consider adding the 'required' modifier or declaring the property as nullable. [C:\Users\Rohit Rathod\Desktop\JsapProject\JSAPNEW\JSAPNEW.csproj]
C:\Users\Rohit Rathod\Desktop\JsapProject\JSAPNEW\Models\AuthModels.cs(942,23): warning CS8618: Non-nullable property 'LineRemarks' must contain a non-null value when exiting constructor. Consider adding the 'required' modifier or declaring the property as nullable. [C:\Users\Rohit Rathod\Desktop\JsapProject\JSAPNEW\JSAPNEW.csproj]
C:\Users\Rohit Rathod\Desktop\JsapProject\JSAPNEW\Models\AuthModels.cs(943,23): warning CS8618: Non-nullable property 'Comments' must contain a non-null value when exiting constructor. Consider adding the 'required' modifier or declaring the property as nullable. [C:\Users\Rohit Rathod\Desktop\JsapProject\JSAPNEW\JSAPNEW.csproj]
C:\Users\Rohit Rathod\Desktop\JsapProject\JSAPNEW\Models\AuthModels.cs(944,23): warning CS8618: Non-nullable property 'ApproverComment' must contain a non-null value when exiting constructor. Consider adding the 'required' modifier or declaring the property as nullable. [C:\Users\Rohit Rathod\Desktop\JsapProject\JSAPNEW\JSAPNEW.csproj]
C:\Users\Rohit Rathod\Desktop\JsapProject\JSAPNEW\Models\AuthModels.cs(945,23): warning CS8618: Non-nullable property 'VerifierComment' must contain a non-null value when exiting constructor. Consider adding the 'required' modifier or declaring the property as nullable. [C:\Users\Rohit Rathod\Desktop\JsapProject\JSAPNEW\JSAPNEW.csproj]
C:\Users\Rohit Rathod\Desktop\JsapProject\JSAPNEW\Models\AuthModels.cs(946,23): warning CS8618: Non-nullable property 'VerifiedStatus' must contain a non-null value when exiting constructor. Consider adding the 'required' modifier or declaring the property as nullable. [C:\Users\Rohit Rathod\Desktop\JsapProject\JSAPNEW\JSAPNEW.csproj]
C:\Users\Rohit Rathod\Desktop\JsapProject\JSAPNEW\Models\AuthModels.cs(947,23): warning CS8618: Non-nullable property 'ApprovedStatus' must contain a non-null value when exiting constructor. Consider adding the 'required' modifier or declaring the property as nullable. [C:\Users\Rohit Rathod\Desktop\JsapProject\JSAPNEW\JSAPNEW.csproj]
C:\Users\Rohit Rathod\Desktop\JsapProject\JSAPNEW\Models\AuthModels.cs(948,23): warning CS8618: Non-nullable property 'CURRENTMONTH' must contain a non-null value when exiting constructor. Consider adding the 'required' modifier or declaring the property as nullable. [C:\Users\Rohit Rathod\Desktop\JsapProject\JSAPNEW\JSAPNEW.csproj]
C:\Users\Rohit Rathod\Desktop\JsapProject\JSAPNEW\Models\AuthModels.cs(643,23): warning CS8618: Non-nullable property 'CurrentStatus' must contain a non-null value when exiting constructor. Consider adding the 'required' modifier or declaring the property as nullable. [C:\Users\Rohit Rathod\Desktop\JsapProject\JSAPNEW\JSAPNEW.csproj]
C:\Users\Rohit Rathod\Desktop\JsapProject\JSAPNEW\Models\AuthModels.cs(772,23): warning CS8618: Non-nullable property 'stages' must contain a non-null value when exiting constructor. Consider adding the 'required' modifier or declaring the property as nullable. [C:\Users\Rohit Rathod\Desktop\JsapProject\JSAPNEW\JSAPNEW.csproj]
C:\Users\Rohit Rathod\Desktop\JsapProject\JSAPNEW\Models\AuthModels.cs(774,23): warning CS8618: Non-nullable property 'startDate' must contain a non-null value when exiting constructor. Consider adding the 'required' modifier or declaring the property as nullable. [C:\Users\Rohit Rathod\Desktop\JsapProject\JSAPNEW\JSAPNEW.csproj]
C:\Users\Rohit Rathod\Desktop\JsapProject\JSAPNEW\Models\AuthModels.cs(776,23): warning CS8618: Non-nullable property 'endDate' must contain a non-null value when exiting constructor. Consider adding the 'required' modifier or declaring the property as nullable. [C:\Users\Rohit Rathod\Desktop\JsapProject\JSAPNEW\JSAPNEW.csproj]
C:\Users\Rohit Rathod\Desktop\JsapProject\JSAPNEW\Models\AuthModels.cs(628,23): warning CS8618: Non-nullable property 'budget' must contain a non-null value when exiting constructor. Consider adding the 'required' modifier or declaring the property as nullable. [C:\Users\Rohit Rathod\Desktop\JsapProject\JSAPNEW\JSAPNEW.csproj]
C:\Users\Rohit Rathod\Desktop\JsapProject\JSAPNEW\Models\AuthModels.cs(629,23): warning CS8618: Non-nullable property 'totalAmount' must contain a non-null value when exiting constructor. Consider adding the 'required' modifier or declaring the property as nullable. [C:\Users\Rohit Rathod\Desktop\JsapProject\JSAPNEW\JSAPNEW.csproj]
C:\Users\Rohit Rathod\Desktop\JsapProject\JSAPNEW\Models\AuthModels.cs(630,23): warning CS8618: Non-nullable property 'usedAmount' must contain a non-null value when exiting constructor. Consider adding the 'required' modifier or declaring the property as nullable. [C:\Users\Rohit Rathod\Desktop\JsapProject\JSAPNEW\JSAPNEW.csproj]
C:\Users\Rohit Rathod\Desktop\JsapProject\JSAPNEW\Models\AuthModels.cs(631,23): warning CS8618: Non-nullable property 'rejectedAmount' must contain a non-null value when exiting constructor. Consider adding the 'required' modifier or declaring the property as nullable. [C:\Users\Rohit Rathod\Desktop\JsapProject\JSAPNEW\JSAPNEW.csproj]
C:\Users\Rohit Rathod\Desktop\JsapProject\JSAPNEW\Models\AuthModels.cs(632,23): warning CS8618: Non-nullable property 'remaining' must contain a non-null value when exiting constructor. Consider adding the 'required' modifier or declaring the property as nullable. [C:\Users\Rohit Rathod\Desktop\JsapProject\JSAPNEW\JSAPNEW.csproj]
C:\Users\Rohit Rathod\Desktop\JsapProject\JSAPNEW\Models\AuthModels.cs(633,23): warning CS8618: Non-nullable property 'usagePercent' must contain a non-null value when exiting constructor. Consider adding the 'required' modifier or declaring the property as nullable. [C:\Users\Rohit Rathod\Desktop\JsapProject\JSAPNEW\JSAPNEW.csproj]
C:\Users\Rohit Rathod\Desktop\JsapProject\JSAPNEW\Models\BomModels.cs(85,23): warning CS8618: Non-nullable property 'parentCode' must contain a non-null value when exiting constructor. Consider adding the 'required' modifier or declaring the property as nullable. [C:\Users\Rohit Rathod\Desktop\JsapProject\JSAPNEW\JSAPNEW.csproj]
C:\Users\Rohit Rathod\Desktop\JsapProject\JSAPNEW\Models\BomModels.cs(86,23): warning CS8618: Non-nullable property 'type' must contain a non-null value when exiting constructor. Consider adding the 'required' modifier or declaring the property as nullable. [C:\Users\Rohit Rathod\Desktop\JsapProject\JSAPNEW\JSAPNEW.csproj]
C:\Users\Rohit Rathod\Desktop\JsapProject\JSAPNEW\Models\BomModels.cs(92,23): warning CS8618: Non-nullable property 'createdDate' must contain a non-null value when exiting constructor. Consider adding the 'required' modifier or declaring the property as nullable. [C:\Users\Rohit Rathod\Desktop\JsapProject\JSAPNEW\JSAPNEW.csproj]
C:\Users\Rohit Rathod\Desktop\JsapProject\JSAPNEW\Models\BomModels.cs(93,23): warning CS8618: Non-nullable property 'updatedDate' must contain a non-null value when exiting constructor. Consider adding the 'required' modifier or declaring the property as nullable. [C:\Users\Rohit Rathod\Desktop\JsapProject\JSAPNEW\JSAPNEW.csproj]
C:\Users\Rohit Rathod\Desktop\JsapProject\JSAPNEW\Models\BomModels.cs(94,23): warning CS8618: Non-nullable property 'wareHouse' must contain a non-null value when exiting constructor. Consider adding the 'required' modifier or declaring the property as nullable. [C:\Users\Rohit Rathod\Desktop\JsapProject\JSAPNEW\JSAPNEW.csproj]
C:\Users\Rohit Rathod\Desktop\JsapProject\JSAPNEW\Models\BomModels.cs(95,23): warning CS8618: Non-nullable property 'itemGroup' must contain a non-null value when exiting constructor. Consider adding the 'required' modifier or declaring the property as nullable. [C:\Users\Rohit Rathod\Desktop\JsapProject\JSAPNEW\JSAPNEW.csproj]
C:\Users\Rohit Rathod\Desktop\JsapProject\JSAPNEW\Models\BomModels.cs(97,23): warning CS8618: Non-nullable property 'itemName' must contain a non-null value when exiting constructor. Consider adding the 'required' modifier or declaring the property as nullable. [C:\Users\Rohit Rathod\Desktop\JsapProject\JSAPNEW\JSAPNEW.csproj]
C:\Users\Rohit Rathod\Desktop\JsapProject\JSAPNEW\Models\BomModels.cs(98,23): warning CS8618: Non-nullable property 'uom' must contain a non-null value when exiting constructor. Consider adding the 'required' modifier or declaring the property as nullable. [C:\Users\Rohit Rathod\Desktop\JsapProject\JSAPNEW\JSAPNEW.csproj]
C:\Users\Rohit Rathod\Desktop\JsapProject\JSAPNEW\Models\BomModels.cs(99,23): warning CS8618: Non-nullable property 'itemType' must contain a non-null value when exiting constructor. Consider adding the 'required' modifier or declaring the property as nullable. [C:\Users\Rohit Rathod\Desktop\JsapProject\JSAPNEW\JSAPNEW.csproj]
C:\Users\Rohit Rathod\Desktop\JsapProject\JSAPNEW\Models\BomModels.cs(100,23): warning CS8618: Non-nullable property 'createdByName' must contain a non-null value when exiting constructor. Consider adding the 'required' modifier or declaring the property as nullable. [C:\Users\Rohit Rathod\Desktop\JsapProject\JSAPNEW\JSAPNEW.csproj]
C:\Users\Rohit Rathod\Desktop\JsapProject\JSAPNEW\Models\BomModels.cs(101,23): warning CS8618: Non-nullable property 'flag' must contain a non-null value when exiting constructor. Consider adding the 'required' modifier or declaring the property as nullable. [C:\Users\Rohit Rathod\Desktop\JsapProject\JSAPNEW\JSAPNEW.csproj]
C:\Users\Rohit Rathod\Desktop\JsapProject\JSAPNEW\Models\BomModels.cs(102,23): warning CS8618: Non-nullable property 'Action' must contain a non-null value when exiting constructor. Consider adding the 'required' modifier or declaring the property as nullable. [C:\Users\Rohit Rathod\Desktop\JsapProject\JSAPNEW\JSAPNEW.csproj]
C:\Users\Rohit Rathod\Desktop\JsapProject\JSAPNEW\Models\AuthModels.cs(588,23): warning CS8618: Non-nullable property 'docIds' must contain a non-null value when exiting constructor. Consider adding the 'required' modifier or declaring the property as nullable. [C:\Users\Rohit Rathod\Desktop\JsapProject\JSAPNEW\JSAPNEW.csproj]
C:\Users\Rohit Rathod\Desktop\JsapProject\JSAPNEW\Models\BillVerificationModels.cs(9,23): warning CS8618: Non-nullable property 'AccountName' must contain a non-null value when exiting constructor. Consider adding the 'required' modifier or declaring the property as nullable. [C:\Users\Rohit Rathod\Desktop\JsapProject\JSAPNEW\JSAPNEW.csproj]
C:\Users\Rohit Rathod\Desktop\JsapProject\JSAPNEW\Models\BillVerificationModels.cs(10,23): warning CS8618: Non-nullable property 'VchNumber' must contain a non-null value when exiting constructor. Consider adding the 'required' modifier or declaring the property as nullable. [C:\Users\Rohit Rathod\Desktop\JsapProject\JSAPNEW\JSAPNEW.csproj]
C:\Users\Rohit Rathod\Desktop\JsapProject\JSAPNEW\Models\BillVerificationModels.cs(11,23): warning CS8618: Non-nullable property 'VoucherDate' must contain a non-null value when exiting constructor. Consider adding the 'required' modifier or declaring the property as nullable. [C:\Users\Rohit Rathod\Desktop\JsapProject\JSAPNEW\JSAPNEW.csproj]
C:\Users\Rohit Rathod\Desktop\JsapProject\JSAPNEW\Models\BillVerificationModels.cs(12,23): warning CS8618: Non-nullable property 'BillAmount' must contain a non-null value when exiting constructor. Consider adding the 'required' modifier or declaring the property as nullable. [C:\Users\Rohit Rathod\Desktop\JsapProject\JSAPNEW\JSAPNEW.csproj]
C:\Users\Rohit Rathod\Desktop\JsapProject\JSAPNEW\Models\BillVerificationModels.cs(13,23): warning CS8618: Non-nullable property 'SupplierRef' must contain a non-null value when exiting constructor. Consider adding the 'required' modifier or declaring the property as nullable. [C:\Users\Rohit Rathod\Desktop\JsapProject\JSAPNEW\JSAPNEW.csproj]
C:\Users\Rohit Rathod\Desktop\JsapProject\JSAPNEW\Models\BillVerificationModels.cs(14,23): warning CS8618: Non-nullable property 'SupplierRefDate' must contain a non-null value when exiting constructor. Consider adding the 'required' modifier or declaring the property as nullable. [C:\Users\Rohit Rathod\Desktop\JsapProject\JSAPNEW\JSAPNEW.csproj]
C:\Users\Rohit Rathod\Desktop\JsapProject\JSAPNEW\Models\BillVerificationModels.cs(15,23): warning CS8618: Non-nullable property 'DueDate' must contain a non-null value when exiting constructor. Consider adding the 'required' modifier or declaring the property as nullable. [C:\Users\Rohit Rathod\Desktop\JsapProject\JSAPNEW\JSAPNEW.csproj]
C:\Users\Rohit Rathod\Desktop\JsapProject\JSAPNEW\Models\BillVerificationModels.cs(16,23): warning CS8618: Non-nullable property 'PaymentDate' must contain a non-null value when exiting constructor. Consider adding the 'required' modifier or declaring the property as nullable. [C:\Users\Rohit Rathod\Desktop\JsapProject\JSAPNEW\JSAPNEW.csproj]
C:\Users\Rohit Rathod\Desktop\JsapProject\JSAPNEW\Models\BillVerificationModels.cs(17,23): warning CS8618: Non-nullable property 'AttachmentPath' must contain a non-null value when exiting constructor. Consider adding the 'required' modifier or declaring the property as nullable. [C:\Users\Rohit Rathod\Desktop\JsapProject\JSAPNEW\JSAPNEW.csproj]
C:\Users\Rohit Rathod\Desktop\JsapProject\JSAPNEW\Models\BillVerificationModels.cs(18,23): warning CS8618: Non-nullable property 'Attachment' must contain a non-null value when exiting constructor. Consider adding the 'required' modifier or declaring the property as nullable. [C:\Users\Rohit Rathod\Desktop\JsapProject\JSAPNEW\JSAPNEW.csproj]
C:\Users\Rohit Rathod\Desktop\JsapProject\JSAPNEW\Models\BillVerificationModels.cs(19,23): warning CS8618: Non-nullable property 'MakerRemark' must contain a non-null value when exiting constructor. Consider adding the 'required' modifier or declaring the property as nullable. [C:\Users\Rohit Rathod\Desktop\JsapProject\JSAPNEW\JSAPNEW.csproj]
C:\Users\Rohit Rathod\Desktop\JsapProject\JSAPNEW\Models\BillVerificationModels.cs(20,23): warning CS8618: Non-nullable property 'CheckerRemark' must contain a non-null value when exiting constructor. Consider adding the 'required' modifier or declaring the property as nullable. [C:\Users\Rohit Rathod\Desktop\JsapProject\JSAPNEW\JSAPNEW.csproj]
C:\Users\Rohit Rathod\Desktop\JsapProject\JSAPNEW\Models\BillVerificationModels.cs(21,23): warning CS8618: Non-nullable property 'CheckerStatus' must contain a non-null value when exiting constructor. Consider adding the 'required' modifier or declaring the property as nullable. [C:\Users\Rohit Rathod\Desktop\JsapProject\JSAPNEW\JSAPNEW.csproj]
C:\Users\Rohit Rathod\Desktop\JsapProject\JSAPNEW\Models\BillVerificationModels.cs(22,23): warning CS8618: Non-nullable property 'MakerStatus' must contain a non-null value when exiting constructor. Consider adding the 'required' modifier or declaring the property as nullable. [C:\Users\Rohit Rathod\Desktop\JsapProject\JSAPNEW\JSAPNEW.csproj]
C:\Users\Rohit Rathod\Desktop\JsapProject\JSAPNEW\Models\BillVerificationModels.cs(23,23): warning CS8618: Non-nullable property 'PaymentStatus' must contain a non-null value when exiting constructor. Consider adding the 'required' modifier or declaring the property as nullable. [C:\Users\Rohit Rathod\Desktop\JsapProject\JSAPNEW\JSAPNEW.csproj]
C:\Users\Rohit Rathod\Desktop\JsapProject\JSAPNEW\Models\BillVerificationModels.cs(24,23): warning CS8618: Non-nullable property 'SerialNumber' must contain a non-null value when exiting constructor. Consider adding the 'required' modifier or declaring the property as nullable. [C:\Users\Rohit Rathod\Desktop\JsapProject\JSAPNEW\JSAPNEW.csproj]
C:\Users\Rohit Rathod\Desktop\JsapProject\JSAPNEW\Models\BillVerificationModels.cs(25,23): warning CS8618: Non-nullable property 'TotalQuantity' must contain a non-null value when exiting constructor. Consider adding the 'required' modifier or declaring the property as nullable. [C:\Users\Rohit Rathod\Desktop\JsapProject\JSAPNEW\JSAPNEW.csproj]
C:\Users\Rohit Rathod\Desktop\JsapProject\JSAPNEW\Models\BillVerificationModels.cs(26,23): warning CS8618: Non-nullable property 'TotalItemValue' must contain a non-null value when exiting constructor. Consider adding the 'required' modifier or declaring the property as nullable. [C:\Users\Rohit Rathod\Desktop\JsapProject\JSAPNEW\JSAPNEW.csproj]
C:\Users\Rohit Rathod\Desktop\JsapProject\JSAPNEW\Models\BillVerificationModels.cs(27,23): warning CS8618: Non-nullable property 'TotalItems' must contain a non-null value when exiting constructor. Consider adding the 'required' modifier or declaring the property as nullable. [C:\Users\Rohit Rathod\Desktop\JsapProject\JSAPNEW\JSAPNEW.csproj]
C:\Users\Rohit Rathod\Desktop\JsapProject\JSAPNEW\Models\AuthModels.cs(999,23): warning CS8618: Non-nullable property 'UserPhoneNumber' must contain a non-null value when exiting constructor. Consider adding the 'required' modifier or declaring the property as nullable. [C:\Users\Rohit Rathod\Desktop\JsapProject\JSAPNEW\JSAPNEW.csproj]
C:\Users\Rohit Rathod\Desktop\JsapProject\JSAPNEW\Models\AuthModels.cs(1000,23): warning CS8618: Non-nullable property 'UserEmail' must contain a non-null value when exiting constructor. Consider adding the 'required' modifier or declaring the property as nullable. [C:\Users\Rohit Rathod\Desktop\JsapProject\JSAPNEW\JSAPNEW.csproj]
C:\Users\Rohit Rathod\Desktop\JsapProject\JSAPNEW\Models\AuthModels.cs(1001,23): warning CS8618: Non-nullable property 'FirstName' must contain a non-null value when exiting constructor. Consider adding the 'required' modifier or declaring the property as nullable. [C:\Users\Rohit Rathod\Desktop\JsapProject\JSAPNEW\JSAPNEW.csproj]
C:\Users\Rohit Rathod\Desktop\JsapProject\JSAPNEW\Models\AuthModels.cs(1002,23): warning CS8618: Non-nullable property 'LastName' must contain a non-null value when exiting constructor. Consider adding the 'required' modifier or declaring the property as nullable. [C:\Users\Rohit Rathod\Desktop\JsapProject\JSAPNEW\JSAPNEW.csproj]
C:\Users\Rohit Rathod\Desktop\JsapProject\JSAPNEW\Models\AuthModels.cs(1003,23): warning CS8618: Non-nullable property 'EmpId' must contain a non-null value when exiting constructor. Consider adding the 'required' modifier or declaring the property as nullable. [C:\Users\Rohit Rathod\Desktop\JsapProject\JSAPNEW\JSAPNEW.csproj]
C:\Users\Rohit Rathod\Desktop\JsapProject\JSAPNEW\Models\AuthModels.cs(1004,23): warning CS8618: Non-nullable property 'DeptIds' must contain a non-null value when exiting constructor. Consider adding the 'required' modifier or declaring the property as nullable. [C:\Users\Rohit Rathod\Desktop\JsapProject\JSAPNEW\JSAPNEW.csproj]
C:\Users\Rohit Rathod\Desktop\JsapProject\JSAPNEW\Models\AuthModels.cs(679,23): warning CS8618: Non-nullable property 'budget' must contain a non-null value when exiting constructor. Consider adding the 'required' modifier or declaring the property as nullable. [C:\Users\Rohit Rathod\Desktop\JsapProject\JSAPNEW\JSAPNEW.csproj]
C:\Users\Rohit Rathod\Desktop\JsapProject\JSAPNEW\Models\AuthModels.cs(680,23): warning CS8618: Non-nullable property 'month' must contain a non-null value when exiting constructor. Consider adding the 'required' modifier or declaring the property as nullable. [C:\Users\Rohit Rathod\Desktop\JsapProject\JSAPNEW\JSAPNEW.csproj]
C:\Users\Rohit Rathod\Desktop\JsapProject\JSAPNEW\Models\AuthModels.cs(681,23): warning CS8618: Non-nullable property 'totalAmount' must contain a non-null value when exiting constructor. Consider adding the 'required' modifier or declaring the property as nullable. [C:\Users\Rohit Rathod\Desktop\JsapProject\JSAPNEW\JSAPNEW.csproj]
C:\Users\Rohit Rathod\Desktop\JsapProject\JSAPNEW\Models\AuthModels.cs(682,23): warning CS8618: Non-nullable property 'usedAmount' must contain a non-null value when exiting constructor. Consider adding the 'required' modifier or declaring the property as nullable. [C:\Users\Rohit Rathod\Desktop\JsapProject\JSAPNEW\JSAPNEW.csproj]
C:\Users\Rohit Rathod\Desktop\JsapProject\JSAPNEW\Models\AuthModels.cs(683,23): warning CS8618: Non-nullable property 'rejectedAmount' must contain a non-null value when exiting constructor. Consider adding the 'required' modifier or declaring the property as nullable. [C:\Users\Rohit Rathod\Desktop\JsapProject\JSAPNEW\JSAPNEW.csproj]
C:\Users\Rohit Rathod\Desktop\JsapProject\JSAPNEW\Models\AuthModels.cs(684,23): warning CS8618: Non-nullable property 'timestamp' must contain a non-null value when exiting constructor. Consider adding the 'required' modifier or declaring the property as nullable. [C:\Users\Rohit Rathod\Desktop\JsapProject\JSAPNEW\JSAPNEW.csproj]
C:\Users\Rohit Rathod\Desktop\JsapProject\JSAPNEW\Models\AuthModels.cs(492,23): warning CS8618: Non-nullable property 'Message' must contain a non-null value when exiting constructor. Consider adding the 'required' modifier or declaring the property as nullable. [C:\Users\Rohit Rathod\Desktop\JsapProject\JSAPNEW\JSAPNEW.csproj]
C:\Users\Rohit Rathod\Desktop\JsapProject\JSAPNEW\Models\AuthModels.cs(559,23): warning CS8618: Non-nullable property 'startDate' must contain a non-null value when exiting constructor. Consider adding the 'required' modifier or declaring the property as nullable. [C:\Users\Rohit Rathod\Desktop\JsapProject\JSAPNEW\JSAPNEW.csproj]
C:\Users\Rohit Rathod\Desktop\JsapProject\JSAPNEW\Models\AuthModels.cs(560,23): warning CS8618: Non-nullable property 'endDate' must contain a non-null value when exiting constructor. Consider adding the 'required' modifier or declaring the property as nullable. [C:\Users\Rohit Rathod\Desktop\JsapProject\JSAPNEW\JSAPNEW.csproj]
C:\Users\Rohit Rathod\Desktop\JsapProject\JSAPNEW\Models\AuthModels.cs(561,23): warning CS8618: Non-nullable property 'createdOn' must contain a non-null value when exiting constructor. Consider adding the 'required' modifier or declaring the property as nullable. [C:\Users\Rohit Rathod\Desktop\JsapProject\JSAPNEW\JSAPNEW.csproj]
C:\Users\Rohit Rathod\Desktop\JsapProject\JSAPNEW\Models\AuthModels.cs(562,23): warning CS8618: Non-nullable property 'userName' must contain a non-null value when exiting constructor. Consider adding the 'required' modifier or declaring the property as nullable. [C:\Users\Rohit Rathod\Desktop\JsapProject\JSAPNEW\JSAPNEW.csproj]
C:\Users\Rohit Rathod\Desktop\JsapProject\JSAPNEW\Models\AuthModels.cs(563,23): warning CS8618: Non-nullable property 'alternativeUserName' must contain a non-null value when exiting constructor. Consider adding the 'required' modifier or declaring the property as nullable. [C:\Users\Rohit Rathod\Desktop\JsapProject\JSAPNEW\JSAPNEW.csproj]
C:\Users\Rohit Rathod\Desktop\JsapProject\JSAPNEW\Models\AuthModels.cs(565,23): warning CS8618: Non-nullable property 'tempName' must contain a non-null value when exiting constructor. Consider adding the 'required' modifier or declaring the property as nullable. [C:\Users\Rohit Rathod\Desktop\JsapProject\JSAPNEW\JSAPNEW.csproj]
C:\Users\Rohit Rathod\Desktop\JsapProject\JSAPNEW\Models\AuthModels.cs(502,23): warning CS8618: Non-nullable property 'startDate' must contain a non-null value when exiting constructor. Consider adding the 'required' modifier or declaring the property as nullable. [C:\Users\Rohit Rathod\Desktop\JsapProject\JSAPNEW\JSAPNEW.csproj]
C:\Users\Rohit Rathod\Desktop\JsapProject\JSAPNEW\Models\AuthModels.cs(504,23): warning CS8618: Non-nullable property 'endDate' must contain a non-null value when exiting constructor. Consider adding the 'required' modifier or declaring the property as nullable. [C:\Users\Rohit Rathod\Desktop\JsapProject\JSAPNEW\JSAPNEW.csproj]
C:\Users\Rohit Rathod\Desktop\JsapProject\JSAPNEW\Models\AuthModels.cs(506,23): warning CS8618: Non-nullable property 'stages' must contain a non-null value when exiting constructor. Consider adding the 'required' modifier or declaring the property as nullable. [C:\Users\Rohit Rathod\Desktop\JsapProject\JSAPNEW\JSAPNEW.csproj]
C:\Users\Rohit Rathod\Desktop\JsapProject\JSAPNEW\Models\AuthModels.cs(485,23): warning CS8618: Non-nullable property 'status' must contain a non-null value when exiting constructor. Consider adding the 'required' modifier or declaring the property as nullable. [C:\Users\Rohit Rathod\Desktop\JsapProject\JSAPNEW\JSAPNEW.csproj]
C:\Users\Rohit Rathod\Desktop\JsapProject\JSAPNEW\Models\AuthModels.cs(486,23): warning CS8618: Non-nullable property 'remark' must contain a non-null value when exiting constructor. Consider adding the 'required' modifier or declaring the property as nullable. [C:\Users\Rohit Rathod\Desktop\JsapProject\JSAPNEW\JSAPNEW.csproj]
C:\Users\Rohit Rathod\Desktop\JsapProject\JSAPNEW\Models\AuthModels.cs(487,23): warning CS8618: Non-nullable property 'createdAt' must contain a non-null value when exiting constructor. Consider adding the 'required' modifier or declaring the property as nullable. [C:\Users\Rohit Rathod\Desktop\JsapProject\JSAPNEW\JSAPNEW.csproj]
C:\Users\Rohit Rathod\Desktop\JsapProject\JSAPNEW\Models\AuthModels.cs(488,23): warning CS8618: Non-nullable property 'loginUser' must contain a non-null value when exiting constructor. Consider adding the 'required' modifier or declaring the property as nullable. [C:\Users\Rohit Rathod\Desktop\JsapProject\JSAPNEW\JSAPNEW.csproj]
C:\Users\Rohit Rathod\Desktop\JsapProject\JSAPNEW\Models\AuthModels.cs(598,23): warning CS8618: Non-nullable property 'budgetCategory' must contain a non-null value when exiting constructor. Consider adding the 'required' modifier or declaring the property as nullable. [C:\Users\Rohit Rathod\Desktop\JsapProject\JSAPNEW\JSAPNEW.csproj]
C:\Users\Rohit Rathod\Desktop\JsapProject\JSAPNEW\Models\AuthModels.cs(600,23): warning CS8618: Non-nullable property 'subBudget' must contain a non-null value when exiting constructor. Consider adding the 'required' modifier or declaring the property as nullable. [C:\Users\Rohit Rathod\Desktop\JsapProject\JSAPNEW\JSAPNEW.csproj]
C:\Users\Rohit Rathod\Desktop\JsapProject\JSAPNEW\Models\AuthModels.cs(602,23): warning CS8618: Non-nullable property 'month' must contain a non-null value when exiting constructor. Consider adding the 'required' modifier or declaring the property as nullable. [C:\Users\Rohit Rathod\Desktop\JsapProject\JSAPNEW\JSAPNEW.csproj]
C:\Users\Rohit Rathod\Desktop\JsapProject\JSAPNEW\Models\AuthModels.cs(471,23): warning CS8618: Non-nullable property 'stage' must contain a non-null value when exiting constructor. Consider adding the 'required' modifier or declaring the property as nullable. [C:\Users\Rohit Rathod\Desktop\JsapProject\JSAPNEW\JSAPNEW.csproj]
C:\Users\Rohit Rathod\Desktop\JsapProject\JSAPNEW\Models\AuthModels.cs(472,23): warning CS8618: Non-nullable property 'createdOn' must contain a non-null value when exiting constructor. Consider adding the 'required' modifier or declaring the property as nullable. [C:\Users\Rohit Rathod\Desktop\JsapProject\JSAPNEW\JSAPNEW.csproj]
C:\Users\Rohit Rathod\Desktop\JsapProject\JSAPNEW\Models\AuthModels.cs(473,23): warning CS8618: Non-nullable property 'description' must contain a non-null value when exiting constructor. Consider adding the 'required' modifier or declaring the property as nullable. [C:\Users\Rohit Rathod\Desktop\JsapProject\JSAPNEW\JSAPNEW.csproj]
C:\Users\Rohit Rathod\Desktop\JsapProject\JSAPNEW\Models\AuthModels.cs(474,23): warning CS8618: Non-nullable property 'createdBy' must contain a non-null value when exiting constructor. Consider adding the 'required' modifier or declaring the property as nullable. [C:\Users\Rohit Rathod\Desktop\JsapProject\JSAPNEW\JSAPNEW.csproj]
C:\Users\Rohit Rathod\Desktop\JsapProject\JSAPNEW\Models\AuthModels.cs(477,23): warning CS8618: Non-nullable property 'company' must contain a non-null value when exiting constructor. Consider adding the 'required' modifier or declaring the property as nullable. [C:\Users\Rohit Rathod\Desktop\JsapProject\JSAPNEW\JSAPNEW.csproj]
C:\Users\Rohit Rathod\Desktop\JsapProject\JSAPNEW\Models\AuthModels.cs(478,23): warning CS8618: Non-nullable property 'userInStage' must contain a non-null value when exiting constructor. Consider adding the 'required' modifier or declaring the property as nullable. [C:\Users\Rohit Rathod\Desktop\JsapProject\JSAPNEW\JSAPNEW.csproj]
C:\Users\Rohit Rathod\Desktop\JsapProject\JSAPNEW\Models\BomModels.cs(542,23): warning CS8618: Non-nullable property 'templateId' must contain a non-null value when exiting constructor. Consider adding the 'required' modifier or declaring the property as nullable. [C:\Users\Rohit Rathod\Desktop\JsapProject\JSAPNEW\JSAPNEW.csproj]
C:\Users\Rohit Rathod\Desktop\JsapProject\JSAPNEW\Models\BomModels.cs(544,23): warning CS8618: Non-nullable property 'currentStageId' must contain a non-null value when exiting constructor. Consider adding the 'required' modifier or declaring the property as nullable. [C:\Users\Rohit Rathod\Desktop\JsapProject\JSAPNEW\JSAPNEW.csproj]
C:\Users\Rohit Rathod\Desktop\JsapProject\JSAPNEW\Models\BomModels.cs(545,23): warning CS8618: Non-nullable property 'currentStage' must contain a non-null value when exiting constructor. Consider adding the 'required' modifier or declaring the property as nullable. [C:\Users\Rohit Rathod\Desktop\JsapProject\JSAPNEW\JSAPNEW.csproj]
C:\Users\Rohit Rathod\Desktop\JsapProject\JSAPNEW\Models\BomModels.cs(546,23): warning CS8618: Non-nullable property 'finalStatus' must contain a non-null value when exiting constructor. Consider adding the 'required' modifier or declaring the property as nullable. [C:\Users\Rohit Rathod\Desktop\JsapProject\JSAPNEW\JSAPNEW.csproj]
C:\Users\Rohit Rathod\Desktop\JsapProject\JSAPNEW\Models\BomModels.cs(552,23): warning CS8618: Non-nullable property 'parentCode' must contain a non-null value when exiting constructor. Consider adding the 'required' modifier or declaring the property as nullable. [C:\Users\Rohit Rathod\Desktop\JsapProject\JSAPNEW\JSAPNEW.csproj]
C:\Users\Rohit Rathod\Desktop\JsapProject\JSAPNEW\Models\BomModels.cs(553,23): warning CS8618: Non-nullable property 'parentName' must contain a non-null value when exiting constructor. Consider adding the 'required' modifier or declaring the property as nullable. [C:\Users\Rohit Rathod\Desktop\JsapProject\JSAPNEW\JSAPNEW.csproj]
C:\Users\Rohit Rathod\Desktop\JsapProject\JSAPNEW\Models\BomModels.cs(554,23): warning CS8618: Non-nullable property 'bomType' must contain a non-null value when exiting constructor. Consider adding the 'required' modifier or declaring the property as nullable. [C:\Users\Rohit Rathod\Desktop\JsapProject\JSAPNEW\JSAPNEW.csproj]
C:\Users\Rohit Rathod\Desktop\JsapProject\JSAPNEW\Models\BomModels.cs(561,23): warning CS8618: Non-nullable property 'headerWareHouse' must contain a non-null value when exiting constructor. Consider adding the 'required' modifier or declaring the property as nullable. [C:\Users\Rohit Rathod\Desktop\JsapProject\JSAPNEW\JSAPNEW.csproj]
C:\Users\Rohit Rathod\Desktop\JsapProject\JSAPNEW\Models\BomModels.cs(565,23): warning CS8618: Non-nullable property 'componentType' must contain a non-null value when exiting constructor. Consider adding the 'required' modifier or declaring the property as nullable. [C:\Users\Rohit Rathod\Desktop\JsapProject\JSAPNEW\JSAPNEW.csproj]
C:\Users\Rohit Rathod\Desktop\JsapProject\JSAPNEW\Models\BomModels.cs(566,23): warning CS8618: Non-nullable property 'componentCode' must contain a non-null value when exiting constructor. Consider adding the 'required' modifier or declaring the property as nullable. [C:\Users\Rohit Rathod\Desktop\JsapProject\JSAPNEW\JSAPNEW.csproj]
C:\Users\Rohit Rathod\Desktop\JsapProject\JSAPNEW\Models\BomModels.cs(569,23): warning CS8618: Non-nullable property 'componentWareHouse' must contain a non-null value when exiting constructor. Consider adding the 'required' modifier or declaring the property as nullable. [C:\Users\Rohit Rathod\Desktop\JsapProject\JSAPNEW\JSAPNEW.csproj]
C:\Users\Rohit Rathod\Desktop\JsapProject\JSAPNEW\Models\BomModels.cs(570,23): warning CS8618: Non-nullable property 'componentName' must contain a non-null value when exiting constructor. Consider adding the 'required' modifier or declaring the property as nullable. [C:\Users\Rohit Rathod\Desktop\JsapProject\JSAPNEW\JSAPNEW.csproj]
C:\Users\Rohit Rathod\Desktop\JsapProject\JSAPNEW\Models\AuthModels.cs(430,23): warning CS8618: Non-nullable property 'newPassword' must contain a non-null value when exiting constructor. Consider adding the 'required' modifier or declaring the property as nullable. [C:\Users\Rohit Rathod\Desktop\JsapProject\JSAPNEW\JSAPNEW.csproj]
C:\Users\Rohit Rathod\Desktop\JsapProject\JSAPNEW\Models\BillVerificationModels.cs(195,23): warning CS8618: Non-nullable property 'UserName' must contain a non-null value when exiting constructor. Consider adding the 'required' modifier or declaring the property as nullable. [C:\Users\Rohit Rathod\Desktop\JsapProject\JSAPNEW\JSAPNEW.csproj]
C:\Users\Rohit Rathod\Desktop\JsapProject\JSAPNEW\Models\BillVerificationModels.cs(196,23): warning CS8618: Non-nullable property 'Action' must contain a non-null value when exiting constructor. Consider adding the 'required' modifier or declaring the property as nullable. [C:\Users\Rohit Rathod\Desktop\JsapProject\JSAPNEW\JSAPNEW.csproj]
C:\Users\Rohit Rathod\Desktop\JsapProject\JSAPNEW\Models\BillVerificationModels.cs(197,23): warning CS8618: Non-nullable property 'Details' must contain a non-null value when exiting constructor. Consider adding the 'required' modifier or declaring the property as nullable. [C:\Users\Rohit Rathod\Desktop\JsapProject\JSAPNEW\JSAPNEW.csproj]
C:\Users\Rohit Rathod\Desktop\JsapProject\JSAPNEW\Models\AuthModels.cs(413,23): warning CS8618: Non-nullable property 'query' must contain a non-null value when exiting constructor. Consider adding the 'required' modifier or declaring the property as nullable. [C:\Users\Rohit Rathod\Desktop\JsapProject\JSAPNEW\JSAPNEW.csproj]
C:\Users\Rohit Rathod\Desktop\JsapProject\JSAPNEW\Models\AuthModels.cs(401,23): warning CS8618: Non-nullable property 'Query' must contain a non-null value when exiting constructor. Consider adding the 'required' modifier or declaring the property as nullable. [C:\Users\Rohit Rathod\Desktop\JsapProject\JSAPNEW\JSAPNEW.csproj]
C:\Users\Rohit Rathod\Desktop\JsapProject\JSAPNEW\Models\AuthModels.cs(611,23): warning CS8618: Non-nullable property 'budget' must contain a non-null value when exiting constructor. Consider adding the 'required' modifier or declaring the property as nullable. [C:\Users\Rohit Rathod\Desktop\JsapProject\JSAPNEW\JSAPNEW.csproj]
C:\Users\Rohit Rathod\Desktop\JsapProject\JSAPNEW\Models\AuthModels.cs(613,23): warning CS8618: Non-nullable property 'company' must contain a non-null value when exiting constructor. Consider adding the 'required' modifier or declaring the property as nullable. [C:\Users\Rohit Rathod\Desktop\JsapProject\JSAPNEW\JSAPNEW.csproj]
C:\Users\Rohit Rathod\Desktop\JsapProject\JSAPNEW\Models\AuthModels.cs(614,23): warning CS8618: Non-nullable property 'DocEntry' must contain a non-null value when exiting constructor. Consider adding the 'required' modifier or declaring the property as nullable. [C:\Users\Rohit Rathod\Desktop\JsapProject\JSAPNEW\JSAPNEW.csproj]
C:\Users\Rohit Rathod\Desktop\JsapProject\JSAPNEW\Models\AuthModels.cs(615,23): warning CS8618: Non-nullable property 'ObjectName' must contain a non-null value when exiting constructor. Consider adding the 'required' modifier or declaring the property as nullable. [C:\Users\Rohit Rathod\Desktop\JsapProject\JSAPNEW\JSAPNEW.csproj]
C:\Users\Rohit Rathod\Desktop\JsapProject\JSAPNEW\Models\AuthModels.cs(616,23): warning CS8618: Non-nullable property 'CardCode' must contain a non-null value when exiting constructor. Consider adding the 'required' modifier or declaring the property as nullable. [C:\Users\Rohit Rathod\Desktop\JsapProject\JSAPNEW\JSAPNEW.csproj]
C:\Users\Rohit Rathod\Desktop\JsapProject\JSAPNEW\Models\AuthModels.cs(617,23): warning CS8618: Non-nullable property 'CardName' must contain a non-null value when exiting constructor. Consider adding the 'required' modifier or declaring the property as nullable. [C:\Users\Rohit Rathod\Desktop\JsapProject\JSAPNEW\JSAPNEW.csproj]
C:\Users\Rohit Rathod\Desktop\JsapProject\JSAPNEW\Models\AuthModels.cs(618,23): warning CS8618: Non-nullable property 'DocDate' must contain a non-null value when exiting constructor. Consider adding the 'required' modifier or declaring the property as nullable. [C:\Users\Rohit Rathod\Desktop\JsapProject\JSAPNEW\JSAPNEW.csproj]
C:\Users\Rohit Rathod\Desktop\JsapProject\JSAPNEW\Models\AuthModels.cs(619,23): warning CS8618: Non-nullable property 'TotalAmount' must contain a non-null value when exiting constructor. Consider adding the 'required' modifier or declaring the property as nullable. [C:\Users\Rohit Rathod\Desktop\JsapProject\JSAPNEW\JSAPNEW.csproj]
C:\Users\Rohit Rathod\Desktop\JsapProject\JSAPNEW\Models\AuthModels.cs(620,23): warning CS8618: Non-nullable property 'ApprovalStatus' must contain a non-null value when exiting constructor. Consider adding the 'required' modifier or declaring the property as nullable. [C:\Users\Rohit Rathod\Desktop\JsapProject\JSAPNEW\JSAPNEW.csproj]
C:\Users\Rohit Rathod\Desktop\JsapProject\JSAPNEW\Models\AuthModels.cs(621,23): warning CS8618: Non-nullable property 'ApprovalDate' must contain a non-null value when exiting constructor. Consider adding the 'required' modifier or declaring the property as nullable. [C:\Users\Rohit Rathod\Desktop\JsapProject\JSAPNEW\JSAPNEW.csproj]
C:\Users\Rohit Rathod\Desktop\JsapProject\JSAPNEW\Models\AuthModels.cs(622,23): warning CS8618: Non-nullable property 'Description' must contain a non-null value when exiting constructor. Consider adding the 'required' modifier or declaring the property as nullable. [C:\Users\Rohit Rathod\Desktop\JsapProject\JSAPNEW\JSAPNEW.csproj]
C:\Users\Rohit Rathod\Desktop\JsapProject\JSAPNEW\Models\AuthModels.cs(624,47): warning CS8618: Non-nullable property 'NextApprover' must contain a non-null value when exiting constructor. Consider adding the 'required' modifier or declaring the property as nullable. [C:\Users\Rohit Rathod\Desktop\JsapProject\JSAPNEW\JSAPNEW.csproj]
C:\Users\Rohit Rathod\Desktop\JsapProject\JSAPNEW\Models\AuthModels.cs(405,23): warning CS8618: Non-nullable property 'query' must contain a non-null value when exiting constructor. Consider adding the 'required' modifier or declaring the property as nullable. [C:\Users\Rohit Rathod\Desktop\JsapProject\JSAPNEW\JSAPNEW.csproj]
C:\Users\Rohit Rathod\Desktop\JsapProject\JSAPNEW\Models\AuthModels.cs(406,23): warning CS8618: Non-nullable property 'queryName' must contain a non-null value when exiting constructor. Consider adding the 'required' modifier or declaring the property as nullable. [C:\Users\Rohit Rathod\Desktop\JsapProject\JSAPNEW\JSAPNEW.csproj]
C:\Users\Rohit Rathod\Desktop\JsapProject\JSAPNEW\Models\AuthModels.cs(331,23): warning CS8618: Non-nullable property 'name' must contain a non-null value when exiting constructor. Consider adding the 'required' modifier or declaring the property as nullable. [C:\Users\Rohit Rathod\Desktop\JsapProject\JSAPNEW\JSAPNEW.csproj]
C:\Users\Rohit Rathod\Desktop\JsapProject\JSAPNEW\Models\AuthModels.cs(346,23): warning CS8618: Non-nullable property 'BudgetType' must contain a non-null value when exiting constructor. Consider adding the 'required' modifier or declaring the property as nullable. [C:\Users\Rohit Rathod\Desktop\JsapProject\JSAPNEW\JSAPNEW.csproj]
C:\Users\Rohit Rathod\Desktop\JsapProject\JSAPNEW\Models\AuthModels.cs(347,23): warning CS8618: Non-nullable property 'TotalBudget' must contain a non-null value when exiting constructor. Consider adding the 'required' modifier or declaring the property as nullable. [C:\Users\Rohit Rathod\Desktop\JsapProject\JSAPNEW\JSAPNEW.csproj]
C:\Users\Rohit Rathod\Desktop\JsapProject\JSAPNEW\Models\AuthModels.cs(348,23): warning CS8618: Non-nullable property 'ApprovedAmount' must contain a non-null value when exiting constructor. Consider adding the 'required' modifier or declaring the property as nullable. [C:\Users\Rohit Rathod\Desktop\JsapProject\JSAPNEW\JSAPNEW.csproj]
C:\Users\Rohit Rathod\Desktop\JsapProject\JSAPNEW\Models\AuthModels.cs(349,23): warning CS8618: Non-nullable property 'PendingAmount' must contain a non-null value when exiting constructor. Consider adding the 'required' modifier or declaring the property as nullable. [C:\Users\Rohit Rathod\Desktop\JsapProject\JSAPNEW\JSAPNEW.csproj]
C:\Users\Rohit Rathod\Desktop\JsapProject\JSAPNEW\Models\AuthModels.cs(350,23): warning CS8618: Non-nullable property 'RejectedAmount' must contain a non-null value when exiting constructor. Consider adding the 'required' modifier or declaring the property as nullable. [C:\Users\Rohit Rathod\Desktop\JsapProject\JSAPNEW\JSAPNEW.csproj]
C:\Users\Rohit Rathod\Desktop\JsapProject\JSAPNEW\Models\AuthModels.cs(517,23): warning CS8618: Non-nullable property 'stageName' must contain a non-null value when exiting constructor. Consider adding the 'required' modifier or declaring the property as nullable. [C:\Users\Rohit Rathod\Desktop\JsapProject\JSAPNEW\JSAPNEW.csproj]
C:\Users\Rohit Rathod\Desktop\JsapProject\JSAPNEW\Models\AuthModels.cs(519,23): warning CS8618: Non-nullable property 'DelegatedByUserName' must contain a non-null value when exiting constructor. Consider adding the 'required' modifier or declaring the property as nullable. [C:\Users\Rohit Rathod\Desktop\JsapProject\JSAPNEW\JSAPNEW.csproj]
C:\Users\Rohit Rathod\Desktop\JsapProject\JSAPNEW\Models\AuthModels.cs(522,23): warning CS8618: Non-nullable property 'DelegatedToUserName' must contain a non-null value when exiting constructor. Consider adding the 'required' modifier or declaring the property as nullable. [C:\Users\Rohit Rathod\Desktop\JsapProject\JSAPNEW\JSAPNEW.csproj]
C:\Users\Rohit Rathod\Desktop\JsapProject\JSAPNEW\Models\AuthModels.cs(524,23): warning CS8618: Non-nullable property 'tempName' must contain a non-null value when exiting constructor. Consider adding the 'required' modifier or declaring the property as nullable. [C:\Users\Rohit Rathod\Desktop\JsapProject\JSAPNEW\JSAPNEW.csproj]
C:\Users\Rohit Rathod\Desktop\JsapProject\JSAPNEW\Models\AuthModels.cs(528,23): warning CS8618: Non-nullable property 'startDate' must contain a non-null value when exiting constructor. Consider adding the 'required' modifier or declaring the property as nullable. [C:\Users\Rohit Rathod\Desktop\JsapProject\JSAPNEW\JSAPNEW.csproj]
C:\Users\Rohit Rathod\Desktop\JsapProject\JSAPNEW\Models\AuthModels.cs(529,23): warning CS8618: Non-nullable property 'endDate' must contain a non-null value when exiting constructor. Consider adding the 'required' modifier or declaring the property as nullable. [C:\Users\Rohit Rathod\Desktop\JsapProject\JSAPNEW\JSAPNEW.csproj]
C:\Users\Rohit Rathod\Desktop\JsapProject\JSAPNEW\Models\AuthModels.cs(1011,23): warning CS8618: Non-nullable property 'Message' must contain a non-null value when exiting constructor. Consider adding the 'required' modifier or declaring the property as nullable. [C:\Users\Rohit Rathod\Desktop\JsapProject\JSAPNEW\JSAPNEW.csproj]
C:\Users\Rohit Rathod\Desktop\JsapProject\JSAPNEW\Models\BillVerificationModels.cs(44,23): warning CS8618: Non-nullable property 'SerialNumber' must contain a non-null value when exiting constructor. Consider adding the 'required' modifier or declaring the property as nullable. [C:\Users\Rohit Rathod\Desktop\JsapProject\JSAPNEW\JSAPNEW.csproj]
C:\Users\Rohit Rathod\Desktop\JsapProject\JSAPNEW\Models\BillVerificationModels.cs(46,23): warning CS8618: Non-nullable property 'ProductName' must contain a non-null value when exiting constructor. Consider adding the 'required' modifier or declaring the property as nullable. [C:\Users\Rohit Rathod\Desktop\JsapProject\JSAPNEW\JSAPNEW.csproj]
C:\Users\Rohit Rathod\Desktop\JsapProject\JSAPNEW\Models\BillVerificationModels.cs(48,23): warning CS8618: Non-nullable property 'HSNSACID' must contain a non-null value when exiting constructor. Consider adding the 'required' modifier or declaring the property as nullable. [C:\Users\Rohit Rathod\Desktop\JsapProject\JSAPNEW\JSAPNEW.csproj]
C:\Users\Rohit Rathod\Desktop\JsapProject\JSAPNEW\Models\BillVerificationModels.cs(50,23): warning CS8618: Non-nullable property 'Quantity' must contain a non-null value when exiting constructor. Consider adding the 'required' modifier or declaring the property as nullable. [C:\Users\Rohit Rathod\Desktop\JsapProject\JSAPNEW\JSAPNEW.csproj]
C:\Users\Rohit Rathod\Desktop\JsapProject\JSAPNEW\Models\BillVerificationModels.cs(52,23): warning CS8618: Non-nullable property 'PurchaseRate' must contain a non-null value when exiting constructor. Consider adding the 'required' modifier or declaring the property as nullable. [C:\Users\Rohit Rathod\Desktop\JsapProject\JSAPNEW\JSAPNEW.csproj]
C:\Users\Rohit Rathod\Desktop\JsapProject\JSAPNEW\Models\BillVerificationModels.cs(54,23): warning CS8618: Non-nullable property 'DiscountPercent' must contain a non-null value when exiting constructor. Consider adding the 'required' modifier or declaring the property as nullable. [C:\Users\Rohit Rathod\Desktop\JsapProject\JSAPNEW\JSAPNEW.csproj]
C:\Users\Rohit Rathod\Desktop\JsapProject\JSAPNEW\Models\BillVerificationModels.cs(56,23): warning CS8618: Non-nullable property 'DiscountAmount' must contain a non-null value when exiting constructor. Consider adding the 'required' modifier or declaring the property as nullable. [C:\Users\Rohit Rathod\Desktop\JsapProject\JSAPNEW\JSAPNEW.csproj]
C:\Users\Rohit Rathod\Desktop\JsapProject\JSAPNEW\Models\BillVerificationModels.cs(58,23): warning CS8618: Non-nullable property 'Margin' must contain a non-null value when exiting constructor. Consider adding the 'required' modifier or declaring the property as nullable. [C:\Users\Rohit Rathod\Desktop\JsapProject\JSAPNEW\JSAPNEW.csproj]
C:\Users\Rohit Rathod\Desktop\JsapProject\JSAPNEW\Models\BillVerificationModels.cs(60,23): warning CS8618: Non-nullable property 'MRP' must contain a non-null value when exiting constructor. Consider adding the 'required' modifier or declaring the property as nullable. [C:\Users\Rohit Rathod\Desktop\JsapProject\JSAPNEW\JSAPNEW.csproj]
C:\Users\Rohit Rathod\Desktop\JsapProject\JSAPNEW\Models\BillVerificationModels.cs(63,23): warning CS8618: Non-nullable property 'TaxRate' must contain a non-null value when exiting constructor. Consider adding the 'required' modifier or declaring the property as nullable. [C:\Users\Rohit Rathod\Desktop\JsapProject\JSAPNEW\JSAPNEW.csproj]
C:\Users\Rohit Rathod\Desktop\JsapProject\JSAPNEW\Models\BillVerificationModels.cs(65,23): warning CS8618: Non-nullable property 'TaxAmount' must contain a non-null value when exiting constructor. Consider adding the 'required' modifier or declaring the property as nullable. [C:\Users\Rohit Rathod\Desktop\JsapProject\JSAPNEW\JSAPNEW.csproj]
C:\Users\Rohit Rathod\Desktop\JsapProject\JSAPNEW\Models\BillVerificationModels.cs(67,23): warning CS8618: Non-nullable property 'Tax' must contain a non-null value when exiting constructor. Consider adding the 'required' modifier or declaring the property as nullable. [C:\Users\Rohit Rathod\Desktop\JsapProject\JSAPNEW\JSAPNEW.csproj]
C:\Users\Rohit Rathod\Desktop\JsapProject\JSAPNEW\Models\BillVerificationModels.cs(69,23): warning CS8618: Non-nullable property 'Amount' must contain a non-null value when exiting constructor. Consider adding the 'required' modifier or declaring the property as nullable. [C:\Users\Rohit Rathod\Desktop\JsapProject\JSAPNEW\JSAPNEW.csproj]
C:\Users\Rohit Rathod\Desktop\JsapProject\JSAPNEW\Models\BillVerificationModels.cs(71,23): warning CS8618: Non-nullable property 'WarehouseName' must contain a non-null value when exiting constructor. Consider adding the 'required' modifier or declaring the property as nullable. [C:\Users\Rohit Rathod\Desktop\JsapProject\JSAPNEW\JSAPNEW.csproj]
C:\Users\Rohit Rathod\Desktop\JsapProject\JSAPNEW\Models\BillVerificationModels.cs(73,23): warning CS8618: Non-nullable property 'TaxName' must contain a non-null value when exiting constructor. Consider adding the 'required' modifier or declaring the property as nullable. [C:\Users\Rohit Rathod\Desktop\JsapProject\JSAPNEW\JSAPNEW.csproj]
C:\Users\Rohit Rathod\Desktop\JsapProject\JSAPNEW\Models\BillVerificationModels.cs(75,23): warning CS8618: Non-nullable property 'ItemValue' must contain a non-null value when exiting constructor. Consider adding the 'required' modifier or declaring the property as nullable. [C:\Users\Rohit Rathod\Desktop\JsapProject\JSAPNEW\JSAPNEW.csproj]
C:\Users\Rohit Rathod\Desktop\JsapProject\JSAPNEW\Models\AuthModels.cs(302,23): warning CS8618: Non-nullable property 'pageName' must contain a non-null value when exiting constructor. Consider adding the 'required' modifier or declaring the property as nullable. [C:\Users\Rohit Rathod\Desktop\JsapProject\JSAPNEW\JSAPNEW.csproj]
C:\Users\Rohit Rathod\Desktop\JsapProject\JSAPNEW\Models\AuthModels.cs(304,23): warning CS8618: Non-nullable property 'pageUrl' must contain a non-null value when exiting constructor. Consider adding the 'required' modifier or declaring the property as nullable. [C:\Users\Rohit Rathod\Desktop\JsapProject\JSAPNEW\JSAPNEW.csproj]
C:\Users\Rohit Rathod\Desktop\JsapProject\JSAPNEW\Models\AuthModels.cs(436,23): warning CS8618: Non-nullable property 'name' must contain a non-null value when exiting constructor. Consider adding the 'required' modifier or declaring the property as nullable. [C:\Users\Rohit Rathod\Desktop\JsapProject\JSAPNEW\JSAPNEW.csproj]
C:\Users\Rohit Rathod\Desktop\JsapProject\JSAPNEW\Models\AuthModels.cs(437,23): warning CS8618: Non-nullable property 'description' must contain a non-null value when exiting constructor. Consider adding the 'required' modifier or declaring the property as nullable. [C:\Users\Rohit Rathod\Desktop\JsapProject\JSAPNEW\JSAPNEW.csproj]
C:\Users\Rohit Rathod\Desktop\JsapProject\JSAPNEW\Models\AuthModels.cs(439,23): warning CS8618: Non-nullable property 'createdOn' must contain a non-null value when exiting constructor. Consider adding the 'required' modifier or declaring the property as nullable. [C:\Users\Rohit Rathod\Desktop\JsapProject\JSAPNEW\JSAPNEW.csproj]
C:\Users\Rohit Rathod\Desktop\JsapProject\JSAPNEW\Models\AuthModels.cs(440,23): warning CS8618: Non-nullable property 'createdBy' must contain a non-null value when exiting constructor. Consider adding the 'required' modifier or declaring the property as nullable. [C:\Users\Rohit Rathod\Desktop\JsapProject\JSAPNEW\JSAPNEW.csproj]
C:\Users\Rohit Rathod\Desktop\JsapProject\JSAPNEW\Models\AuthModels.cs(244,23): warning CS8618: Non-nullable property 'stage' must contain a non-null value when exiting constructor. Consider adding the 'required' modifier or declaring the property as nullable. [C:\Users\Rohit Rathod\Desktop\JsapProject\JSAPNEW\JSAPNEW.csproj]
C:\Users\Rohit Rathod\Desktop\JsapProject\JSAPNEW\Models\AuthModels.cs(285,23): warning CS8618: Non-nullable property 'template' must contain a non-null value when exiting constructor. Consider adding the 'required' modifier or declaring the property as nullable. [C:\Users\Rohit Rathod\Desktop\JsapProject\JSAPNEW\JSAPNEW.csproj]
C:\Users\Rohit Rathod\Desktop\JsapProject\JSAPNEW\Models\AuthModels.cs(289,23): warning CS8618: Non-nullable property 'stageIds' must contain a non-null value when exiting constructor. Consider adding the 'required' modifier or declaring the property as nullable. [C:\Users\Rohit Rathod\Desktop\JsapProject\JSAPNEW\JSAPNEW.csproj]
C:\Users\Rohit Rathod\Desktop\JsapProject\JSAPNEW\Models\AuthModels.cs(291,23): warning CS8618: Non-nullable property 'priority' must contain a non-null value when exiting constructor. Consider adding the 'required' modifier or declaring the property as nullable. [C:\Users\Rohit Rathod\Desktop\JsapProject\JSAPNEW\JSAPNEW.csproj]
C:\Users\Rohit Rathod\Desktop\JsapProject\JSAPNEW\Models\AuthModels.cs(293,23): warning CS8618: Non-nullable property 'approvalIds' must contain a non-null value when exiting constructor. Consider adding the 'required' modifier or declaring the property as nullable. [C:\Users\Rohit Rathod\Desktop\JsapProject\JSAPNEW\JSAPNEW.csproj]
C:\Users\Rohit Rathod\Desktop\JsapProject\JSAPNEW\Models\AuthModels.cs(297,23): warning CS8618: Non-nullable property 'queries' must contain a non-null value when exiting constructor. Consider adding the 'required' modifier or declaring the property as nullable. [C:\Users\Rohit Rathod\Desktop\JsapProject\JSAPNEW\JSAPNEW.csproj]
C:\Users\Rohit Rathod\Desktop\JsapProject\JSAPNEW\Models\AuthModels.cs(200,23): warning CS8618: Non-nullable property 'company' must contain a non-null value when exiting constructor. Consider adding the 'required' modifier or declaring the property as nullable. [C:\Users\Rohit Rathod\Desktop\JsapProject\JSAPNEW\JSAPNEW.csproj]
C:\Users\Rohit Rathod\Desktop\JsapProject\JSAPNEW\Models\AuthModels.cs(204,23): warning CS8618: Non-nullable property 'stage' must contain a non-null value when exiting constructor. Consider adding the 'required' modifier or declaring the property as nullable. [C:\Users\Rohit Rathod\Desktop\JsapProject\JSAPNEW\JSAPNEW.csproj]
C:\Users\Rohit Rathod\Desktop\JsapProject\JSAPNEW\Models\AuthModels.cs(207,23): warning CS8618: Non-nullable property 'userIds' must contain a non-null value when exiting constructor. Consider adding the 'required' modifier or declaring the property as nullable. [C:\Users\Rohit Rathod\Desktop\JsapProject\JSAPNEW\JSAPNEW.csproj]
C:\Users\Rohit Rathod\Desktop\JsapProject\JSAPNEW\Models\AuthModels.cs(210,23): warning CS8618: Non-nullable property 'description' must contain a non-null value when exiting constructor. Consider adding the 'required' modifier or declaring the property as nullable. [C:\Users\Rohit Rathod\Desktop\JsapProject\JSAPNEW\JSAPNEW.csproj]
C:\Users\Rohit Rathod\Desktop\JsapProject\JSAPNEW\Models\AuthModels.cs(215,23): warning CS8618: Non-nullable property 'branchIds' must contain a non-null value when exiting constructor. Consider adding the 'required' modifier or declaring the property as nullable. [C:\Users\Rohit Rathod\Desktop\JsapProject\JSAPNEW\JSAPNEW.csproj]
C:\Users\Rohit Rathod\Desktop\JsapProject\JSAPNEW\Models\AuthModels.cs(217,23): warning CS8618: Non-nullable property 'varietyIds' must contain a non-null value when exiting constructor. Consider adding the 'required' modifier or declaring the property as nullable. [C:\Users\Rohit Rathod\Desktop\JsapProject\JSAPNEW\JSAPNEW.csproj]
C:\Users\Rohit Rathod\Desktop\JsapProject\JSAPNEW\Models\AuthModels.cs(219,23): warning CS8618: Non-nullable property 'budgetIds' must contain a non-null value when exiting constructor. Consider adding the 'required' modifier or declaring the property as nullable. [C:\Users\Rohit Rathod\Desktop\JsapProject\JSAPNEW\JSAPNEW.csproj]
C:\Users\Rohit Rathod\Desktop\JsapProject\JSAPNEW\Models\AuthModels.cs(221,23): warning CS8618: Non-nullable property 'sBudgetIds' must contain a non-null value when exiting constructor. Consider adding the 'required' modifier or declaring the property as nullable. [C:\Users\Rohit Rathod\Desktop\JsapProject\JSAPNEW\JSAPNEW.csproj]
C:\Users\Rohit Rathod\Desktop\JsapProject\JSAPNEW\Models\AuthModels.cs(223,23): warning CS8618: Non-nullable property 'stateIds' must contain a non-null value when exiting constructor. Consider adding the 'required' modifier or declaring the property as nullable. [C:\Users\Rohit Rathod\Desktop\JsapProject\JSAPNEW\JSAPNEW.csproj]
C:\Users\Rohit Rathod\Desktop\JsapProject\JSAPNEW\Models\AuthModels.cs(225,23): warning CS8618: Non-nullable property 'reportIds' must contain a non-null value when exiting constructor. Consider adding the 'required' modifier or declaring the property as nullable. [C:\Users\Rohit Rathod\Desktop\JsapProject\JSAPNEW\JSAPNEW.csproj]
C:\Users\Rohit Rathod\Desktop\JsapProject\JSAPNEW\Models\AuthModels.cs(227,23): warning CS8618: Non-nullable property 'approvalIds' must contain a non-null value when exiting constructor. Consider adding the 'required' modifier or declaring the property as nullable. [C:\Users\Rohit Rathod\Desktop\JsapProject\JSAPNEW\JSAPNEW.csproj]
C:\Users\Rohit Rathod\Desktop\JsapProject\JSAPNEW\Models\AuthModels.cs(229,23): warning CS8618: Non-nullable property 'fromDate' must contain a non-null value when exiting constructor. Consider adding the 'required' modifier or declaring the property as nullable. [C:\Users\Rohit Rathod\Desktop\JsapProject\JSAPNEW\JSAPNEW.csproj]
C:\Users\Rohit Rathod\Desktop\JsapProject\JSAPNEW\Models\AuthModels.cs(231,23): warning CS8618: Non-nullable property 'toDate' must contain a non-null value when exiting constructor. Consider adding the 'required' modifier or declaring the property as nullable. [C:\Users\Rohit Rathod\Desktop\JsapProject\JSAPNEW\JSAPNEW.csproj]
C:\Users\Rohit Rathod\Desktop\JsapProject\JSAPNEW\Models\AuthModels.cs(173,23): warning CS8618: Non-nullable property 'deptName' must contain a non-null value when exiting constructor. Consider adding the 'required' modifier or declaring the property as nullable. [C:\Users\Rohit Rathod\Desktop\JsapProject\JSAPNEW\JSAPNEW.csproj]
C:\Users\Rohit Rathod\Desktop\JsapProject\JSAPNEW\Models\BillVerificationModels.cs(209,23): warning CS8618: Non-nullable property 'RoleName' must contain a non-null value when exiting constructor. Consider adding the 'required' modifier or declaring the property as nullable. [C:\Users\Rohit Rathod\Desktop\JsapProject\JSAPNEW\JSAPNEW.csproj]
C:\Users\Rohit Rathod\Desktop\JsapProject\JSAPNEW\Models\AuthModels.cs(143,23): warning CS8618: Non-nullable property 'branchName' must contain a non-null value when exiting constructor. Consider adding the 'required' modifier or declaring the property as nullable. [C:\Users\Rohit Rathod\Desktop\JsapProject\JSAPNEW\JSAPNEW.csproj]
C:\Users\Rohit Rathod\Desktop\JsapProject\JSAPNEW\Models\AuthModels.cs(149,23): warning CS8618: Non-nullable property 'budgetName' must contain a non-null value when exiting constructor. Consider adding the 'required' modifier or declaring the property as nullable. [C:\Users\Rohit Rathod\Desktop\JsapProject\JSAPNEW\JSAPNEW.csproj]
C:\Users\Rohit Rathod\Desktop\JsapProject\JSAPNEW\Models\AuthModels.cs(150,23): warning CS8618: Non-nullable property 'subBudgetName' must contain a non-null value when exiting constructor. Consider adding the 'required' modifier or declaring the property as nullable. [C:\Users\Rohit Rathod\Desktop\JsapProject\JSAPNEW\JSAPNEW.csproj]
C:\Users\Rohit Rathod\Desktop\JsapProject\JSAPNEW\Models\AuthModels.cs(151,23): warning CS8618: Non-nullable property 'AllocatedAmount' must contain a non-null value when exiting constructor. Consider adding the 'required' modifier or declaring the property as nullable. [C:\Users\Rohit Rathod\Desktop\JsapProject\JSAPNEW\JSAPNEW.csproj]
C:\Users\Rohit Rathod\Desktop\JsapProject\JSAPNEW\Models\AuthModels.cs(135,23): warning CS8618: Non-nullable property 'roleName' must contain a non-null value when exiting constructor. Consider adding the 'required' modifier or declaring the property as nullable. [C:\Users\Rohit Rathod\Desktop\JsapProject\JSAPNEW\JSAPNEW.csproj]
C:\Users\Rohit Rathod\Desktop\JsapProject\JSAPNEW\Models\AuthModels.cs(136,23): warning CS8618: Non-nullable property 'description' must contain a non-null value when exiting constructor. Consider adding the 'required' modifier or declaring the property as nullable. [C:\Users\Rohit Rathod\Desktop\JsapProject\JSAPNEW\JSAPNEW.csproj]
C:\Users\Rohit Rathod\Desktop\JsapProject\JSAPNEW\Models\AuthModels.cs(127,23): warning CS8618: Non-nullable property 'StateId' must contain a non-null value when exiting constructor. Consider adding the 'required' modifier or declaring the property as nullable. [C:\Users\Rohit Rathod\Desktop\JsapProject\JSAPNEW\JSAPNEW.csproj]
C:\Users\Rohit Rathod\Desktop\JsapProject\JSAPNEW\Models\AuthModels.cs(128,23): warning CS8618: Non-nullable property 'StateName' must contain a non-null value when exiting constructor. Consider adding the 'required' modifier or declaring the property as nullable. [C:\Users\Rohit Rathod\Desktop\JsapProject\JSAPNEW\JSAPNEW.csproj]
C:\Users\Rohit Rathod\Desktop\JsapProject\JSAPNEW\Models\AuthModels.cs(130,34): warning CS8618: Non-nullable property 'Data' must contain a non-null value when exiting constructor. Consider adding the 'required' modifier or declaring the property as nullable. [C:\Users\Rohit Rathod\Desktop\JsapProject\JSAPNEW\JSAPNEW.csproj]
C:\Users\Rohit Rathod\Desktop\JsapProject\JSAPNEW\Models\AuthModels.cs(120,23): warning CS8618: Non-nullable property 'budgetId' must contain a non-null value when exiting constructor. Consider adding the 'required' modifier or declaring the property as nullable. [C:\Users\Rohit Rathod\Desktop\JsapProject\JSAPNEW\JSAPNEW.csproj]
C:\Users\Rohit Rathod\Desktop\JsapProject\JSAPNEW\Models\AuthModels.cs(121,23): warning CS8618: Non-nullable property 'budgetName' must contain a non-null value when exiting constructor. Consider adding the 'required' modifier or declaring the property as nullable. [C:\Users\Rohit Rathod\Desktop\JsapProject\JSAPNEW\JSAPNEW.csproj]
C:\Users\Rohit Rathod\Desktop\JsapProject\JSAPNEW\Models\AuthModels.cs(123,34): warning CS8618: Non-nullable property 'Data' must contain a non-null value when exiting constructor. Consider adding the 'required' modifier or declaring the property as nullable. [C:\Users\Rohit Rathod\Desktop\JsapProject\JSAPNEW\JSAPNEW.csproj]
C:\Users\Rohit Rathod\Desktop\JsapProject\JSAPNEW\Models\AuthModels.cs(106,23): warning CS8618: Non-nullable property 'varietyId' must contain a non-null value when exiting constructor. Consider adding the 'required' modifier or declaring the property as nullable. [C:\Users\Rohit Rathod\Desktop\JsapProject\JSAPNEW\JSAPNEW.csproj]
C:\Users\Rohit Rathod\Desktop\JsapProject\JSAPNEW\Models\AuthModels.cs(107,23): warning CS8618: Non-nullable property 'varietyName' must contain a non-null value when exiting constructor. Consider adding the 'required' modifier or declaring the property as nullable. [C:\Users\Rohit Rathod\Desktop\JsapProject\JSAPNEW\JSAPNEW.csproj]
C:\Users\Rohit Rathod\Desktop\JsapProject\JSAPNEW\Models\AuthModels.cs(109,34): warning CS8618: Non-nullable property 'Data' must contain a non-null value when exiting constructor. Consider adding the 'required' modifier or declaring the property as nullable. [C:\Users\Rohit Rathod\Desktop\JsapProject\JSAPNEW\JSAPNEW.csproj]
C:\Users\Rohit Rathod\Desktop\JsapProject\JSAPNEW\Models\AuthModels.cs(189,23): warning CS8618: Non-nullable property 'approvalName' must contain a non-null value when exiting constructor. Consider adding the 'required' modifier or declaring the property as nullable. [C:\Users\Rohit Rathod\Desktop\JsapProject\JSAPNEW\JSAPNEW.csproj]
C:\Users\Rohit Rathod\Desktop\JsapProject\JSAPNEW\Models\AuthModels.cs(164,23): warning CS8618: Non-nullable property 'validFrom' must contain a non-null value when exiting constructor. Consider adding the 'required' modifier or declaring the property as nullable. [C:\Users\Rohit Rathod\Desktop\JsapProject\JSAPNEW\JSAPNEW.csproj]
C:\Users\Rohit Rathod\Desktop\JsapProject\JSAPNEW\Models\AuthModels.cs(165,23): warning CS8618: Non-nullable property 'validTo' must contain a non-null value when exiting constructor. Consider adding the 'required' modifier or declaring the property as nullable. [C:\Users\Rohit Rathod\Desktop\JsapProject\JSAPNEW\JSAPNEW.csproj]
C:\Users\Rohit Rathod\Desktop\JsapProject\JSAPNEW\Models\AuthModels.cs(166,23): warning CS8618: Non-nullable property 'active' must contain a non-null value when exiting constructor. Consider adding the 'required' modifier or declaring the property as nullable. [C:\Users\Rohit Rathod\Desktop\JsapProject\JSAPNEW\JSAPNEW.csproj]
C:\Users\Rohit Rathod\Desktop\JsapProject\JSAPNEW\Models\AuthModels.cs(167,23): warning CS8618: Non-nullable property 'cCOwner' must contain a non-null value when exiting constructor. Consider adding the 'required' modifier or declaring the property as nullable. [C:\Users\Rohit Rathod\Desktop\JsapProject\JSAPNEW\JSAPNEW.csproj]
C:\Users\Rohit Rathod\Desktop\JsapProject\JSAPNEW\Models\AuthModels.cs(168,23): warning CS8618: Non-nullable property 'uCoOwner' must contain a non-null value when exiting constructor. Consider adding the 'required' modifier or declaring the property as nullable. [C:\Users\Rohit Rathod\Desktop\JsapProject\JSAPNEW\JSAPNEW.csproj]
C:\Users\Rohit Rathod\Desktop\JsapProject\JSAPNEW\Models\AuthModels.cs(33,23): warning CS8618: Non-nullable property 'Message' must contain a non-null value when exiting constructor. Consider adding the 'required' modifier or declaring the property as nullable. [C:\Users\Rohit Rathod\Desktop\JsapProject\JSAPNEW\JSAPNEW.csproj]
C:\Users\Rohit Rathod\Desktop\JsapProject\JSAPNEW\Models\AuthModels.cs(34,23): warning CS8618: Non-nullable property 'AccessToken' must contain a non-null value when exiting constructor. Consider adding the 'required' modifier or declaring the property as nullable. [C:\Users\Rohit Rathod\Desktop\JsapProject\JSAPNEW\JSAPNEW.csproj]
C:\Users\Rohit Rathod\Desktop\JsapProject\JSAPNEW\Models\AuthModels.cs(35,23): warning CS8618: Non-nullable property 'RefreshToken' must contain a non-null value when exiting constructor. Consider adding the 'required' modifier or declaring the property as nullable. [C:\Users\Rohit Rathod\Desktop\JsapProject\JSAPNEW\JSAPNEW.csproj]
C:\Users\Rohit Rathod\Desktop\JsapProject\JSAPNEW\Models\AuthModels.cs(113,23): warning CS8618: Non-nullable property 'exEffMonthId' must contain a non-null value when exiting constructor. Consider adding the 'required' modifier or declaring the property as nullable. [C:\Users\Rohit Rathod\Desktop\JsapProject\JSAPNEW\JSAPNEW.csproj]
C:\Users\Rohit Rathod\Desktop\JsapProject\JSAPNEW\Models\AuthModels.cs(114,23): warning CS8618: Non-nullable property 'exEffMonthName' must contain a non-null value when exiting constructor. Consider adding the 'required' modifier or declaring the property as nullable. [C:\Users\Rohit Rathod\Desktop\JsapProject\JSAPNEW\JSAPNEW.csproj]
C:\Users\Rohit Rathod\Desktop\JsapProject\JSAPNEW\Models\AuthModels.cs(116,34): warning CS8618: Non-nullable property 'Data' must contain a non-null value when exiting constructor. Consider adding the 'required' modifier or declaring the property as nullable. [C:\Users\Rohit Rathod\Desktop\JsapProject\JSAPNEW\JSAPNEW.csproj]
C:\Users\Rohit Rathod\Desktop\JsapProject\JSAPNEW\Models\AuthModels.cs(27,23): warning CS8618: Non-nullable property 'Message' must contain a non-null value when exiting constructor. Consider adding the 'required' modifier or declaring the property as nullable. [C:\Users\Rohit Rathod\Desktop\JsapProject\JSAPNEW\JSAPNEW.csproj]
C:\Users\Rohit Rathod\Desktop\JsapProject\JSAPNEW\Models\AuthModels.cs(10,23): warning CS8618: Non-nullable property 'loginUser' must contain a non-null value when exiting constructor. Consider adding the 'required' modifier or declaring the property as nullable. [C:\Users\Rohit Rathod\Desktop\JsapProject\JSAPNEW\JSAPNEW.csproj]
C:\Users\Rohit Rathod\Desktop\JsapProject\JSAPNEW\Models\AuthModels.cs(13,23): warning CS8618: Non-nullable property 'password' must contain a non-null value when exiting constructor. Consider adding the 'required' modifier or declaring the property as nullable. [C:\Users\Rohit Rathod\Desktop\JsapProject\JSAPNEW\JSAPNEW.csproj]
C:\Users\Rohit Rathod\Desktop\JsapProject\JSAPNEW\Models\AuthModels.cs(21,23): warning CS8618: Non-nullable property 'Message' must contain a non-null value when exiting constructor. Consider adding the 'required' modifier or declaring the property as nullable. [C:\Users\Rohit Rathod\Desktop\JsapProject\JSAPNEW\JSAPNEW.csproj]
C:\Users\Rohit Rathod\Desktop\JsapProject\JSAPNEW\Models\AuthModels.cs(22,24): warning CS8618: Non-nullable property 'User' must contain a non-null value when exiting constructor. Consider adding the 'required' modifier or declaring the property as nullable. [C:\Users\Rohit Rathod\Desktop\JsapProject\JSAPNEW\JSAPNEW.csproj]
C:\Users\Rohit Rathod\Desktop\JsapProject\JSAPNEW\Models\AuthModels.cs(672,32): warning CS8618: Non-nullable property 'BudgetHeader' must contain a non-null value when exiting constructor. Consider adding the 'required' modifier or declaring the property as nullable. [C:\Users\Rohit Rathod\Desktop\JsapProject\JSAPNEW\JSAPNEW.csproj]
C:\Users\Rohit Rathod\Desktop\JsapProject\JSAPNEW\Models\AuthModels.cs(673,42): warning CS8618: Non-nullable property 'BudgetLines' must contain a non-null value when exiting constructor. Consider adding the 'required' modifier or declaring the property as nullable. [C:\Users\Rohit Rathod\Desktop\JsapProject\JSAPNEW\JSAPNEW.csproj]
C:\Users\Rohit Rathod\Desktop\JsapProject\JSAPNEW\Models\AuthModels.cs(674,45): warning CS8618: Non-nullable property 'Attachments' must contain a non-null value when exiting constructor. Consider adding the 'required' modifier or declaring the property as nullable. [C:\Users\Rohit Rathod\Desktop\JsapProject\JSAPNEW\JSAPNEW.csproj]
C:\Users\Rohit Rathod\Desktop\JsapProject\JSAPNEW\Models\AuthModels.cs(43,23): warning CS8618: Non-nullable property 'Message' must contain a non-null value when exiting constructor. Consider adding the 'required' modifier or declaring the property as nullable. [C:\Users\Rohit Rathod\Desktop\JsapProject\JSAPNEW\JSAPNEW.csproj]
C:\Users\Rohit Rathod\Desktop\JsapProject\JSAPNEW\Models\Auth2Models.cs(492,46): warning CS8618: Non-nullable property 'RequestDetail' must contain a non-null value when exiting constructor. Consider adding the 'required' modifier or declaring the property as nullable. [C:\Users\Rohit Rathod\Desktop\JsapProject\JSAPNEW\JSAPNEW.csproj]
C:\Users\Rohit Rathod\Desktop\JsapProject\JSAPNEW\Models\Auth2Models.cs(493,37): warning CS8618: Non-nullable property 'ApprovalHistory' must contain a non-null value when exiting constructor. Consider adding the 'required' modifier or declaring the property as nullable. [C:\Users\Rohit Rathod\Desktop\JsapProject\JSAPNEW\JSAPNEW.csproj]
C:\Users\Rohit Rathod\Desktop\JsapProject\JSAPNEW\Models\AuthModels.cs(82,23): warning CS8618: Non-nullable property 'userName' must contain a non-null value when exiting constructor. Consider adding the 'required' modifier or declaring the property as nullable. [C:\Users\Rohit Rathod\Desktop\JsapProject\JSAPNEW\JSAPNEW.csproj]
C:\Users\Rohit Rathod\Desktop\JsapProject\JSAPNEW\Models\AuthModels.cs(83,23): warning CS8618: Non-nullable property 'userPhoneNumber' must contain a non-null value when exiting constructor. Consider adding the 'required' modifier or declaring the property as nullable. [C:\Users\Rohit Rathod\Desktop\JsapProject\JSAPNEW\JSAPNEW.csproj]
C:\Users\Rohit Rathod\Desktop\JsapProject\JSAPNEW\Models\AuthModels.cs(84,23): warning CS8618: Non-nullable property 'userEmail' must contain a non-null value when exiting constructor. Consider adding the 'required' modifier or declaring the property as nullable. [C:\Users\Rohit Rathod\Desktop\JsapProject\JSAPNEW\JSAPNEW.csproj]
C:\Users\Rohit Rathod\Desktop\JsapProject\JSAPNEW\Models\AuthModels.cs(85,23): warning CS8618: Non-nullable property 'password' must contain a non-null value when exiting constructor. Consider adding the 'required' modifier or declaring the property as nullable. [C:\Users\Rohit Rathod\Desktop\JsapProject\JSAPNEW\JSAPNEW.csproj]
C:\Users\Rohit Rathod\Desktop\JsapProject\JSAPNEW\Models\AuthModels.cs(87,23): warning CS8618: Non-nullable property 'isActiveBy' must contain a non-null value when exiting constructor. Consider adding the 'required' modifier or declaring the property as nullable. [C:\Users\Rohit Rathod\Desktop\JsapProject\JSAPNEW\JSAPNEW.csproj]
C:\Users\Rohit Rathod\Desktop\JsapProject\JSAPNEW\Models\AuthModels.cs(89,23): warning CS8618: Non-nullable property 'loginUser' must contain a non-null value when exiting constructor. Consider adding the 'required' modifier or declaring the property as nullable. [C:\Users\Rohit Rathod\Desktop\JsapProject\JSAPNEW\JSAPNEW.csproj]
C:\Users\Rohit Rathod\Desktop\JsapProject\JSAPNEW\Models\AuthModels.cs(91,23): warning CS8618: Non-nullable property 'createdBy' must contain a non-null value when exiting constructor. Consider adding the 'required' modifier or declaring the property as nullable. [C:\Users\Rohit Rathod\Desktop\JsapProject\JSAPNEW\JSAPNEW.csproj]
C:\Users\Rohit Rathod\Desktop\JsapProject\JSAPNEW\Models\AuthModels.cs(92,23): warning CS8618: Non-nullable property 'Comment' must contain a non-null value when exiting constructor. Consider adding the 'required' modifier or declaring the property as nullable. [C:\Users\Rohit Rathod\Desktop\JsapProject\JSAPNEW\JSAPNEW.csproj]
C:\Users\Rohit Rathod\Desktop\JsapProject\JSAPNEW\Models\AuthModels.cs(93,23): warning CS8618: Non-nullable property 'firstName' must contain a non-null value when exiting constructor. Consider adding the 'required' modifier or declaring the property as nullable. [C:\Users\Rohit Rathod\Desktop\JsapProject\JSAPNEW\JSAPNEW.csproj]
C:\Users\Rohit Rathod\Desktop\JsapProject\JSAPNEW\Models\AuthModels.cs(94,23): warning CS8618: Non-nullable property 'lastName' must contain a non-null value when exiting constructor. Consider adding the 'required' modifier or declaring the property as nullable. [C:\Users\Rohit Rathod\Desktop\JsapProject\JSAPNEW\JSAPNEW.csproj]
C:\Users\Rohit Rathod\Desktop\JsapProject\JSAPNEW\Models\AuthModels.cs(743,23): warning CS8618: Non-nullable property 'company' must contain a non-null value when exiting constructor. Consider adding the 'required' modifier or declaring the property as nullable. [C:\Users\Rohit Rathod\Desktop\JsapProject\JSAPNEW\JSAPNEW.csproj]
C:\Users\Rohit Rathod\Desktop\JsapProject\JSAPNEW\Models\AuthModels.cs(744,23): warning CS8618: Non-nullable property 'DocEntry' must contain a non-null value when exiting constructor. Consider adding the 'required' modifier or declaring the property as nullable. [C:\Users\Rohit Rathod\Desktop\JsapProject\JSAPNEW\JSAPNEW.csproj]
C:\Users\Rohit Rathod\Desktop\JsapProject\JSAPNEW\Models\AuthModels.cs(745,23): warning CS8618: Non-nullable property 'ObjectName' must contain a non-null value when exiting constructor. Consider adding the 'required' modifier or declaring the property as nullable. [C:\Users\Rohit Rathod\Desktop\JsapProject\JSAPNEW\JSAPNEW.csproj]
C:\Users\Rohit Rathod\Desktop\JsapProject\JSAPNEW\Models\AuthModels.cs(746,23): warning CS8618: Non-nullable property 'CardCode' must contain a non-null value when exiting constructor. Consider adding the 'required' modifier or declaring the property as nullable. [C:\Users\Rohit Rathod\Desktop\JsapProject\JSAPNEW\JSAPNEW.csproj]
C:\Users\Rohit Rathod\Desktop\JsapProject\JSAPNEW\Models\AuthModels.cs(747,23): warning CS8618: Non-nullable property 'CardName' must contain a non-null value when exiting constructor. Consider adding the 'required' modifier or declaring the property as nullable. [C:\Users\Rohit Rathod\Desktop\JsapProject\JSAPNEW\JSAPNEW.csproj]
C:\Users\Rohit Rathod\Desktop\JsapProject\JSAPNEW\Models\AuthModels.cs(748,23): warning CS8618: Non-nullable property 'DocDate' must contain a non-null value when exiting constructor. Consider adding the 'required' modifier or declaring the property as nullable. [C:\Users\Rohit Rathod\Desktop\JsapProject\JSAPNEW\JSAPNEW.csproj]
C:\Users\Rohit Rathod\Desktop\JsapProject\JSAPNEW\Models\AuthModels.cs(749,23): warning CS8618: Non-nullable property 'TotalAmount' must contain a non-null value when exiting constructor. Consider adding the 'required' modifier or declaring the property as nullable. [C:\Users\Rohit Rathod\Desktop\JsapProject\JSAPNEW\JSAPNEW.csproj]
C:\Users\Rohit Rathod\Desktop\JsapProject\JSAPNEW\Models\AuthModels.cs(750,23): warning CS8618: Non-nullable property 'Status' must contain a non-null value when exiting constructor. Consider adding the 'required' modifier or declaring the property as nullable. [C:\Users\Rohit Rathod\Desktop\JsapProject\JSAPNEW\JSAPNEW.csproj]
C:\Users\Rohit Rathod\Desktop\JsapProject\JSAPNEW\Models\AuthModels.cs(751,47): warning CS8618: Non-nullable property 'NextApprover' must contain a non-null value when exiting constructor. Consider adding the 'required' modifier or declaring the property as nullable. [C:\Users\Rohit Rathod\Desktop\JsapProject\JSAPNEW\JSAPNEW.csproj]
C:\Users\Rohit Rathod\Desktop\JsapProject\JSAPNEW\Models\Auth2Models.cs(483,23): warning CS8618: Non-nullable property 'UserName' must contain a non-null value when exiting constructor. Consider adding the 'required' modifier or declaring the property as nullable. [C:\Users\Rohit Rathod\Desktop\JsapProject\JSAPNEW\JSAPNEW.csproj]
C:\Users\Rohit Rathod\Desktop\JsapProject\JSAPNEW\Models\Auth2Models.cs(484,23): warning CS8618: Non-nullable property 'Status' must contain a non-null value when exiting constructor. Consider adding the 'required' modifier or declaring the property as nullable. [C:\Users\Rohit Rathod\Desktop\JsapProject\JSAPNEW\JSAPNEW.csproj]
C:\Users\Rohit Rathod\Desktop\JsapProject\JSAPNEW\Models\Auth2Models.cs(485,23): warning CS8618: Non-nullable property 'StatusText' must contain a non-null value when exiting constructor. Consider adding the 'required' modifier or declaring the property as nullable. [C:\Users\Rohit Rathod\Desktop\JsapProject\JSAPNEW\JSAPNEW.csproj]
C:\Users\Rohit Rathod\Desktop\JsapProject\JSAPNEW\Models\Auth2Models.cs(486,23): warning CS8618: Non-nullable property 'Remarks' must contain a non-null value when exiting constructor. Consider adding the 'required' modifier or declaring the property as nullable. [C:\Users\Rohit Rathod\Desktop\JsapProject\JSAPNEW\JSAPNEW.csproj]
C:\Users\Rohit Rathod\Desktop\JsapProject\JSAPNEW\Models\Auth2Models.cs(432,23): warning CS8618: Non-nullable property 'Remarks' must contain a non-null value when exiting constructor. Consider adding the 'required' modifier or declaring the property as nullable. [C:\Users\Rohit Rathod\Desktop\JsapProject\JSAPNEW\JSAPNEW.csproj]
C:\Users\Rohit Rathod\Desktop\JsapProject\JSAPNEW\Models\AuthModels.cs(705,23): warning CS8618: Non-nullable property 'company' must contain a non-null value when exiting constructor. Consider adding the 'required' modifier or declaring the property as nullable. [C:\Users\Rohit Rathod\Desktop\JsapProject\JSAPNEW\JSAPNEW.csproj]
C:\Users\Rohit Rathod\Desktop\JsapProject\JSAPNEW\Models\AuthModels.cs(706,23): warning CS8618: Non-nullable property 'DocEntry' must contain a non-null value when exiting constructor. Consider adding the 'required' modifier or declaring the property as nullable. [C:\Users\Rohit Rathod\Desktop\JsapProject\JSAPNEW\JSAPNEW.csproj]
C:\Users\Rohit Rathod\Desktop\JsapProject\JSAPNEW\Models\AuthModels.cs(707,23): warning CS8618: Non-nullable property 'ObjectName' must contain a non-null value when exiting constructor. Consider adding the 'required' modifier or declaring the property as nullable. [C:\Users\Rohit Rathod\Desktop\JsapProject\JSAPNEW\JSAPNEW.csproj]
C:\Users\Rohit Rathod\Desktop\JsapProject\JSAPNEW\Models\AuthModels.cs(708,23): warning CS8618: Non-nullable property 'CardCode' must contain a non-null value when exiting constructor. Consider adding the 'required' modifier or declaring the property as nullable. [C:\Users\Rohit Rathod\Desktop\JsapProject\JSAPNEW\JSAPNEW.csproj]
C:\Users\Rohit Rathod\Desktop\JsapProject\JSAPNEW\Models\AuthModels.cs(709,23): warning CS8618: Non-nullable property 'CardName' must contain a non-null value when exiting constructor. Consider adding the 'required' modifier or declaring the property as nullable. [C:\Users\Rohit Rathod\Desktop\JsapProject\JSAPNEW\JSAPNEW.csproj]
C:\Users\Rohit Rathod\Desktop\JsapProject\JSAPNEW\Models\AuthModels.cs(710,23): warning CS8618: Non-nullable property 'DocDate' must contain a non-null value when exiting constructor. Consider adding the 'required' modifier or declaring the property as nullable. [C:\Users\Rohit Rathod\Desktop\JsapProject\JSAPNEW\JSAPNEW.csproj]
C:\Users\Rohit Rathod\Desktop\JsapProject\JSAPNEW\Models\AuthModels.cs(711,23): warning CS8618: Non-nullable property 'TotalAmount' must contain a non-null value when exiting constructor. Consider adding the 'required' modifier or declaring the property as nullable. [C:\Users\Rohit Rathod\Desktop\JsapProject\JSAPNEW\JSAPNEW.csproj]
C:\Users\Rohit Rathod\Desktop\JsapProject\JSAPNEW\Models\AuthModels.cs(712,23): warning CS8618: Non-nullable property 'RejectionStatus' must contain a non-null value when exiting constructor. Consider adding the 'required' modifier or declaring the property as nullable. [C:\Users\Rohit Rathod\Desktop\JsapProject\JSAPNEW\JSAPNEW.csproj]
C:\Users\Rohit Rathod\Desktop\JsapProject\JSAPNEW\Models\AuthModels.cs(713,23): warning CS8618: Non-nullable property 'RejectedOn' must contain a non-null value when exiting constructor. Consider adding the 'required' modifier or declaring the property as nullable. [C:\Users\Rohit Rathod\Desktop\JsapProject\JSAPNEW\JSAPNEW.csproj]
C:\Users\Rohit Rathod\Desktop\JsapProject\JSAPNEW\Models\AuthModels.cs(714,23): warning CS8618: Non-nullable property 'description' must contain a non-null value when exiting constructor. Consider adding the 'required' modifier or declaring the property as nullable. [C:\Users\Rohit Rathod\Desktop\JsapProject\JSAPNEW\JSAPNEW.csproj]
C:\Users\Rohit Rathod\Desktop\JsapProject\JSAPNEW\Models\AuthModels.cs(716,47): warning CS8618: Non-nullable property 'NextApprover' must contain a non-null value when exiting constructor. Consider adding the 'required' modifier or declaring the property as nullable. [C:\Users\Rohit Rathod\Desktop\JsapProject\JSAPNEW\JSAPNEW.csproj]
C:\Users\Rohit Rathod\Desktop\JsapProject\JSAPNEW\Models\AuthModels.cs(689,23): warning CS8618: Non-nullable property 'budget' must contain a non-null value when exiting constructor. Consider adding the 'required' modifier or declaring the property as nullable. [C:\Users\Rohit Rathod\Desktop\JsapProject\JSAPNEW\JSAPNEW.csproj]
C:\Users\Rohit Rathod\Desktop\JsapProject\JSAPNEW\Models\AuthModels.cs(691,23): warning CS8618: Non-nullable property 'company' must contain a non-null value when exiting constructor. Consider adding the 'required' modifier or declaring the property as nullable. [C:\Users\Rohit Rathod\Desktop\JsapProject\JSAPNEW\JSAPNEW.csproj]
C:\Users\Rohit Rathod\Desktop\JsapProject\JSAPNEW\Models\AuthModels.cs(692,23): warning CS8618: Non-nullable property 'DocEntry' must contain a non-null value when exiting constructor. Consider adding the 'required' modifier or declaring the property as nullable. [C:\Users\Rohit Rathod\Desktop\JsapProject\JSAPNEW\JSAPNEW.csproj]
C:\Users\Rohit Rathod\Desktop\JsapProject\JSAPNEW\Models\AuthModels.cs(693,23): warning CS8618: Non-nullable property 'ObjectName' must contain a non-null value when exiting constructor. Consider adding the 'required' modifier or declaring the property as nullable. [C:\Users\Rohit Rathod\Desktop\JsapProject\JSAPNEW\JSAPNEW.csproj]
C:\Users\Rohit Rathod\Desktop\JsapProject\JSAPNEW\Models\AuthModels.cs(694,23): warning CS8618: Non-nullable property 'CardCode' must contain a non-null value when exiting constructor. Consider adding the 'required' modifier or declaring the property as nullable. [C:\Users\Rohit Rathod\Desktop\JsapProject\JSAPNEW\JSAPNEW.csproj]
C:\Users\Rohit Rathod\Desktop\JsapProject\JSAPNEW\Models\AuthModels.cs(695,23): warning CS8618: Non-nullable property 'CardName' must contain a non-null value when exiting constructor. Consider adding the 'required' modifier or declaring the property as nullable. [C:\Users\Rohit Rathod\Desktop\JsapProject\JSAPNEW\JSAPNEW.csproj]
C:\Users\Rohit Rathod\Desktop\JsapProject\JSAPNEW\Models\AuthModels.cs(696,23): warning CS8618: Non-nullable property 'DocDate' must contain a non-null value when exiting constructor. Consider adding the 'required' modifier or declaring the property as nullable. [C:\Users\Rohit Rathod\Desktop\JsapProject\JSAPNEW\JSAPNEW.csproj]
C:\Users\Rohit Rathod\Desktop\JsapProject\JSAPNEW\Models\AuthModels.cs(697,23): warning CS8618: Non-nullable property 'TotalAmount' must contain a non-null value when exiting constructor. Consider adding the 'required' modifier or declaring the property as nullable. [C:\Users\Rohit Rathod\Desktop\JsapProject\JSAPNEW\JSAPNEW.csproj]
C:\Users\Rohit Rathod\Desktop\JsapProject\JSAPNEW\Models\AuthModels.cs(699,47): warning CS8618: Non-nullable property 'NextApprover' must contain a non-null value when exiting constructor. Consider adding the 'required' modifier or declaring the property as nullable. [C:\Users\Rohit Rathod\Desktop\JsapProject\JSAPNEW\JSAPNEW.csproj]
C:\Users\Rohit Rathod\Desktop\JsapProject\JSAPNEW\Models\Auth2Models.cs(338,23): warning CS8618: Non-nullable property 'Sub_Budget' must contain a non-null value when exiting constructor. Consider adding the 'required' modifier or declaring the property as nullable. [C:\Users\Rohit Rathod\Desktop\JsapProject\JSAPNEW\JSAPNEW.csproj]
C:\Users\Rohit Rathod\Desktop\JsapProject\JSAPNEW\Models\Auth2Models.cs(334,23): warning CS8618: Non-nullable property 'budget' must contain a non-null value when exiting constructor. Consider adding the 'required' modifier or declaring the property as nullable. [C:\Users\Rohit Rathod\Desktop\JsapProject\JSAPNEW\JSAPNEW.csproj]
C:\Users\Rohit Rathod\Desktop\JsapProject\JSAPNEW\Models\AuthModels.cs(537,23): warning CS8618: Non-nullable property 'UserName' must contain a non-null value when exiting constructor. Consider adding the 'required' modifier or declaring the property as nullable. [C:\Users\Rohit Rathod\Desktop\JsapProject\JSAPNEW\JSAPNEW.csproj]
C:\Users\Rohit Rathod\Desktop\JsapProject\JSAPNEW\Models\AuthModels.cs(541,23): warning CS8618: Non-nullable property 'Type' must contain a non-null value when exiting constructor. Consider adding the 'required' modifier or declaring the property as nullable. [C:\Users\Rohit Rathod\Desktop\JsapProject\JSAPNEW\JSAPNEW.csproj]
C:\Users\Rohit Rathod\Desktop\JsapProject\JSAPNEW\Models\Auth2Models.cs(529,23): warning CS8618: Non-nullable property 'stageName' must contain a non-null value when exiting constructor. Consider adding the 'required' modifier or declaring the property as nullable. [C:\Users\Rohit Rathod\Desktop\JsapProject\JSAPNEW\JSAPNEW.csproj]
C:\Users\Rohit Rathod\Desktop\JsapProject\JSAPNEW\Models\Auth2Models.cs(531,23): warning CS8618: Non-nullable property 'assignedTo' must contain a non-null value when exiting constructor. Consider adding the 'required' modifier or declaring the property as nullable. [C:\Users\Rohit Rathod\Desktop\JsapProject\JSAPNEW\JSAPNEW.csproj]
C:\Users\Rohit Rathod\Desktop\JsapProject\JSAPNEW\Models\Auth2Models.cs(532,23): warning CS8618: Non-nullable property 'actionStatus' must contain a non-null value when exiting constructor. Consider adding the 'required' modifier or declaring the property as nullable. [C:\Users\Rohit Rathod\Desktop\JsapProject\JSAPNEW\JSAPNEW.csproj]
C:\Users\Rohit Rathod\Desktop\JsapProject\JSAPNEW\Models\Auth2Models.cs(534,23): warning CS8618: Non-nullable property 'description' must contain a non-null value when exiting constructor. Consider adding the 'required' modifier or declaring the property as nullable. [C:\Users\Rohit Rathod\Desktop\JsapProject\JSAPNEW\JSAPNEW.csproj]
C:\Users\Rohit Rathod\Desktop\JsapProject\JSAPNEW\Models\AuthModels.cs(648,23): warning CS8618: Non-nullable property 'Company' must contain a non-null value when exiting constructor. Consider adding the 'required' modifier or declaring the property as nullable. [C:\Users\Rohit Rathod\Desktop\JsapProject\JSAPNEW\JSAPNEW.csproj]
C:\Users\Rohit Rathod\Desktop\JsapProject\JSAPNEW\Models\AuthModels.cs(652,23): warning CS8618: Non-nullable property 'objectName' must contain a non-null value when exiting constructor. Consider adding the 'required' modifier or declaring the property as nullable. [C:\Users\Rohit Rathod\Desktop\JsapProject\JSAPNEW\JSAPNEW.csproj]
C:\Users\Rohit Rathod\Desktop\JsapProject\JSAPNEW\Models\AuthModels.cs(653,23): warning CS8618: Non-nullable property 'AcctCode' must contain a non-null value when exiting constructor. Consider adding the 'required' modifier or declaring the property as nullable. [C:\Users\Rohit Rathod\Desktop\JsapProject\JSAPNEW\JSAPNEW.csproj]
C:\Users\Rohit Rathod\Desktop\JsapProject\JSAPNEW\Models\AuthModels.cs(654,23): warning CS8618: Non-nullable property 'AcctName' must contain a non-null value when exiting constructor. Consider adding the 'required' modifier or declaring the property as nullable. [C:\Users\Rohit Rathod\Desktop\JsapProject\JSAPNEW\JSAPNEW.csproj]
C:\Users\Rohit Rathod\Desktop\JsapProject\JSAPNEW\Models\AuthModels.cs(655,23): warning CS8618: Non-nullable property 'CardCode' must contain a non-null value when exiting constructor. Consider adding the 'required' modifier or declaring the property as nullable. [C:\Users\Rohit Rathod\Desktop\JsapProject\JSAPNEW\JSAPNEW.csproj]
C:\Users\Rohit Rathod\Desktop\JsapProject\JSAPNEW\Models\AuthModels.cs(656,23): warning CS8618: Non-nullable property 'CardName' must contain a non-null value when exiting constructor. Consider adding the 'required' modifier or declaring the property as nullable. [C:\Users\Rohit Rathod\Desktop\JsapProject\JSAPNEW\JSAPNEW.csproj]
C:\Users\Rohit Rathod\Desktop\JsapProject\JSAPNEW\Models\AuthModels.cs(659,23): warning CS8618: Non-nullable property 'EffectMonth' must contain a non-null value when exiting constructor. Consider adding the 'required' modifier or declaring the property as nullable. [C:\Users\Rohit Rathod\Desktop\JsapProject\JSAPNEW\JSAPNEW.csproj]
C:\Users\Rohit Rathod\Desktop\JsapProject\JSAPNEW\Models\AuthModels.cs(660,23): warning CS8618: Non-nullable property 'BudgetOwner' must contain a non-null value when exiting constructor. Consider adding the 'required' modifier or declaring the property as nullable. [C:\Users\Rohit Rathod\Desktop\JsapProject\JSAPNEW\JSAPNEW.csproj]
C:\Users\Rohit Rathod\Desktop\JsapProject\JSAPNEW\Models\AuthModels.cs(663,23): warning CS8618: Non-nullable property 'LineRemarks' must contain a non-null value when exiting constructor. Consider adding the 'required' modifier or declaring the property as nullable. [C:\Users\Rohit Rathod\Desktop\JsapProject\JSAPNEW\JSAPNEW.csproj]
C:\Users\Rohit Rathod\Desktop\JsapProject\JSAPNEW\Models\AuthModels.cs(664,23): warning CS8618: Non-nullable property 'State' must contain a non-null value when exiting constructor. Consider adding the 'required' modifier or declaring the property as nullable. [C:\Users\Rohit Rathod\Desktop\JsapProject\JSAPNEW\JSAPNEW.csproj]
C:\Users\Rohit Rathod\Desktop\JsapProject\JSAPNEW\Models\AuthModels.cs(665,23): warning CS8618: Non-nullable property 'Budget' must contain a non-null value when exiting constructor. Consider adding the 'required' modifier or declaring the property as nullable. [C:\Users\Rohit Rathod\Desktop\JsapProject\JSAPNEW\JSAPNEW.csproj]
C:\Users\Rohit Rathod\Desktop\JsapProject\JSAPNEW\Models\AuthModels.cs(666,23): warning CS8618: Non-nullable property 'SubBudget' must contain a non-null value when exiting constructor. Consider adding the 'required' modifier or declaring the property as nullable. [C:\Users\Rohit Rathod\Desktop\JsapProject\JSAPNEW\JSAPNEW.csproj]
C:\Users\Rohit Rathod\Desktop\JsapProject\JSAPNEW\Models\AuthModels.cs(667,23): warning CS8618: Non-nullable property 'variety' must contain a non-null value when exiting constructor. Consider adding the 'required' modifier or declaring the property as nullable. [C:\Users\Rohit Rathod\Desktop\JsapProject\JSAPNEW\JSAPNEW.csproj]
C:\Users\Rohit Rathod\Desktop\JsapProject\JSAPNEW\Models\AuthModels.cs(668,23): warning CS8618: Non-nullable property 'Comments' must contain a non-null value when exiting constructor. Consider adding the 'required' modifier or declaring the property as nullable. [C:\Users\Rohit Rathod\Desktop\JsapProject\JSAPNEW\JSAPNEW.csproj]
C:\Users\Rohit Rathod\Desktop\JsapProject\JSAPNEW\Models\AuthModels.cs(547,23): warning CS8618: Non-nullable property 'loginUser' must contain a non-null value when exiting constructor. Consider adding the 'required' modifier or declaring the property as nullable. [C:\Users\Rohit Rathod\Desktop\JsapProject\JSAPNEW\JSAPNEW.csproj]
C:\Users\Rohit Rathod\Desktop\JsapProject\JSAPNEW\Models\AuthModels.cs(550,23): warning CS8618: Non-nullable property 'status' must contain a non-null value when exiting constructor. Consider adding the 'required' modifier or declaring the property as nullable. [C:\Users\Rohit Rathod\Desktop\JsapProject\JSAPNEW\JSAPNEW.csproj]
C:\Users\Rohit Rathod\Desktop\JsapProject\JSAPNEW\Models\AuthModels.cs(551,23): warning CS8618: Non-nullable property 'remark' must contain a non-null value when exiting constructor. Consider adding the 'required' modifier or declaring the property as nullable. [C:\Users\Rohit Rathod\Desktop\JsapProject\JSAPNEW\JSAPNEW.csproj]
C:\Users\Rohit Rathod\Desktop\JsapProject\JSAPNEW\Models\AuthModels.cs(552,23): warning CS8618: Non-nullable property 'createdAt' must contain a non-null value when exiting constructor. Consider adding the 'required' modifier or declaring the property as nullable. [C:\Users\Rohit Rathod\Desktop\JsapProject\JSAPNEW\JSAPNEW.csproj]
C:\Users\Rohit Rathod\Desktop\JsapProject\JSAPNEW\Models\Auth2Models.cs(319,23): warning CS8618: Non-nullable property 'SubBudgetName' must contain a non-null value when exiting constructor. Consider adding the 'required' modifier or declaring the property as nullable. [C:\Users\Rohit Rathod\Desktop\JsapProject\JSAPNEW\JSAPNEW.csproj]
C:\Users\Rohit Rathod\Desktop\JsapProject\JSAPNEW\Models\Auth2Models.cs(324,23): warning CS8618: Non-nullable property 'AllocationStatus' must contain a non-null value when exiting constructor. Consider adding the 'required' modifier or declaring the property as nullable. [C:\Users\Rohit Rathod\Desktop\JsapProject\JSAPNEW\JSAPNEW.csproj]
C:\Users\Rohit Rathod\Desktop\JsapProject\JSAPNEW\Models\AuthModels.cs(571,23): warning CS8618: Non-nullable property 'stageName' must contain a non-null value when exiting constructor. Consider adding the 'required' modifier or declaring the property as nullable. [C:\Users\Rohit Rathod\Desktop\JsapProject\JSAPNEW\JSAPNEW.csproj]
C:\Users\Rohit Rathod\Desktop\JsapProject\JSAPNEW\Models\AuthModels.cs(572,23): warning CS8618: Non-nullable property 'tempName' must contain a non-null value when exiting constructor. Consider adding the 'required' modifier or declaring the property as nullable. [C:\Users\Rohit Rathod\Desktop\JsapProject\JSAPNEW\JSAPNEW.csproj]
C:\Users\Rohit Rathod\Desktop\JsapProject\JSAPNEW\Models\Auth2Models.cs(241,30): warning CS8618: Non-nullable property 'Data' must contain a non-null value when exiting constructor. Consider adding the 'required' modifier or declaring the property as nullable. [C:\Users\Rohit Rathod\Desktop\JsapProject\JSAPNEW\JSAPNEW.csproj]
C:\Users\Rohit Rathod\Desktop\JsapProject\JSAPNEW\Models\AuthModels.cs(463,23): warning CS8618: Non-nullable property 'stage' must contain a non-null value when exiting constructor. Consider adding the 'required' modifier or declaring the property as nullable. [C:\Users\Rohit Rathod\Desktop\JsapProject\JSAPNEW\JSAPNEW.csproj]
C:\Users\Rohit Rathod\Desktop\JsapProject\JSAPNEW\Models\AuthModels.cs(464,23): warning CS8618: Non-nullable property 'createdBy' must contain a non-null value when exiting constructor. Consider adding the 'required' modifier or declaring the property as nullable. [C:\Users\Rohit Rathod\Desktop\JsapProject\JSAPNEW\JSAPNEW.csproj]
C:\Users\Rohit Rathod\Desktop\JsapProject\JSAPNEW\Models\AuthModels.cs(466,23): warning CS8618: Non-nullable property 'description' must contain a non-null value when exiting constructor. Consider adding the 'required' modifier or declaring the property as nullable. [C:\Users\Rohit Rathod\Desktop\JsapProject\JSAPNEW\JSAPNEW.csproj]
C:\Users\Rohit Rathod\Desktop\JsapProject\JSAPNEW\Models\Auth2Models.cs(508,23): warning CS8618: Non-nullable property 'budgetName' must contain a non-null value when exiting constructor. Consider adding the 'required' modifier or declaring the property as nullable. [C:\Users\Rohit Rathod\Desktop\JsapProject\JSAPNEW\JSAPNEW.csproj]
C:\Users\Rohit Rathod\Desktop\JsapProject\JSAPNEW\Models\Auth2Models.cs(510,23): warning CS8618: Non-nullable property 'allocationMonth' must contain a non-null value when exiting constructor. Consider adding the 'required' modifier or declaring the property as nullable. [C:\Users\Rohit Rathod\Desktop\JsapProject\JSAPNEW\JSAPNEW.csproj]
C:\Users\Rohit Rathod\Desktop\JsapProject\JSAPNEW\Models\Auth2Models.cs(515,23): warning CS8618: Non-nullable property 'createdBy' must contain a non-null value when exiting constructor. Consider adding the 'required' modifier or declaring the property as nullable. [C:\Users\Rohit Rathod\Desktop\JsapProject\JSAPNEW\JSAPNEW.csproj]
C:\Users\Rohit Rathod\Desktop\JsapProject\JSAPNEW\Models\Auth2Models.cs(518,23): warning CS8618: Non-nullable property 'flowStatus' must contain a non-null value when exiting constructor. Consider adding the 'required' modifier or declaring the property as nullable. [C:\Users\Rohit Rathod\Desktop\JsapProject\JSAPNEW\JSAPNEW.csproj]
C:\Users\Rohit Rathod\Desktop\JsapProject\JSAPNEW\Models\Auth2Models.cs(521,23): warning CS8618: Non-nullable property 'Status' must contain a non-null value when exiting constructor. Consider adding the 'required' modifier or declaring the property as nullable. [C:\Users\Rohit Rathod\Desktop\JsapProject\JSAPNEW\JSAPNEW.csproj]
C:\Users\Rohit Rathod\Desktop\JsapProject\JSAPNEW\Models\Auth2Models.cs(522,23): warning CS8618: Non-nullable property 'remarks' must contain a non-null value when exiting constructor. Consider adding the 'required' modifier or declaring the property as nullable. [C:\Users\Rohit Rathod\Desktop\JsapProject\JSAPNEW\JSAPNEW.csproj]
C:\Users\Rohit Rathod\Desktop\JsapProject\JSAPNEW\Models\Auth2Models.cs(223,29): warning CS8618: Non-nullable property 'Budgets' must contain a non-null value when exiting constructor. Consider adding the 'required' modifier or declaring the property as nullable. [C:\Users\Rohit Rathod\Desktop\JsapProject\JSAPNEW\JSAPNEW.csproj]
C:\Users\Rohit Rathod\Desktop\JsapProject\JSAPNEW\Models\Auth2Models.cs(224,38): warning CS8618: Non-nullable property 'SubBudgets' must contain a non-null value when exiting constructor. Consider adding the 'required' modifier or declaring the property as nullable. [C:\Users\Rohit Rathod\Desktop\JsapProject\JSAPNEW\JSAPNEW.csproj]
C:\Users\Rohit Rathod\Desktop\JsapProject\JSAPNEW\Models\AuthModels.cs(445,23): warning CS8618: Non-nullable property 'tempName' must contain a non-null value when exiting constructor. Consider adding the 'required' modifier or declaring the property as nullable. [C:\Users\Rohit Rathod\Desktop\JsapProject\JSAPNEW\JSAPNEW.csproj]
C:\Users\Rohit Rathod\Desktop\JsapProject\JSAPNEW\Models\AuthModels.cs(447,23): warning CS8618: Non-nullable property 'tempCreatedOn' must contain a non-null value when exiting constructor. Consider adding the 'required' modifier or declaring the property as nullable. [C:\Users\Rohit Rathod\Desktop\JsapProject\JSAPNEW\JSAPNEW.csproj]
C:\Users\Rohit Rathod\Desktop\JsapProject\JSAPNEW\Models\AuthModels.cs(448,23): warning CS8618: Non-nullable property 'createdBy' must contain a non-null value when exiting constructor. Consider adding the 'required' modifier or declaring the property as nullable. [C:\Users\Rohit Rathod\Desktop\JsapProject\JSAPNEW\JSAPNEW.csproj]
C:\Users\Rohit Rathod\Desktop\JsapProject\JSAPNEW\Models\AuthModels.cs(450,23): warning CS8618: Non-nullable property 'stage' must contain a non-null value when exiting constructor. Consider adding the 'required' modifier or declaring the property as nullable. [C:\Users\Rohit Rathod\Desktop\JsapProject\JSAPNEW\JSAPNEW.csproj]
C:\Users\Rohit Rathod\Desktop\JsapProject\JSAPNEW\Models\AuthModels.cs(451,23): warning CS8618: Non-nullable property 'description' must contain a non-null value when exiting constructor. Consider adding the 'required' modifier or declaring the property as nullable. [C:\Users\Rohit Rathod\Desktop\JsapProject\JSAPNEW\JSAPNEW.csproj]
C:\Users\Rohit Rathod\Desktop\JsapProject\JSAPNEW\Models\AuthModels.cs(452,23): warning CS8618: Non-nullable property 'stageCreatedOn' must contain a non-null value when exiting constructor. Consider adding the 'required' modifier or declaring the property as nullable. [C:\Users\Rohit Rathod\Desktop\JsapProject\JSAPNEW\JSAPNEW.csproj]
C:\Users\Rohit Rathod\Desktop\JsapProject\JSAPNEW\Models\AuthModels.cs(455,23): warning CS8618: Non-nullable property 'queryName' must contain a non-null value when exiting constructor. Consider adding the 'required' modifier or declaring the property as nullable. [C:\Users\Rohit Rathod\Desktop\JsapProject\JSAPNEW\JSAPNEW.csproj]
C:\Users\Rohit Rathod\Desktop\JsapProject\JSAPNEW\Models\AuthModels.cs(456,23): warning CS8618: Non-nullable property 'query' must contain a non-null value when exiting constructor. Consider adding the 'required' modifier or declaring the property as nullable. [C:\Users\Rohit Rathod\Desktop\JsapProject\JSAPNEW\JSAPNEW.csproj]
C:\Users\Rohit Rathod\Desktop\JsapProject\JSAPNEW\Models\AuthModels.cs(457,23): warning CS8618: Non-nullable property 'approvalName' must contain a non-null value when exiting constructor. Consider adding the 'required' modifier or declaring the property as nullable. [C:\Users\Rohit Rathod\Desktop\JsapProject\JSAPNEW\JSAPNEW.csproj]
C:\Users\Rohit Rathod\Desktop\JsapProject\JSAPNEW\Models\Auth2Models.cs(194,23): warning CS8618: Non-nullable property 'Message' must contain a non-null value when exiting constructor. Consider adding the 'required' modifier or declaring the property as nullable. [C:\Users\Rohit Rathod\Desktop\JsapProject\JSAPNEW\JSAPNEW.csproj]
C:\Users\Rohit Rathod\Desktop\JsapProject\JSAPNEW\Models\Auth2Models.cs(195,31): warning CS8618: Non-nullable property 'BudgetInfo' must contain a non-null value when exiting constructor. Consider adding the 'required' modifier or declaring the property as nullable. [C:\Users\Rohit Rathod\Desktop\JsapProject\JSAPNEW\JSAPNEW.csproj]
C:\Users\Rohit Rathod\Desktop\JsapProject\JSAPNEW\Models\Auth2Models.cs(196,34): warning CS8618: Non-nullable property 'SubBudgetInfo' must contain a non-null value when exiting constructor. Consider adding the 'required' modifier or declaring the property as nullable. [C:\Users\Rohit Rathod\Desktop\JsapProject\JSAPNEW\JSAPNEW.csproj]
C:\Users\Rohit Rathod\Desktop\JsapProject\JSAPNEW\Models\Auth2Models.cs(197,51): warning CS8618: Non-nullable property 'MonthlyComparison' must contain a non-null value when exiting constructor. Consider adding the 'required' modifier or declaring the property as nullable. [C:\Users\Rohit Rathod\Desktop\JsapProject\JSAPNEW\JSAPNEW.csproj]
C:\Users\Rohit Rathod\Desktop\JsapProject\JSAPNEW\Models\Auth2Models.cs(464,23): warning CS8618: Non-nullable property 'BudgetName' must contain a non-null value when exiting constructor. Consider adding the 'required' modifier or declaring the property as nullable. [C:\Users\Rohit Rathod\Desktop\JsapProject\JSAPNEW\JSAPNEW.csproj]
C:\Users\Rohit Rathod\Desktop\JsapProject\JSAPNEW\Models\Auth2Models.cs(471,23): warning CS8618: Non-nullable property 'CreatedBy' must contain a non-null value when exiting constructor. Consider adding the 'required' modifier or declaring the property as nullable. [C:\Users\Rohit Rathod\Desktop\JsapProject\JSAPNEW\JSAPNEW.csproj]
C:\Users\Rohit Rathod\Desktop\JsapProject\JSAPNEW\Models\Auth2Models.cs(474,23): warning CS8618: Non-nullable property 'FlowStatus' must contain a non-null value when exiting constructor. Consider adding the 'required' modifier or declaring the property as nullable. [C:\Users\Rohit Rathod\Desktop\JsapProject\JSAPNEW\JSAPNEW.csproj]
C:\Users\Rohit Rathod\Desktop\JsapProject\JSAPNEW\Models\Auth2Models.cs(215,23): warning CS8618: Non-nullable property 'SubBudgetName' must contain a non-null value when exiting constructor. Consider adding the 'required' modifier or declaring the property as nullable. [C:\Users\Rohit Rathod\Desktop\JsapProject\JSAPNEW\JSAPNEW.csproj]
C:\Users\Rohit Rathod\Desktop\JsapProject\JSAPNEW\Models\Auth2Models.cs(216,23): warning CS8618: Non-nullable property 'Description' must contain a non-null value when exiting constructor. Consider adding the 'required' modifier or declaring the property as nullable. [C:\Users\Rohit Rathod\Desktop\JsapProject\JSAPNEW\JSAPNEW.csproj]
C:\Users\Rohit Rathod\Desktop\JsapProject\JSAPNEW\Models\AuthModels.cs(418,23): warning CS8618: Non-nullable property 'userName' must contain a non-null value when exiting constructor. Consider adding the 'required' modifier or declaring the property as nullable. [C:\Users\Rohit Rathod\Desktop\JsapProject\JSAPNEW\JSAPNEW.csproj]
C:\Users\Rohit Rathod\Desktop\JsapProject\JSAPNEW\Models\AuthModels.cs(420,23): warning CS8618: Non-nullable property 'status' must contain a non-null value when exiting constructor. Consider adding the 'required' modifier or declaring the property as nullable. [C:\Users\Rohit Rathod\Desktop\JsapProject\JSAPNEW\JSAPNEW.csproj]
C:\Users\Rohit Rathod\Desktop\JsapProject\JSAPNEW\Models\AuthModels.cs(421,23): warning CS8618: Non-nullable property 'remark' must contain a non-null value when exiting constructor. Consider adding the 'required' modifier or declaring the property as nullable. [C:\Users\Rohit Rathod\Desktop\JsapProject\JSAPNEW\JSAPNEW.csproj]
C:\Users\Rohit Rathod\Desktop\JsapProject\JSAPNEW\Models\AuthModels.cs(422,23): warning CS8618: Non-nullable property 'createdAt' must contain a non-null value when exiting constructor. Consider adding the 'required' modifier or declaring the property as nullable. [C:\Users\Rohit Rathod\Desktop\JsapProject\JSAPNEW\JSAPNEW.csproj]
C:\Users\Rohit Rathod\Desktop\JsapProject\JSAPNEW\Models\Auth2Models.cs(309,23): warning CS8618: Non-nullable property 'BudgetName' must contain a non-null value when exiting constructor. Consider adding the 'required' modifier or declaring the property as nullable. [C:\Users\Rohit Rathod\Desktop\JsapProject\JSAPNEW\JSAPNEW.csproj]
C:\Users\Rohit Rathod\Desktop\JsapProject\JSAPNEW\Models\Auth2Models.cs(183,23): warning CS8618: Non-nullable property 'AllocationMonth' must contain a non-null value when exiting constructor. Consider adding the 'required' modifier or declaring the property as nullable. [C:\Users\Rohit Rathod\Desktop\JsapProject\JSAPNEW\JSAPNEW.csproj]
C:\Users\Rohit Rathod\Desktop\JsapProject\JSAPNEW\Models\Auth2Models.cs(185,23): warning CS8618: Non-nullable property 'BudgetNotes' must contain a non-null value when exiting constructor. Consider adding the 'required' modifier or declaring the property as nullable. [C:\Users\Rohit Rathod\Desktop\JsapProject\JSAPNEW\JSAPNEW.csproj]
C:\Users\Rohit Rathod\Desktop\JsapProject\JSAPNEW\Models\Auth2Models.cs(187,23): warning CS8618: Non-nullable property 'SubBudgetNotes' must contain a non-null value when exiting constructor. Consider adding the 'required' modifier or declaring the property as nullable. [C:\Users\Rohit Rathod\Desktop\JsapProject\JSAPNEW\JSAPNEW.csproj]
C:\Users\Rohit Rathod\Desktop\JsapProject\JSAPNEW\Models\Auth2Models.cs(188,23): warning CS8618: Non-nullable property 'AllocationStatus' must contain a non-null value when exiting constructor. Consider adding the 'required' modifier or declaring the property as nullable. [C:\Users\Rohit Rathod\Desktop\JsapProject\JSAPNEW\JSAPNEW.csproj]
C:\Users\Rohit Rathod\Desktop\JsapProject\JSAPNEW\Models\AuthModels.cs(311,23): warning CS8618: Non-nullable property 'role' must contain a non-null value when exiting constructor. Consider adding the 'required' modifier or declaring the property as nullable. [C:\Users\Rohit Rathod\Desktop\JsapProject\JSAPNEW\JSAPNEW.csproj]
C:\Users\Rohit Rathod\Desktop\JsapProject\JSAPNEW\Models\AuthModels.cs(317,23): warning CS8618: Non-nullable property 'description' must contain a non-null value when exiting constructor. Consider adding the 'required' modifier or declaring the property as nullable. [C:\Users\Rohit Rathod\Desktop\JsapProject\JSAPNEW\JSAPNEW.csproj]
C:\Users\Rohit Rathod\Desktop\JsapProject\JSAPNEW\Models\AuthModels.cs(319,23): warning CS8618: Non-nullable property 'pageIds' must contain a non-null value when exiting constructor. Consider adding the 'required' modifier or declaring the property as nullable. [C:\Users\Rohit Rathod\Desktop\JsapProject\JSAPNEW\JSAPNEW.csproj]
C:\Users\Rohit Rathod\Desktop\JsapProject\JSAPNEW\Models\Auth2Models.cs(124,23): warning CS8618: Non-nullable property 'BudgetNotes' must contain a non-null value when exiting constructor. Consider adding the 'required' modifier or declaring the property as nullable. [C:\Users\Rohit Rathod\Desktop\JsapProject\JSAPNEW\JSAPNEW.csproj]
C:\Users\Rohit Rathod\Desktop\JsapProject\JSAPNEW\Models\Auth2Models.cs(125,48): warning CS8618: Non-nullable property 'SubBudgetAllocations' must contain a non-null value when exiting constructor. Consider adding the 'required' modifier or declaring the property as nullable. [C:\Users\Rohit Rathod\Desktop\JsapProject\JSAPNEW\JSAPNEW.csproj]
C:\Users\Rohit Rathod\Desktop\JsapProject\JSAPNEW\Models\Auth2Models.cs(106,23): warning CS8618: Non-nullable property 'Message' must contain a non-null value when exiting constructor. Consider adding the 'required' modifier or declaring the property as nullable. [C:\Users\Rohit Rathod\Desktop\JsapProject\JSAPNEW\JSAPNEW.csproj]
C:\Users\Rohit Rathod\Desktop\JsapProject\JSAPNEW\Models\Auth2Models.cs(108,23): warning CS8618: Non-nullable property 'BudgetName' must contain a non-null value when exiting constructor. Consider adding the 'required' modifier or declaring the property as nullable. [C:\Users\Rohit Rathod\Desktop\JsapProject\JSAPNEW\JSAPNEW.csproj]
C:\Users\Rohit Rathod\Desktop\JsapProject\JSAPNEW\Models\Auth2Models.cs(131,23): warning CS8618: Non-nullable property 'Message' must contain a non-null value when exiting constructor. Consider adding the 'required' modifier or declaring the property as nullable. [C:\Users\Rohit Rathod\Desktop\JsapProject\JSAPNEW\JSAPNEW.csproj]
C:\Users\Rohit Rathod\Desktop\JsapProject\JSAPNEW\Models\Auth2Models.cs(96,23): warning CS8618: Non-nullable property 'BudgetName' must contain a non-null value when exiting constructor. Consider adding the 'required' modifier or declaring the property as nullable. [C:\Users\Rohit Rathod\Desktop\JsapProject\JSAPNEW\JSAPNEW.csproj]
C:\Users\Rohit Rathod\Desktop\JsapProject\JSAPNEW\Models\Auth2Models.cs(97,23): warning CS8618: Non-nullable property 'Description' must contain a non-null value when exiting constructor. Consider adding the 'required' modifier or declaring the property as nullable. [C:\Users\Rohit Rathod\Desktop\JsapProject\JSAPNEW\JSAPNEW.csproj]
C:\Users\Rohit Rathod\Desktop\JsapProject\JSAPNEW\Models\Auth2Models.cs(100,38): warning CS8618: Non-nullable property 'SubBudgets' must contain a non-null value when exiting constructor. Consider adding the 'required' modifier or declaring the property as nullable. [C:\Users\Rohit Rathod\Desktop\JsapProject\JSAPNEW\JSAPNEW.csproj]
C:\Users\Rohit Rathod\Desktop\JsapProject\JSAPNEW\Models\Auth2Models.cs(89,23): warning CS8618: Non-nullable property 'SubBudgetName' must contain a non-null value when exiting constructor. Consider adding the 'required' modifier or declaring the property as nullable. [C:\Users\Rohit Rathod\Desktop\JsapProject\JSAPNEW\JSAPNEW.csproj]
C:\Users\Rohit Rathod\Desktop\JsapProject\JSAPNEW\Models\Auth2Models.cs(90,23): warning CS8618: Non-nullable property 'Description' must contain a non-null value when exiting constructor. Consider adding the 'required' modifier or declaring the property as nullable. [C:\Users\Rohit Rathod\Desktop\JsapProject\JSAPNEW\JSAPNEW.csproj]
C:\Users\Rohit Rathod\Desktop\JsapProject\JSAPNEW\Models\Auth2Models.cs(203,23): warning CS8618: Non-nullable property 'BudgetName' must contain a non-null value when exiting constructor. Consider adding the 'required' modifier or declaring the property as nullable. [C:\Users\Rohit Rathod\Desktop\JsapProject\JSAPNEW\JSAPNEW.csproj]
C:\Users\Rohit Rathod\Desktop\JsapProject\JSAPNEW\Models\Auth2Models.cs(204,23): warning CS8618: Non-nullable property 'Description' must contain a non-null value when exiting constructor. Consider adding the 'required' modifier or declaring the property as nullable. [C:\Users\Rohit Rathod\Desktop\JsapProject\JSAPNEW\JSAPNEW.csproj]
C:\Users\Rohit Rathod\Desktop\JsapProject\JSAPNEW\Models\Auth2Models.cs(79,23): warning CS8618: Non-nullable property 'NewTemplateName' must contain a non-null value when exiting constructor. Consider adding the 'required' modifier or declaring the property as nullable. [C:\Users\Rohit Rathod\Desktop\JsapProject\JSAPNEW\JSAPNEW.csproj]
C:\Users\Rohit Rathod\Desktop\JsapProject\JSAPNEW\Models\Auth2Models.cs(80,23): warning CS8618: Non-nullable property 'StagesJson' must contain a non-null value when exiting constructor. Consider adding the 'required' modifier or declaring the property as nullable. [C:\Users\Rohit Rathod\Desktop\JsapProject\JSAPNEW\JSAPNEW.csproj]
C:\Users\Rohit Rathod\Desktop\JsapProject\JSAPNEW\Models\Auth2Models.cs(81,23): warning CS8618: Non-nullable property 'ApprovalIds' must contain a non-null value when exiting constructor. Consider adding the 'required' modifier or declaring the property as nullable. [C:\Users\Rohit Rathod\Desktop\JsapProject\JSAPNEW\JSAPNEW.csproj]
C:\Users\Rohit Rathod\Desktop\JsapProject\JSAPNEW\Models\Auth2Models.cs(68,23): warning CS8618: Non-nullable property 'stageName' must contain a non-null value when exiting constructor. Consider adding the 'required' modifier or declaring the property as nullable. [C:\Users\Rohit Rathod\Desktop\JsapProject\JSAPNEW\JSAPNEW.csproj]
C:\Users\Rohit Rathod\Desktop\JsapProject\JSAPNEW\Models\Auth2Models.cs(69,23): warning CS8618: Non-nullable property 'stageDescription' must contain a non-null value when exiting constructor. Consider adding the 'required' modifier or declaring the property as nullable. [C:\Users\Rohit Rathod\Desktop\JsapProject\JSAPNEW\JSAPNEW.csproj]
C:\Users\Rohit Rathod\Desktop\JsapProject\JSAPNEW\Models\Auth2Models.cs(72,26): warning CS8618: Non-nullable property 'userIds' must contain a non-null value when exiting constructor. Consider adding the 'required' modifier or declaring the property as nullable. [C:\Users\Rohit Rathod\Desktop\JsapProject\JSAPNEW\JSAPNEW.csproj]
C:\Users\Rohit Rathod\Desktop\JsapProject\JSAPNEW\Models\Auth2Models.cs(36,23): warning CS8618: Non-nullable property 'approvalName' must contain a non-null value when exiting constructor. Consider adding the 'required' modifier or declaring the property as nullable. [C:\Users\Rohit Rathod\Desktop\JsapProject\JSAPNEW\JSAPNEW.csproj]
C:\Users\Rohit Rathod\Desktop\JsapProject\JSAPNEW\Models\AuthModels.cs(178,23): warning CS8618: Non-nullable property 'report' must contain a non-null value when exiting constructor. Consider adding the 'required' modifier or declaring the property as nullable. [C:\Users\Rohit Rathod\Desktop\JsapProject\JSAPNEW\JSAPNEW.csproj]
C:\Users\Rohit Rathod\Desktop\JsapProject\JSAPNEW\Models\Auth2Models.cs(156,23): warning CS8618: Non-nullable property 'BudgetName' must contain a non-null value when exiting constructor. Consider adding the 'required' modifier or declaring the property as nullable. [C:\Users\Rohit Rathod\Desktop\JsapProject\JSAPNEW\JSAPNEW.csproj]
C:\Users\Rohit Rathod\Desktop\JsapProject\JSAPNEW\Models\Auth2Models.cs(157,23): warning CS8618: Non-nullable property 'BudgetDescription' must contain a non-null value when exiting constructor. Consider adding the 'required' modifier or declaring the property as nullable. [C:\Users\Rohit Rathod\Desktop\JsapProject\JSAPNEW\JSAPNEW.csproj]
C:\Users\Rohit Rathod\Desktop\JsapProject\JSAPNEW\Models\Auth2Models.cs(12,23): warning CS8618: Non-nullable property 'templateName' must contain a non-null value when exiting constructor. Consider adding the 'required' modifier or declaring the property as nullable. [C:\Users\Rohit Rathod\Desktop\JsapProject\JSAPNEW\JSAPNEW.csproj]
C:\Users\Rohit Rathod\Desktop\JsapProject\JSAPNEW\Models\AdvanceRequestModels.cs(257,23): warning CS8618: Non-nullable property 'Po' must contain a non-null value when exiting constructor. Consider adding the 'required' modifier or declaring the property as nullable. [C:\Users\Rohit Rathod\Desktop\JsapProject\JSAPNEW\JSAPNEW.csproj]
C:\Users\Rohit Rathod\Desktop\JsapProject\JSAPNEW\Models\AdvanceRequestModels.cs(262,23): warning CS8618: Non-nullable property 'Message' must contain a non-null value when exiting constructor. Consider adding the 'required' modifier or declaring the property as nullable. [C:\Users\Rohit Rathod\Desktop\JsapProject\JSAPNEW\JSAPNEW.csproj]
C:\Users\Rohit Rathod\Desktop\JsapProject\JSAPNEW\Models\AdvanceRequestModels.cs(263,18): warning CS8618: Non-nullable property 'Data' must contain a non-null value when exiting constructor. Consider adding the 'required' modifier or declaring the property as nullable. [C:\Users\Rohit Rathod\Desktop\JsapProject\JSAPNEW\JSAPNEW.csproj]
C:\Users\Rohit Rathod\Desktop\JsapProject\JSAPNEW\Models\AdvanceRequestModels.cs(252,41): warning CS8618: Non-nullable property 'Value' must contain a non-null value when exiting constructor. Consider adding the 'required' modifier or declaring the property as nullable. [C:\Users\Rohit Rathod\Desktop\JsapProject\JSAPNEW\JSAPNEW.csproj]
C:\Users\Rohit Rathod\Desktop\JsapProject\JSAPNEW\Models\AuthModels.cs(249,23): warning CS8618: Non-nullable property 'userName' must contain a non-null value when exiting constructor. Consider adding the 'required' modifier or declaring the property as nullable. [C:\Users\Rohit Rathod\Desktop\JsapProject\JSAPNEW\JSAPNEW.csproj]
C:\Users\Rohit Rathod\Desktop\JsapProject\JSAPNEW\Models\AuthModels.cs(250,23): warning CS8618: Non-nullable property 'userPhoneNumber' must contain a non-null value when exiting constructor. Consider adding the 'required' modifier or declaring the property as nullable. [C:\Users\Rohit Rathod\Desktop\JsapProject\JSAPNEW\JSAPNEW.csproj]
C:\Users\Rohit Rathod\Desktop\JsapProject\JSAPNEW\Models\AuthModels.cs(251,23): warning CS8618: Non-nullable property 'userEmail' must contain a non-null value when exiting constructor. Consider adding the 'required' modifier or declaring the property as nullable. [C:\Users\Rohit Rathod\Desktop\JsapProject\JSAPNEW\JSAPNEW.csproj]
C:\Users\Rohit Rathod\Desktop\JsapProject\JSAPNEW\Models\AuthModels.cs(252,23): warning CS8618: Non-nullable property 'role' must contain a non-null value when exiting constructor. Consider adding the 'required' modifier or declaring the property as nullable. [C:\Users\Rohit Rathod\Desktop\JsapProject\JSAPNEW\JSAPNEW.csproj]
C:\Users\Rohit Rathod\Desktop\JsapProject\JSAPNEW\Models\AuthModels.cs(253,23): warning CS8618: Non-nullable property 'department' must contain a non-null value when exiting constructor. Consider adding the 'required' modifier or declaring the property as nullable. [C:\Users\Rohit Rathod\Desktop\JsapProject\JSAPNEW\JSAPNEW.csproj]
C:\Users\Rohit Rathod\Desktop\JsapProject\JSAPNEW\Models\AuthModels.cs(255,23): warning CS8618: Non-nullable property 'firstName' must contain a non-null value when exiting constructor. Consider adding the 'required' modifier or declaring the property as nullable. [C:\Users\Rohit Rathod\Desktop\JsapProject\JSAPNEW\JSAPNEW.csproj]
C:\Users\Rohit Rathod\Desktop\JsapProject\JSAPNEW\Models\AuthModels.cs(256,23): warning CS8618: Non-nullable property 'lastName' must contain a non-null value when exiting constructor. Consider adding the 'required' modifier or declaring the property as nullable. [C:\Users\Rohit Rathod\Desktop\JsapProject\JSAPNEW\JSAPNEW.csproj]
C:\Users\Rohit Rathod\Desktop\JsapProject\JSAPNEW\Models\AuthModels.cs(257,23): warning CS8618: Non-nullable property 'empId' must contain a non-null value when exiting constructor. Consider adding the 'required' modifier or declaring the property as nullable. [C:\Users\Rohit Rathod\Desktop\JsapProject\JSAPNEW\JSAPNEW.csproj]
C:\Users\Rohit Rathod\Desktop\JsapProject\JSAPNEW\Models\AuthModels.cs(258,23): warning CS8618: Non-nullable property 'dateOfJoining' must contain a non-null value when exiting constructor. Consider adding the 'required' modifier or declaring the property as nullable. [C:\Users\Rohit Rathod\Desktop\JsapProject\JSAPNEW\JSAPNEW.csproj]
C:\Users\Rohit Rathod\Desktop\JsapProject\JSAPNEW\Models\AdvanceRequestModels.cs(217,24): warning CS8618: Non-nullable property 'Value' must contain a non-null value when exiting constructor. Consider adding the 'required' modifier or declaring the property as nullable. [C:\Users\Rohit Rathod\Desktop\JsapProject\JSAPNEW\JSAPNEW.csproj]
C:\Users\Rohit Rathod\Desktop\JsapProject\JSAPNEW\Models\AuthModels.cs(157,23): warning CS8618: Non-nullable property 'sBudgetId' must contain a non-null value when exiting constructor. Consider adding the 'required' modifier or declaring the property as nullable. [C:\Users\Rohit Rathod\Desktop\JsapProject\JSAPNEW\JSAPNEW.csproj]
C:\Users\Rohit Rathod\Desktop\JsapProject\JSAPNEW\Models\AuthModels.cs(158,23): warning CS8618: Non-nullable property 'sBudgetName' must contain a non-null value when exiting constructor. Consider adding the 'required' modifier or declaring the property as nullable. [C:\Users\Rohit Rathod\Desktop\JsapProject\JSAPNEW\JSAPNEW.csproj]
C:\Users\Rohit Rathod\Desktop\JsapProject\JSAPNEW\Models\AuthModels.cs(160,34): warning CS8618: Non-nullable property 'Data' must contain a non-null value when exiting constructor. Consider adding the 'required' modifier or declaring the property as nullable. [C:\Users\Rohit Rathod\Desktop\JsapProject\JSAPNEW\JSAPNEW.csproj]
C:\Users\Rohit Rathod\Desktop\JsapProject\JSAPNEW\Models\AdvanceRequestModels.cs(186,23): warning CS8618: Non-nullable property 'loginUser' must contain a non-null value when exiting constructor. Consider adding the 'required' modifier or declaring the property as nullable. [C:\Users\Rohit Rathod\Desktop\JsapProject\JSAPNEW\JSAPNEW.csproj]
C:\Users\Rohit Rathod\Desktop\JsapProject\JSAPNEW\Models\AdvanceRequestModels.cs(176,23): warning CS8618: Non-nullable property 'Branch' must contain a non-null value when exiting constructor. Consider adding the 'required' modifier or declaring the property as nullable. [C:\Users\Rohit Rathod\Desktop\JsapProject\JSAPNEW\JSAPNEW.csproj]
C:\Users\Rohit Rathod\Desktop\JsapProject\JSAPNEW\Models\AdvanceRequestModels.cs(177,23): warning CS8618: Non-nullable property 'CardCode' must contain a non-null value when exiting constructor. Consider adding the 'required' modifier or declaring the property as nullable. [C:\Users\Rohit Rathod\Desktop\JsapProject\JSAPNEW\JSAPNEW.csproj]
C:\Users\Rohit Rathod\Desktop\JsapProject\JSAPNEW\Models\AdvanceRequestModels.cs(178,23): warning CS8618: Non-nullable property 'CardName' must contain a non-null value when exiting constructor. Consider adding the 'required' modifier or declaring the property as nullable. [C:\Users\Rohit Rathod\Desktop\JsapProject\JSAPNEW\JSAPNEW.csproj]
C:\Users\Rohit Rathod\Desktop\JsapProject\JSAPNEW\Models\AdvanceRequestModels.cs(179,23): warning CS8618: Non-nullable property 'Balance' must contain a non-null value when exiting constructor. Consider adding the 'required' modifier or declaring the property as nullable. [C:\Users\Rohit Rathod\Desktop\JsapProject\JSAPNEW\JSAPNEW.csproj]
C:\Users\Rohit Rathod\Desktop\JsapProject\JSAPNEW\Models\AdvanceRequestModels.cs(180,23): warning CS8618: Non-nullable property 'U_CardCode' must contain a non-null value when exiting constructor. Consider adding the 'required' modifier or declaring the property as nullable. [C:\Users\Rohit Rathod\Desktop\JsapProject\JSAPNEW\JSAPNEW.csproj]
C:\Users\Rohit Rathod\Desktop\JsapProject\JSAPNEW\Models\AdvanceRequestModels.cs(181,23): warning CS8618: Non-nullable property 'Series' must contain a non-null value when exiting constructor. Consider adding the 'required' modifier or declaring the property as nullable. [C:\Users\Rohit Rathod\Desktop\JsapProject\JSAPNEW\JSAPNEW.csproj]
C:\Users\Rohit Rathod\Desktop\JsapProject\JSAPNEW\Models\BillVerificationModels.cs(106,23): warning CS8618: Non-nullable property 'FileName' must contain a non-null value when exiting constructor. Consider adding the 'required' modifier or declaring the property as nullable. [C:\Users\Rohit Rathod\Desktop\JsapProject\JSAPNEW\JSAPNEW.csproj]
C:\Users\Rohit Rathod\Desktop\JsapProject\JSAPNEW\Models\BillVerificationModels.cs(107,23): warning CS8618: Non-nullable property 'StoredFileName' must contain a non-null value when exiting constructor. Consider adding the 'required' modifier or declaring the property as nullable. [C:\Users\Rohit Rathod\Desktop\JsapProject\JSAPNEW\JSAPNEW.csproj]
C:\Users\Rohit Rathod\Desktop\JsapProject\JSAPNEW\Models\BillVerificationModels.cs(108,23): warning CS8618: Non-nullable property 'ContentType' must contain a non-null value when exiting constructor. Consider adding the 'required' modifier or declaring the property as nullable. [C:\Users\Rohit Rathod\Desktop\JsapProject\JSAPNEW\JSAPNEW.csproj]
C:\Users\Rohit Rathod\Desktop\JsapProject\JSAPNEW\Models\BillVerificationModels.cs(109,23): warning CS8618: Non-nullable property 'UploadedBy' must contain a non-null value when exiting constructor. Consider adding the 'required' modifier or declaring the property as nullable. [C:\Users\Rohit Rathod\Desktop\JsapProject\JSAPNEW\JSAPNEW.csproj]
C:\Users\Rohit Rathod\Desktop\JsapProject\JSAPNEW\Models\Auth2Models.cs(43,23): warning CS8618: Non-nullable property 'queryName' must contain a non-null value when exiting constructor. Consider adding the 'required' modifier or declaring the property as nullable. [C:\Users\Rohit Rathod\Desktop\JsapProject\JSAPNEW\JSAPNEW.csproj]
C:\Users\Rohit Rathod\Desktop\JsapProject\JSAPNEW\Models\Auth2Models.cs(44,23): warning CS8618: Non-nullable property 'queryText' must contain a non-null value when exiting constructor. Consider adding the 'required' modifier or declaring the property as nullable. [C:\Users\Rohit Rathod\Desktop\JsapProject\JSAPNEW\JSAPNEW.csproj]
C:\Users\Rohit Rathod\Desktop\JsapProject\JSAPNEW\Models\AuthModels.cs(58,23): warning CS8618: Non-nullable property 'firstName' must contain a non-null value when exiting constructor. Consider adding the 'required' modifier or declaring the property as nullable. [C:\Users\Rohit Rathod\Desktop\JsapProject\JSAPNEW\JSAPNEW.csproj]
C:\Users\Rohit Rathod\Desktop\JsapProject\JSAPNEW\Models\AuthModels.cs(60,23): warning CS8618: Non-nullable property 'lastName' must contain a non-null value when exiting constructor. Consider adding the 'required' modifier or declaring the property as nullable. [C:\Users\Rohit Rathod\Desktop\JsapProject\JSAPNEW\JSAPNEW.csproj]
C:\Users\Rohit Rathod\Desktop\JsapProject\JSAPNEW\Models\AuthModels.cs(62,23): warning CS8618: Non-nullable property 'userEmail' must contain a non-null value when exiting constructor. Consider adding the 'required' modifier or declaring the property as nullable. [C:\Users\Rohit Rathod\Desktop\JsapProject\JSAPNEW\JSAPNEW.csproj]
C:\Users\Rohit Rathod\Desktop\JsapProject\JSAPNEW\Models\AuthModels.cs(64,23): warning CS8618: Non-nullable property 'userPhoneNumber' must contain a non-null value when exiting constructor. Consider adding the 'required' modifier or declaring the property as nullable. [C:\Users\Rohit Rathod\Desktop\JsapProject\JSAPNEW\JSAPNEW.csproj]
C:\Users\Rohit Rathod\Desktop\JsapProject\JSAPNEW\Models\AuthModels.cs(66,23): warning CS8618: Non-nullable property 'loginUser' must contain a non-null value when exiting constructor. Consider adding the 'required' modifier or declaring the property as nullable. [C:\Users\Rohit Rathod\Desktop\JsapProject\JSAPNEW\JSAPNEW.csproj]
C:\Users\Rohit Rathod\Desktop\JsapProject\JSAPNEW\Models\AuthModels.cs(68,23): warning CS8618: Non-nullable property 'deptIds' must contain a non-null value when exiting constructor. Consider adding the 'required' modifier or declaring the property as nullable. [C:\Users\Rohit Rathod\Desktop\JsapProject\JSAPNEW\JSAPNEW.csproj]
C:\Users\Rohit Rathod\Desktop\JsapProject\JSAPNEW\Models\AuthModels.cs(70,23): warning CS8618: Non-nullable property 'empId' must contain a non-null value when exiting constructor. Consider adding the 'required' modifier or declaring the property as nullable. [C:\Users\Rohit Rathod\Desktop\JsapProject\JSAPNEW\JSAPNEW.csproj]
C:\Users\Rohit Rathod\Desktop\JsapProject\JSAPNEW\Models\AuthModels.cs(72,23): warning CS8618: Non-nullable property 'doj' must contain a non-null value when exiting constructor. Consider adding the 'required' modifier or declaring the property as nullable. [C:\Users\Rohit Rathod\Desktop\JsapProject\JSAPNEW\JSAPNEW.csproj]
C:\Users\Rohit Rathod\Desktop\JsapProject\JSAPNEW\Models\AuthModels.cs(76,23): warning CS8618: Non-nullable property 'password' must contain a non-null value when exiting constructor. Consider adding the 'required' modifier or declaring the property as nullable. [C:\Users\Rohit Rathod\Desktop\JsapProject\JSAPNEW\JSAPNEW.csproj]
C:\Users\Rohit Rathod\Desktop\JsapProject\JSAPNEW\Models\AdvanceRequestModels.cs(207,23): warning CS8618: Non-nullable property 'CardCode' must contain a non-null value when exiting constructor. Consider adding the 'required' modifier or declaring the property as nullable. [C:\Users\Rohit Rathod\Desktop\JsapProject\JSAPNEW\JSAPNEW.csproj]
C:\Users\Rohit Rathod\Desktop\JsapProject\JSAPNEW\Models\AdvanceRequestModels.cs(208,23): warning CS8618: Non-nullable property 'CardName' must contain a non-null value when exiting constructor. Consider adding the 'required' modifier or declaring the property as nullable. [C:\Users\Rohit Rathod\Desktop\JsapProject\JSAPNEW\JSAPNEW.csproj]
C:\Users\Rohit Rathod\Desktop\JsapProject\JSAPNEW\Models\AdvanceRequestModels.cs(209,23): warning CS8618: Non-nullable property 'CardType' must contain a non-null value when exiting constructor. Consider adding the 'required' modifier or declaring the property as nullable. [C:\Users\Rohit Rathod\Desktop\JsapProject\JSAPNEW\JSAPNEW.csproj]
C:\Users\Rohit Rathod\Desktop\JsapProject\JSAPNEW\Models\AdvanceRequestModels.cs(210,23): warning CS8618: Non-nullable property 'CurrentAccountBalance' must contain a non-null value when exiting constructor. Consider adding the 'required' modifier or declaring the property as nullable. [C:\Users\Rohit Rathod\Desktop\JsapProject\JSAPNEW\JSAPNEW.csproj]
C:\Users\Rohit Rathod\Desktop\JsapProject\JSAPNEW\Models\AdvanceRequestModels.cs(212,23): warning CS8618: Non-nullable property 'U_OIL_CardCode' must contain a non-null value when exiting constructor. Consider adding the 'required' modifier or declaring the property as nullable. [C:\Users\Rohit Rathod\Desktop\JsapProject\JSAPNEW\JSAPNEW.csproj]
C:\Users\Rohit Rathod\Desktop\JsapProject\JSAPNEW\Models\AdvanceRequestModels.cs(240,23): warning CS8618: Non-nullable property 'CardCode' must contain a non-null value when exiting constructor. Consider adding the 'required' modifier or declaring the property as nullable. [C:\Users\Rohit Rathod\Desktop\JsapProject\JSAPNEW\JSAPNEW.csproj]
C:\Users\Rohit Rathod\Desktop\JsapProject\JSAPNEW\Models\AdvanceRequestModels.cs(241,23): warning CS8618: Non-nullable property 'CardName' must contain a non-null value when exiting constructor. Consider adding the 'required' modifier or declaring the property as nullable. [C:\Users\Rohit Rathod\Desktop\JsapProject\JSAPNEW\JSAPNEW.csproj]
C:\Users\Rohit Rathod\Desktop\JsapProject\JSAPNEW\Models\AdvanceRequestModels.cs(244,23): warning CS8618: Non-nullable property 'DocumentStatus' must contain a non-null value when exiting constructor. Consider adding the 'required' modifier or declaring the property as nullable. [C:\Users\Rohit Rathod\Desktop\JsapProject\JSAPNEW\JSAPNEW.csproj]
C:\Users\Rohit Rathod\Desktop\JsapProject\JSAPNEW\Models\AdvanceRequestModels.cs(245,23): warning CS8618: Non-nullable property 'Comments' must contain a non-null value when exiting constructor. Consider adding the 'required' modifier or declaring the property as nullable. [C:\Users\Rohit Rathod\Desktop\JsapProject\JSAPNEW\JSAPNEW.csproj]
C:\Users\Rohit Rathod\Desktop\JsapProject\JSAPNEW\Models\AdvanceRequestModels.cs(246,45): warning CS8618: Non-nullable property 'DocumentLines' must contain a non-null value when exiting constructor. Consider adding the 'required' modifier or declaring the property as nullable. [C:\Users\Rohit Rathod\Desktop\JsapProject\JSAPNEW\JSAPNEW.csproj]
C:\Users\Rohit Rathod\Desktop\JsapProject\JSAPNEW\Models\AuthModels.cs(882,23): warning CS8618: Non-nullable property 'Branch' must contain a non-null value when exiting constructor. Consider adding the 'required' modifier or declaring the property as nullable. [C:\Users\Rohit Rathod\Desktop\JsapProject\JSAPNEW\JSAPNEW.csproj]
C:\Users\Rohit Rathod\Desktop\JsapProject\JSAPNEW\Models\AuthModels.cs(884,23): warning CS8618: Non-nullable property 'ApproverName' must contain a non-null value when exiting constructor. Consider adding the 'required' modifier or declaring the property as nullable. [C:\Users\Rohit Rathod\Desktop\JsapProject\JSAPNEW\JSAPNEW.csproj]
C:\Users\Rohit Rathod\Desktop\JsapProject\JSAPNEW\Models\AuthModels.cs(885,23): warning CS8618: Non-nullable property 'ObjectName' must contain a non-null value when exiting constructor. Consider adding the 'required' modifier or declaring the property as nullable. [C:\Users\Rohit Rathod\Desktop\JsapProject\JSAPNEW\JSAPNEW.csproj]
C:\Users\Rohit Rathod\Desktop\JsapProject\JSAPNEW\Models\AuthModels.cs(886,23): warning CS8618: Non-nullable property 'CardCode' must contain a non-null value when exiting constructor. Consider adding the 'required' modifier or declaring the property as nullable. [C:\Users\Rohit Rathod\Desktop\JsapProject\JSAPNEW\JSAPNEW.csproj]
C:\Users\Rohit Rathod\Desktop\JsapProject\JSAPNEW\Models\AuthModels.cs(887,23): warning CS8618: Non-nullable property 'CardName' must contain a non-null value when exiting constructor. Consider adding the 'required' modifier or declaring the property as nullable. [C:\Users\Rohit Rathod\Desktop\JsapProject\JSAPNEW\JSAPNEW.csproj]
C:\Users\Rohit Rathod\Desktop\JsapProject\JSAPNEW\Models\AuthModels.cs(889,23): warning CS8618: Non-nullable property 'AcctCode' must contain a non-null value when exiting constructor. Consider adding the 'required' modifier or declaring the property as nullable. [C:\Users\Rohit Rathod\Desktop\JsapProject\JSAPNEW\JSAPNEW.csproj]
C:\Users\Rohit Rathod\Desktop\JsapProject\JSAPNEW\Models\AuthModels.cs(890,23): warning CS8618: Non-nullable property 'AcctName' must contain a non-null value when exiting constructor. Consider adding the 'required' modifier or declaring the property as nullable. [C:\Users\Rohit Rathod\Desktop\JsapProject\JSAPNEW\JSAPNEW.csproj]
C:\Users\Rohit Rathod\Desktop\JsapProject\JSAPNEW\Models\AuthModels.cs(893,23): warning CS8618: Non-nullable property 'BUDGET' must contain a non-null value when exiting constructor. Consider adding the 'required' modifier or declaring the property as nullable. [C:\Users\Rohit Rathod\Desktop\JsapProject\JSAPNEW\JSAPNEW.csproj]
C:\Users\Rohit Rathod\Desktop\JsapProject\JSAPNEW\Models\AuthModels.cs(894,23): warning CS8618: Non-nullable property 'SUB_BUDGET' must contain a non-null value when exiting constructor. Consider adding the 'required' modifier or declaring the property as nullable. [C:\Users\Rohit Rathod\Desktop\JsapProject\JSAPNEW\JSAPNEW.csproj]
C:\Users\Rohit Rathod\Desktop\JsapProject\JSAPNEW\Models\AuthModels.cs(895,23): warning CS8618: Non-nullable property 'STATE' must contain a non-null value when exiting constructor. Consider adding the 'required' modifier or declaring the property as nullable. [C:\Users\Rohit Rathod\Desktop\JsapProject\JSAPNEW\JSAPNEW.csproj]
C:\Users\Rohit Rathod\Desktop\JsapProject\JSAPNEW\Models\AuthModels.cs(896,23): warning CS8618: Non-nullable property 'Budget_Owner' must contain a non-null value when exiting constructor. Consider adding the 'required' modifier or declaring the property as nullable. [C:\Users\Rohit Rathod\Desktop\JsapProject\JSAPNEW\JSAPNEW.csproj]
C:\Users\Rohit Rathod\Desktop\JsapProject\JSAPNEW\Models\AuthModels.cs(897,23): warning CS8618: Non-nullable property 'OwnerCode' must contain a non-null value when exiting constructor. Consider adding the 'required' modifier or declaring the property as nullable. [C:\Users\Rohit Rathod\Desktop\JsapProject\JSAPNEW\JSAPNEW.csproj]
C:\Users\Rohit Rathod\Desktop\JsapProject\JSAPNEW\Models\AuthModels.cs(898,23): warning CS8618: Non-nullable property 'OriginalApproverName' must contain a non-null value when exiting constructor. Consider adding the 'required' modifier or declaring the property as nullable. [C:\Users\Rohit Rathod\Desktop\JsapProject\JSAPNEW\JSAPNEW.csproj]
C:\Users\Rohit Rathod\Desktop\JsapProject\JSAPNEW\Models\AuthModels.cs(899,23): warning CS8618: Non-nullable property 'ApprovalCode' must contain a non-null value when exiting constructor. Consider adding the 'required' modifier or declaring the property as nullable. [C:\Users\Rohit Rathod\Desktop\JsapProject\JSAPNEW\JSAPNEW.csproj]
C:\Users\Rohit Rathod\Desktop\JsapProject\JSAPNEW\Models\AuthModels.cs(904,23): warning CS8618: Non-nullable property 'ApprovalStatus' must contain a non-null value when exiting constructor. Consider adding the 'required' modifier or declaring the property as nullable. [C:\Users\Rohit Rathod\Desktop\JsapProject\JSAPNEW\JSAPNEW.csproj]
C:\Users\Rohit Rathod\Desktop\JsapProject\JSAPNEW\Models\AuthModels.cs(905,23): warning CS8618: Non-nullable property 'ApprovalStatusText' must contain a non-null value when exiting constructor. Consider adding the 'required' modifier or declaring the property as nullable. [C:\Users\Rohit Rathod\Desktop\JsapProject\JSAPNEW\JSAPNEW.csproj]
C:\Users\Rohit Rathod\Desktop\JsapProject\JSAPNEW\Models\AuthModels.cs(907,23): warning CS8618: Non-nullable property 'ApprovalComments' must contain a non-null value when exiting constructor. Consider adding the 'required' modifier or declaring the property as nullable. [C:\Users\Rohit Rathod\Desktop\JsapProject\JSAPNEW\JSAPNEW.csproj]
C:\Users\Rohit Rathod\Desktop\JsapProject\JSAPNEW\Models\AuthModels.cs(908,23): warning CS8618: Non-nullable property 'LineRemarks' must contain a non-null value when exiting constructor. Consider adding the 'required' modifier or declaring the property as nullable. [C:\Users\Rohit Rathod\Desktop\JsapProject\JSAPNEW\JSAPNEW.csproj]
C:\Users\Rohit Rathod\Desktop\JsapProject\JSAPNEW\Models\AuthModels.cs(909,23): warning CS8618: Non-nullable property 'Comments' must contain a non-null value when exiting constructor. Consider adding the 'required' modifier or declaring the property as nullable. [C:\Users\Rohit Rathod\Desktop\JsapProject\JSAPNEW\JSAPNEW.csproj]
C:\Users\Rohit Rathod\Desktop\JsapProject\JSAPNEW\Models\AuthModels.cs(910,23): warning CS8618: Non-nullable property 'ApproverComment' must contain a non-null value when exiting constructor. Consider adding the 'required' modifier or declaring the property as nullable. [C:\Users\Rohit Rathod\Desktop\JsapProject\JSAPNEW\JSAPNEW.csproj]
C:\Users\Rohit Rathod\Desktop\JsapProject\JSAPNEW\Models\AuthModels.cs(911,23): warning CS8618: Non-nullable property 'VerifierComment' must contain a non-null value when exiting constructor. Consider adding the 'required' modifier or declaring the property as nullable. [C:\Users\Rohit Rathod\Desktop\JsapProject\JSAPNEW\JSAPNEW.csproj]
C:\Users\Rohit Rathod\Desktop\JsapProject\JSAPNEW\Models\AuthModels.cs(912,23): warning CS8618: Non-nullable property 'VerifiedStatus' must contain a non-null value when exiting constructor. Consider adding the 'required' modifier or declaring the property as nullable. [C:\Users\Rohit Rathod\Desktop\JsapProject\JSAPNEW\JSAPNEW.csproj]
C:\Users\Rohit Rathod\Desktop\JsapProject\JSAPNEW\Models\AuthModels.cs(913,23): warning CS8618: Non-nullable property 'ApprovedStatus' must contain a non-null value when exiting constructor. Consider adding the 'required' modifier or declaring the property as nullable. [C:\Users\Rohit Rathod\Desktop\JsapProject\JSAPNEW\JSAPNEW.csproj]
C:\Users\Rohit Rathod\Desktop\JsapProject\JSAPNEW\Models\Auth2Models.cs(390,23): warning CS8618: Non-nullable property 'budgetName' must contain a non-null value when exiting constructor. Consider adding the 'required' modifier or declaring the property as nullable. [C:\Users\Rohit Rathod\Desktop\JsapProject\JSAPNEW\JSAPNEW.csproj]
C:\Users\Rohit Rathod\Desktop\JsapProject\JSAPNEW\Models\Auth2Models.cs(392,23): warning CS8618: Non-nullable property 'alllocationMonth' must contain a non-null value when exiting constructor. Consider adding the 'required' modifier or declaring the property as nullable. [C:\Users\Rohit Rathod\Desktop\JsapProject\JSAPNEW\JSAPNEW.csproj]
C:\Users\Rohit Rathod\Desktop\JsapProject\JSAPNEW\Models\Auth2Models.cs(397,23): warning CS8618: Non-nullable property 'createdBy' must contain a non-null value when exiting constructor. Consider adding the 'required' modifier or declaring the property as nullable. [C:\Users\Rohit Rathod\Desktop\JsapProject\JSAPNEW\JSAPNEW.csproj]
C:\Users\Rohit Rathod\Desktop\JsapProject\JSAPNEW\Models\Auth2Models.cs(400,23): warning CS8618: Non-nullable property 'flowStatus' must contain a non-null value when exiting constructor. Consider adding the 'required' modifier or declaring the property as nullable. [C:\Users\Rohit Rathod\Desktop\JsapProject\JSAPNEW\JSAPNEW.csproj]
C:\Users\Rohit Rathod\Desktop\JsapProject\JSAPNEW\Models\Auth2Models.cs(404,23): warning CS8618: Non-nullable property 'rejectionStatus' must contain a non-null value when exiting constructor. Consider adding the 'required' modifier or declaring the property as nullable. [C:\Users\Rohit Rathod\Desktop\JsapProject\JSAPNEW\JSAPNEW.csproj]
C:\Users\Rohit Rathod\Desktop\JsapProject\JSAPNEW\Models\Auth2Models.cs(405,23): warning CS8618: Non-nullable property 'rejectionRemarks' must contain a non-null value when exiting constructor. Consider adding the 'required' modifier or declaring the property as nullable. [C:\Users\Rohit Rathod\Desktop\JsapProject\JSAPNEW\JSAPNEW.csproj]
C:\Users\Rohit Rathod\Desktop\JsapProject\JSAPNEW\Models\Auth2Models.cs(345,23): warning CS8618: Non-nullable property 'budgetName' must contain a non-null value when exiting constructor. Consider adding the 'required' modifier or declaring the property as nullable. [C:\Users\Rohit Rathod\Desktop\JsapProject\JSAPNEW\JSAPNEW.csproj]
C:\Users\Rohit Rathod\Desktop\JsapProject\JSAPNEW\Models\Auth2Models.cs(347,23): warning CS8618: Non-nullable property 'alllocationMonth' must contain a non-null value when exiting constructor. Consider adding the 'required' modifier or declaring the property as nullable. [C:\Users\Rohit Rathod\Desktop\JsapProject\JSAPNEW\JSAPNEW.csproj]
C:\Users\Rohit Rathod\Desktop\JsapProject\JSAPNEW\Models\Auth2Models.cs(352,23): warning CS8618: Non-nullable property 'createdBy' must contain a non-null value when exiting constructor. Consider adding the 'required' modifier or declaring the property as nullable. [C:\Users\Rohit Rathod\Desktop\JsapProject\JSAPNEW\JSAPNEW.csproj]
C:\Users\Rohit Rathod\Desktop\JsapProject\JSAPNEW\Models\Auth2Models.cs(355,23): warning CS8618: Non-nullable property 'flowStatus' must contain a non-null value when exiting constructor. Consider adding the 'required' modifier or declaring the property as nullable. [C:\Users\Rohit Rathod\Desktop\JsapProject\JSAPNEW\JSAPNEW.csproj]
C:\Users\Rohit Rathod\Desktop\JsapProject\JSAPNEW\Models\Auth2Models.cs(248,23): warning CS8618: Non-nullable property 'SubBudgetName' must contain a non-null value when exiting constructor. Consider adding the 'required' modifier or declaring the property as nullable. [C:\Users\Rohit Rathod\Desktop\JsapProject\JSAPNEW\JSAPNEW.csproj]
C:\Users\Rohit Rathod\Desktop\JsapProject\JSAPNEW\Models\Auth2Models.cs(249,23): warning CS8618: Non-nullable property 'Description' must contain a non-null value when exiting constructor. Consider adding the 'required' modifier or declaring the property as nullable. [C:\Users\Rohit Rathod\Desktop\JsapProject\JSAPNEW\JSAPNEW.csproj]
C:\Users\Rohit Rathod\Desktop\JsapProject\JSAPNEW\Models\Auth2Models.cs(253,23): warning CS8618: Non-nullable property 'BudgetName' must contain a non-null value when exiting constructor. Consider adding the 'required' modifier or declaring the property as nullable. [C:\Users\Rohit Rathod\Desktop\JsapProject\JSAPNEW\JSAPNEW.csproj]
C:\Users\Rohit Rathod\Desktop\JsapProject\JSAPNEW\Models\Auth2Models.cs(254,23): warning CS8618: Non-nullable property 'Company' must contain a non-null value when exiting constructor. Consider adding the 'required' modifier or declaring the property as nullable. [C:\Users\Rohit Rathod\Desktop\JsapProject\JSAPNEW\JSAPNEW.csproj]
C:\Users\Rohit Rathod\Desktop\JsapProject\JSAPNEW\Models\Auth2Models.cs(265,23): warning CS8618: Non-nullable property 'username' must contain a non-null value when exiting constructor. Consider adding the 'required' modifier or declaring the property as nullable. [C:\Users\Rohit Rathod\Desktop\JsapProject\JSAPNEW\JSAPNEW.csproj]
C:\Users\Rohit Rathod\Desktop\JsapProject\JSAPNEW\Models\Auth2Models.cs(267,23): warning CS8618: Non-nullable property 'branch' must contain a non-null value when exiting constructor. Consider adding the 'required' modifier or declaring the property as nullable. [C:\Users\Rohit Rathod\Desktop\JsapProject\JSAPNEW\JSAPNEW.csproj]
C:\Users\Rohit Rathod\Desktop\JsapProject\JSAPNEW\Models\Auth2Models.cs(275,23): warning CS8618: Non-nullable property 'AcctNames' must contain a non-null value when exiting constructor. Consider adding the 'required' modifier or declaring the property as nullable. [C:\Users\Rohit Rathod\Desktop\JsapProject\JSAPNEW\JSAPNEW.csproj]
C:\Users\Rohit Rathod\Desktop\JsapProject\JSAPNEW\Models\Auth2Models.cs(276,23): warning CS8618: Non-nullable property 'status' must contain a non-null value when exiting constructor. Consider adding the 'required' modifier or declaring the property as nullable. [C:\Users\Rohit Rathod\Desktop\JsapProject\JSAPNEW\JSAPNEW.csproj]
C:\Users\Rohit Rathod\Desktop\JsapProject\JSAPNEW\Models\Auth2Models.cs(143,23): warning CS8618: Non-nullable property 'BudgetName' must contain a non-null value when exiting constructor. Consider adding the 'required' modifier or declaring the property as nullable. [C:\Users\Rohit Rathod\Desktop\JsapProject\JSAPNEW\JSAPNEW.csproj]
C:\Users\Rohit Rathod\Desktop\JsapProject\JSAPNEW\Models\Auth2Models.cs(144,23): warning CS8618: Non-nullable property 'Description' must contain a non-null value when exiting constructor. Consider adding the 'required' modifier or declaring the property as nullable. [C:\Users\Rohit Rathod\Desktop\JsapProject\JSAPNEW\JSAPNEW.csproj]
C:\Users\Rohit Rathod\Desktop\JsapProject\JSAPNEW\Models\Auth2Models.cs(171,23): warning CS8618: Non-nullable property 'SubBudgetName' must contain a non-null value when exiting constructor. Consider adding the 'required' modifier or declaring the property as nullable. [C:\Users\Rohit Rathod\Desktop\JsapProject\JSAPNEW\JSAPNEW.csproj]
C:\Users\Rohit Rathod\Desktop\JsapProject\JSAPNEW\Models\Auth2Models.cs(172,23): warning CS8618: Non-nullable property 'SubBudgetDescription' must contain a non-null value when exiting constructor. Consider adding the 'required' modifier or declaring the property as nullable. [C:\Users\Rohit Rathod\Desktop\JsapProject\JSAPNEW\JSAPNEW.csproj]
C:\Users\Rohit Rathod\Desktop\JsapProject\JSAPNEW\Models\Auth2Models.cs(176,23): warning CS8618: Non-nullable property 'ParentBudgetName' must contain a non-null value when exiting constructor. Consider adding the 'required' modifier or declaring the property as nullable. [C:\Users\Rohit Rathod\Desktop\JsapProject\JSAPNEW\JSAPNEW.csproj]
C:\Users\Rohit Rathod\Desktop\JsapProject\JSAPNEW\Models\Auth2Models.cs(116,23): warning CS8618: Non-nullable property 'Notes' must contain a non-null value when exiting constructor. Consider adding the 'required' modifier or declaring the property as nullable. [C:\Users\Rohit Rathod\Desktop\JsapProject\JSAPNEW\JSAPNEW.csproj]
C:\Users\Rohit Rathod\Desktop\JsapProject\JSAPNEW\Models\Auth2Models.cs(58,32): warning CS8618: Non-nullable property 'template' must contain a non-null value when exiting constructor. Consider adding the 'required' modifier or declaring the property as nullable. [C:\Users\Rohit Rathod\Desktop\JsapProject\JSAPNEW\JSAPNEW.csproj]
C:\Users\Rohit Rathod\Desktop\JsapProject\JSAPNEW\Models\Auth2Models.cs(59,35): warning CS8618: Non-nullable property 'stages' must contain a non-null value when exiting constructor. Consider adding the 'required' modifier or declaring the property as nullable. [C:\Users\Rohit Rathod\Desktop\JsapProject\JSAPNEW\JSAPNEW.csproj]
C:\Users\Rohit Rathod\Desktop\JsapProject\JSAPNEW\Models\Auth2Models.cs(60,38): warning CS8618: Non-nullable property 'approvals' must contain a non-null value when exiting constructor. Consider adding the 'required' modifier or declaring the property as nullable. [C:\Users\Rohit Rathod\Desktop\JsapProject\JSAPNEW\JSAPNEW.csproj]
C:\Users\Rohit Rathod\Desktop\JsapProject\JSAPNEW\Models\Auth2Models.cs(61,35): warning CS8618: Non-nullable property 'queries' must contain a non-null value when exiting constructor. Consider adding the 'required' modifier or declaring the property as nullable. [C:\Users\Rohit Rathod\Desktop\JsapProject\JSAPNEW\JSAPNEW.csproj]
C:\Users\Rohit Rathod\Desktop\JsapProject\JSAPNEW\Models\Auth2Models.cs(62,24): warning CS8618: Non-nullable property 'summary' must contain a non-null value when exiting constructor. Consider adding the 'required' modifier or declaring the property as nullable. [C:\Users\Rohit Rathod\Desktop\JsapProject\JSAPNEW\JSAPNEW.csproj]
C:\Users\Rohit Rathod\Desktop\JsapProject\JSAPNEW\Models\Auth2Models.cs(23,23): warning CS8618: Non-nullable property 'stageName' must contain a non-null value when exiting constructor. Consider adding the 'required' modifier or declaring the property as nullable. [C:\Users\Rohit Rathod\Desktop\JsapProject\JSAPNEW\JSAPNEW.csproj]
C:\Users\Rohit Rathod\Desktop\JsapProject\JSAPNEW\Models\Auth2Models.cs(24,23): warning CS8618: Non-nullable property 'stageDescription' must contain a non-null value when exiting constructor. Consider adding the 'required' modifier or declaring the property as nullable. [C:\Users\Rohit Rathod\Desktop\JsapProject\JSAPNEW\JSAPNEW.csproj]
C:\Users\Rohit Rathod\Desktop\JsapProject\JSAPNEW\Models\Auth2Models.cs(28,23): warning CS8618: Non-nullable property 'userIds' must contain a non-null value when exiting constructor. Consider adding the 'required' modifier or declaring the property as nullable. [C:\Users\Rohit Rathod\Desktop\JsapProject\JSAPNEW\JSAPNEW.csproj]
C:\Users\Rohit Rathod\Desktop\JsapProject\JSAPNEW\Models\Auth2Models.cs(29,23): warning CS8618: Non-nullable property 'usernames' must contain a non-null value when exiting constructor. Consider adding the 'required' modifier or declaring the property as nullable. [C:\Users\Rohit Rathod\Desktop\JsapProject\JSAPNEW\JSAPNEW.csproj]
C:\Users\Rohit Rathod\Desktop\JsapProject\JSAPNEW\Models\AuthModels.cs(354,23): warning CS8618: Non-nullable property 'Branch' must contain a non-null value when exiting constructor. Consider adding the 'required' modifier or declaring the property as nullable. [C:\Users\Rohit Rathod\Desktop\JsapProject\JSAPNEW\JSAPNEW.csproj]
C:\Users\Rohit Rathod\Desktop\JsapProject\JSAPNEW\Models\AuthModels.cs(356,23): warning CS8618: Non-nullable property 'ObjectName' must contain a non-null value when exiting constructor. Consider adding the 'required' modifier or declaring the property as nullable. [C:\Users\Rohit Rathod\Desktop\JsapProject\JSAPNEW\JSAPNEW.csproj]
C:\Users\Rohit Rathod\Desktop\JsapProject\JSAPNEW\Models\AuthModels.cs(360,23): warning CS8618: Non-nullable property 'AcctCode' must contain a non-null value when exiting constructor. Consider adding the 'required' modifier or declaring the property as nullable. [C:\Users\Rohit Rathod\Desktop\JsapProject\JSAPNEW\JSAPNEW.csproj]
C:\Users\Rohit Rathod\Desktop\JsapProject\JSAPNEW\Models\AuthModels.cs(361,23): warning CS8618: Non-nullable property 'AcctName' must contain a non-null value when exiting constructor. Consider adding the 'required' modifier or declaring the property as nullable. [C:\Users\Rohit Rathod\Desktop\JsapProject\JSAPNEW\JSAPNEW.csproj]
C:\Users\Rohit Rathod\Desktop\JsapProject\JSAPNEW\Models\AuthModels.cs(362,23): warning CS8618: Non-nullable property 'CardCode' must contain a non-null value when exiting constructor. Consider adding the 'required' modifier or declaring the property as nullable. [C:\Users\Rohit Rathod\Desktop\JsapProject\JSAPNEW\JSAPNEW.csproj]
C:\Users\Rohit Rathod\Desktop\JsapProject\JSAPNEW\Models\AuthModels.cs(363,23): warning CS8618: Non-nullable property 'CardName' must contain a non-null value when exiting constructor. Consider adding the 'required' modifier or declaring the property as nullable. [C:\Users\Rohit Rathod\Desktop\JsapProject\JSAPNEW\JSAPNEW.csproj]
C:\Users\Rohit Rathod\Desktop\JsapProject\JSAPNEW\Models\AuthModels.cs(364,23): warning CS8618: Non-nullable property 'EFFECTMONTH' must contain a non-null value when exiting constructor. Consider adding the 'required' modifier or declaring the property as nullable. [C:\Users\Rohit Rathod\Desktop\JsapProject\JSAPNEW\JSAPNEW.csproj]
C:\Users\Rohit Rathod\Desktop\JsapProject\JSAPNEW\Models\AuthModels.cs(365,23): warning CS8618: Non-nullable property 'BUDGET' must contain a non-null value when exiting constructor. Consider adding the 'required' modifier or declaring the property as nullable. [C:\Users\Rohit Rathod\Desktop\JsapProject\JSAPNEW\JSAPNEW.csproj]
C:\Users\Rohit Rathod\Desktop\JsapProject\JSAPNEW\Models\AuthModels.cs(366,23): warning CS8618: Non-nullable property 'SUB_BUDGET' must contain a non-null value when exiting constructor. Consider adding the 'required' modifier or declaring the property as nullable. [C:\Users\Rohit Rathod\Desktop\JsapProject\JSAPNEW\JSAPNEW.csproj]
C:\Users\Rohit Rathod\Desktop\JsapProject\JSAPNEW\Models\AuthModels.cs(367,23): warning CS8618: Non-nullable property 'STATE' must contain a non-null value when exiting constructor. Consider adding the 'required' modifier or declaring the property as nullable. [C:\Users\Rohit Rathod\Desktop\JsapProject\JSAPNEW\JSAPNEW.csproj]
C:\Users\Rohit Rathod\Desktop\JsapProject\JSAPNEW\Models\AuthModels.cs(370,23): warning CS8618: Non-nullable property 'TrgtPath' must contain a non-null value when exiting constructor. Consider adding the 'required' modifier or declaring the property as nullable. [C:\Users\Rohit Rathod\Desktop\JsapProject\JSAPNEW\JSAPNEW.csproj]
C:\Users\Rohit Rathod\Desktop\JsapProject\JSAPNEW\Models\AuthModels.cs(371,23): warning CS8618: Non-nullable property 'FileName' must contain a non-null value when exiting constructor. Consider adding the 'required' modifier or declaring the property as nullable. [C:\Users\Rohit Rathod\Desktop\JsapProject\JSAPNEW\JSAPNEW.csproj]
C:\Users\Rohit Rathod\Desktop\JsapProject\JSAPNEW\Models\AuthModels.cs(372,23): warning CS8618: Non-nullable property 'FileExt' must contain a non-null value when exiting constructor. Consider adding the 'required' modifier or declaring the property as nullable. [C:\Users\Rohit Rathod\Desktop\JsapProject\JSAPNEW\JSAPNEW.csproj]
C:\Users\Rohit Rathod\Desktop\JsapProject\JSAPNEW\Models\AuthModels.cs(374,23): warning CS8618: Non-nullable property 'CURRENTMONTH' must contain a non-null value when exiting constructor. Consider adding the 'required' modifier or declaring the property as nullable. [C:\Users\Rohit Rathod\Desktop\JsapProject\JSAPNEW\JSAPNEW.csproj]
C:\Users\Rohit Rathod\Desktop\JsapProject\JSAPNEW\Models\AuthModels.cs(377,23): warning CS8618: Non-nullable property 'Budget_Owner' must contain a non-null value when exiting constructor. Consider adding the 'required' modifier or declaring the property as nullable. [C:\Users\Rohit Rathod\Desktop\JsapProject\JSAPNEW\JSAPNEW.csproj]
C:\Users\Rohit Rathod\Desktop\JsapProject\JSAPNEW\Models\AuthModels.cs(378,23): warning CS8618: Non-nullable property 'OwnerCode' must contain a non-null value when exiting constructor. Consider adding the 'required' modifier or declaring the property as nullable. [C:\Users\Rohit Rathod\Desktop\JsapProject\JSAPNEW\JSAPNEW.csproj]
C:\Users\Rohit Rathod\Desktop\JsapProject\JSAPNEW\Models\AuthModels.cs(379,23): warning CS8618: Non-nullable property 'ApproverName' must contain a non-null value when exiting constructor. Consider adding the 'required' modifier or declaring the property as nullable. [C:\Users\Rohit Rathod\Desktop\JsapProject\JSAPNEW\JSAPNEW.csproj]
C:\Users\Rohit Rathod\Desktop\JsapProject\JSAPNEW\Models\AuthModels.cs(380,23): warning CS8618: Non-nullable property 'ApprovalCode' must contain a non-null value when exiting constructor. Consider adding the 'required' modifier or declaring the property as nullable. [C:\Users\Rohit Rathod\Desktop\JsapProject\JSAPNEW\JSAPNEW.csproj]
C:\Users\Rohit Rathod\Desktop\JsapProject\JSAPNEW\Models\AuthModels.cs(382,23): warning CS8618: Non-nullable property 'Status' must contain a non-null value when exiting constructor. Consider adding the 'required' modifier or declaring the property as nullable. [C:\Users\Rohit Rathod\Desktop\JsapProject\JSAPNEW\JSAPNEW.csproj]
C:\Users\Rohit Rathod\Desktop\JsapProject\JSAPNEW\Models\AuthModels.cs(383,23): warning CS8618: Non-nullable property 'U_Name' must contain a non-null value when exiting constructor. Consider adding the 'required' modifier or declaring the property as nullable. [C:\Users\Rohit Rathod\Desktop\JsapProject\JSAPNEW\JSAPNEW.csproj]
C:\Users\Rohit Rathod\Desktop\JsapProject\JSAPNEW\Models\AuthModels.cs(385,23): warning CS8618: Non-nullable property 'CreateTime' must contain a non-null value when exiting constructor. Consider adding the 'required' modifier or declaring the property as nullable. [C:\Users\Rohit Rathod\Desktop\JsapProject\JSAPNEW\JSAPNEW.csproj]
C:\Users\Rohit Rathod\Desktop\JsapProject\JSAPNEW\Models\AuthModels.cs(386,23): warning CS8618: Non-nullable property 'LineRemarks' must contain a non-null value when exiting constructor. Consider adding the 'required' modifier or declaring the property as nullable. [C:\Users\Rohit Rathod\Desktop\JsapProject\JSAPNEW\JSAPNEW.csproj]
C:\Users\Rohit Rathod\Desktop\JsapProject\JSAPNEW\Models\AuthModels.cs(387,23): warning CS8618: Non-nullable property 'Comments' must contain a non-null value when exiting constructor. Consider adding the 'required' modifier or declaring the property as nullable. [C:\Users\Rohit Rathod\Desktop\JsapProject\JSAPNEW\JSAPNEW.csproj]
C:\Users\Rohit Rathod\Desktop\JsapProject\JSAPNEW\Models\AuthModels.cs(388,23): warning CS8618: Non-nullable property 'ProcesStat' must contain a non-null value when exiting constructor. Consider adding the 'required' modifier or declaring the property as nullable. [C:\Users\Rohit Rathod\Desktop\JsapProject\JSAPNEW\JSAPNEW.csproj]
C:\Users\Rohit Rathod\Desktop\JsapProject\JSAPNEW\Models\AuthModels.cs(389,23): warning CS8618: Non-nullable property 'ACOMMENT' must contain a non-null value when exiting constructor. Consider adding the 'required' modifier or declaring the property as nullable. [C:\Users\Rohit Rathod\Desktop\JsapProject\JSAPNEW\JSAPNEW.csproj]
C:\Users\Rohit Rathod\Desktop\JsapProject\JSAPNEW\Models\AuthModels.cs(390,23): warning CS8618: Non-nullable property 'VCOMMENT' must contain a non-null value when exiting constructor. Consider adding the 'required' modifier or declaring the property as nullable. [C:\Users\Rohit Rathod\Desktop\JsapProject\JSAPNEW\JSAPNEW.csproj]
C:\Users\Rohit Rathod\Desktop\JsapProject\JSAPNEW\Models\AuthModels.cs(391,23): warning CS8618: Non-nullable property 'VerifiedStatus' must contain a non-null value when exiting constructor. Consider adding the 'required' modifier or declaring the property as nullable. [C:\Users\Rohit Rathod\Desktop\JsapProject\JSAPNEW\JSAPNEW.csproj]
C:\Users\Rohit Rathod\Desktop\JsapProject\JSAPNEW\Models\AuthModels.cs(392,23): warning CS8618: Non-nullable property 'ApprovedStatus' must contain a non-null value when exiting constructor. Consider adding the 'required' modifier or declaring the property as nullable. [C:\Users\Rohit Rathod\Desktop\JsapProject\JSAPNEW\JSAPNEW.csproj]
C:\Users\Rohit Rathod\Desktop\JsapProject\JSAPNEW\Models\AdvanceRequestModels.cs(198,23): warning CS8618: Non-nullable property 'CardCode' must contain a non-null value when exiting constructor. Consider adding the 'required' modifier or declaring the property as nullable. [C:\Users\Rohit Rathod\Desktop\JsapProject\JSAPNEW\JSAPNEW.csproj]
C:\Users\Rohit Rathod\Desktop\JsapProject\JSAPNEW\Models\AdvanceRequestModels.cs(199,23): warning CS8618: Non-nullable property 'CardName' must contain a non-null value when exiting constructor. Consider adding the 'required' modifier or declaring the property as nullable. [C:\Users\Rohit Rathod\Desktop\JsapProject\JSAPNEW\JSAPNEW.csproj]
C:\Users\Rohit Rathod\Desktop\JsapProject\JSAPNEW\Models\AdvanceRequestModels.cs(200,23): warning CS8618: Non-nullable property 'CardType' must contain a non-null value when exiting constructor. Consider adding the 'required' modifier or declaring the property as nullable. [C:\Users\Rohit Rathod\Desktop\JsapProject\JSAPNEW\JSAPNEW.csproj]
C:\Users\Rohit Rathod\Desktop\JsapProject\JSAPNEW\Models\AdvanceRequestModels.cs(201,23): warning CS8618: Non-nullable property 'CurrentAccountBalance' must contain a non-null value when exiting constructor. Consider adding the 'required' modifier or declaring the property as nullable. [C:\Users\Rohit Rathod\Desktop\JsapProject\JSAPNEW\JSAPNEW.csproj]
C:\Users\Rohit Rathod\Desktop\JsapProject\JSAPNEW\Models\AdvanceRequestModels.cs(203,23): warning CS8618: Non-nullable property 'U_WG_CardCode' must contain a non-null value when exiting constructor. Consider adding the 'required' modifier or declaring the property as nullable. [C:\Users\Rohit Rathod\Desktop\JsapProject\JSAPNEW\JSAPNEW.csproj]
C:\Users\Rohit Rathod\Desktop\JsapProject\JSAPNEW\Models\AdvanceRequestModels.cs(190,47): warning CS8618: Non-nullable property 'Stages' must contain a non-null value when exiting constructor. Consider adding the 'required' modifier or declaring the property as nullable. [C:\Users\Rohit Rathod\Desktop\JsapProject\JSAPNEW\JSAPNEW.csproj]
C:\Users\Rohit Rathod\Desktop\JsapProject\JSAPNEW\Models\AdvanceRequestModels.cs(193,23): warning CS8618: Non-nullable property 'FlowStatus' must contain a non-null value when exiting constructor. Consider adding the 'required' modifier or declaring the property as nullable. [C:\Users\Rohit Rathod\Desktop\JsapProject\JSAPNEW\JSAPNEW.csproj]
C:\Users\Rohit Rathod\Desktop\JsapProject\JSAPNEW\Models\AdvanceRequestModels.cs(222,23): warning CS8618: Non-nullable property 'ItemCode' must contain a non-null value when exiting constructor. Consider adding the 'required' modifier or declaring the property as nullable. [C:\Users\Rohit Rathod\Desktop\JsapProject\JSAPNEW\JSAPNEW.csproj]
C:\Users\Rohit Rathod\Desktop\JsapProject\JSAPNEW\Models\AdvanceRequestModels.cs(223,23): warning CS8618: Non-nullable property 'ItemDescription' must contain a non-null value when exiting constructor. Consider adding the 'required' modifier or declaring the property as nullable. [C:\Users\Rohit Rathod\Desktop\JsapProject\JSAPNEW\JSAPNEW.csproj]
C:\Users\Rohit Rathod\Desktop\JsapProject\JSAPNEW\Models\AdvanceRequestModels.cs(230,23): warning CS8618: Non-nullable property 'U_Remarks' must contain a non-null value when exiting constructor. Consider adding the 'required' modifier or declaring the property as nullable. [C:\Users\Rohit Rathod\Desktop\JsapProject\JSAPNEW\JSAPNEW.csproj]
C:\Users\Rohit Rathod\Desktop\JsapProject\JSAPNEW\Models\AdvanceRequestModels.cs(232,23): warning CS8618: Non-nullable property 'MeasureUnit' must contain a non-null value when exiting constructor. Consider adding the 'required' modifier or declaring the property as nullable. [C:\Users\Rohit Rathod\Desktop\JsapProject\JSAPNEW\JSAPNEW.csproj]
C:\Users\Rohit Rathod\Desktop\JsapProject\JSAPNEW\Models\Auth2Models.cs(365,23): warning CS8618: Non-nullable property 'budgetName' must contain a non-null value when exiting constructor. Consider adding the 'required' modifier or declaring the property as nullable. [C:\Users\Rohit Rathod\Desktop\JsapProject\JSAPNEW\JSAPNEW.csproj]
C:\Users\Rohit Rathod\Desktop\JsapProject\JSAPNEW\Models\Auth2Models.cs(367,23): warning CS8618: Non-nullable property 'alllocationMonth' must contain a non-null value when exiting constructor. Consider adding the 'required' modifier or declaring the property as nullable. [C:\Users\Rohit Rathod\Desktop\JsapProject\JSAPNEW\JSAPNEW.csproj]
C:\Users\Rohit Rathod\Desktop\JsapProject\JSAPNEW\Models\Auth2Models.cs(372,23): warning CS8618: Non-nullable property 'createdBy' must contain a non-null value when exiting constructor. Consider adding the 'required' modifier or declaring the property as nullable. [C:\Users\Rohit Rathod\Desktop\JsapProject\JSAPNEW\JSAPNEW.csproj]
C:\Users\Rohit Rathod\Desktop\JsapProject\JSAPNEW\Models\Auth2Models.cs(376,23): warning CS8618: Non-nullable property 'flowStatus' must contain a non-null value when exiting constructor. Consider adding the 'required' modifier or declaring the property as nullable. [C:\Users\Rohit Rathod\Desktop\JsapProject\JSAPNEW\JSAPNEW.csproj]
C:\Users\Rohit Rathod\Desktop\JsapProject\JSAPNEW\Models\Auth2Models.cs(380,23): warning CS8618: Non-nullable property 'approvalStatus' must contain a non-null value when exiting constructor. Consider adding the 'required' modifier or declaring the property as nullable. [C:\Users\Rohit Rathod\Desktop\JsapProject\JSAPNEW\JSAPNEW.csproj]
C:\Users\Rohit Rathod\Desktop\JsapProject\JSAPNEW\Models\Auth2Models.cs(381,23): warning CS8618: Non-nullable property 'approvalRemarks' must contain a non-null value when exiting constructor. Consider adding the 'required' modifier or declaring the property as nullable. [C:\Users\Rohit Rathod\Desktop\JsapProject\JSAPNEW\JSAPNEW.csproj]
C:\Users\Rohit Rathod\Desktop\JsapProject\JSAPNEW\Services\Implementation\UserService.cs(1939,42): warning CS8600: Converting null literal or possible null value to non-nullable type. [C:\Users\Rohit Rathod\Desktop\JsapProject\JSAPNEW\JSAPNEW.csproj]
C:\Users\Rohit Rathod\Desktop\JsapProject\JSAPNEW\Services\Implementation\UserService.cs(1944,30): warning CS8600: Converting null literal or possible null value to non-nullable type. [C:\Users\Rohit Rathod\Desktop\JsapProject\JSAPNEW\JSAPNEW.csproj]
C:\Users\Rohit Rathod\Desktop\JsapProject\JSAPNEW\Services\Implementation\UserService.cs(1954,46): warning CS8601: Possible null reference assignment. [C:\Users\Rohit Rathod\Desktop\JsapProject\JSAPNEW\JSAPNEW.csproj]
C:\Users\Rohit Rathod\Desktop\JsapProject\JSAPNEW\Services\Implementation\UserService.cs(1965,36): warning CS8601: Possible null reference assignment. [C:\Users\Rohit Rathod\Desktop\JsapProject\JSAPNEW\JSAPNEW.csproj]
C:\Users\Rohit Rathod\Desktop\JsapProject\JSAPNEW\Controllers\AuthController.cs(1723,30): warning CS0168: The variable 'ex' is declared but never used [C:\Users\Rohit Rathod\Desktop\JsapProject\JSAPNEW\JSAPNEW.csproj]
C:\Users\Rohit Rathod\Desktop\JsapProject\JSAPNEW\Services\Implementation\UserService.cs(1978,42): warning CS8600: Converting null literal or possible null value to non-nullable type. [C:\Users\Rohit Rathod\Desktop\JsapProject\JSAPNEW\JSAPNEW.csproj]
C:\Users\Rohit Rathod\Desktop\JsapProject\JSAPNEW\Services\Implementation\UserService.cs(1983,30): warning CS8600: Converting null literal or possible null value to non-nullable type. [C:\Users\Rohit Rathod\Desktop\JsapProject\JSAPNEW\JSAPNEW.csproj]
C:\Users\Rohit Rathod\Desktop\JsapProject\JSAPNEW\Services\Implementation\UserService.cs(1999,36): warning CS8601: Possible null reference assignment. [C:\Users\Rohit Rathod\Desktop\JsapProject\JSAPNEW\JSAPNEW.csproj]
C:\Users\Rohit Rathod\Desktop\JsapProject\JSAPNEW\Services\Implementation\UserService.cs(2012,42): warning CS8600: Converting null literal or possible null value to non-nullable type. [C:\Users\Rohit Rathod\Desktop\JsapProject\JSAPNEW\JSAPNEW.csproj]
C:\Users\Rohit Rathod\Desktop\JsapProject\JSAPNEW\Services\Implementation\UserService.cs(2017,30): warning CS8600: Converting null literal or possible null value to non-nullable type. [C:\Users\Rohit Rathod\Desktop\JsapProject\JSAPNEW\JSAPNEW.csproj]
C:\Users\Rohit Rathod\Desktop\JsapProject\JSAPNEW\Services\Implementation\UserService.cs(2023,36): warning CS8601: Possible null reference assignment. [C:\Users\Rohit Rathod\Desktop\JsapProject\JSAPNEW\JSAPNEW.csproj]
C:\Users\Rohit Rathod\Desktop\JsapProject\JSAPNEW\Services\Implementation\HierarchyService.cs(2762,34): warning CS8601: Possible null reference assignment. [C:\Users\Rohit Rathod\Desktop\JsapProject\JSAPNEW\JSAPNEW.csproj]
C:\Users\Rohit Rathod\Desktop\JsapProject\JSAPNEW\Services\Implementation\HierarchyService.cs(2773,37): warning CS8601: Possible null reference assignment. [C:\Users\Rohit Rathod\Desktop\JsapProject\JSAPNEW\JSAPNEW.csproj]
C:\Users\Rohit Rathod\Desktop\JsapProject\JSAPNEW\Services\Implementation\HierarchyService.cs(2780,35): warning CS8601: Possible null reference assignment. [C:\Users\Rohit Rathod\Desktop\JsapProject\JSAPNEW\JSAPNEW.csproj]
C:\Users\Rohit Rathod\Desktop\JsapProject\JSAPNEW\Views\Shared\_Layout.cshtml(28,25): warning CS8600: Converting null literal or possible null value to non-nullable type. [C:\Users\Rohit Rathod\Desktop\JsapProject\JSAPNEW\JSAPNEW.csproj]
C:\Users\Rohit Rathod\Desktop\JsapProject\JSAPNEW\Views\Shared\_Layout.cshtml(57,13): warning CS8604: Possible null reference argument for parameter 'source' in 'bool Enumerable.Any<CompanyDto>(IEnumerable<CompanyDto> source)'. [C:\Users\Rohit Rathod\Desktop\JsapProject\JSAPNEW\JSAPNEW.csproj]
C:\Users\Rohit Rathod\Desktop\JsapProject\JSAPNEW\Views\Shared\_Layout.cshtml(30,26): warning CS0168: The variable 'ex' is declared but never used [C:\Users\Rohit Rathod\Desktop\JsapProject\JSAPNEW\JSAPNEW.csproj]
C:\Users\Rohit Rathod\Desktop\JsapProject\JSAPNEW\Controllers\ReportsController.cs(20,16): warning CS8618: Non-nullable field '_hostingEnvironment' must contain a non-null value when exiting constructor. Consider adding the 'required' modifier or declaring the field as nullable. [C:\Users\Rohit Rathod\Desktop\JsapProject\JSAPNEW\JSAPNEW.csproj]
C:\Users\Rohit Rathod\Desktop\JsapProject\JSAPNEW\Controllers\PermissionController.cs(74,28): warning CS8625: Cannot convert null literal to non-nullable reference type. [C:\Users\Rohit Rathod\Desktop\JsapProject\JSAPNEW\JSAPNEW.csproj]
C:\Users\Rohit Rathod\Desktop\JsapProject\JSAPNEW\Controllers\PermissionController.cs(95,28): warning CS8625: Cannot convert null literal to non-nullable reference type. [C:\Users\Rohit Rathod\Desktop\JsapProject\JSAPNEW\JSAPNEW.csproj]
C:\Users\Rohit Rathod\Desktop\JsapProject\JSAPNEW\Controllers\ReportsController.cs(144,21): warning CS8604: Possible null reference argument for parameter 'cardName' in 'Task<BudgetByCompanyModel> IReportsService.GetBudgetByCompanyAsync(int company, int docEntry, string cardName, string month, string status)'. [C:\Users\Rohit Rathod\Desktop\JsapProject\JSAPNEW\JSAPNEW.csproj]
C:\Users\Rohit Rathod\Desktop\JsapProject\JSAPNEW\Controllers\ReportsController.cs(145,21): warning CS8604: Possible null reference argument for parameter 'month' in 'Task<BudgetByCompanyModel> IReportsService.GetBudgetByCompanyAsync(int company, int docEntry, string cardName, string month, string status)'. [C:\Users\Rohit Rathod\Desktop\JsapProject\JSAPNEW\JSAPNEW.csproj]
C:\Users\Rohit Rathod\Desktop\JsapProject\JSAPNEW\Controllers\ReportsController.cs(146,21): warning CS8604: Possible null reference argument for parameter 'status' in 'Task<BudgetByCompanyModel> IReportsService.GetBudgetByCompanyAsync(int company, int docEntry, string cardName, string month, string status)'. [C:\Users\Rohit Rathod\Desktop\JsapProject\JSAPNEW\JSAPNEW.csproj]
C:\Users\Rohit Rathod\Desktop\JsapProject\JSAPNEW\Controllers\ReportsController.cs(152,30): warning CS0168: The variable 'ex' is declared but never used [C:\Users\Rohit Rathod\Desktop\JsapProject\JSAPNEW\JSAPNEW.csproj]
C:\Users\Rohit Rathod\Desktop\JsapProject\JSAPNEW\Controllers\PermissionController.cs(158,28): warning CS8625: Cannot convert null literal to non-nullable reference type. [C:\Users\Rohit Rathod\Desktop\JsapProject\JSAPNEW\JSAPNEW.csproj]
C:\Users\Rohit Rathod\Desktop\JsapProject\JSAPNEW\Controllers\PermissionController.cs(180,28): warning CS8625: Cannot convert null literal to non-nullable reference type. [C:\Users\Rohit Rathod\Desktop\JsapProject\JSAPNEW\JSAPNEW.csproj]
C:\Users\Rohit Rathod\Desktop\JsapProject\JSAPNEW\Controllers\PermissionController.cs(212,28): warning CS8625: Cannot convert null literal to non-nullable reference type. [C:\Users\Rohit Rathod\Desktop\JsapProject\JSAPNEW\JSAPNEW.csproj]
C:\Users\Rohit Rathod\Desktop\JsapProject\JSAPNEW\Controllers\PermissionController.cs(225,28): warning CS8625: Cannot convert null literal to non-nullable reference type. [C:\Users\Rohit Rathod\Desktop\JsapProject\JSAPNEW\JSAPNEW.csproj]
C:\Users\Rohit Rathod\Desktop\JsapProject\JSAPNEW\Controllers\GIGOwebController.cs(35,30): warning CS8629: Nullable value type may be null. [C:\Users\Rohit Rathod\Desktop\JsapProject\JSAPNEW\JSAPNEW.csproj]
C:\Users\Rohit Rathod\Desktop\JsapProject\JSAPNEW\Controllers\MakerController.cs(197,34): warning CS8600: Converting null literal or possible null value to non-nullable type. [C:\Users\Rohit Rathod\Desktop\JsapProject\JSAPNEW\JSAPNEW.csproj]
C:\Users\Rohit Rathod\Desktop\JsapProject\JSAPNEW\Services\Implementation\UserService.cs(2630,44): warning CS8601: Possible null reference assignment. [C:\Users\Rohit Rathod\Desktop\JsapProject\JSAPNEW\JSAPNEW.csproj]
C:\Users\Rohit Rathod\Desktop\JsapProject\JSAPNEW\Controllers\FileController.cs(162,36): warning CS8600: Converting null literal or possible null value to non-nullable type. [C:\Users\Rohit Rathod\Desktop\JsapProject\JSAPNEW\JSAPNEW.csproj]
C:\Users\Rohit Rathod\Desktop\JsapProject\JSAPNEW\Controllers\TaskWebController.cs(220,26): warning CS8629: Nullable value type may be null. [C:\Users\Rohit Rathod\Desktop\JsapProject\JSAPNEW\JSAPNEW.csproj]
C:\Users\Rohit Rathod\Desktop\JsapProject\JSAPNEW\Controllers\FileController.cs(283,24): warning CS8603: Possible null reference return. [C:\Users\Rohit Rathod\Desktop\JsapProject\JSAPNEW\JSAPNEW.csproj]
C:\Users\Rohit Rathod\Desktop\JsapProject\JSAPNEW\Services\Implementation\HierarchyService.cs(3181,132): warning CS8600: Converting null literal or possible null value to non-nullable type. [C:\Users\Rohit Rathod\Desktop\JsapProject\JSAPNEW\JSAPNEW.csproj]
C:\Users\Rohit Rathod\Desktop\JsapProject\JSAPNEW\Controllers\TaskWebController.cs(321,26): warning CS8629: Nullable value type may be null. [C:\Users\Rohit Rathod\Desktop\JsapProject\JSAPNEW\JSAPNEW.csproj]
C:\Users\Rohit Rathod\Desktop\JsapProject\JSAPNEW\Controllers\InventoryAuditController.cs(668,63): warning CS8604: Possible null reference argument for parameter 'stockDetailsResult' in 'List<object> InventoryAuditController.MergeReportData(GetItemsUsingLotNumberResult itemsResult, dynamic stockDetailsResult, dynamic stockCountReport)'. [C:\Users\Rohit Rathod\Desktop\JsapProject\JSAPNEW\JSAPNEW.csproj]
C:\Users\Rohit Rathod\Desktop\JsapProject\JSAPNEW\Controllers\InventoryAuditController.cs(668,83): warning CS8604: Possible null reference argument for parameter 'stockCountReport' in 'List<object> InventoryAuditController.MergeReportData(GetItemsUsingLotNumberResult itemsResult, dynamic stockDetailsResult, dynamic stockCountReport)'. [C:\Users\Rohit Rathod\Desktop\JsapProject\JSAPNEW\JSAPNEW.csproj]
C:\Users\Rohit Rathod\Desktop\JsapProject\JSAPNEW\Services\Implementation\HierarchyService.cs(3347,57): warning CS8602: Dereference of a possibly null reference. [C:\Users\Rohit Rathod\Desktop\JsapProject\JSAPNEW\JSAPNEW.csproj]
C:\Users\Rohit Rathod\Desktop\JsapProject\JSAPNEW\Services\Implementation\HierarchyService.cs(3348,42): warning CS8602: Dereference of a possibly null reference. [C:\Users\Rohit Rathod\Desktop\JsapProject\JSAPNEW\JSAPNEW.csproj]
C:\Users\Rohit Rathod\Desktop\JsapProject\JSAPNEW\tmp-build\Views\Shared\_Layout.cshtml(17,25): warning CS8600: Converting null literal or possible null value to non-nullable type. [C:\Users\Rohit Rathod\Desktop\JsapProject\JSAPNEW\JSAPNEW.csproj]
C:\Users\Rohit Rathod\Desktop\JsapProject\JSAPNEW\tmp-build\Views\Shared\_Layout.cshtml(28,9): warning CS8602: Dereference of a possibly null reference. [C:\Users\Rohit Rathod\Desktop\JsapProject\JSAPNEW\JSAPNEW.csproj]
C:\Users\Rohit Rathod\Desktop\JsapProject\JSAPNEW\tmp-build\Views\Shared\_Layout.cshtml(1812,15): warning CS8602: Dereference of a possibly null reference. [C:\Users\Rohit Rathod\Desktop\JsapProject\JSAPNEW\JSAPNEW.csproj]
C:\Users\Rohit Rathod\Desktop\JsapProject\JSAPNEW\tmp-build\Views\Shared\_Layout.cshtml(19,26): warning CS0168: The variable 'ex' is declared but never used [C:\Users\Rohit Rathod\Desktop\JsapProject\JSAPNEW\JSAPNEW.csproj]
C:\Users\Rohit Rathod\Desktop\JsapProject\JSAPNEW\Controllers\QcController.cs(311,94): warning CS8604: Possible null reference argument for parameter 'value' in 'List<SubParameterRequest>? JsonConvert.DeserializeObject<List<SubParameterRequest>>(string value)'. [C:\Users\Rohit Rathod\Desktop\JsapProject\JSAPNEW\JSAPNEW.csproj]
C:\Users\Rohit Rathod\Desktop\JsapProject\JSAPNEW\Controllers\GIGOController.cs(355,83): warning CS8604: Possible null reference argument for parameter 'value' in 'GateEntryMasterRequest? JsonConvert.DeserializeObject<GateEntryMasterRequest>(string value)'. [C:\Users\Rohit Rathod\Desktop\JsapProject\JSAPNEW\JSAPNEW.csproj]
C:\Users\Rohit Rathod\Desktop\JsapProject\JSAPNEW\Controllers\GIGOController.cs(362,17): warning CS8602: Dereference of a possibly null reference. [C:\Users\Rohit Rathod\Desktop\JsapProject\JSAPNEW\JSAPNEW.csproj]
C:\Users\Rohit Rathod\Desktop\JsapProject\JSAPNEW\Controllers\TaskWebController.cs(412,26): warning CS8629: Nullable value type may be null. [C:\Users\Rohit Rathod\Desktop\JsapProject\JSAPNEW\JSAPNEW.csproj]
C:\Users\Rohit Rathod\Desktop\JsapProject\JSAPNEW\Controllers\TaskWebController.cs(474,26): warning CS8629: Nullable value type may be null. [C:\Users\Rohit Rathod\Desktop\JsapProject\JSAPNEW\JSAPNEW.csproj]
C:\Users\Rohit Rathod\Desktop\JsapProject\JSAPNEW\Controllers\TaskWebController.cs(494,26): warning CS8629: Nullable value type may be null. [C:\Users\Rohit Rathod\Desktop\JsapProject\JSAPNEW\JSAPNEW.csproj]
C:\Users\Rohit Rathod\Desktop\JsapProject\JSAPNEW\Services\Implementation\HierarchyService.cs(3395,84): warning CS8625: Cannot convert null literal to non-nullable reference type. [C:\Users\Rohit Rathod\Desktop\JsapProject\JSAPNEW\JSAPNEW.csproj]
C:\Users\Rohit Rathod\Desktop\JsapProject\JSAPNEW\Services\Implementation\HierarchyService.cs(3395,90): warning CS8625: Cannot convert null literal to non-nullable reference type. [C:\Users\Rohit Rathod\Desktop\JsapProject\JSAPNEW\JSAPNEW.csproj]
C:\Users\Rohit Rathod\Desktop\JsapProject\JSAPNEW\Controllers\TaskWebController.cs(514,26): warning CS8629: Nullable value type may be null. [C:\Users\Rohit Rathod\Desktop\JsapProject\JSAPNEW\JSAPNEW.csproj]
C:\Users\Rohit Rathod\Desktop\JsapProject\JSAPNEW\Services\Implementation\HierarchyService.cs(3489,32): warning CS8604: Possible null reference argument for parameter 'obj' in 'string HierarchyService.ToJson(object obj)'. [C:\Users\Rohit Rathod\Desktop\JsapProject\JSAPNEW\JSAPNEW.csproj]
C:\Users\Rohit Rathod\Desktop\JsapProject\JSAPNEW\Services\Implementation\HierarchyService.cs(3532,82): warning CS8625: Cannot convert null literal to non-nullable reference type. [C:\Users\Rohit Rathod\Desktop\JsapProject\JSAPNEW\JSAPNEW.csproj]
C:\Users\Rohit Rathod\Desktop\JsapProject\JSAPNEW\Services\Implementation\HierarchyService.cs(3533,21): warning CS8625: Cannot convert null literal to non-nullable reference type. [C:\Users\Rohit Rathod\Desktop\JsapProject\JSAPNEW\JSAPNEW.csproj]
C:\Users\Rohit Rathod\Desktop\JsapProject\JSAPNEW\Services\Implementation\HierarchyService.cs(3610,34): warning CS8602: Dereference of a possibly null reference. [C:\Users\Rohit Rathod\Desktop\JsapProject\JSAPNEW\JSAPNEW.csproj]
C:\Users\Rohit Rathod\Desktop\JsapProject\JSAPNEW\Services\Implementation\HierarchyService.cs(3616,73): warning CS8625: Cannot convert null literal to non-nullable reference type. [C:\Users\Rohit Rathod\Desktop\JsapProject\JSAPNEW\JSAPNEW.csproj]
C:\Users\Rohit Rathod\Desktop\JsapProject\JSAPNEW\Services\Implementation\HierarchyService.cs(3631,34): warning CS8602: Dereference of a possibly null reference. [C:\Users\Rohit Rathod\Desktop\JsapProject\JSAPNEW\JSAPNEW.csproj]
C:\Users\Rohit Rathod\Desktop\JsapProject\JSAPNEW\Services\Implementation\HierarchyService.cs(3632,79): warning CS8625: Cannot convert null literal to non-nullable reference type. [C:\Users\Rohit Rathod\Desktop\JsapProject\JSAPNEW\JSAPNEW.csproj]
C:\Users\Rohit Rathod\Desktop\JsapProject\JSAPNEW\Services\Implementation\HierarchyService.cs(3655,91): warning CS8625: Cannot convert null literal to non-nullable reference type. [C:\Users\Rohit Rathod\Desktop\JsapProject\JSAPNEW\JSAPNEW.csproj]
C:\Users\Rohit Rathod\Desktop\JsapProject\JSAPNEW\Services\Implementation\HierarchyService.cs(3683,100): warning CS8625: Cannot convert null literal to non-nullable reference type. [C:\Users\Rohit Rathod\Desktop\JsapProject\JSAPNEW\JSAPNEW.csproj]
C:\Users\Rohit Rathod\Desktop\JsapProject\JSAPNEW\Controllers\HierarchyWebController.cs(629,34): warning CS8601: Possible null reference assignment. [C:\Users\Rohit Rathod\Desktop\JsapProject\JSAPNEW\JSAPNEW.csproj]
C:\Users\Rohit Rathod\Desktop\JsapProject\JSAPNEW\Services\Implementation\HierarchyService.cs(3805,40): warning CS8600: Converting null literal or possible null value to non-nullable type. [C:\Users\Rohit Rathod\Desktop\JsapProject\JSAPNEW\JSAPNEW.csproj]
C:\Users\Rohit Rathod\Desktop\JsapProject\JSAPNEW\Services\Implementation\HierarchyService.cs(3806,40): warning CS8600: Converting null literal or possible null value to non-nullable type. [C:\Users\Rohit Rathod\Desktop\JsapProject\JSAPNEW\JSAPNEW.csproj]
C:\Users\Rohit Rathod\Desktop\JsapProject\JSAPNEW\Services\Implementation\HierarchyService.cs(3811,41): warning CS8600: Converting null literal or possible null value to non-nullable type. [C:\Users\Rohit Rathod\Desktop\JsapProject\JSAPNEW\JSAPNEW.csproj]
C:\Users\Rohit Rathod\Desktop\JsapProject\JSAPNEW\Services\Implementation\HierarchyService.cs(3812,37): warning CS8600: Converting null literal or possible null value to non-nullable type. [C:\Users\Rohit Rathod\Desktop\JsapProject\JSAPNEW\JSAPNEW.csproj]
C:\Users\Rohit Rathod\Desktop\JsapProject\JSAPNEW\Services\Implementation\HierarchyService.cs(3858,72): warning CS8602: Dereference of a possibly null reference. [C:\Users\Rohit Rathod\Desktop\JsapProject\JSAPNEW\JSAPNEW.csproj]
C:\Users\Rohit Rathod\Desktop\JsapProject\JSAPNEW\Services\Implementation\HierarchyService.cs(3858,94): warning CS8625: Cannot convert null literal to non-nullable reference type. [C:\Users\Rohit Rathod\Desktop\JsapProject\JSAPNEW\JSAPNEW.csproj]
C:\Users\Rohit Rathod\Desktop\JsapProject\JSAPNEW\Services\Implementation\HierarchyService.cs(3873,115): warning CS8625: Cannot convert null literal to non-nullable reference type. [C:\Users\Rohit Rathod\Desktop\JsapProject\JSAPNEW\JSAPNEW.csproj]
C:\Users\Rohit Rathod\Desktop\JsapProject\JSAPNEW\Controllers\AuthController.cs(2749,21): warning CS0472: The result of the expression is always 'false' since a value of type 'int' is never equal to 'null' of type 'int?' [C:\Users\Rohit Rathod\Desktop\JsapProject\JSAPNEW\JSAPNEW.csproj]
C:\Users\Rohit Rathod\Desktop\JsapProject\JSAPNEW\Services\Implementation\HierarchyService.cs(4173,79): warning CS8625: Cannot convert null literal to non-nullable reference type. [C:\Users\Rohit Rathod\Desktop\JsapProject\JSAPNEW\JSAPNEW.csproj]
C:\Users\Rohit Rathod\Desktop\JsapProject\JSAPNEW\Services\Implementation\TokenService.cs(23,71): warning CS8604: Possible null reference argument for parameter 's' in 'byte[] Encoding.GetBytes(string s)'. [C:\Users\Rohit Rathod\Desktop\JsapProject\JSAPNEW\JSAPNEW.csproj]
C:\Users\Rohit Rathod\Desktop\JsapProject\JSAPNEW\Services\Implementation\TokenService.cs(75,47): warning CS8604: Possible null reference argument for parameter 's' in 'byte[] Encoding.GetBytes(string s)'. [C:\Users\Rohit Rathod\Desktop\JsapProject\JSAPNEW\JSAPNEW.csproj]
C:\Users\Rohit Rathod\Desktop\JsapProject\JSAPNEW\Services\Implementation\TicketsService.cs(19,33): warning CS8601: Possible null reference assignment. [C:\Users\Rohit Rathod\Desktop\JsapProject\JSAPNEW\JSAPNEW.csproj]
C:\Users\Rohit Rathod\Desktop\JsapProject\JSAPNEW\Services\Implementation\TicketsService.cs(17,16): warning CS8618: Non-nullable field '_connectionString' must contain a non-null value when exiting constructor. Consider adding the 'required' modifier or declaring the field as nullable. [C:\Users\Rohit Rathod\Desktop\JsapProject\JSAPNEW\JSAPNEW.csproj]
C:\Users\Rohit Rathod\Desktop\JsapProject\JSAPNEW\Services\Implementation\TicketsService.cs(43,48): warning CS8601: Possible null reference assignment. [C:\Users\Rohit Rathod\Desktop\JsapProject\JSAPNEW\JSAPNEW.csproj]
C:\Users\Rohit Rathod\Desktop\JsapProject\JSAPNEW\Services\Implementation\HierarchyService.cs(4302,25): warning CS8602: Dereference of a possibly null reference. [C:\Users\Rohit Rathod\Desktop\JsapProject\JSAPNEW\JSAPNEW.csproj]
C:\Users\Rohit Rathod\Desktop\JsapProject\JSAPNEW\Services\Implementation\HierarchyService.cs(4303,38): warning CS8602: Dereference of a possibly null reference. [C:\Users\Rohit Rathod\Desktop\JsapProject\JSAPNEW\JSAPNEW.csproj]
C:\Users\Rohit Rathod\Desktop\JsapProject\JSAPNEW\Services\Implementation\HierarchyService.cs(4305,29): warning CS8602: Dereference of a possibly null reference. [C:\Users\Rohit Rathod\Desktop\JsapProject\JSAPNEW\JSAPNEW.csproj]
C:\Users\Rohit Rathod\Desktop\JsapProject\JSAPNEW\Services\Implementation\TicketsService.cs(77,48): warning CS8601: Possible null reference assignment. [C:\Users\Rohit Rathod\Desktop\JsapProject\JSAPNEW\JSAPNEW.csproj]
C:\Users\Rohit Rathod\Desktop\JsapProject\JSAPNEW\Services\Implementation\TicketsService.cs(107,48): warning CS8601: Possible null reference assignment. [C:\Users\Rohit Rathod\Desktop\JsapProject\JSAPNEW\JSAPNEW.csproj]
C:\Users\Rohit Rathod\Desktop\JsapProject\JSAPNEW\Controllers\ItemMasterController.cs(1516,41): warning CS8600: Converting null literal or possible null value to non-nullable type. [C:\Users\Rohit Rathod\Desktop\JsapProject\JSAPNEW\JSAPNEW.csproj]
C:\Users\Rohit Rathod\Desktop\JsapProject\JSAPNEW\Controllers\ItemMasterController.cs(1526,42): warning CS8600: Converting null literal or possible null value to non-nullable type. [C:\Users\Rohit Rathod\Desktop\JsapProject\JSAPNEW\JSAPNEW.csproj]
C:\Users\Rohit Rathod\Desktop\JsapProject\JSAPNEW\Services\Implementation\TicketsService.cs(139,47): warning CS8601: Possible null reference assignment. [C:\Users\Rohit Rathod\Desktop\JsapProject\JSAPNEW\JSAPNEW.csproj]
C:\Users\Rohit Rathod\Desktop\JsapProject\JSAPNEW\Services\Implementation\TicketsService.cs(140,47): warning CS8601: Possible null reference assignment. [C:\Users\Rohit Rathod\Desktop\JsapProject\JSAPNEW\JSAPNEW.csproj]
C:\Users\Rohit Rathod\Desktop\JsapProject\JSAPNEW\Services\Implementation\TicketsService.cs(144,49): warning CS8601: Possible null reference assignment. [C:\Users\Rohit Rathod\Desktop\JsapProject\JSAPNEW\JSAPNEW.csproj]
C:\Users\Rohit Rathod\Desktop\JsapProject\JSAPNEW\Controllers\HierarchyController.cs(1231,77): warning CS8604: Possible null reference argument for parameter 'oldKey' in 'Task<(bool Success, string Message)> IHierarchyService.SetAdminSalaryKeyAsync(string oldKey, string newKey, int setByUserId)'. [C:\Users\Rohit Rathod\Desktop\JsapProject\JSAPNEW\JSAPNEW.csproj]
C:\Users\Rohit Rathod\Desktop\JsapProject\JSAPNEW\Controllers\HierarchyController.cs(1269,84): warning CS8604: Possible null reference argument for parameter 'request' in 'Task<(bool Success, string Message)> IHierarchyService.UpdateSalaryDbCredentialAsync(SalaryDbCredentialDto request, int updatedBy, int? changedEmployeeId)'. [C:\Users\Rohit Rathod\Desktop\JsapProject\JSAPNEW\JSAPNEW.csproj]
C:\Users\Rohit Rathod\Desktop\JsapProject\JSAPNEW\Services\Implementation\HierarchyService.cs(4489,100): warning CS8604: Possible null reference argument for parameter 'name' in 'string GenerateCode(string name, string prefix)'. [C:\Users\Rohit Rathod\Desktop\JsapProject\JSAPNEW\JSAPNEW.csproj]
C:\Users\Rohit Rathod\Desktop\JsapProject\JSAPNEW\Services\Implementation\HierarchyService.cs(4491,100): warning CS8604: Possible null reference argument for parameter 'name' in 'string GenerateCode(string name, string prefix)'. [C:\Users\Rohit Rathod\Desktop\JsapProject\JSAPNEW\JSAPNEW.csproj]
C:\Users\Rohit Rathod\Desktop\JsapProject\JSAPNEW\Services\Implementation\HierarchyService.cs(4493,100): warning CS8604: Possible null reference argument for parameter 'name' in 'string GenerateCode(string name, string prefix)'. [C:\Users\Rohit Rathod\Desktop\JsapProject\JSAPNEW\JSAPNEW.csproj]
C:\Users\Rohit Rathod\Desktop\JsapProject\JSAPNEW\Services\Implementation\HierarchyService.cs(4495,100): warning CS8604: Possible null reference argument for parameter 'name' in 'string GenerateCode(string name, string prefix)'. [C:\Users\Rohit Rathod\Desktop\JsapProject\JSAPNEW\JSAPNEW.csproj]
C:\Users\Rohit Rathod\Desktop\JsapProject\JSAPNEW\Services\Implementation\HierarchyService.cs(4480,61): warning CS8603: Possible null reference return. [C:\Users\Rohit Rathod\Desktop\JsapProject\JSAPNEW\JSAPNEW.csproj]
C:\Users\Rohit Rathod\Desktop\JsapProject\JSAPNEW\Services\Implementation\TicketsService.cs(182,52): warning CS8601: Possible null reference assignment. [C:\Users\Rohit Rathod\Desktop\JsapProject\JSAPNEW\JSAPNEW.csproj]
C:\Users\Rohit Rathod\Desktop\JsapProject\JSAPNEW\Services\Implementation\TicketsService.cs(189,51): warning CS8601: Possible null reference assignment. [C:\Users\Rohit Rathod\Desktop\JsapProject\JSAPNEW\JSAPNEW.csproj]
C:\Users\Rohit Rathod\Desktop\JsapProject\JSAPNEW\Services\Implementation\TicketsService.cs(190,51): warning CS8601: Possible null reference assignment. [C:\Users\Rohit Rathod\Desktop\JsapProject\JSAPNEW\JSAPNEW.csproj]
C:\Users\Rohit Rathod\Desktop\JsapProject\JSAPNEW\Services\Implementation\TicketsService.cs(194,53): warning CS8601: Possible null reference assignment. [C:\Users\Rohit Rathod\Desktop\JsapProject\JSAPNEW\JSAPNEW.csproj]
C:\Users\Rohit Rathod\Desktop\JsapProject\JSAPNEW\Services\Implementation\TicketsService.cs(247,48): warning CS8601: Possible null reference assignment. [C:\Users\Rohit Rathod\Desktop\JsapProject\JSAPNEW\JSAPNEW.csproj]
C:\Users\Rohit Rathod\Desktop\JsapProject\JSAPNEW\Services\Implementation\HierarchyService.cs(4670,79): warning CS8625: Cannot convert null literal to non-nullable reference type. [C:\Users\Rohit Rathod\Desktop\JsapProject\JSAPNEW\JSAPNEW.csproj]
C:\Users\Rohit Rathod\Desktop\JsapProject\JSAPNEW\Services\Implementation\TicketsService.cs(315,52): warning CS8601: Possible null reference assignment. [C:\Users\Rohit Rathod\Desktop\JsapProject\JSAPNEW\JSAPNEW.csproj]
C:\Users\Rohit Rathod\Desktop\JsapProject\JSAPNEW\Controllers\ItemMasterController.cs(1882,41): warning CS8625: Cannot convert null literal to non-nullable reference type. [C:\Users\Rohit Rathod\Desktop\JsapProject\JSAPNEW\JSAPNEW.csproj]
C:\Users\Rohit Rathod\Desktop\JsapProject\JSAPNEW\Services\Implementation\TicketService.cs(28,33): warning CS8601: Possible null reference assignment. [C:\Users\Rohit Rathod\Desktop\JsapProject\JSAPNEW\JSAPNEW.csproj]
C:\Users\Rohit Rathod\Desktop\JsapProject\JSAPNEW\Services\Implementation\TicketService.cs(24,16): warning CS8618: Non-nullable field '_connectionString' must contain a non-null value when exiting constructor. Consider adding the 'required' modifier or declaring the field as nullable. [C:\Users\Rohit Rathod\Desktop\JsapProject\JSAPNEW\JSAPNEW.csproj]
C:\Users\Rohit Rathod\Desktop\JsapProject\JSAPNEW\Services\Implementation\TicketService.cs(24,16): warning CS8618: Non-nullable field '_webHostEnvironment' must contain a non-null value when exiting constructor. Consider adding the 'required' modifier or declaring the field as nullable. [C:\Users\Rohit Rathod\Desktop\JsapProject\JSAPNEW\JSAPNEW.csproj]
C:\Users\Rohit Rathod\Desktop\JsapProject\JSAPNEW\Services\Implementation\TicketsService.cs(361,48): warning CS8601: Possible null reference assignment. [C:\Users\Rohit Rathod\Desktop\JsapProject\JSAPNEW\JSAPNEW.csproj]
C:\Users\Rohit Rathod\Desktop\JsapProject\JSAPNEW\Controllers\HierarchyController.cs(1377,26): warning CS8602: Dereference of a possibly null reference. [C:\Users\Rohit Rathod\Desktop\JsapProject\JSAPNEW\JSAPNEW.csproj]
C:\Users\Rohit Rathod\Desktop\JsapProject\JSAPNEW\Controllers\HierarchyController.cs(1394,36): warning CS8625: Cannot convert null literal to non-nullable reference type. [C:\Users\Rohit Rathod\Desktop\JsapProject\JSAPNEW\JSAPNEW.csproj]
C:\Users\Rohit Rathod\Desktop\JsapProject\JSAPNEW\Controllers\HierarchyController.cs(1395,36): warning CS8625: Cannot convert null literal to non-nullable reference type. [C:\Users\Rohit Rathod\Desktop\JsapProject\JSAPNEW\JSAPNEW.csproj]
C:\Users\Rohit Rathod\Desktop\JsapProject\JSAPNEW\Controllers\HierarchyController.cs(1433,42): warning CS8600: Converting null literal or possible null value to non-nullable type. [C:\Users\Rohit Rathod\Desktop\JsapProject\JSAPNEW\JSAPNEW.csproj]
C:\Users\Rohit Rathod\Desktop\JsapProject\JSAPNEW\Controllers\HierarchyController.cs(1444,39): warning CS8600: Converting null literal or possible null value to non-nullable type. [C:\Users\Rohit Rathod\Desktop\JsapProject\JSAPNEW\JSAPNEW.csproj]
C:\Users\Rohit Rathod\Desktop\JsapProject\JSAPNEW\Controllers\HierarchyController.cs(1464,36): warning CS8625: Cannot convert null literal to non-nullable reference type. [C:\Users\Rohit Rathod\Desktop\JsapProject\JSAPNEW\JSAPNEW.csproj]
C:\Users\Rohit Rathod\Desktop\JsapProject\JSAPNEW\Controllers\HierarchyController.cs(1465,36): warning CS8625: Cannot convert null literal to non-nullable reference type. [C:\Users\Rohit Rathod\Desktop\JsapProject\JSAPNEW\JSAPNEW.csproj]
C:\Users\Rohit Rathod\Desktop\JsapProject\JSAPNEW\Controllers\HierarchyController.cs(1537,24): warning CS8603: Possible null reference return. [C:\Users\Rohit Rathod\Desktop\JsapProject\JSAPNEW\JSAPNEW.csproj]
C:\Users\Rohit Rathod\Desktop\JsapProject\JSAPNEW\Services\Implementation\TicketsService.cs(400,47): warning CS8601: Possible null reference assignment. [C:\Users\Rohit Rathod\Desktop\JsapProject\JSAPNEW\JSAPNEW.csproj]
C:\Users\Rohit Rathod\Desktop\JsapProject\JSAPNEW\Services\Implementation\TicketsService.cs(401,41): warning CS8601: Possible null reference assignment. [C:\Users\Rohit Rathod\Desktop\JsapProject\JSAPNEW\JSAPNEW.csproj]
C:\Users\Rohit Rathod\Desktop\JsapProject\JSAPNEW\Services\Implementation\TicketsService.cs(402,47): warning CS8601: Possible null reference assignment. [C:\Users\Rohit Rathod\Desktop\JsapProject\JSAPNEW\JSAPNEW.csproj]
C:\Users\Rohit Rathod\Desktop\JsapProject\JSAPNEW\Services\Implementation\TicketsService.cs(403,42): warning CS8601: Possible null reference assignment. [C:\Users\Rohit Rathod\Desktop\JsapProject\JSAPNEW\JSAPNEW.csproj]
C:\Users\Rohit Rathod\Desktop\JsapProject\JSAPNEW\Services\Implementation\TicketsService.cs(404,44): warning CS8601: Possible null reference assignment. [C:\Users\Rohit Rathod\Desktop\JsapProject\JSAPNEW\JSAPNEW.csproj]
C:\Users\Rohit Rathod\Desktop\JsapProject\JSAPNEW\Services\Implementation\TicketsService.cs(406,48): warning CS8601: Possible null reference assignment. [C:\Users\Rohit Rathod\Desktop\JsapProject\JSAPNEW\JSAPNEW.csproj]
C:\Users\Rohit Rathod\Desktop\JsapProject\JSAPNEW\Services\Implementation\TicketsService.cs(407,49): warning CS8601: Possible null reference assignment. [C:\Users\Rohit Rathod\Desktop\JsapProject\JSAPNEW\JSAPNEW.csproj]
C:\Users\Rohit Rathod\Desktop\JsapProject\JSAPNEW\Services\Implementation\TicketsService.cs(409,45): warning CS8601: Possible null reference assignment. [C:\Users\Rohit Rathod\Desktop\JsapProject\JSAPNEW\JSAPNEW.csproj]
C:\Users\Rohit Rathod\Desktop\JsapProject\JSAPNEW\Services\Implementation\TicketsService.cs(445,48): warning CS8601: Possible null reference assignment. [C:\Users\Rohit Rathod\Desktop\JsapProject\JSAPNEW\JSAPNEW.csproj]
C:\Users\Rohit Rathod\Desktop\JsapProject\JSAPNEW\Controllers\HierarchyController.cs(1605,54): warning CS8601: Possible null reference assignment. [C:\Users\Rohit Rathod\Desktop\JsapProject\JSAPNEW\JSAPNEW.csproj]
C:\Users\Rohit Rathod\Desktop\JsapProject\JSAPNEW\Controllers\HierarchyController.cs(1633,62): warning CS8601: Possible null reference assignment. [C:\Users\Rohit Rathod\Desktop\JsapProject\JSAPNEW\JSAPNEW.csproj]
C:\Users\Rohit Rathod\Desktop\JsapProject\JSAPNEW\Controllers\HierarchyController.cs(1692,21): warning CS8625: Cannot convert null literal to non-nullable reference type. [C:\Users\Rohit Rathod\Desktop\JsapProject\JSAPNEW\JSAPNEW.csproj]
C:\Users\Rohit Rathod\Desktop\JsapProject\JSAPNEW\Controllers\HierarchyController.cs(1693,21): warning CS8625: Cannot convert null literal to non-nullable reference type. [C:\Users\Rohit Rathod\Desktop\JsapProject\JSAPNEW\JSAPNEW.csproj]
C:\Users\Rohit Rathod\Desktop\JsapProject\JSAPNEW\Services\Implementation\TaskService.cs(15,33): warning CS8601: Possible null reference assignment. [C:\Users\Rohit Rathod\Desktop\JsapProject\JSAPNEW\JSAPNEW.csproj]
C:\Users\Rohit Rathod\Desktop\JsapProject\JSAPNEW\Services\Implementation\TaskService.cs(13,16): warning CS8618: Non-nullable field '_connectionString' must contain a non-null value when exiting constructor. Consider adding the 'required' modifier or declaring the field as nullable. [C:\Users\Rohit Rathod\Desktop\JsapProject\JSAPNEW\JSAPNEW.csproj]
C:\Users\Rohit Rathod\Desktop\JsapProject\JSAPNEW\Services\Implementation\TicketsService.cs(477,48): warning CS8601: Possible null reference assignment. [C:\Users\Rohit Rathod\Desktop\JsapProject\JSAPNEW\JSAPNEW.csproj]
C:\Users\Rohit Rathod\Desktop\JsapProject\JSAPNEW\Services\Implementation\ReportsService.cs(22,27): warning CS8601: Possible null reference assignment. [C:\Users\Rohit Rathod\Desktop\JsapProject\JSAPNEW\JSAPNEW.csproj]
C:\Users\Rohit Rathod\Desktop\JsapProject\JSAPNEW\Services\Implementation\ReportsService.cs(23,37): warning CS8601: Possible null reference assignment. [C:\Users\Rohit Rathod\Desktop\JsapProject\JSAPNEW\JSAPNEW.csproj]
C:\Users\Rohit Rathod\Desktop\JsapProject\JSAPNEW\Services\Implementation\ReportsService.cs(19,16): warning CS8618: Non-nullable field '_HanaconnectionString' must contain a non-null value when exiting constructor. Consider adding the 'required' modifier or declaring the field as nullable. [C:\Users\Rohit Rathod\Desktop\JsapProject\JSAPNEW\JSAPNEW.csproj]
C:\Users\Rohit Rathod\Desktop\JsapProject\JSAPNEW\Services\Implementation\ReportsService.cs(19,16): warning CS8618: Non-nullable field '_sapBaseUrl' must contain a non-null value when exiting constructor. Consider adding the 'required' modifier or declaring the field as nullable. [C:\Users\Rohit Rathod\Desktop\JsapProject\JSAPNEW\JSAPNEW.csproj]
C:\Users\Rohit Rathod\Desktop\JsapProject\JSAPNEW\Services\Implementation\QcService.cs(25,33): warning CS8601: Possible null reference assignment. [C:\Users\Rohit Rathod\Desktop\JsapProject\JSAPNEW\JSAPNEW.csproj]
C:\Users\Rohit Rathod\Desktop\JsapProject\JSAPNEW\Services\Implementation\QcService.cs(27,29): warning CS8601: Possible null reference assignment. [C:\Users\Rohit Rathod\Desktop\JsapProject\JSAPNEW\JSAPNEW.csproj]
C:\Users\Rohit Rathod\Desktop\JsapProject\JSAPNEW\Services\Implementation\QcService.cs(22,16): warning CS8618: Non-nullable field '_connectionString' must contain a non-null value when exiting constructor. Consider adding the 'required' modifier or declaring the field as nullable. [C:\Users\Rohit Rathod\Desktop\JsapProject\JSAPNEW\JSAPNEW.csproj]
C:\Users\Rohit Rathod\Desktop\JsapProject\JSAPNEW\Services\Implementation\QcService.cs(22,16): warning CS8618: Non-nullable field '_hanaSettings' must contain a non-null value when exiting constructor. Consider adding the 'required' modifier or declaring the field as nullable. [C:\Users\Rohit Rathod\Desktop\JsapProject\JSAPNEW\JSAPNEW.csproj]
C:\Users\Rohit Rathod\Desktop\JsapProject\JSAPNEW\Services\Implementation\PaymentService.cs(19,33): warning CS8601: Possible null reference assignment. [C:\Users\Rohit Rathod\Desktop\JsapProject\JSAPNEW\JSAPNEW.csproj]
C:\Users\Rohit Rathod\Desktop\JsapProject\JSAPNEW\Services\Implementation\PaymentService.cs(16,16): warning CS8618: Non-nullable field '_connectionString' must contain a non-null value when exiting constructor. Consider adding the 'required' modifier or declaring the field as nullable. [C:\Users\Rohit Rathod\Desktop\JsapProject\JSAPNEW\JSAPNEW.csproj]
C:\Users\Rohit Rathod\Desktop\JsapProject\JSAPNEW\Services\Implementation\PrdoService.cs(25,33): warning CS8601: Possible null reference assignment. [C:\Users\Rohit Rathod\Desktop\JsapProject\JSAPNEW\JSAPNEW.csproj]
C:\Users\Rohit Rathod\Desktop\JsapProject\JSAPNEW\Services\Implementation\PrdoService.cs(27,29): warning CS8601: Possible null reference assignment. [C:\Users\Rohit Rathod\Desktop\JsapProject\JSAPNEW\JSAPNEW.csproj]
C:\Users\Rohit Rathod\Desktop\JsapProject\JSAPNEW\Services\Implementation\PrdoService.cs(22,16): warning CS8618: Non-nullable field '_connectionString' must contain a non-null value when exiting constructor. Consider adding the 'required' modifier or declaring the field as nullable. [C:\Users\Rohit Rathod\Desktop\JsapProject\JSAPNEW\JSAPNEW.csproj]
C:\Users\Rohit Rathod\Desktop\JsapProject\JSAPNEW\Services\Implementation\PrdoService.cs(22,16): warning CS8618: Non-nullable field '_hanaSettings' must contain a non-null value when exiting constructor. Consider adding the 'required' modifier or declaring the field as nullable. [C:\Users\Rohit Rathod\Desktop\JsapProject\JSAPNEW\JSAPNEW.csproj]
C:\Users\Rohit Rathod\Desktop\JsapProject\JSAPNEW\Services\Implementation\NotificationService.cs(28,33): warning CS8601: Possible null reference assignment. [C:\Users\Rohit Rathod\Desktop\JsapProject\JSAPNEW\JSAPNEW.csproj]
C:\Users\Rohit Rathod\Desktop\JsapProject\JSAPNEW\Services\Implementation\NotificationService.cs(30,63): warning CS8604: Possible null reference argument for parameter 'path2' in 'string Path.Combine(string path1, string path2)'. [C:\Users\Rohit Rathod\Desktop\JsapProject\JSAPNEW\JSAPNEW.csproj]
C:\Users\Rohit Rathod\Desktop\JsapProject\JSAPNEW\Services\Implementation\NotificationService.cs(25,16): warning CS8618: Non-nullable field '_connectionString' must contain a non-null value when exiting constructor. Consider adding the 'required' modifier or declaring the field as nullable. [C:\Users\Rohit Rathod\Desktop\JsapProject\JSAPNEW\JSAPNEW.csproj]
C:\Users\Rohit Rathod\Desktop\JsapProject\JSAPNEW\Services\Implementation\InventoryAuditService.cs(33,33): warning CS8601: Possible null reference assignment. [C:\Users\Rohit Rathod\Desktop\JsapProject\JSAPNEW\JSAPNEW.csproj]
C:\Users\Rohit Rathod\Desktop\JsapProject\JSAPNEW\Services\Implementation\InventoryAuditService.cs(38,29): warning CS8601: Possible null reference assignment. [C:\Users\Rohit Rathod\Desktop\JsapProject\JSAPNEW\JSAPNEW.csproj]
C:\Users\Rohit Rathod\Desktop\JsapProject\JSAPNEW\Services\Implementation\InventoryAuditService.cs(30,16): warning CS8618: Non-nullable field '_connectionString' must contain a non-null value when exiting constructor. Consider adding the 'required' modifier or declaring the field as nullable. [C:\Users\Rohit Rathod\Desktop\JsapProject\JSAPNEW\JSAPNEW.csproj]
C:\Users\Rohit Rathod\Desktop\JsapProject\JSAPNEW\Services\Implementation\InventoryAuditService.cs(30,16): warning CS8618: Non-nullable field '_hanaSettings' must contain a non-null value when exiting constructor. Consider adding the 'required' modifier or declaring the field as nullable. [C:\Users\Rohit Rathod\Desktop\JsapProject\JSAPNEW\JSAPNEW.csproj]
C:\Users\Rohit Rathod\Desktop\JsapProject\JSAPNEW\Services\Implementation\TicketsService.cs(545,44): warning CS8601: Possible null reference assignment. [C:\Users\Rohit Rathod\Desktop\JsapProject\JSAPNEW\JSAPNEW.csproj]
C:\Users\Rohit Rathod\Desktop\JsapProject\JSAPNEW\Services\Implementation\TicketsService.cs(546,45): warning CS8601: Possible null reference assignment. [C:\Users\Rohit Rathod\Desktop\JsapProject\JSAPNEW\JSAPNEW.csproj]
C:\Users\Rohit Rathod\Desktop\JsapProject\JSAPNEW\Services\Implementation\TicketsService.cs(547,41): warning CS8601: Possible null reference assignment. [C:\Users\Rohit Rathod\Desktop\JsapProject\JSAPNEW\JSAPNEW.csproj]
C:\Users\Rohit Rathod\Desktop\JsapProject\JSAPNEW\Services\Implementation\GIGOService.cs(25,33): warning CS8601: Possible null reference assignment. [C:\Users\Rohit Rathod\Desktop\JsapProject\JSAPNEW\JSAPNEW.csproj]
C:\Users\Rohit Rathod\Desktop\JsapProject\JSAPNEW\Services\Implementation\GIGOService.cs(22,16): warning CS8618: Non-nullable field '_connectionString' must contain a non-null value when exiting constructor. Consider adding the 'required' modifier or declaring the field as nullable. [C:\Users\Rohit Rathod\Desktop\JsapProject\JSAPNEW\JSAPNEW.csproj]
C:\Users\Rohit Rathod\Desktop\JsapProject\JSAPNEW\Services\Implementation\ItemMasterService.cs(70,29): warning CS8601: Possible null reference assignment. [C:\Users\Rohit Rathod\Desktop\JsapProject\JSAPNEW\JSAPNEW.csproj]
C:\Users\Rohit Rathod\Desktop\JsapProject\JSAPNEW\Services\Implementation\ItemMasterService.cs(72,44): warning CS8601: Possible null reference assignment. [C:\Users\Rohit Rathod\Desktop\JsapProject\JSAPNEW\JSAPNEW.csproj]
C:\Users\Rohit Rathod\Desktop\JsapProject\JSAPNEW\Services\Implementation\ItemMasterService.cs(73,44): warning CS8601: Possible null reference assignment. [C:\Users\Rohit Rathod\Desktop\JsapProject\JSAPNEW\JSAPNEW.csproj]
C:\Users\Rohit Rathod\Desktop\JsapProject\JSAPNEW\Services\Implementation\ItemMasterService.cs(74,45): warning CS8601: Possible null reference assignment. [C:\Users\Rohit Rathod\Desktop\JsapProject\JSAPNEW\JSAPNEW.csproj]
C:\Users\Rohit Rathod\Desktop\JsapProject\JSAPNEW\Services\Implementation\ItemMasterService.cs(75,33): warning CS8601: Possible null reference assignment. [C:\Users\Rohit Rathod\Desktop\JsapProject\JSAPNEW\JSAPNEW.csproj]
C:\Users\Rohit Rathod\Desktop\JsapProject\JSAPNEW\Services\Implementation\ItemMasterService.cs(66,16): warning CS8618: Non-nullable field '_hanaSettings' must contain a non-null value when exiting constructor. Consider adding the 'required' modifier or declaring the field as nullable. [C:\Users\Rohit Rathod\Desktop\JsapProject\JSAPNEW\JSAPNEW.csproj]
C:\Users\Rohit Rathod\Desktop\JsapProject\JSAPNEW\Services\Implementation\ItemMasterService.cs(66,16): warning CS8618: Non-nullable field '_connectionString' must contain a non-null value when exiting constructor. Consider adding the 'required' modifier or declaring the field as nullable. [C:\Users\Rohit Rathod\Desktop\JsapProject\JSAPNEW\JSAPNEW.csproj]
C:\Users\Rohit Rathod\Desktop\JsapProject\JSAPNEW\Services\Implementation\ItemMasterService.cs(66,16): warning CS8618: Non-nullable field '_HanaLiveOilconnectionString' must contain a non-null value when exiting constructor. Consider adding the 'required' modifier or declaring the field as nullable. [C:\Users\Rohit Rathod\Desktop\JsapProject\JSAPNEW\JSAPNEW.csproj]
C:\Users\Rohit Rathod\Desktop\JsapProject\JSAPNEW\Services\Implementation\ItemMasterService.cs(66,16): warning CS8618: Non-nullable field '_HanaLiveBevconnectionString' must contain a non-null value when exiting constructor. Consider adding the 'required' modifier or declaring the field as nullable. [C:\Users\Rohit Rathod\Desktop\JsapProject\JSAPNEW\JSAPNEW.csproj]
C:\Users\Rohit Rathod\Desktop\JsapProject\JSAPNEW\Services\Implementation\ItemMasterService.cs(66,16): warning CS8618: Non-nullable field '_HanaLiveMartconnectionString' must contain a non-null value when exiting constructor. Consider adding the 'required' modifier or declaring the field as nullable. [C:\Users\Rohit Rathod\Desktop\JsapProject\JSAPNEW\JSAPNEW.csproj]
C:\Users\Rohit Rathod\Desktop\JsapProject\JSAPNEW\Services\Implementation\DocumentDispatchService.cs(19,37): warning CS8601: Possible null reference assignment. [C:\Users\Rohit Rathod\Desktop\JsapProject\JSAPNEW\JSAPNEW.csproj]
C:\Users\Rohit Rathod\Desktop\JsapProject\JSAPNEW\Services\Implementation\DocumentDispatchService.cs(20,33): warning CS8601: Possible null reference assignment. [C:\Users\Rohit Rathod\Desktop\JsapProject\JSAPNEW\JSAPNEW.csproj]
C:\Users\Rohit Rathod\Desktop\JsapProject\JSAPNEW\Services\Implementation\DocumentDispatchService.cs(16,16): warning CS8618: Non-nullable field '_HanaconnectionString' must contain a non-null value when exiting constructor. Consider adding the 'required' modifier or declaring the field as nullable. [C:\Users\Rohit Rathod\Desktop\JsapProject\JSAPNEW\JSAPNEW.csproj]
C:\Users\Rohit Rathod\Desktop\JsapProject\JSAPNEW\Services\Implementation\DocumentDispatchService.cs(16,16): warning CS8618: Non-nullable field '_connectionString' must contain a non-null value when exiting constructor. Consider adding the 'required' modifier or declaring the field as nullable. [C:\Users\Rohit Rathod\Desktop\JsapProject\JSAPNEW\JSAPNEW.csproj]
C:\Users\Rohit Rathod\Desktop\JsapProject\JSAPNEW\Services\Implementation\InvoicePaymentService.cs(24,30): warning CS8600: Converting null literal or possible null value to non-nullable type. [C:\Users\Rohit Rathod\Desktop\JsapProject\JSAPNEW\JSAPNEW.csproj]
C:\Users\Rohit Rathod\Desktop\JsapProject\JSAPNEW\Services\Implementation\InvoicePaymentService.cs(33,81): warning CS8600: Converting null literal or possible null value to non-nullable type. [C:\Users\Rohit Rathod\Desktop\JsapProject\JSAPNEW\JSAPNEW.csproj]
C:\Users\Rohit Rathod\Desktop\JsapProject\JSAPNEW\Services\Implementation\InvoicePaymentService.cs(34,79): warning CS8600: Converting null literal or possible null value to non-nullable type. [C:\Users\Rohit Rathod\Desktop\JsapProject\JSAPNEW\JSAPNEW.csproj]
C:\Users\Rohit Rathod\Desktop\JsapProject\JSAPNEW\Services\Implementation\InvoicePaymentService.cs(36,84): warning CS8600: Converting null literal or possible null value to non-nullable type. [C:\Users\Rohit Rathod\Desktop\JsapProject\JSAPNEW\JSAPNEW.csproj]
C:\Users\Rohit Rathod\Desktop\JsapProject\JSAPNEW\Services\Implementation\InvoicePaymentService.cs(46,47): warning CS8601: Possible null reference assignment. [C:\Users\Rohit Rathod\Desktop\JsapProject\JSAPNEW\JSAPNEW.csproj]
C:\Users\Rohit Rathod\Desktop\JsapProject\JSAPNEW\Services\Implementation\InvoicePaymentService.cs(48,47): warning CS8601: Possible null reference assignment. [C:\Users\Rohit Rathod\Desktop\JsapProject\JSAPNEW\JSAPNEW.csproj]
C:\Users\Rohit Rathod\Desktop\JsapProject\JSAPNEW\Services\Implementation\InvoicePaymentService.cs(50,50): warning CS8601: Possible null reference assignment. [C:\Users\Rohit Rathod\Desktop\JsapProject\JSAPNEW\JSAPNEW.csproj]
C:\Users\Rohit Rathod\Desktop\JsapProject\JSAPNEW\Services\Implementation\InvoicePaymentService.cs(51,47): warning CS8601: Possible null reference assignment. [C:\Users\Rohit Rathod\Desktop\JsapProject\JSAPNEW\JSAPNEW.csproj]
C:\Users\Rohit Rathod\Desktop\JsapProject\JSAPNEW\Services\Implementation\InvoicePaymentService.cs(52,47): warning CS8601: Possible null reference assignment. [C:\Users\Rohit Rathod\Desktop\JsapProject\JSAPNEW\JSAPNEW.csproj]
C:\Users\Rohit Rathod\Desktop\JsapProject\JSAPNEW\Services\Implementation\InvoicePaymentService.cs(53,51): warning CS8601: Possible null reference assignment. [C:\Users\Rohit Rathod\Desktop\JsapProject\JSAPNEW\JSAPNEW.csproj]
C:\Users\Rohit Rathod\Desktop\JsapProject\JSAPNEW\Services\Implementation\InvoicePaymentService.cs(54,43): warning CS8601: Possible null reference assignment. [C:\Users\Rohit Rathod\Desktop\JsapProject\JSAPNEW\JSAPNEW.csproj]
C:\Users\Rohit Rathod\Desktop\JsapProject\JSAPNEW\Services\Implementation\InvoicePaymentService.cs(55,49): warning CS8601: Possible null reference assignment. [C:\Users\Rohit Rathod\Desktop\JsapProject\JSAPNEW\JSAPNEW.csproj]
C:\Users\Rohit Rathod\Desktop\JsapProject\JSAPNEW\Services\Implementation\InvoicePaymentService.cs(56,49): warning CS8601: Possible null reference assignment. [C:\Users\Rohit Rathod\Desktop\JsapProject\JSAPNEW\JSAPNEW.csproj]
C:\Users\Rohit Rathod\Desktop\JsapProject\JSAPNEW\Services\Implementation\InvoicePaymentService.cs(57,49): warning CS8601: Possible null reference assignment. [C:\Users\Rohit Rathod\Desktop\JsapProject\JSAPNEW\JSAPNEW.csproj]
C:\Users\Rohit Rathod\Desktop\JsapProject\JSAPNEW\Services\Implementation\DashboardService.cs(16,33): warning CS8601: Possible null reference assignment. [C:\Users\Rohit Rathod\Desktop\JsapProject\JSAPNEW\JSAPNEW.csproj]
C:\Users\Rohit Rathod\Desktop\JsapProject\JSAPNEW\Services\Implementation\DashboardService.cs(14,16): warning CS8618: Non-nullable field '_connectionString' must contain a non-null value when exiting constructor. Consider adding the 'required' modifier or declaring the field as nullable. [C:\Users\Rohit Rathod\Desktop\JsapProject\JSAPNEW\JSAPNEW.csproj]
C:\Users\Rohit Rathod\Desktop\JsapProject\JSAPNEW\Services\Implementation\MakerService.cs(24,30): warning CS8600: Converting null literal or possible null value to non-nullable type. [C:\Users\Rohit Rathod\Desktop\JsapProject\JSAPNEW\JSAPNEW.csproj]
C:\Users\Rohit Rathod\Desktop\JsapProject\JSAPNEW\Services\Implementation\MakerService.cs(31,58): warning CS8600: Converting null literal or possible null value to non-nullable type. [C:\Users\Rohit Rathod\Desktop\JsapProject\JSAPNEW\JSAPNEW.csproj]
C:\Users\Rohit Rathod\Desktop\JsapProject\JSAPNEW\Services\Implementation\MakerService.cs(32,56): warning CS8600: Converting null literal or possible null value to non-nullable type. [C:\Users\Rohit Rathod\Desktop\JsapProject\JSAPNEW\JSAPNEW.csproj]
C:\Users\Rohit Rathod\Desktop\JsapProject\JSAPNEW\Services\Implementation\MakerService.cs(34,62): warning CS8600: Converting null literal or possible null value to non-nullable type. [C:\Users\Rohit Rathod\Desktop\JsapProject\JSAPNEW\JSAPNEW.csproj]
C:\Users\Rohit Rathod\Desktop\JsapProject\JSAPNEW\Services\Implementation\MakerService.cs(43,39): warning CS8601: Possible null reference assignment. [C:\Users\Rohit Rathod\Desktop\JsapProject\JSAPNEW\JSAPNEW.csproj]
C:\Users\Rohit Rathod\Desktop\JsapProject\JSAPNEW\Services\Implementation\MakerService.cs(47,41): warning CS8601: Possible null reference assignment. [C:\Users\Rohit Rathod\Desktop\JsapProject\JSAPNEW\JSAPNEW.csproj]
C:\Users\Rohit Rathod\Desktop\JsapProject\JSAPNEW\Services\Implementation\MakerService.cs(48,42): warning CS8601: Possible null reference assignment. [C:\Users\Rohit Rathod\Desktop\JsapProject\JSAPNEW\JSAPNEW.csproj]
C:\Users\Rohit Rathod\Desktop\JsapProject\JSAPNEW\Services\Implementation\MakerService.cs(49,39): warning CS8601: Possible null reference assignment. [C:\Users\Rohit Rathod\Desktop\JsapProject\JSAPNEW\JSAPNEW.csproj]
C:\Users\Rohit Rathod\Desktop\JsapProject\JSAPNEW\Services\Implementation\MakerService.cs(53,41): warning CS8601: Possible null reference assignment. [C:\Users\Rohit Rathod\Desktop\JsapProject\JSAPNEW\JSAPNEW.csproj]
C:\Users\Rohit Rathod\Desktop\JsapProject\JSAPNEW\Services\Implementation\MakerService.cs(54,39): warning CS8601: Possible null reference assignment. [C:\Users\Rohit Rathod\Desktop\JsapProject\JSAPNEW\JSAPNEW.csproj]
C:\Users\Rohit Rathod\Desktop\JsapProject\JSAPNEW\Services\Implementation\MakerService.cs(55,39): warning CS8601: Possible null reference assignment. [C:\Users\Rohit Rathod\Desktop\JsapProject\JSAPNEW\JSAPNEW.csproj]
C:\Users\Rohit Rathod\Desktop\JsapProject\JSAPNEW\Services\Implementation\MakerService.cs(56,43): warning CS8601: Possible null reference assignment. [C:\Users\Rohit Rathod\Desktop\JsapProject\JSAPNEW\JSAPNEW.csproj]
C:\Users\Rohit Rathod\Desktop\JsapProject\JSAPNEW\Services\Implementation\MakerService.cs(57,35): warning CS8601: Possible null reference assignment. [C:\Users\Rohit Rathod\Desktop\JsapProject\JSAPNEW\JSAPNEW.csproj]
C:\Users\Rohit Rathod\Desktop\JsapProject\JSAPNEW\Services\Implementation\CreditLimitService.cs(35,44): warning CS8601: Possible null reference assignment. [C:\Users\Rohit Rathod\Desktop\JsapProject\JSAPNEW\JSAPNEW.csproj]
C:\Users\Rohit Rathod\Desktop\JsapProject\JSAPNEW\Services\Implementation\CreditLimitService.cs(36,44): warning CS8601: Possible null reference assignment. [C:\Users\Rohit Rathod\Desktop\JsapProject\JSAPNEW\JSAPNEW.csproj]
C:\Users\Rohit Rathod\Desktop\JsapProject\JSAPNEW\Services\Implementation\CreditLimitService.cs(37,45): warning CS8601: Possible null reference assignment. [C:\Users\Rohit Rathod\Desktop\JsapProject\JSAPNEW\JSAPNEW.csproj]
C:\Users\Rohit Rathod\Desktop\JsapProject\JSAPNEW\Services\Implementation\CreditLimitService.cs(38,33): warning CS8601: Possible null reference assignment. [C:\Users\Rohit Rathod\Desktop\JsapProject\JSAPNEW\JSAPNEW.csproj]
C:\Users\Rohit Rathod\Desktop\JsapProject\JSAPNEW\Services\Implementation\CreditLimitService.cs(32,16): warning CS8618: Non-nullable field '_connectionString' must contain a non-null value when exiting constructor. Consider adding the 'required' modifier or declaring the field as nullable. [C:\Users\Rohit Rathod\Desktop\JsapProject\JSAPNEW\JSAPNEW.csproj]
C:\Users\Rohit Rathod\Desktop\JsapProject\JSAPNEW\Services\Implementation\CreditLimitService.cs(32,16): warning CS8618: Non-nullable field '_HanaLiveOilconnectionString' must contain a non-null value when exiting constructor. Consider adding the 'required' modifier or declaring the field as nullable. [C:\Users\Rohit Rathod\Desktop\JsapProject\JSAPNEW\JSAPNEW.csproj]
C:\Users\Rohit Rathod\Desktop\JsapProject\JSAPNEW\Services\Implementation\CreditLimitService.cs(32,16): warning CS8618: Non-nullable field '_HanaLiveBevconnectionString' must contain a non-null value when exiting constructor. Consider adding the 'required' modifier or declaring the field as nullable. [C:\Users\Rohit Rathod\Desktop\JsapProject\JSAPNEW\JSAPNEW.csproj]
C:\Users\Rohit Rathod\Desktop\JsapProject\JSAPNEW\Services\Implementation\CreditLimitService.cs(32,16): warning CS8618: Non-nullable field '_HanaLiveMartconnectionString' must contain a non-null value when exiting constructor. Consider adding the 'required' modifier or declaring the field as nullable. [C:\Users\Rohit Rathod\Desktop\JsapProject\JSAPNEW\JSAPNEW.csproj]
C:\Users\Rohit Rathod\Desktop\JsapProject\JSAPNEW\Services\Implementation\PaymentCheckerService.cs(24,30): warning CS8600: Converting null literal or possible null value to non-nullable type. [C:\Users\Rohit Rathod\Desktop\JsapProject\JSAPNEW\JSAPNEW.csproj]
C:\Users\Rohit Rathod\Desktop\JsapProject\JSAPNEW\Services\Implementation\PaymentCheckerService.cs(33,81): warning CS8600: Converting null literal or possible null value to non-nullable type. [C:\Users\Rohit Rathod\Desktop\JsapProject\JSAPNEW\JSAPNEW.csproj]
C:\Users\Rohit Rathod\Desktop\JsapProject\JSAPNEW\Services\Implementation\PaymentCheckerService.cs(34,79): warning CS8600: Converting null literal or possible null value to non-nullable type. [C:\Users\Rohit Rathod\Desktop\JsapProject\JSAPNEW\JSAPNEW.csproj]
C:\Users\Rohit Rathod\Desktop\JsapProject\JSAPNEW\Services\Implementation\PaymentCheckerService.cs(44,52): warning CS8600: Converting null literal or possible null value to non-nullable type. [C:\Users\Rohit Rathod\Desktop\JsapProject\JSAPNEW\JSAPNEW.csproj]
C:\Users\Rohit Rathod\Desktop\JsapProject\JSAPNEW\Services\Implementation\PaymentCheckerService.cs(56,47): warning CS8601: Possible null reference assignment. [C:\Users\Rohit Rathod\Desktop\JsapProject\JSAPNEW\JSAPNEW.csproj]
C:\Users\Rohit Rathod\Desktop\JsapProject\JSAPNEW\Services\Implementation\PaymentCheckerService.cs(58,47): warning CS8601: Possible null reference assignment. [C:\Users\Rohit Rathod\Desktop\JsapProject\JSAPNEW\JSAPNEW.csproj]
C:\Users\Rohit Rathod\Desktop\JsapProject\JSAPNEW\Services\Implementation\PaymentCheckerService.cs(60,47): warning CS8601: Possible null reference assignment. [C:\Users\Rohit Rathod\Desktop\JsapProject\JSAPNEW\JSAPNEW.csproj]
C:\Users\Rohit Rathod\Desktop\JsapProject\JSAPNEW\Services\Implementation\PaymentCheckerService.cs(61,51): warning CS8601: Possible null reference assignment. [C:\Users\Rohit Rathod\Desktop\JsapProject\JSAPNEW\JSAPNEW.csproj]
C:\Users\Rohit Rathod\Desktop\JsapProject\JSAPNEW\Services\Implementation\PaymentCheckerService.cs(62,43): warning CS8601: Possible null reference assignment. [C:\Users\Rohit Rathod\Desktop\JsapProject\JSAPNEW\JSAPNEW.csproj]
C:\Users\Rohit Rathod\Desktop\JsapProject\JSAPNEW\Services\Implementation\PaymentCheckerService.cs(63,47): warning CS8601: Possible null reference assignment. [C:\Users\Rohit Rathod\Desktop\JsapProject\JSAPNEW\JSAPNEW.csproj]
C:\Users\Rohit Rathod\Desktop\JsapProject\JSAPNEW\Services\Implementation\PaymentCheckerService.cs(64,50): warning CS8601: Possible null reference assignment. [C:\Users\Rohit Rathod\Desktop\JsapProject\JSAPNEW\JSAPNEW.csproj]
C:\Users\Rohit Rathod\Desktop\JsapProject\JSAPNEW\Services\Implementation\PaymentCheckerService.cs(65,47): warning CS8601: Possible null reference assignment. [C:\Users\Rohit Rathod\Desktop\JsapProject\JSAPNEW\JSAPNEW.csproj]
C:\Users\Rohit Rathod\Desktop\JsapProject\JSAPNEW\Services\Implementation\PaymentCheckerService.cs(66,49): warning CS8601: Possible null reference assignment. [C:\Users\Rohit Rathod\Desktop\JsapProject\JSAPNEW\JSAPNEW.csproj]
C:\Users\Rohit Rathod\Desktop\JsapProject\JSAPNEW\Services\Implementation\PaymentCheckerService.cs(67,49): warning CS8601: Possible null reference assignment. [C:\Users\Rohit Rathod\Desktop\JsapProject\JSAPNEW\JSAPNEW.csproj]
C:\Users\Rohit Rathod\Desktop\JsapProject\JSAPNEW\Services\Implementation\MakerService.cs(71,30): warning CS8600: Converting null literal or possible null value to non-nullable type. [C:\Users\Rohit Rathod\Desktop\JsapProject\JSAPNEW\JSAPNEW.csproj]
C:\Users\Rohit Rathod\Desktop\JsapProject\JSAPNEW\Services\Implementation\MakerService.cs(91,58): warning CS8600: Converting null literal or possible null value to non-nullable type. [C:\Users\Rohit Rathod\Desktop\JsapProject\JSAPNEW\JSAPNEW.csproj]
C:\Users\Rohit Rathod\Desktop\JsapProject\JSAPNEW\Services\Implementation\MakerService.cs(92,56): warning CS8600: Converting null literal or possible null value to non-nullable type. [C:\Users\Rohit Rathod\Desktop\JsapProject\JSAPNEW\JSAPNEW.csproj]
C:\Users\Rohit Rathod\Desktop\JsapProject\JSAPNEW\Services\Implementation\MakerService.cs(98,34): warning CS8604: Possible null reference argument for parameter 'item' in 'void List<string>.Add(string item)'. [C:\Users\Rohit Rathod\Desktop\JsapProject\JSAPNEW\JSAPNEW.csproj]
C:\Users\Rohit Rathod\Desktop\JsapProject\JSAPNEW\Services\Implementation\BPmasterService.cs(37,33): warning CS8601: Possible null reference assignment. [C:\Users\Rohit Rathod\Desktop\JsapProject\JSAPNEW\JSAPNEW.csproj]
C:\Users\Rohit Rathod\Desktop\JsapProject\JSAPNEW\Services\Implementation\BPmasterService.cs(39,29): warning CS8601: Possible null reference assignment. [C:\Users\Rohit Rathod\Desktop\JsapProject\JSAPNEW\JSAPNEW.csproj]
C:\Users\Rohit Rathod\Desktop\JsapProject\JSAPNEW\Services\Implementation\BPmasterService.cs(29,16): warning CS8618: Non-nullable field '_connectionString' must contain a non-null value when exiting constructor. Consider adding the 'required' modifier or declaring the field as nullable. [C:\Users\Rohit Rathod\Desktop\JsapProject\JSAPNEW\JSAPNEW.csproj]
C:\Users\Rohit Rathod\Desktop\JsapProject\JSAPNEW\Services\Implementation\BPmasterService.cs(29,16): warning CS8618: Non-nullable field '_hanaSettings' must contain a non-null value when exiting constructor. Consider adding the 'required' modifier or declaring the field as nullable. [C:\Users\Rohit Rathod\Desktop\JsapProject\JSAPNEW\JSAPNEW.csproj]
C:\Users\Rohit Rathod\Desktop\JsapProject\JSAPNEW\Services\Implementation\InvoicePaymentService.cs(73,30): warning CS8600: Converting null literal or possible null value to non-nullable type. [C:\Users\Rohit Rathod\Desktop\JsapProject\JSAPNEW\JSAPNEW.csproj]
C:\Users\Rohit Rathod\Desktop\JsapProject\JSAPNEW\Services\Implementation\InvoicePaymentService.cs(98,48): warning CS8601: Possible null reference assignment. [C:\Users\Rohit Rathod\Desktop\JsapProject\JSAPNEW\JSAPNEW.csproj]
C:\Users\Rohit Rathod\Desktop\JsapProject\JSAPNEW\Services\Implementation\InvoicePaymentService.cs(100,47): warning CS8601: Possible null reference assignment. [C:\Users\Rohit Rathod\Desktop\JsapProject\JSAPNEW\JSAPNEW.csproj]
C:\Users\Rohit Rathod\Desktop\JsapProject\JSAPNEW\Services\Implementation\InvoicePaymentService.cs(102,44): warning CS8601: Possible null reference assignment. [C:\Users\Rohit Rathod\Desktop\JsapProject\JSAPNEW\JSAPNEW.csproj]
C:\Users\Rohit Rathod\Desktop\JsapProject\JSAPNEW\Services\Implementation\InvoicePaymentService.cs(120,43): warning CS8601: Possible null reference assignment. [C:\Users\Rohit Rathod\Desktop\JsapProject\JSAPNEW\JSAPNEW.csproj]
C:\Users\Rohit Rathod\Desktop\JsapProject\JSAPNEW\Services\Implementation\InvoicePaymentService.cs(122,49): warning CS8601: Possible null reference assignment. [C:\Users\Rohit Rathod\Desktop\JsapProject\JSAPNEW\JSAPNEW.csproj]
C:\Users\Rohit Rathod\Desktop\JsapProject\JSAPNEW\Services\Implementation\InvoicePaymentService.cs(135,30): warning CS8600: Converting null literal or possible null value to non-nullable type. [C:\Users\Rohit Rathod\Desktop\JsapProject\JSAPNEW\JSAPNEW.csproj]
C:\Users\Rohit Rathod\Desktop\JsapProject\JSAPNEW\Services\Implementation\DashboardService.cs(45,24): warning CS8603: Possible null reference return. [C:\Users\Rohit Rathod\Desktop\JsapProject\JSAPNEW\JSAPNEW.csproj]
C:\Users\Rohit Rathod\Desktop\JsapProject\JSAPNEW\Services\Implementation\CheckerService.cs(23,30): warning CS8600: Converting null literal or possible null value to non-nullable type. [C:\Users\Rohit Rathod\Desktop\JsapProject\JSAPNEW\JSAPNEW.csproj]
C:\Users\Rohit Rathod\Desktop\JsapProject\JSAPNEW\Services\Implementation\CheckerService.cs(30,58): warning CS8600: Converting null literal or possible null value to non-nullable type. [C:\Users\Rohit Rathod\Desktop\JsapProject\JSAPNEW\JSAPNEW.csproj]
C:\Users\Rohit Rathod\Desktop\JsapProject\JSAPNEW\Services\Implementation\CheckerService.cs(31,56): warning CS8600: Converting null literal or possible null value to non-nullable type. [C:\Users\Rohit Rathod\Desktop\JsapProject\JSAPNEW\JSAPNEW.csproj]
C:\Users\Rohit Rathod\Desktop\JsapProject\JSAPNEW\Services\Implementation\CheckerService.cs(43,40): warning CS8601: Possible null reference assignment. [C:\Users\Rohit Rathod\Desktop\JsapProject\JSAPNEW\JSAPNEW.csproj]
C:\Users\Rohit Rathod\Desktop\JsapProject\JSAPNEW\Services\Implementation\CheckerService.cs(45,39): warning CS8601: Possible null reference assignment. [C:\Users\Rohit Rathod\Desktop\JsapProject\JSAPNEW\JSAPNEW.csproj]
C:\Users\Rohit Rathod\Desktop\JsapProject\JSAPNEW\Services\Implementation\CheckerService.cs(47,39): warning CS8601: Possible null reference assignment. [C:\Users\Rohit Rathod\Desktop\JsapProject\JSAPNEW\JSAPNEW.csproj]
C:\Users\Rohit Rathod\Desktop\JsapProject\JSAPNEW\Services\Implementation\CheckerService.cs(49,39): warning CS8601: Possible null reference assignment. [C:\Users\Rohit Rathod\Desktop\JsapProject\JSAPNEW\JSAPNEW.csproj]
C:\Users\Rohit Rathod\Desktop\JsapProject\JSAPNEW\Services\Implementation\CheckerService.cs(50,43): warning CS8601: Possible null reference assignment. [C:\Users\Rohit Rathod\Desktop\JsapProject\JSAPNEW\JSAPNEW.csproj]
C:\Users\Rohit Rathod\Desktop\JsapProject\JSAPNEW\Services\Implementation\CheckerService.cs(51,35): warning CS8601: Possible null reference assignment. [C:\Users\Rohit Rathod\Desktop\JsapProject\JSAPNEW\JSAPNEW.csproj]
C:\Users\Rohit Rathod\Desktop\JsapProject\JSAPNEW\Services\Implementation\CheckerService.cs(52,42): warning CS8601: Possible null reference assignment. [C:\Users\Rohit Rathod\Desktop\JsapProject\JSAPNEW\JSAPNEW.csproj]
C:\Users\Rohit Rathod\Desktop\JsapProject\JSAPNEW\Services\Implementation\CheckerService.cs(53,39): warning CS8601: Possible null reference assignment. [C:\Users\Rohit Rathod\Desktop\JsapProject\JSAPNEW\JSAPNEW.csproj]
C:\Users\Rohit Rathod\Desktop\JsapProject\JSAPNEW\Services\Implementation\CheckerService.cs(54,41): warning CS8601: Possible null reference assignment. [C:\Users\Rohit Rathod\Desktop\JsapProject\JSAPNEW\JSAPNEW.csproj]
C:\Users\Rohit Rathod\Desktop\JsapProject\JSAPNEW\Services\Implementation\CheckerService.cs(55,41): warning CS8601: Possible null reference assignment. [C:\Users\Rohit Rathod\Desktop\JsapProject\JSAPNEW\JSAPNEW.csproj]
C:\Users\Rohit Rathod\Desktop\JsapProject\JSAPNEW\Services\Implementation\CheckerService.cs(56,39): warning CS8601: Possible null reference assignment. [C:\Users\Rohit Rathod\Desktop\JsapProject\JSAPNEW\JSAPNEW.csproj]
C:\Users\Rohit Rathod\Desktop\JsapProject\JSAPNEW\Services\Implementation\TicketsService.cs(621,48): warning CS8601: Possible null reference assignment. [C:\Users\Rohit Rathod\Desktop\JsapProject\JSAPNEW\JSAPNEW.csproj]
C:\Users\Rohit Rathod\Desktop\JsapProject\JSAPNEW\Services\Implementation\BomService.cs(30,33): warning CS8601: Possible null reference assignment. [C:\Users\Rohit Rathod\Desktop\JsapProject\JSAPNEW\JSAPNEW.csproj]
C:\Users\Rohit Rathod\Desktop\JsapProject\JSAPNEW\Services\Implementation\BomService.cs(32,29): warning CS8601: Possible null reference assignment. [C:\Users\Rohit Rathod\Desktop\JsapProject\JSAPNEW\JSAPNEW.csproj]
C:\Users\Rohit Rathod\Desktop\JsapProject\JSAPNEW\Services\Implementation\BomService.cs(27,16): warning CS8618: Non-nullable field '_connectionString' must contain a non-null value when exiting constructor. Consider adding the 'required' modifier or declaring the field as nullable. [C:\Users\Rohit Rathod\Desktop\JsapProject\JSAPNEW\JSAPNEW.csproj]
C:\Users\Rohit Rathod\Desktop\JsapProject\JSAPNEW\Services\Implementation\BomService.cs(27,16): warning CS8618: Non-nullable field '_hanaSettings' must contain a non-null value when exiting constructor. Consider adding the 'required' modifier or declaring the field as nullable. [C:\Users\Rohit Rathod\Desktop\JsapProject\JSAPNEW\JSAPNEW.csproj]
C:\Users\Rohit Rathod\Desktop\JsapProject\JSAPNEW\Services\Implementation\CheckerService.cs(69,30): warning CS8600: Converting null literal or possible null value to non-nullable type. [C:\Users\Rohit Rathod\Desktop\JsapProject\JSAPNEW\JSAPNEW.csproj]
C:\Users\Rohit Rathod\Desktop\JsapProject\JSAPNEW\Services\Implementation\Bom2Service.cs(35,37): warning CS8601: Possible null reference assignment. [C:\Users\Rohit Rathod\Desktop\JsapProject\JSAPNEW\JSAPNEW.csproj]
C:\Users\Rohit Rathod\Desktop\JsapProject\JSAPNEW\Services\Implementation\Bom2Service.cs(36,33): warning CS8601: Possible null reference assignment. [C:\Users\Rohit Rathod\Desktop\JsapProject\JSAPNEW\JSAPNEW.csproj]
C:\Users\Rohit Rathod\Desktop\JsapProject\JSAPNEW\Services\Implementation\Bom2Service.cs(37,26): warning CS8601: Possible null reference assignment. [C:\Users\Rohit Rathod\Desktop\JsapProject\JSAPNEW\JSAPNEW.csproj]
C:\Users\Rohit Rathod\Desktop\JsapProject\JSAPNEW\Services\Implementation\Bom2Service.cs(32,16): warning CS8618: Non-nullable field '_HanaconnectionString' must contain a non-null value when exiting constructor. Consider adding the 'required' modifier or declaring the field as nullable. [C:\Users\Rohit Rathod\Desktop\JsapProject\JSAPNEW\JSAPNEW.csproj]
C:\Users\Rohit Rathod\Desktop\JsapProject\JSAPNEW\Services\Implementation\Bom2Service.cs(32,16): warning CS8618: Non-nullable field '_connectionString' must contain a non-null value when exiting constructor. Consider adding the 'required' modifier or declaring the field as nullable. [C:\Users\Rohit Rathod\Desktop\JsapProject\JSAPNEW\JSAPNEW.csproj]
C:\Users\Rohit Rathod\Desktop\JsapProject\JSAPNEW\Services\Implementation\Bom2Service.cs(32,16): warning CS8618: Non-nullable field '_activeEnv' must contain a non-null value when exiting constructor. Consider adding the 'required' modifier or declaring the field as nullable. [C:\Users\Rohit Rathod\Desktop\JsapProject\JSAPNEW\JSAPNEW.csproj]
C:\Users\Rohit Rathod\Desktop\JsapProject\JSAPNEW\Services\Implementation\Bom2Service.cs(32,16): warning CS8618: Non-nullable field '_cachedOilSession' must contain a non-null value when exiting constructor. Consider adding the 'required' modifier or declaring the field as nullable. [C:\Users\Rohit Rathod\Desktop\JsapProject\JSAPNEW\JSAPNEW.csproj]
C:\Users\Rohit Rathod\Desktop\JsapProject\JSAPNEW\Services\Implementation\Bom2Service.cs(32,16): warning CS8618: Non-nullable field '_cachedBevSession' must contain a non-null value when exiting constructor. Consider adding the 'required' modifier or declaring the field as nullable. [C:\Users\Rohit Rathod\Desktop\JsapProject\JSAPNEW\JSAPNEW.csproj]
C:\Users\Rohit Rathod\Desktop\JsapProject\JSAPNEW\Services\Implementation\Bom2Service.cs(32,16): warning CS8618: Non-nullable field '_cachedMartSession' must contain a non-null value when exiting constructor. Consider adding the 'required' modifier or declaring the field as nullable. [C:\Users\Rohit Rathod\Desktop\JsapProject\JSAPNEW\JSAPNEW.csproj]
C:\Users\Rohit Rathod\Desktop\JsapProject\JSAPNEW\Services\Implementation\PaymentCheckerService.cs(84,30): warning CS8600: Converting null literal or possible null value to non-nullable type. [C:\Users\Rohit Rathod\Desktop\JsapProject\JSAPNEW\JSAPNEW.csproj]
C:\Users\Rohit Rathod\Desktop\JsapProject\JSAPNEW\Services\Implementation\PaymentCheckerService.cs(109,47): warning CS8601: Possible null reference assignment. [C:\Users\Rohit Rathod\Desktop\JsapProject\JSAPNEW\JSAPNEW.csproj]
C:\Users\Rohit Rathod\Desktop\JsapProject\JSAPNEW\Services\Implementation\PaymentCheckerService.cs(111,44): warning CS8601: Possible null reference assignment. [C:\Users\Rohit Rathod\Desktop\JsapProject\JSAPNEW\JSAPNEW.csproj]
C:\Users\Rohit Rathod\Desktop\JsapProject\JSAPNEW\Services\Implementation\PaymentCheckerService.cs(115,49): warning CS8601: Possible null reference assignment. [C:\Users\Rohit Rathod\Desktop\JsapProject\JSAPNEW\JSAPNEW.csproj]
C:\Users\Rohit Rathod\Desktop\JsapProject\JSAPNEW\Services\Implementation\PaymentCheckerService.cs(119,43): warning CS8601: Possible null reference assignment. [C:\Users\Rohit Rathod\Desktop\JsapProject\JSAPNEW\JSAPNEW.csproj]
C:\Users\Rohit Rathod\Desktop\JsapProject\JSAPNEW\Services\Implementation\MakerService.cs(110,30): warning CS8600: Converting null literal or possible null value to non-nullable type. [C:\Users\Rohit Rathod\Desktop\JsapProject\JSAPNEW\JSAPNEW.csproj]
C:\Users\Rohit Rathod\Desktop\JsapProject\JSAPNEW\Services\Implementation\MakerService.cs(135,48): warning CS8601: Possible null reference assignment. [C:\Users\Rohit Rathod\Desktop\JsapProject\JSAPNEW\JSAPNEW.csproj]
C:\Users\Rohit Rathod\Desktop\JsapProject\JSAPNEW\Services\Implementation\MakerService.cs(137,47): warning CS8601: Possible null reference assignment. [C:\Users\Rohit Rathod\Desktop\JsapProject\JSAPNEW\JSAPNEW.csproj]
C:\Users\Rohit Rathod\Desktop\JsapProject\JSAPNEW\Services\Implementation\MakerService.cs(139,44): warning CS8601: Possible null reference assignment. [C:\Users\Rohit Rathod\Desktop\JsapProject\JSAPNEW\JSAPNEW.csproj]
C:\Users\Rohit Rathod\Desktop\JsapProject\JSAPNEW\Services\Implementation\MakerService.cs(157,43): warning CS8601: Possible null reference assignment. [C:\Users\Rohit Rathod\Desktop\JsapProject\JSAPNEW\JSAPNEW.csproj]
C:\Users\Rohit Rathod\Desktop\JsapProject\JSAPNEW\Services\Implementation\MakerService.cs(159,49): warning CS8601: Possible null reference assignment. [C:\Users\Rohit Rathod\Desktop\JsapProject\JSAPNEW\JSAPNEW.csproj]
C:\Users\Rohit Rathod\Desktop\JsapProject\JSAPNEW\Services\Implementation\PaymentCheckerService.cs(132,30): warning CS8600: Converting null literal or possible null value to non-nullable type. [C:\Users\Rohit Rathod\Desktop\JsapProject\JSAPNEW\JSAPNEW.csproj]
C:\Users\Rohit Rathod\Desktop\JsapProject\JSAPNEW\Services\Implementation\TicketsService.cs(653,48): warning CS8601: Possible null reference assignment. [C:\Users\Rohit Rathod\Desktop\JsapProject\JSAPNEW\JSAPNEW.csproj]
C:\Users\Rohit Rathod\Desktop\JsapProject\JSAPNEW\Services\Implementation\CheckerService.cs(99,30): warning CS8600: Converting null literal or possible null value to non-nullable type. [C:\Users\Rohit Rathod\Desktop\JsapProject\JSAPNEW\JSAPNEW.csproj]
C:\Users\Rohit Rathod\Desktop\JsapProject\JSAPNEW\Services\Implementation\CheckerService.cs(126,48): warning CS8601: Possible null reference assignment. [C:\Users\Rohit Rathod\Desktop\JsapProject\JSAPNEW\JSAPNEW.csproj]
C:\Users\Rohit Rathod\Desktop\JsapProject\JSAPNEW\Services\Implementation\CheckerService.cs(128,47): warning CS8601: Possible null reference assignment. [C:\Users\Rohit Rathod\Desktop\JsapProject\JSAPNEW\JSAPNEW.csproj]
C:\Users\Rohit Rathod\Desktop\JsapProject\JSAPNEW\Services\Implementation\CheckerService.cs(130,44): warning CS8601: Possible null reference assignment. [C:\Users\Rohit Rathod\Desktop\JsapProject\JSAPNEW\JSAPNEW.csproj]
C:\Users\Rohit Rathod\Desktop\JsapProject\JSAPNEW\Services\Implementation\CheckerService.cs(152,43): warning CS8601: Possible null reference assignment. [C:\Users\Rohit Rathod\Desktop\JsapProject\JSAPNEW\JSAPNEW.csproj]
C:\Users\Rohit Rathod\Desktop\JsapProject\JSAPNEW\Services\Implementation\CheckerService.cs(154,49): warning CS8601: Possible null reference assignment. [C:\Users\Rohit Rathod\Desktop\JsapProject\JSAPNEW\JSAPNEW.csproj]
C:\Users\Rohit Rathod\Desktop\JsapProject\JSAPNEW\Services\Implementation\QcService.cs(323,37): warning CS8601: Possible null reference assignment. [C:\Users\Rohit Rathod\Desktop\JsapProject\JSAPNEW\JSAPNEW.csproj]
C:\Users\Rohit Rathod\Desktop\JsapProject\JSAPNEW\Services\Implementation\QcService.cs(343,45): warning CS8600: Converting null literal or possible null value to non-nullable type. [C:\Users\Rohit Rathod\Desktop\JsapProject\JSAPNEW\JSAPNEW.csproj]
C:\Users\Rohit Rathod\Desktop\JsapProject\JSAPNEW\Services\Implementation\QcService.cs(345,48): warning CS8601: Possible null reference assignment. [C:\Users\Rohit Rathod\Desktop\JsapProject\JSAPNEW\JSAPNEW.csproj]
C:\Users\Rohit Rathod\Desktop\JsapProject\JSAPNEW\Services\Implementation\PaymentCheckerService.cs(153,30): warning CS8600: Converting null literal or possible null value to non-nullable type. [C:\Users\Rohit Rathod\Desktop\JsapProject\JSAPNEW\JSAPNEW.csproj]
C:\Users\Rohit Rathod\Desktop\JsapProject\JSAPNEW\Services\Implementation\TicketService.cs(541,45): warning CS8601: Possible null reference assignment. [C:\Users\Rohit Rathod\Desktop\JsapProject\JSAPNEW\JSAPNEW.csproj]
C:\Users\Rohit Rathod\Desktop\JsapProject\JSAPNEW\Services\Implementation\TicketService.cs(542,43): warning CS8601: Possible null reference assignment. [C:\Users\Rohit Rathod\Desktop\JsapProject\JSAPNEW\JSAPNEW.csproj]
C:\Users\Rohit Rathod\Desktop\JsapProject\JSAPNEW\Services\Implementation\Bom2Service.cs(88,34): warning CS8600: Converting null literal or possible null value to non-nullable type. [C:\Users\Rohit Rathod\Desktop\JsapProject\JSAPNEW\JSAPNEW.csproj]
C:\Users\Rohit Rathod\Desktop\JsapProject\JSAPNEW\Services\Implementation\Bom2Service.cs(90,36): warning CS8602: Dereference of a possibly null reference. [C:\Users\Rohit Rathod\Desktop\JsapProject\JSAPNEW\JSAPNEW.csproj]
C:\Users\Rohit Rathod\Desktop\JsapProject\JSAPNEW\Services\Implementation\Bom2Service.cs(93,36): warning CS8600: Converting null literal or possible null value to non-nullable type. [C:\Users\Rohit Rathod\Desktop\JsapProject\JSAPNEW\JSAPNEW.csproj]
C:\Users\Rohit Rathod\Desktop\JsapProject\JSAPNEW\Services\Implementation\Bom2Service.cs(94,34): warning CS8600: Converting null literal or possible null value to non-nullable type. [C:\Users\Rohit Rathod\Desktop\JsapProject\JSAPNEW\JSAPNEW.csproj]
C:\Users\Rohit Rathod\Desktop\JsapProject\JSAPNEW\Services\Implementation\Bom2Service.cs(99,31): warning CS8601: Possible null reference assignment. [C:\Users\Rohit Rathod\Desktop\JsapProject\JSAPNEW\JSAPNEW.csproj]
C:\Users\Rohit Rathod\Desktop\JsapProject\JSAPNEW\Services\Implementation\Bom2Service.cs(100,33): warning CS8601: Possible null reference assignment. [C:\Users\Rohit Rathod\Desktop\JsapProject\JSAPNEW\JSAPNEW.csproj]
C:\Users\Rohit Rathod\Desktop\JsapProject\JSAPNEW\Services\Implementation\TicketsService.cs(684,48): warning CS8601: Possible null reference assignment. [C:\Users\Rohit Rathod\Desktop\JsapProject\JSAPNEW\JSAPNEW.csproj]
C:\Users\Rohit Rathod\Desktop\JsapProject\JSAPNEW\Services\Implementation\QcService.cs(404,37): warning CS8601: Possible null reference assignment. [C:\Users\Rohit Rathod\Desktop\JsapProject\JSAPNEW\JSAPNEW.csproj]
C:\Users\Rohit Rathod\Desktop\JsapProject\JSAPNEW\Services\Implementation\DashboardService.cs(156,24): warning CS8603: Possible null reference return. [C:\Users\Rohit Rathod\Desktop\JsapProject\JSAPNEW\JSAPNEW.csproj]
C:\Users\Rohit Rathod\Desktop\JsapProject\JSAPNEW\Services\Implementation\QcService.cs(425,37): warning CS8601: Possible null reference assignment. [C:\Users\Rohit Rathod\Desktop\JsapProject\JSAPNEW\JSAPNEW.csproj]
C:\Users\Rohit Rathod\Desktop\JsapProject\JSAPNEW\Services\Implementation\PrdoService.cs(333,52): warning CS8601: Possible null reference assignment. [C:\Users\Rohit Rathod\Desktop\JsapProject\JSAPNEW\JSAPNEW.csproj]
C:\Users\Rohit Rathod\Desktop\JsapProject\JSAPNEW\Services\Implementation\TicketsService.cs(716,48): warning CS8601: Possible null reference assignment. [C:\Users\Rohit Rathod\Desktop\JsapProject\JSAPNEW\JSAPNEW.csproj]
C:\Users\Rohit Rathod\Desktop\JsapProject\JSAPNEW\Services\Implementation\TicketService.cs(577,32): warning CS8601: Possible null reference assignment. [C:\Users\Rohit Rathod\Desktop\JsapProject\JSAPNEW\JSAPNEW.csproj]
C:\Users\Rohit Rathod\Desktop\JsapProject\JSAPNEW\Services\Implementation\BPmasterService.cs(188,52): warning CS8604: Possible null reference argument for parameter 'values' in 'string BPmasterService.FirstText(params string[] values)'. [C:\Users\Rohit Rathod\Desktop\JsapProject\JSAPNEW\JSAPNEW.csproj]
C:\Users\Rohit Rathod\Desktop\JsapProject\JSAPNEW\Services\Implementation\Bom2Service.cs(138,34): warning CS8600: Converting null literal or possible null value to non-nullable type. [C:\Users\Rohit Rathod\Desktop\JsapProject\JSAPNEW\JSAPNEW.csproj]
C:\Users\Rohit Rathod\Desktop\JsapProject\JSAPNEW\Services\Implementation\Bom2Service.cs(140,36): warning CS8602: Dereference of a possibly null reference. [C:\Users\Rohit Rathod\Desktop\JsapProject\JSAPNEW\JSAPNEW.csproj]
C:\Users\Rohit Rathod\Desktop\JsapProject\JSAPNEW\Services\Implementation\Bom2Service.cs(143,36): warning CS8600: Converting null literal or possible null value to non-nullable type. [C:\Users\Rohit Rathod\Desktop\JsapProject\JSAPNEW\JSAPNEW.csproj]
C:\Users\Rohit Rathod\Desktop\JsapProject\JSAPNEW\Services\Implementation\Bom2Service.cs(144,34): warning CS8600: Converting null literal or possible null value to non-nullable type. [C:\Users\Rohit Rathod\Desktop\JsapProject\JSAPNEW\JSAPNEW.csproj]
C:\Users\Rohit Rathod\Desktop\JsapProject\JSAPNEW\Services\Implementation\Bom2Service.cs(149,31): warning CS8601: Possible null reference assignment. [C:\Users\Rohit Rathod\Desktop\JsapProject\JSAPNEW\JSAPNEW.csproj]
C:\Users\Rohit Rathod\Desktop\JsapProject\JSAPNEW\Services\Implementation\Bom2Service.cs(150,33): warning CS8601: Possible null reference assignment. [C:\Users\Rohit Rathod\Desktop\JsapProject\JSAPNEW\JSAPNEW.csproj]
C:\Users\Rohit Rathod\Desktop\JsapProject\JSAPNEW\Services\Implementation\PermissionService.cs(375,43): warning CS8601: Possible null reference assignment. [C:\Users\Rohit Rathod\Desktop\JsapProject\JSAPNEW\JSAPNEW.csproj]
C:\Users\Rohit Rathod\Desktop\JsapProject\JSAPNEW\Services\Implementation\Bom2Service.cs(188,34): warning CS8600: Converting null literal or possible null value to non-nullable type. [C:\Users\Rohit Rathod\Desktop\JsapProject\JSAPNEW\JSAPNEW.csproj]
C:\Users\Rohit Rathod\Desktop\JsapProject\JSAPNEW\Services\Implementation\Bom2Service.cs(190,36): warning CS8602: Dereference of a possibly null reference. [C:\Users\Rohit Rathod\Desktop\JsapProject\JSAPNEW\JSAPNEW.csproj]
C:\Users\Rohit Rathod\Desktop\JsapProject\JSAPNEW\Services\Implementation\Bom2Service.cs(193,36): warning CS8600: Converting null literal or possible null value to non-nullable type. [C:\Users\Rohit Rathod\Desktop\JsapProject\JSAPNEW\JSAPNEW.csproj]
C:\Users\Rohit Rathod\Desktop\JsapProject\JSAPNEW\Services\Implementation\Bom2Service.cs(194,34): warning CS8600: Converting null literal or possible null value to non-nullable type. [C:\Users\Rohit Rathod\Desktop\JsapProject\JSAPNEW\JSAPNEW.csproj]
C:\Users\Rohit Rathod\Desktop\JsapProject\JSAPNEW\Services\Implementation\Bom2Service.cs(199,31): warning CS8601: Possible null reference assignment. [C:\Users\Rohit Rathod\Desktop\JsapProject\JSAPNEW\JSAPNEW.csproj]
C:\Users\Rohit Rathod\Desktop\JsapProject\JSAPNEW\Services\Implementation\Bom2Service.cs(200,33): warning CS8601: Possible null reference assignment. [C:\Users\Rohit Rathod\Desktop\JsapProject\JSAPNEW\JSAPNEW.csproj]
C:\Users\Rohit Rathod\Desktop\JsapProject\JSAPNEW\Services\Implementation\PermissionService.cs(403,43): warning CS8601: Possible null reference assignment. [C:\Users\Rohit Rathod\Desktop\JsapProject\JSAPNEW\JSAPNEW.csproj]
C:\Users\Rohit Rathod\Desktop\JsapProject\JSAPNEW\Services\Implementation\BPmasterService.cs(207,52): warning CS8604: Possible null reference argument for parameter 'values' in 'string BPmasterService.FirstText(params string[] values)'. [C:\Users\Rohit Rathod\Desktop\JsapProject\JSAPNEW\JSAPNEW.csproj]
C:\Users\Rohit Rathod\Desktop\JsapProject\JSAPNEW\Services\Implementation\InventoryAuditService.cs(251,47): warning CS8601: Possible null reference assignment. [C:\Users\Rohit Rathod\Desktop\JsapProject\JSAPNEW\JSAPNEW.csproj]
C:\Users\Rohit Rathod\Desktop\JsapProject\JSAPNEW\Services\Implementation\TicketsService.cs(793,48): warning CS8601: Possible null reference assignment. [C:\Users\Rohit Rathod\Desktop\JsapProject\JSAPNEW\JSAPNEW.csproj]
C:\Users\Rohit Rathod\Desktop\JsapProject\JSAPNEW\Services\Implementation\NotificationService.cs(338,40): warning CS8601: Possible null reference assignment. [C:\Users\Rohit Rathod\Desktop\JsapProject\JSAPNEW\JSAPNEW.csproj]
C:\Users\Rohit Rathod\Desktop\JsapProject\JSAPNEW\Services\Implementation\TicketsService.cs(826,48): warning CS8601: Possible null reference assignment. [C:\Users\Rohit Rathod\Desktop\JsapProject\JSAPNEW\JSAPNEW.csproj]
C:\Users\Rohit Rathod\Desktop\JsapProject\JSAPNEW\Services\Implementation\TicketsService.cs(857,48): warning CS8601: Possible null reference assignment. [C:\Users\Rohit Rathod\Desktop\JsapProject\JSAPNEW\JSAPNEW.csproj]
C:\Users\Rohit Rathod\Desktop\JsapProject\JSAPNEW\Services\Implementation\CreditLimitService.cs(225,44): warning CS8604: Possible null reference argument for parameter 'value' in 'void Dictionary<string, string>.Add(string key, string value)'. [C:\Users\Rohit Rathod\Desktop\JsapProject\JSAPNEW\JSAPNEW.csproj]
C:\Users\Rohit Rathod\Desktop\JsapProject\JSAPNEW\Services\Implementation\CreditLimitService.cs(233,57): warning CS8604: Possible null reference argument for parameter 'item' in 'bool HashSet<string>.Contains(string item)'. [C:\Users\Rohit Rathod\Desktop\JsapProject\JSAPNEW\JSAPNEW.csproj]
C:\Users\Rohit Rathod\Desktop\JsapProject\JSAPNEW\Services\Implementation\TicketsService.cs(891,52): warning CS8601: Possible null reference assignment. [C:\Users\Rohit Rathod\Desktop\JsapProject\JSAPNEW\JSAPNEW.csproj]
C:\Users\Rohit Rathod\Desktop\JsapProject\JSAPNEW\Services\Implementation\CreditLimitService.cs(335,34): warning CS8601: Possible null reference assignment. [C:\Users\Rohit Rathod\Desktop\JsapProject\JSAPNEW\JSAPNEW.csproj]
C:\Users\Rohit Rathod\Desktop\JsapProject\JSAPNEW\Services\Implementation\TicketsService.cs(935,52): warning CS8601: Possible null reference assignment. [C:\Users\Rohit Rathod\Desktop\JsapProject\JSAPNEW\JSAPNEW.csproj]
C:\Users\Rohit Rathod\Desktop\JsapProject\JSAPNEW\Services\Implementation\TicketsService.cs(981,47): warning CS8601: Possible null reference assignment. [C:\Users\Rohit Rathod\Desktop\JsapProject\JSAPNEW\JSAPNEW.csproj]
C:\Users\Rohit Rathod\Desktop\JsapProject\JSAPNEW\Services\Implementation\TicketsService.cs(982,43): warning CS8601: Possible null reference assignment. [C:\Users\Rohit Rathod\Desktop\JsapProject\JSAPNEW\JSAPNEW.csproj]
C:\Users\Rohit Rathod\Desktop\JsapProject\JSAPNEW\Services\Implementation\InventoryAuditService.cs(428,24): warning CS8603: Possible null reference return. [C:\Users\Rohit Rathod\Desktop\JsapProject\JSAPNEW\JSAPNEW.csproj]
C:\Users\Rohit Rathod\Desktop\JsapProject\JSAPNEW\Services\Implementation\TicketsService.cs(1026,52): warning CS8601: Possible null reference assignment. [C:\Users\Rohit Rathod\Desktop\JsapProject\JSAPNEW\JSAPNEW.csproj]
C:\Users\Rohit Rathod\Desktop\JsapProject\JSAPNEW\Services\Implementation\InventoryAuditService.cs(448,35): warning CS8601: Possible null reference assignment. [C:\Users\Rohit Rathod\Desktop\JsapProject\JSAPNEW\JSAPNEW.csproj]
C:\Users\Rohit Rathod\Desktop\JsapProject\JSAPNEW\Services\Implementation\CreditLimitService.cs(447,45): warning CS8604: Possible null reference argument for parameter 'item' in 'bool HashSet<string>.Contains(string item)'. [C:\Users\Rohit Rathod\Desktop\JsapProject\JSAPNEW\JSAPNEW.csproj]
C:\Users\Rohit Rathod\Desktop\JsapProject\JSAPNEW\Services\Implementation\InventoryAuditService.cs(470,35): warning CS8601: Possible null reference assignment. [C:\Users\Rohit Rathod\Desktop\JsapProject\JSAPNEW\JSAPNEW.csproj]
C:\Users\Rohit Rathod\Desktop\JsapProject\JSAPNEW\Services\Implementation\InventoryAuditService.cs(492,24): warning CS8603: Possible null reference return. [C:\Users\Rohit Rathod\Desktop\JsapProject\JSAPNEW\JSAPNEW.csproj]
C:\Users\Rohit Rathod\Desktop\JsapProject\JSAPNEW\Services\Implementation\InventoryAuditService.cs(549,24): warning CS8603: Possible null reference return. [C:\Users\Rohit Rathod\Desktop\JsapProject\JSAPNEW\JSAPNEW.csproj]
C:\Users\Rohit Rathod\Desktop\JsapProject\JSAPNEW\Services\Implementation\BomService.cs(493,53): warning CS8604: Possible null reference argument for parameter 'item' in 'bool HashSet<string>.Contains(string item)'. [C:\Users\Rohit Rathod\Desktop\JsapProject\JSAPNEW\JSAPNEW.csproj]
C:\Users\Rohit Rathod\Desktop\JsapProject\JSAPNEW\Services\Implementation\TicketsService.cs(1086,44): warning CS8601: Possible null reference assignment. [C:\Users\Rohit Rathod\Desktop\JsapProject\JSAPNEW\JSAPNEW.csproj]
C:\Users\Rohit Rathod\Desktop\JsapProject\JSAPNEW\Services\Implementation\TicketsService.cs(1087,45): warning CS8601: Possible null reference assignment. [C:\Users\Rohit Rathod\Desktop\JsapProject\JSAPNEW\JSAPNEW.csproj]
C:\Users\Rohit Rathod\Desktop\JsapProject\JSAPNEW\Services\Implementation\TicketsService.cs(1088,41): warning CS8601: Possible null reference assignment. [C:\Users\Rohit Rathod\Desktop\JsapProject\JSAPNEW\JSAPNEW.csproj]
C:\Users\Rohit Rathod\Desktop\JsapProject\JSAPNEW\Services\Implementation\TicketsService.cs(1089,45): warning CS8601: Possible null reference assignment. [C:\Users\Rohit Rathod\Desktop\JsapProject\JSAPNEW\JSAPNEW.csproj]
C:\Users\Rohit Rathod\Desktop\JsapProject\JSAPNEW\Services\Implementation\TicketsService.cs(1111,49): warning CS8601: Possible null reference assignment. [C:\Users\Rohit Rathod\Desktop\JsapProject\JSAPNEW\JSAPNEW.csproj]
C:\Users\Rohit Rathod\Desktop\JsapProject\JSAPNEW\Services\Implementation\TicketsService.cs(1130,51): warning CS8601: Possible null reference assignment. [C:\Users\Rohit Rathod\Desktop\JsapProject\JSAPNEW\JSAPNEW.csproj]
C:\Users\Rohit Rathod\Desktop\JsapProject\JSAPNEW\Services\Implementation\TicketsService.cs(1131,49): warning CS8601: Possible null reference assignment. [C:\Users\Rohit Rathod\Desktop\JsapProject\JSAPNEW\JSAPNEW.csproj]
C:\Users\Rohit Rathod\Desktop\JsapProject\JSAPNEW\Services\Implementation\BomService.cs(585,41): warning CS8600: Converting null literal or possible null value to non-nullable type. [C:\Users\Rohit Rathod\Desktop\JsapProject\JSAPNEW\JSAPNEW.csproj]
C:\Users\Rohit Rathod\Desktop\JsapProject\JSAPNEW\Services\Implementation\InventoryAuditService.cs(640,24): warning CS8603: Possible null reference return. [C:\Users\Rohit Rathod\Desktop\JsapProject\JSAPNEW\JSAPNEW.csproj]
C:\Users\Rohit Rathod\Desktop\JsapProject\JSAPNEW\Services\Implementation\ItemMasterService.cs(481,72): warning CS8600: Converting null literal or possible null value to non-nullable type. [C:\Users\Rohit Rathod\Desktop\JsapProject\JSAPNEW\JSAPNEW.csproj]
C:\Users\Rohit Rathod\Desktop\JsapProject\JSAPNEW\Services\Implementation\ItemMasterService.cs(526,53): warning CS8602: Dereference of a possibly null reference. [C:\Users\Rohit Rathod\Desktop\JsapProject\JSAPNEW\JSAPNEW.csproj]
C:\Users\Rohit Rathod\Desktop\JsapProject\JSAPNEW\Services\Implementation\ItemMasterService.cs(534,43): warning CS8602: Dereference of a possibly null reference. [C:\Users\Rohit Rathod\Desktop\JsapProject\JSAPNEW\JSAPNEW.csproj]
C:\Users\Rohit Rathod\Desktop\JsapProject\JSAPNEW\Services\Implementation\CreditLimitService.cs(679,24): warning CS8603: Possible null reference return. [C:\Users\Rohit Rathod\Desktop\JsapProject\JSAPNEW\JSAPNEW.csproj]
C:\Users\Rohit Rathod\Desktop\JsapProject\JSAPNEW\Services\Implementation\CreditLimitService.cs(696,36): warning CS8601: Possible null reference assignment. [C:\Users\Rohit Rathod\Desktop\JsapProject\JSAPNEW\JSAPNEW.csproj]
C:\Users\Rohit Rathod\Desktop\JsapProject\JSAPNEW\Services\Implementation\TicketsService.cs(1186,44): warning CS8601: Possible null reference assignment. [C:\Users\Rohit Rathod\Desktop\JsapProject\JSAPNEW\JSAPNEW.csproj]
C:\Users\Rohit Rathod\Desktop\JsapProject\JSAPNEW\Services\Implementation\TicketsService.cs(1187,45): warning CS8601: Possible null reference assignment. [C:\Users\Rohit Rathod\Desktop\JsapProject\JSAPNEW\JSAPNEW.csproj]
C:\Users\Rohit Rathod\Desktop\JsapProject\JSAPNEW\Services\Implementation\TicketsService.cs(1188,41): warning CS8601: Possible null reference assignment. [C:\Users\Rohit Rathod\Desktop\JsapProject\JSAPNEW\JSAPNEW.csproj]
C:\Users\Rohit Rathod\Desktop\JsapProject\JSAPNEW\Services\Implementation\TicketsService.cs(1189,45): warning CS8601: Possible null reference assignment. [C:\Users\Rohit Rathod\Desktop\JsapProject\JSAPNEW\JSAPNEW.csproj]
C:\Users\Rohit Rathod\Desktop\JsapProject\JSAPNEW\Services\Implementation\TicketsService.cs(1210,49): warning CS8601: Possible null reference assignment. [C:\Users\Rohit Rathod\Desktop\JsapProject\JSAPNEW\JSAPNEW.csproj]
C:\Users\Rohit Rathod\Desktop\JsapProject\JSAPNEW\Services\Implementation\TicketsService.cs(1228,49): warning CS8601: Possible null reference assignment. [C:\Users\Rohit Rathod\Desktop\JsapProject\JSAPNEW\JSAPNEW.csproj]
C:\Users\Rohit Rathod\Desktop\JsapProject\JSAPNEW\Services\Implementation\TicketsService.cs(1242,51): warning CS8601: Possible null reference assignment. [C:\Users\Rohit Rathod\Desktop\JsapProject\JSAPNEW\JSAPNEW.csproj]
C:\Users\Rohit Rathod\Desktop\JsapProject\JSAPNEW\Services\Implementation\TicketsService.cs(1243,49): warning CS8601: Possible null reference assignment. [C:\Users\Rohit Rathod\Desktop\JsapProject\JSAPNEW\JSAPNEW.csproj]
C:\Users\Rohit Rathod\Desktop\JsapProject\JSAPNEW\Services\Implementation\ItemMasterService.cs(688,56): warning CS8602: Dereference of a possibly null reference. [C:\Users\Rohit Rathod\Desktop\JsapProject\JSAPNEW\JSAPNEW.csproj]
C:\Users\Rohit Rathod\Desktop\JsapProject\JSAPNEW\Services\Implementation\GIGOService.cs(284,37): warning CS8605: Unboxing a possibly null value. [C:\Users\Rohit Rathod\Desktop\JsapProject\JSAPNEW\JSAPNEW.csproj]
C:\Users\Rohit Rathod\Desktop\JsapProject\JSAPNEW\Services\Implementation\GIGOService.cs(334,107): warning CS8600: Converting null literal or possible null value to non-nullable type. [C:\Users\Rohit Rathod\Desktop\JsapProject\JSAPNEW\JSAPNEW.csproj]
C:\Users\Rohit Rathod\Desktop\JsapProject\JSAPNEW\Services\Implementation\BomService.cs(707,25): warning CS0472: The result of the expression is always 'true' since a value of type 'int' is never equal to 'null' of type 'int?' [C:\Users\Rohit Rathod\Desktop\JsapProject\JSAPNEW\JSAPNEW.csproj]
C:\Users\Rohit Rathod\Desktop\JsapProject\JSAPNEW\Services\Implementation\BomService.cs(716,25): warning CS0472: The result of the expression is always 'true' since a value of type 'int' is never equal to 'null' of type 'int?' [C:\Users\Rohit Rathod\Desktop\JsapProject\JSAPNEW\JSAPNEW.csproj]
C:\Users\Rohit Rathod\Desktop\JsapProject\JSAPNEW\Services\Implementation\BomService.cs(725,25): warning CS0472: The result of the expression is always 'true' since a value of type 'int' is never equal to 'null' of type 'int?' [C:\Users\Rohit Rathod\Desktop\JsapProject\JSAPNEW\JSAPNEW.csproj]
C:\Users\Rohit Rathod\Desktop\JsapProject\JSAPNEW\Services\Implementation\BomService.cs(756,40): warning CS8601: Possible null reference assignment. [C:\Users\Rohit Rathod\Desktop\JsapProject\JSAPNEW\JSAPNEW.csproj]
C:\Users\Rohit Rathod\Desktop\JsapProject\JSAPNEW\Services\Implementation\CreditLimitService.cs(967,24): warning CS8603: Possible null reference return. [C:\Users\Rohit Rathod\Desktop\JsapProject\JSAPNEW\JSAPNEW.csproj]
C:\Users\Rohit Rathod\Desktop\JsapProject\JSAPNEW\Services\Implementation\GIGOService.cs(804,32): warning CS8602: Dereference of a possibly null reference. [C:\Users\Rohit Rathod\Desktop\JsapProject\JSAPNEW\JSAPNEW.csproj]
C:\Users\Rohit Rathod\Desktop\JsapProject\JSAPNEW\Services\Implementation\GIGOService.cs(806,36): warning CS8601: Possible null reference assignment. [C:\Users\Rohit Rathod\Desktop\JsapProject\JSAPNEW\JSAPNEW.csproj]
C:\Users\Rohit Rathod\Desktop\JsapProject\JSAPNEW\Services\Implementation\TicketsService.cs(1297,44): warning CS8601: Possible null reference assignment. [C:\Users\Rohit Rathod\Desktop\JsapProject\JSAPNEW\JSAPNEW.csproj]
C:\Users\Rohit Rathod\Desktop\JsapProject\JSAPNEW\Services\Implementation\TicketsService.cs(1298,45): warning CS8601: Possible null reference assignment. [C:\Users\Rohit Rathod\Desktop\JsapProject\JSAPNEW\JSAPNEW.csproj]
C:\Users\Rohit Rathod\Desktop\JsapProject\JSAPNEW\Services\Implementation\TicketsService.cs(1299,41): warning CS8601: Possible null reference assignment. [C:\Users\Rohit Rathod\Desktop\JsapProject\JSAPNEW\JSAPNEW.csproj]
C:\Users\Rohit Rathod\Desktop\JsapProject\JSAPNEW\Services\Implementation\TicketsService.cs(1300,45): warning CS8601: Possible null reference assignment. [C:\Users\Rohit Rathod\Desktop\JsapProject\JSAPNEW\JSAPNEW.csproj]
C:\Users\Rohit Rathod\Desktop\JsapProject\JSAPNEW\Services\Implementation\TicketsService.cs(1319,49): warning CS8601: Possible null reference assignment. [C:\Users\Rohit Rathod\Desktop\JsapProject\JSAPNEW\JSAPNEW.csproj]
C:\Users\Rohit Rathod\Desktop\JsapProject\JSAPNEW\Services\Implementation\TicketsService.cs(1337,52): warning CS8601: Possible null reference assignment. [C:\Users\Rohit Rathod\Desktop\JsapProject\JSAPNEW\JSAPNEW.csproj]
C:\Users\Rohit Rathod\Desktop\JsapProject\JSAPNEW\Services\Implementation\TicketsService.cs(1338,53): warning CS8601: Possible null reference assignment. [C:\Users\Rohit Rathod\Desktop\JsapProject\JSAPNEW\JSAPNEW.csproj]
C:\Users\Rohit Rathod\Desktop\JsapProject\JSAPNEW\Services\Implementation\TicketsService.cs(1339,49): warning CS8601: Possible null reference assignment. [C:\Users\Rohit Rathod\Desktop\JsapProject\JSAPNEW\JSAPNEW.csproj]
C:\Users\Rohit Rathod\Desktop\JsapProject\JSAPNEW\Services\Implementation\TicketsService.cs(1357,51): warning CS8601: Possible null reference assignment. [C:\Users\Rohit Rathod\Desktop\JsapProject\JSAPNEW\JSAPNEW.csproj]
C:\Users\Rohit Rathod\Desktop\JsapProject\JSAPNEW\Services\Implementation\TicketsService.cs(1358,49): warning CS8601: Possible null reference assignment. [C:\Users\Rohit Rathod\Desktop\JsapProject\JSAPNEW\JSAPNEW.csproj]
C:\Users\Rohit Rathod\Desktop\JsapProject\JSAPNEW\Services\Implementation\CreditLimitService.cs(1006,18): warning CS0219: The variable 'isSuccess' is assigned but its value is never used [C:\Users\Rohit Rathod\Desktop\JsapProject\JSAPNEW\JSAPNEW.csproj]
C:\Users\Rohit Rathod\Desktop\JsapProject\JSAPNEW\Services\Implementation\TicketsService.cs(1400,31): warning CS8601: Possible null reference assignment. [C:\Users\Rohit Rathod\Desktop\JsapProject\JSAPNEW\JSAPNEW.csproj]
C:\Users\Rohit Rathod\Desktop\JsapProject\JSAPNEW\Services\Implementation\TicketsService.cs(1401,25): warning CS8601: Possible null reference assignment. [C:\Users\Rohit Rathod\Desktop\JsapProject\JSAPNEW\JSAPNEW.csproj]
C:\Users\Rohit Rathod\Desktop\JsapProject\JSAPNEW\Services\Implementation\TicketsService.cs(1402,31): warning CS8601: Possible null reference assignment. [C:\Users\Rohit Rathod\Desktop\JsapProject\JSAPNEW\JSAPNEW.csproj]
C:\Users\Rohit Rathod\Desktop\JsapProject\JSAPNEW\Services\Implementation\TicketsService.cs(1403,26): warning CS8601: Possible null reference assignment. [C:\Users\Rohit Rathod\Desktop\JsapProject\JSAPNEW\JSAPNEW.csproj]
C:\Users\Rohit Rathod\Desktop\JsapProject\JSAPNEW\Services\Implementation\TicketsService.cs(1404,28): warning CS8601: Possible null reference assignment. [C:\Users\Rohit Rathod\Desktop\JsapProject\JSAPNEW\JSAPNEW.csproj]
C:\Users\Rohit Rathod\Desktop\JsapProject\JSAPNEW\Services\Implementation\TicketsService.cs(1411,39): warning CS8601: Possible null reference assignment. [C:\Users\Rohit Rathod\Desktop\JsapProject\JSAPNEW\JSAPNEW.csproj]
C:\Users\Rohit Rathod\Desktop\JsapProject\JSAPNEW\Services\Implementation\TicketsService.cs(1413,40): warning CS8601: Possible null reference assignment. [C:\Users\Rohit Rathod\Desktop\JsapProject\JSAPNEW\JSAPNEW.csproj]
C:\Users\Rohit Rathod\Desktop\JsapProject\JSAPNEW\Services\Implementation\TicketsService.cs(1417,39): warning CS8601: Possible null reference assignment. [C:\Users\Rohit Rathod\Desktop\JsapProject\JSAPNEW\JSAPNEW.csproj]
C:\Users\Rohit Rathod\Desktop\JsapProject\JSAPNEW\Services\Implementation\TicketsService.cs(1421,39): warning CS8601: Possible null reference assignment. [C:\Users\Rohit Rathod\Desktop\JsapProject\JSAPNEW\JSAPNEW.csproj]
C:\Users\Rohit Rathod\Desktop\JsapProject\JSAPNEW\Services\Implementation\TicketsService.cs(1423,40): warning CS8601: Possible null reference assignment. [C:\Users\Rohit Rathod\Desktop\JsapProject\JSAPNEW\JSAPNEW.csproj]
C:\Users\Rohit Rathod\Desktop\JsapProject\JSAPNEW\Services\Implementation\TicketsService.cs(1433,36): warning CS8601: Possible null reference assignment. [C:\Users\Rohit Rathod\Desktop\JsapProject\JSAPNEW\JSAPNEW.csproj]
C:\Users\Rohit Rathod\Desktop\JsapProject\JSAPNEW\Services\Implementation\TicketsService.cs(1451,28): warning CS8601: Possible null reference assignment. [C:\Users\Rohit Rathod\Desktop\JsapProject\JSAPNEW\JSAPNEW.csproj]
C:\Users\Rohit Rathod\Desktop\JsapProject\JSAPNEW\Services\Implementation\TicketsService.cs(1452,29): warning CS8601: Possible null reference assignment. [C:\Users\Rohit Rathod\Desktop\JsapProject\JSAPNEW\JSAPNEW.csproj]
C:\Users\Rohit Rathod\Desktop\JsapProject\JSAPNEW\Services\Implementation\TicketsService.cs(1453,27): warning CS8601: Possible null reference assignment. [C:\Users\Rohit Rathod\Desktop\JsapProject\JSAPNEW\JSAPNEW.csproj]
C:\Users\Rohit Rathod\Desktop\JsapProject\JSAPNEW\Services\Implementation\TicketsService.cs(1468,28): warning CS8601: Possible null reference assignment. [C:\Users\Rohit Rathod\Desktop\JsapProject\JSAPNEW\JSAPNEW.csproj]
C:\Users\Rohit Rathod\Desktop\JsapProject\JSAPNEW\Services\Implementation\TicketsService.cs(1469,29): warning CS8601: Possible null reference assignment. [C:\Users\Rohit Rathod\Desktop\JsapProject\JSAPNEW\JSAPNEW.csproj]
C:\Users\Rohit Rathod\Desktop\JsapProject\JSAPNEW\Services\Implementation\TicketsService.cs(1470,26): warning CS8601: Possible null reference assignment. [C:\Users\Rohit Rathod\Desktop\JsapProject\JSAPNEW\JSAPNEW.csproj]
C:\Users\Rohit Rathod\Desktop\JsapProject\JSAPNEW\Services\Implementation\TicketsService.cs(1471,28): warning CS8601: Possible null reference assignment. [C:\Users\Rohit Rathod\Desktop\JsapProject\JSAPNEW\JSAPNEW.csproj]
C:\Users\Rohit Rathod\Desktop\JsapProject\JSAPNEW\Services\Implementation\TicketsService.cs(1472,28): warning CS8601: Possible null reference assignment. [C:\Users\Rohit Rathod\Desktop\JsapProject\JSAPNEW\JSAPNEW.csproj]
C:\Users\Rohit Rathod\Desktop\JsapProject\JSAPNEW\Services\Implementation\TicketsService.cs(1473,31): warning CS8601: Possible null reference assignment. [C:\Users\Rohit Rathod\Desktop\JsapProject\JSAPNEW\JSAPNEW.csproj]
C:\Users\Rohit Rathod\Desktop\JsapProject\JSAPNEW\Services\Implementation\BPmasterService.cs(1061,32): warning CS8604: Possible null reference argument for parameter 'value' in 'string? BPmasterService.NullIfBlank(string value)'. [C:\Users\Rohit Rathod\Desktop\JsapProject\JSAPNEW\JSAPNEW.csproj]
C:\Users\Rohit Rathod\Desktop\JsapProject\JSAPNEW\Services\Implementation\BPmasterService.cs(1069,21): warning CS8604: Possible null reference argument for parameter 'values' in 'string BPmasterService.FirstText(params string[] values)'. [C:\Users\Rohit Rathod\Desktop\JsapProject\JSAPNEW\JSAPNEW.csproj]
C:\Users\Rohit Rathod\Desktop\JsapProject\JSAPNEW\Services\Implementation\BPmasterService.cs(1070,21): warning CS8604: Possible null reference argument for parameter 'values' in 'string BPmasterService.FirstText(params string[] values)'. [C:\Users\Rohit Rathod\Desktop\JsapProject\JSAPNEW\JSAPNEW.csproj]
C:\Users\Rohit Rathod\Desktop\JsapProject\JSAPNEW\Services\Implementation\BPmasterService.cs(1074,17): warning CS8604: Possible null reference argument for parameter 'values' in 'string BPmasterService.FirstText(params string[] values)'. [C:\Users\Rohit Rathod\Desktop\JsapProject\JSAPNEW\JSAPNEW.csproj]
C:\Users\Rohit Rathod\Desktop\JsapProject\JSAPNEW\Services\Implementation\BPmasterService.cs(1075,17): warning CS8604: Possible null reference argument for parameter 'values' in 'string BPmasterService.FirstText(params string[] values)'. [C:\Users\Rohit Rathod\Desktop\JsapProject\JSAPNEW\JSAPNEW.csproj]
C:\Users\Rohit Rathod\Desktop\JsapProject\JSAPNEW\Services\Implementation\TicketsService.cs(1499,48): warning CS8601: Possible null reference assignment. [C:\Users\Rohit Rathod\Desktop\JsapProject\JSAPNEW\JSAPNEW.csproj]
C:\Users\Rohit Rathod\Desktop\JsapProject\JSAPNEW\Services\Implementation\TicketsService.cs(1532,48): warning CS8601: Possible null reference assignment. [C:\Users\Rohit Rathod\Desktop\JsapProject\JSAPNEW\JSAPNEW.csproj]
C:\Users\Rohit Rathod\Desktop\JsapProject\JSAPNEW\Services\Implementation\TicketsService.cs(1533,49): warning CS8601: Possible null reference assignment. [C:\Users\Rohit Rathod\Desktop\JsapProject\JSAPNEW\JSAPNEW.csproj]
C:\Users\Rohit Rathod\Desktop\JsapProject\JSAPNEW\Services\Implementation\TicketsService.cs(1567,44): warning CS8601: Possible null reference assignment. [C:\Users\Rohit Rathod\Desktop\JsapProject\JSAPNEW\JSAPNEW.csproj]
C:\Users\Rohit Rathod\Desktop\JsapProject\JSAPNEW\Services\Implementation\TicketsService.cs(1568,44): warning CS8601: Possible null reference assignment. [C:\Users\Rohit Rathod\Desktop\JsapProject\JSAPNEW\JSAPNEW.csproj]
C:\Users\Rohit Rathod\Desktop\JsapProject\JSAPNEW\Services\Implementation\TicketsService.cs(1569,44): warning CS8601: Possible null reference assignment. [C:\Users\Rohit Rathod\Desktop\JsapProject\JSAPNEW\JSAPNEW.csproj]
C:\Users\Rohit Rathod\Desktop\JsapProject\JSAPNEW\Services\Implementation\BPmasterService.cs(1110,24): warning CS8629: Nullable value type may be null. [C:\Users\Rohit Rathod\Desktop\JsapProject\JSAPNEW\JSAPNEW.csproj]
C:\Users\Rohit Rathod\Desktop\JsapProject\JSAPNEW\Services\Implementation\ItemMasterService.cs(1001,40): warning CS8601: Possible null reference assignment. [C:\Users\Rohit Rathod\Desktop\JsapProject\JSAPNEW\JSAPNEW.csproj]
C:\Users\Rohit Rathod\Desktop\JsapProject\JSAPNEW\Services\Implementation\TicketsService.cs(1607,44): warning CS8601: Possible null reference assignment. [C:\Users\Rohit Rathod\Desktop\JsapProject\JSAPNEW\JSAPNEW.csproj]
C:\Users\Rohit Rathod\Desktop\JsapProject\JSAPNEW\Services\Implementation\TicketsService.cs(1608,44): warning CS8601: Possible null reference assignment. [C:\Users\Rohit Rathod\Desktop\JsapProject\JSAPNEW\JSAPNEW.csproj]
C:\Users\Rohit Rathod\Desktop\JsapProject\JSAPNEW\Services\Implementation\TicketsService.cs(1609,44): warning CS8601: Possible null reference assignment. [C:\Users\Rohit Rathod\Desktop\JsapProject\JSAPNEW\JSAPNEW.csproj]
C:\Users\Rohit Rathod\Desktop\JsapProject\JSAPNEW\Services\Implementation\BomService.cs(1116,46): warning CS8601: Possible null reference assignment. [C:\Users\Rohit Rathod\Desktop\JsapProject\JSAPNEW\JSAPNEW.csproj]
C:\Users\Rohit Rathod\Desktop\JsapProject\JSAPNEW\Services\Implementation\BomService.cs(1117,40): warning CS8601: Possible null reference assignment. [C:\Users\Rohit Rathod\Desktop\JsapProject\JSAPNEW\JSAPNEW.csproj]
C:\Users\Rohit Rathod\Desktop\JsapProject\JSAPNEW\Services\Implementation\BomService.cs(1124,45): warning CS8601: Possible null reference assignment. [C:\Users\Rohit Rathod\Desktop\JsapProject\JSAPNEW\JSAPNEW.csproj]
C:\Users\Rohit Rathod\Desktop\JsapProject\JSAPNEW\Services\Implementation\BomService.cs(1126,44): warning CS8601: Possible null reference assignment. [C:\Users\Rohit Rathod\Desktop\JsapProject\JSAPNEW\JSAPNEW.csproj]
C:\Users\Rohit Rathod\Desktop\JsapProject\JSAPNEW\Services\Implementation\BomService.cs(1127,44): warning CS8601: Possible null reference assignment. [C:\Users\Rohit Rathod\Desktop\JsapProject\JSAPNEW\JSAPNEW.csproj]
C:\Users\Rohit Rathod\Desktop\JsapProject\JSAPNEW\Services\Implementation\BomService.cs(1128,45): warning CS8601: Possible null reference assignment. [C:\Users\Rohit Rathod\Desktop\JsapProject\JSAPNEW\JSAPNEW.csproj]
C:\Users\Rohit Rathod\Desktop\JsapProject\JSAPNEW\Services\Implementation\BomService.cs(1130,39): warning CS8601: Possible null reference assignment. [C:\Users\Rohit Rathod\Desktop\JsapProject\JSAPNEW\JSAPNEW.csproj]
C:\Users\Rohit Rathod\Desktop\JsapProject\JSAPNEW\Services\Implementation\BomService.cs(1132,44): warning CS8601: Possible null reference assignment. [C:\Users\Rohit Rathod\Desktop\JsapProject\JSAPNEW\JSAPNEW.csproj]
C:\Users\Rohit Rathod\Desktop\JsapProject\JSAPNEW\Services\Implementation\BomService.cs(1133,40): warning CS8601: Possible null reference assignment. [C:\Users\Rohit Rathod\Desktop\JsapProject\JSAPNEW\JSAPNEW.csproj]
C:\Users\Rohit Rathod\Desktop\JsapProject\JSAPNEW\Services\Implementation\BomService.cs(1134,43): warning CS8601: Possible null reference assignment. [C:\Users\Rohit Rathod\Desktop\JsapProject\JSAPNEW\JSAPNEW.csproj]
C:\Users\Rohit Rathod\Desktop\JsapProject\JSAPNEW\Services\Implementation\BomService.cs(1148,44): warning CS8601: Possible null reference assignment. [C:\Users\Rohit Rathod\Desktop\JsapProject\JSAPNEW\JSAPNEW.csproj]
C:\Users\Rohit Rathod\Desktop\JsapProject\JSAPNEW\Services\Implementation\BomService.cs(1149,53): warning CS8601: Possible null reference assignment. [C:\Users\Rohit Rathod\Desktop\JsapProject\JSAPNEW\JSAPNEW.csproj]
C:\Users\Rohit Rathod\Desktop\JsapProject\JSAPNEW\Services\Implementation\BomService.cs(1151,49): warning CS8601: Possible null reference assignment. [C:\Users\Rohit Rathod\Desktop\JsapProject\JSAPNEW\JSAPNEW.csproj]
C:\Users\Rohit Rathod\Desktop\JsapProject\JSAPNEW\Services\Implementation\BomService.cs(1153,48): warning CS8601: Possible null reference assignment. [C:\Users\Rohit Rathod\Desktop\JsapProject\JSAPNEW\JSAPNEW.csproj]
C:\Users\Rohit Rathod\Desktop\JsapProject\JSAPNEW\Services\Implementation\BomService.cs(1154,48): warning CS8601: Possible null reference assignment. [C:\Users\Rohit Rathod\Desktop\JsapProject\JSAPNEW\JSAPNEW.csproj]
C:\Users\Rohit Rathod\Desktop\JsapProject\JSAPNEW\Services\Implementation\BomService.cs(1155,49): warning CS8601: Possible null reference assignment. [C:\Users\Rohit Rathod\Desktop\JsapProject\JSAPNEW\JSAPNEW.csproj]
C:\Users\Rohit Rathod\Desktop\JsapProject\JSAPNEW\Services\Implementation\BomService.cs(1157,43): warning CS8601: Possible null reference assignment. [C:\Users\Rohit Rathod\Desktop\JsapProject\JSAPNEW\JSAPNEW.csproj]
C:\Users\Rohit Rathod\Desktop\JsapProject\JSAPNEW\Services\Implementation\BomService.cs(1159,48): warning CS8601: Possible null reference assignment. [C:\Users\Rohit Rathod\Desktop\JsapProject\JSAPNEW\JSAPNEW.csproj]
C:\Users\Rohit Rathod\Desktop\JsapProject\JSAPNEW\Services\Implementation\BomService.cs(1160,44): warning CS8601: Possible null reference assignment. [C:\Users\Rohit Rathod\Desktop\JsapProject\JSAPNEW\JSAPNEW.csproj]
C:\Users\Rohit Rathod\Desktop\JsapProject\JSAPNEW\Services\Implementation\BomService.cs(1161,47): warning CS8601: Possible null reference assignment. [C:\Users\Rohit Rathod\Desktop\JsapProject\JSAPNEW\JSAPNEW.csproj]
C:\Users\Rohit Rathod\Desktop\JsapProject\JSAPNEW\Services\Implementation\BomService.cs(1175,44): warning CS8601: Possible null reference assignment. [C:\Users\Rohit Rathod\Desktop\JsapProject\JSAPNEW\JSAPNEW.csproj]
C:\Users\Rohit Rathod\Desktop\JsapProject\JSAPNEW\Services\Implementation\BomService.cs(1176,53): warning CS8601: Possible null reference assignment. [C:\Users\Rohit Rathod\Desktop\JsapProject\JSAPNEW\JSAPNEW.csproj]
C:\Users\Rohit Rathod\Desktop\JsapProject\JSAPNEW\Services\Implementation\BomService.cs(1178,49): warning CS8601: Possible null reference assignment. [C:\Users\Rohit Rathod\Desktop\JsapProject\JSAPNEW\JSAPNEW.csproj]
C:\Users\Rohit Rathod\Desktop\JsapProject\JSAPNEW\Services\Implementation\BomService.cs(1180,47): warning CS8601: Possible null reference assignment. [C:\Users\Rohit Rathod\Desktop\JsapProject\JSAPNEW\JSAPNEW.csproj]
C:\Users\Rohit Rathod\Desktop\JsapProject\JSAPNEW\Services\Implementation\BomService.cs(1181,47): warning CS8601: Possible null reference assignment. [C:\Users\Rohit Rathod\Desktop\JsapProject\JSAPNEW\JSAPNEW.csproj]
C:\Users\Rohit Rathod\Desktop\JsapProject\JSAPNEW\Services\Implementation\BomService.cs(1196,44): warning CS8601: Possible null reference assignment. [C:\Users\Rohit Rathod\Desktop\JsapProject\JSAPNEW\JSAPNEW.csproj]
C:\Users\Rohit Rathod\Desktop\JsapProject\JSAPNEW\Services\Implementation\BomService.cs(1197,48): warning CS8601: Possible null reference assignment. [C:\Users\Rohit Rathod\Desktop\JsapProject\JSAPNEW\JSAPNEW.csproj]
C:\Users\Rohit Rathod\Desktop\JsapProject\JSAPNEW\Services\Implementation\BomService.cs(1198,47): warning CS8601: Possible null reference assignment. [C:\Users\Rohit Rathod\Desktop\JsapProject\JSAPNEW\JSAPNEW.csproj]
C:\Users\Rohit Rathod\Desktop\JsapProject\JSAPNEW\Services\Implementation\BomService.cs(1200,51): warning CS8601: Possible null reference assignment. [C:\Users\Rohit Rathod\Desktop\JsapProject\JSAPNEW\JSAPNEW.csproj]
C:\Users\Rohit Rathod\Desktop\JsapProject\JSAPNEW\Services\Implementation\ItemMasterService.cs(1074,40): warning CS8601: Possible null reference assignment. [C:\Users\Rohit Rathod\Desktop\JsapProject\JSAPNEW\JSAPNEW.csproj]
C:\Users\Rohit Rathod\Desktop\JsapProject\JSAPNEW\Services\Implementation\ItemMasterService.cs(1370,65): warning CS8604: Possible null reference argument for parameter 'item' in 'bool HashSet<string>.Contains(string item)'. [C:\Users\Rohit Rathod\Desktop\JsapProject\JSAPNEW\JSAPNEW.csproj]
C:\Users\Rohit Rathod\Desktop\JsapProject\JSAPNEW\Services\Implementation\BPmasterService.cs(2156,37): warning CS8601: Possible null reference assignment. [C:\Users\Rohit Rathod\Desktop\JsapProject\JSAPNEW\JSAPNEW.csproj]
C:\Users\Rohit Rathod\Desktop\JsapProject\JSAPNEW\Services\Implementation\BPmasterService.cs(2157,41): warning CS8601: Possible null reference assignment. [C:\Users\Rohit Rathod\Desktop\JsapProject\JSAPNEW\JSAPNEW.csproj]
C:\Users\Rohit Rathod\Desktop\JsapProject\JSAPNEW\Services\Implementation\BPmasterService.cs(2175,42): warning CS8600: Converting null literal or possible null value to non-nullable type. [C:\Users\Rohit Rathod\Desktop\JsapProject\JSAPNEW\JSAPNEW.csproj]
C:\Users\Rohit Rathod\Desktop\JsapProject\JSAPNEW\Services\Implementation\BPmasterService.cs(2179,40): warning CS8601: Possible null reference assignment. [C:\Users\Rohit Rathod\Desktop\JsapProject\JSAPNEW\JSAPNEW.csproj]
C:\Users\Rohit Rathod\Desktop\JsapProject\JSAPNEW\Services\Implementation\ItemMasterService.cs(1755,38): warning CS8601: Possible null reference assignment. [C:\Users\Rohit Rathod\Desktop\JsapProject\JSAPNEW\JSAPNEW.csproj]
C:\Users\Rohit Rathod\Desktop\JsapProject\JSAPNEW\Services\Implementation\ItemMasterService.cs(1772,33): warning CS8601: Possible null reference assignment. [C:\Users\Rohit Rathod\Desktop\JsapProject\JSAPNEW\JSAPNEW.csproj]
C:\Users\Rohit Rathod\Desktop\JsapProject\JSAPNEW\Services\Implementation\ItemMasterService.cs(1773,42): warning CS8601: Possible null reference assignment. [C:\Users\Rohit Rathod\Desktop\JsapProject\JSAPNEW\JSAPNEW.csproj]
C:\Users\Rohit Rathod\Desktop\JsapProject\JSAPNEW\Services\Implementation\ItemMasterService.cs(1774,36): warning CS8601: Possible null reference assignment. [C:\Users\Rohit Rathod\Desktop\JsapProject\JSAPNEW\JSAPNEW.csproj]
C:\Users\Rohit Rathod\Desktop\JsapProject\JSAPNEW\Services\Implementation\ItemMasterService.cs(1775,36): warning CS8601: Possible null reference assignment. [C:\Users\Rohit Rathod\Desktop\JsapProject\JSAPNEW\JSAPNEW.csproj]
C:\Users\Rohit Rathod\Desktop\JsapProject\JSAPNEW\Services\Implementation\ItemMasterService.cs(1776,45): warning CS8601: Possible null reference assignment. [C:\Users\Rohit Rathod\Desktop\JsapProject\JSAPNEW\JSAPNEW.csproj]
C:\Users\Rohit Rathod\Desktop\JsapProject\JSAPNEW\Services\Implementation\ItemMasterService.cs(1890,59): warning CS8625: Cannot convert null literal to non-nullable reference type. [C:\Users\Rohit Rathod\Desktop\JsapProject\JSAPNEW\JSAPNEW.csproj]
C:\Users\Rohit Rathod\Desktop\JsapProject\JSAPNEW\Services\Implementation\ItemMasterService.cs(2089,30): warning CS0168: The variable 'ex' is declared but never used [C:\Users\Rohit Rathod\Desktop\JsapProject\JSAPNEW\JSAPNEW.csproj]
C:\Users\Rohit Rathod\Desktop\JsapProject\JSAPNEW\Services\Implementation\ItemMasterService.cs(2228,79): warning CS8600: Converting null literal or possible null value to non-nullable type. [C:\Users\Rohit Rathod\Desktop\JsapProject\JSAPNEW\JSAPNEW.csproj]
C:\Users\Rohit Rathod\Desktop\JsapProject\JSAPNEW\Services\Implementation\ItemMasterService.cs(2493,32): warning CS8604: Possible null reference argument for parameter 'value' in 'void Dictionary<string, string>.Add(string key, string value)'. [C:\Users\Rohit Rathod\Desktop\JsapProject\JSAPNEW\JSAPNEW.csproj]
C:\Users\Rohit Rathod\Desktop\JsapProject\JSAPNEW\Services\Implementation\ItemMasterService.cs(2501,49): warning CS8604: Possible null reference argument for parameter 'item' in 'bool HashSet<string>.Add(string item)'. [C:\Users\Rohit Rathod\Desktop\JsapProject\JSAPNEW\JSAPNEW.csproj]
C:\Users\Rohit Rathod\Desktop\JsapProject\JSAPNEW\Services\Implementation\BPmasterService.cs(3301,37): warning CS0168: The variable 'ex' is declared but never used [C:\Users\Rohit Rathod\Desktop\JsapProject\JSAPNEW\JSAPNEW.csproj]
C:\Users\Rohit Rathod\Desktop\JsapProject\JSAPNEW\Services\Implementation\TicketService.cs(22,24): warning CS0169: The field 'TicketService._webHostEnvironment' is never used [C:\Users\Rohit Rathod\Desktop\JsapProject\JSAPNEW\JSAPNEW.csproj]
C:\Users\Rohit Rathod\Desktop\JsapProject\JSAPNEW\Controllers\ReportsController.cs(17,46): warning CS0169: The field 'ReportsController._hostingEnvironment' is never used [C:\Users\Rohit Rathod\Desktop\JsapProject\JSAPNEW\JSAPNEW.csproj]
    2955 Warning(s)
    0 Error(s)

Time Elapsed 00:00:18.13
